<?xml version="1.0" encoding="ISO-8859-1" ?>
<link_info>
   <banner>TI ARM Clang Linker PC v4.0.4.LTS</banner>
   <copyright>Copyright (c) 1996-2018 Texas Instruments Incorporated</copyright>
   <command_line>D:\TI\ccs2041\ccs\tools\compiler\ti-cgt-armllvm_4.0.4.LTS\bin\tiarmlnk -ID:\TI\ccs2041\ccs\tools\compiler\ti-cgt-armllvm_4.0.4.LTS\lib -o MSP_Car.out -mMSP_Car.map -iC:/TI/mspm0_sdk_2_10_00_04/source -iC:/Users/Qh/workspace_ccstheia/MSP_Car -iC:/Users/Qh/workspace_ccstheia/MSP_Car/Debug/syscfg -iD:/TI/ccs2041/ccs/tools/compiler/ti-cgt-armllvm_4.0.4.LTS/lib --diag_wrap=off --display_error_number --warn_sections --xml_link_info=MSP_Car_linkInfo.xml --rom_model ./ti_msp_dl_config.o ./startup_mspm0g350x_ticlang.o ./main.o ./HardWare/ADC.o ./HardWare/Delay.o ./HardWare/Encoder.o ./HardWare/Interrupt.o ./HardWare/OLED.o ./HardWare/Usart.o ./HardWare/icm42688.o ./HardWare/spi.o ./HardWare/tb6612.o ./HardWare/vl53l1x/core/vl53l1_api.o ./HardWare/vl53l1x/core/vl53l1_api_calibration.o ./HardWare/vl53l1x/core/vl53l1_api_core.o ./HardWare/vl53l1x/core/vl53l1_api_debug.o ./HardWare/vl53l1x/core/vl53l1_api_preset_modes.o ./HardWare/vl53l1x/core/vl53l1_api_strings.o ./HardWare/vl53l1x/core/vl53l1_core.o ./HardWare/vl53l1x/core/vl53l1_core_support.o ./HardWare/vl53l1x/core/vl53l1_error_strings.o ./HardWare/vl53l1x/core/vl53l1_register_funcs.o ./HardWare/vl53l1x/core/vl53l1_silicon_core.o ./HardWare/vl53l1x/core/vl53l1_wait.o ./HardWare/vl53l1x/platform/IOI2C.o ./HardWare/vl53l1x/platform/vl53l1_platform.o ./HardWare/vl53l1x/platform/vl53l1x.o ./Middle/Bat.o ./Middle/IMU.o ./Middle/my_vl53l1x.o ./Test/ADC_Test.o ./Test/Encoder_Test.o ./Test/ICM_Test.o ./Test/OLED_Test.o ./Test/Uart_Test.o ./Test/vl53l1x_Test.o -l./device_linker.cmd -ldevice.cmd.genlibs -llibc.a --start-group -llibc++.a -llibc++abi.a -llibc.a -llibsys.a -llibsysbm.a -llibclang_rt.builtins.a -llibclang_rt.profile.a --end-group --cg_opt_level=0</command_line>
   <link_time>0x6a128b45</link_time>
   <link_errors>0x0</link_errors>
   <output_file>C:\Users\Qh\workspace_ccstheia\MSP_Car\Debug\MSP_Car.out</output_file>
   <entry_point>
      <name>_c_int00_noargs</name>
      <address>0xb0d1</address>
   </entry_point>
   <input_file_list>
      <input_file id="fl-1">
         <path>C:\Users\Qh\workspace_ccstheia\MSP_Car\Debug\.\</path>
         <kind>object</kind>
         <file>ti_msp_dl_config.o</file>
         <name>ti_msp_dl_config.o</name>
      </input_file>
      <input_file id="fl-2">
         <path>C:\Users\Qh\workspace_ccstheia\MSP_Car\Debug\.\</path>
         <kind>object</kind>
         <file>startup_mspm0g350x_ticlang.o</file>
         <name>startup_mspm0g350x_ticlang.o</name>
      </input_file>
      <input_file id="fl-3">
         <path>C:\Users\Qh\workspace_ccstheia\MSP_Car\Debug\.\</path>
         <kind>object</kind>
         <file>main.o</file>
         <name>main.o</name>
      </input_file>
      <input_file id="fl-4">
         <path>C:\Users\Qh\workspace_ccstheia\MSP_Car\Debug\.\HardWare\</path>
         <kind>object</kind>
         <file>ADC.o</file>
         <name>ADC.o</name>
      </input_file>
      <input_file id="fl-5">
         <path>C:\Users\Qh\workspace_ccstheia\MSP_Car\Debug\.\HardWare\</path>
         <kind>object</kind>
         <file>Delay.o</file>
         <name>Delay.o</name>
      </input_file>
      <input_file id="fl-6">
         <path>C:\Users\Qh\workspace_ccstheia\MSP_Car\Debug\.\HardWare\</path>
         <kind>object</kind>
         <file>Encoder.o</file>
         <name>Encoder.o</name>
      </input_file>
      <input_file id="fl-7">
         <path>C:\Users\Qh\workspace_ccstheia\MSP_Car\Debug\.\HardWare\</path>
         <kind>object</kind>
         <file>Interrupt.o</file>
         <name>Interrupt.o</name>
      </input_file>
      <input_file id="fl-8">
         <path>C:\Users\Qh\workspace_ccstheia\MSP_Car\Debug\.\HardWare\</path>
         <kind>object</kind>
         <file>OLED.o</file>
         <name>OLED.o</name>
      </input_file>
      <input_file id="fl-9">
         <path>C:\Users\Qh\workspace_ccstheia\MSP_Car\Debug\.\HardWare\</path>
         <kind>object</kind>
         <file>Usart.o</file>
         <name>Usart.o</name>
      </input_file>
      <input_file id="fl-a">
         <path>C:\Users\Qh\workspace_ccstheia\MSP_Car\Debug\.\HardWare\</path>
         <kind>object</kind>
         <file>icm42688.o</file>
         <name>icm42688.o</name>
      </input_file>
      <input_file id="fl-b">
         <path>C:\Users\Qh\workspace_ccstheia\MSP_Car\Debug\.\HardWare\</path>
         <kind>object</kind>
         <file>spi.o</file>
         <name>spi.o</name>
      </input_file>
      <input_file id="fl-c">
         <path>C:\Users\Qh\workspace_ccstheia\MSP_Car\Debug\.\HardWare\</path>
         <kind>object</kind>
         <file>tb6612.o</file>
         <name>tb6612.o</name>
      </input_file>
      <input_file id="fl-d">
         <path>C:\Users\Qh\workspace_ccstheia\MSP_Car\Debug\.\HardWare\vl53l1x\core\</path>
         <kind>object</kind>
         <file>vl53l1_api.o</file>
         <name>vl53l1_api.o</name>
      </input_file>
      <input_file id="fl-e">
         <path>C:\Users\Qh\workspace_ccstheia\MSP_Car\Debug\.\HardWare\vl53l1x\core\</path>
         <kind>object</kind>
         <file>vl53l1_api_calibration.o</file>
         <name>vl53l1_api_calibration.o</name>
      </input_file>
      <input_file id="fl-f">
         <path>C:\Users\Qh\workspace_ccstheia\MSP_Car\Debug\.\HardWare\vl53l1x\core\</path>
         <kind>object</kind>
         <file>vl53l1_api_core.o</file>
         <name>vl53l1_api_core.o</name>
      </input_file>
      <input_file id="fl-10">
         <path>C:\Users\Qh\workspace_ccstheia\MSP_Car\Debug\.\HardWare\vl53l1x\core\</path>
         <kind>object</kind>
         <file>vl53l1_api_debug.o</file>
         <name>vl53l1_api_debug.o</name>
      </input_file>
      <input_file id="fl-11">
         <path>C:\Users\Qh\workspace_ccstheia\MSP_Car\Debug\.\HardWare\vl53l1x\core\</path>
         <kind>object</kind>
         <file>vl53l1_api_preset_modes.o</file>
         <name>vl53l1_api_preset_modes.o</name>
      </input_file>
      <input_file id="fl-12">
         <path>C:\Users\Qh\workspace_ccstheia\MSP_Car\Debug\.\HardWare\vl53l1x\core\</path>
         <kind>object</kind>
         <file>vl53l1_api_strings.o</file>
         <name>vl53l1_api_strings.o</name>
      </input_file>
      <input_file id="fl-13">
         <path>C:\Users\Qh\workspace_ccstheia\MSP_Car\Debug\.\HardWare\vl53l1x\core\</path>
         <kind>object</kind>
         <file>vl53l1_core.o</file>
         <name>vl53l1_core.o</name>
      </input_file>
      <input_file id="fl-14">
         <path>C:\Users\Qh\workspace_ccstheia\MSP_Car\Debug\.\HardWare\vl53l1x\core\</path>
         <kind>object</kind>
         <file>vl53l1_core_support.o</file>
         <name>vl53l1_core_support.o</name>
      </input_file>
      <input_file id="fl-15">
         <path>C:\Users\Qh\workspace_ccstheia\MSP_Car\Debug\.\HardWare\vl53l1x\core\</path>
         <kind>object</kind>
         <file>vl53l1_error_strings.o</file>
         <name>vl53l1_error_strings.o</name>
      </input_file>
      <input_file id="fl-16">
         <path>C:\Users\Qh\workspace_ccstheia\MSP_Car\Debug\.\HardWare\vl53l1x\core\</path>
         <kind>object</kind>
         <file>vl53l1_register_funcs.o</file>
         <name>vl53l1_register_funcs.o</name>
      </input_file>
      <input_file id="fl-17">
         <path>C:\Users\Qh\workspace_ccstheia\MSP_Car\Debug\.\HardWare\vl53l1x\core\</path>
         <kind>object</kind>
         <file>vl53l1_silicon_core.o</file>
         <name>vl53l1_silicon_core.o</name>
      </input_file>
      <input_file id="fl-18">
         <path>C:\Users\Qh\workspace_ccstheia\MSP_Car\Debug\.\HardWare\vl53l1x\core\</path>
         <kind>object</kind>
         <file>vl53l1_wait.o</file>
         <name>vl53l1_wait.o</name>
      </input_file>
      <input_file id="fl-19">
         <path>C:\Users\Qh\workspace_ccstheia\MSP_Car\Debug\.\HardWare\vl53l1x\platform\</path>
         <kind>object</kind>
         <file>IOI2C.o</file>
         <name>IOI2C.o</name>
      </input_file>
      <input_file id="fl-1a">
         <path>C:\Users\Qh\workspace_ccstheia\MSP_Car\Debug\.\HardWare\vl53l1x\platform\</path>
         <kind>object</kind>
         <file>vl53l1_platform.o</file>
         <name>vl53l1_platform.o</name>
      </input_file>
      <input_file id="fl-1b">
         <path>C:\Users\Qh\workspace_ccstheia\MSP_Car\Debug\.\HardWare\vl53l1x\platform\</path>
         <kind>object</kind>
         <file>vl53l1x.o</file>
         <name>vl53l1x.o</name>
      </input_file>
      <input_file id="fl-1c">
         <path>C:\Users\Qh\workspace_ccstheia\MSP_Car\Debug\.\Middle\</path>
         <kind>object</kind>
         <file>Bat.o</file>
         <name>Bat.o</name>
      </input_file>
      <input_file id="fl-1d">
         <path>C:\Users\Qh\workspace_ccstheia\MSP_Car\Debug\.\Middle\</path>
         <kind>object</kind>
         <file>IMU.o</file>
         <name>IMU.o</name>
      </input_file>
      <input_file id="fl-1e">
         <path>C:\Users\Qh\workspace_ccstheia\MSP_Car\Debug\.\Middle\</path>
         <kind>object</kind>
         <file>my_vl53l1x.o</file>
         <name>my_vl53l1x.o</name>
      </input_file>
      <input_file id="fl-1f">
         <path>C:\Users\Qh\workspace_ccstheia\MSP_Car\Debug\.\Test\</path>
         <kind>object</kind>
         <file>ADC_Test.o</file>
         <name>ADC_Test.o</name>
      </input_file>
      <input_file id="fl-20">
         <path>C:\Users\Qh\workspace_ccstheia\MSP_Car\Debug\.\Test\</path>
         <kind>object</kind>
         <file>Encoder_Test.o</file>
         <name>Encoder_Test.o</name>
      </input_file>
      <input_file id="fl-21">
         <path>C:\Users\Qh\workspace_ccstheia\MSP_Car\Debug\.\Test\</path>
         <kind>object</kind>
         <file>ICM_Test.o</file>
         <name>ICM_Test.o</name>
      </input_file>
      <input_file id="fl-22">
         <path>C:\Users\Qh\workspace_ccstheia\MSP_Car\Debug\.\Test\</path>
         <kind>object</kind>
         <file>OLED_Test.o</file>
         <name>OLED_Test.o</name>
      </input_file>
      <input_file id="fl-23">
         <path>C:\Users\Qh\workspace_ccstheia\MSP_Car\Debug\.\Test\</path>
         <kind>object</kind>
         <file>Uart_Test.o</file>
         <name>Uart_Test.o</name>
      </input_file>
      <input_file id="fl-24">
         <path>C:\Users\Qh\workspace_ccstheia\MSP_Car\Debug\.\Test\</path>
         <kind>object</kind>
         <file>vl53l1x_Test.o</file>
         <name>vl53l1x_Test.o</name>
      </input_file>
      <input_file id="fl-31">
         <path>C:\Users\Qh\workspace_ccstheia\MSP_Car\Debug\</path>
         <kind>object</kind>
         <file>&lt;internal&gt;</file>
         <name>&lt;internal&gt;</name>
      </input_file>
      <input_file id="fl-32">
         <path>C:\TI\mspm0_sdk_2_10_00_04\source\ti\driverlib\lib\ticlang\m0p\mspm0g1x0x_g3x0x\</path>
         <kind>archive</kind>
         <file>driverlib.a</file>
         <name>dl_adc12.o</name>
      </input_file>
      <input_file id="fl-33">
         <path>C:\TI\mspm0_sdk_2_10_00_04\source\ti\driverlib\lib\ticlang\m0p\mspm0g1x0x_g3x0x\</path>
         <kind>archive</kind>
         <file>driverlib.a</file>
         <name>dl_common.o</name>
      </input_file>
      <input_file id="fl-34">
         <path>C:\TI\mspm0_sdk_2_10_00_04\source\ti\driverlib\lib\ticlang\m0p\mspm0g1x0x_g3x0x\</path>
         <kind>archive</kind>
         <file>driverlib.a</file>
         <name>dl_i2c.o</name>
      </input_file>
      <input_file id="fl-35">
         <path>C:\TI\mspm0_sdk_2_10_00_04\source\ti\driverlib\lib\ticlang\m0p\mspm0g1x0x_g3x0x\</path>
         <kind>archive</kind>
         <file>driverlib.a</file>
         <name>dl_spi.o</name>
      </input_file>
      <input_file id="fl-36">
         <path>C:\TI\mspm0_sdk_2_10_00_04\source\ti\driverlib\lib\ticlang\m0p\mspm0g1x0x_g3x0x\</path>
         <kind>archive</kind>
         <file>driverlib.a</file>
         <name>dl_timer.o</name>
      </input_file>
      <input_file id="fl-37">
         <path>C:\TI\mspm0_sdk_2_10_00_04\source\ti\driverlib\lib\ticlang\m0p\mspm0g1x0x_g3x0x\</path>
         <kind>archive</kind>
         <file>driverlib.a</file>
         <name>dl_uart.o</name>
      </input_file>
      <input_file id="fl-38">
         <path>C:\TI\mspm0_sdk_2_10_00_04\source\ti\driverlib\lib\ticlang\m0p\mspm0g1x0x_g3x0x\</path>
         <kind>archive</kind>
         <file>driverlib.a</file>
         <name>dl_sysctl_mspm0g1x0x_g3x0x.o</name>
      </input_file>
      <input_file id="fl-4f">
         <path>D:\TI\ccs2041\ccs\tools\compiler\ti-cgt-armllvm_4.0.4.LTS\lib\armv6m-ti-none-eabi\c\</path>
         <kind>archive</kind>
         <file>libc.a</file>
         <name>e_asin.c.obj</name>
      </input_file>
      <input_file id="fl-50">
         <path>D:\TI\ccs2041\ccs\tools\compiler\ti-cgt-armllvm_4.0.4.LTS\lib\armv6m-ti-none-eabi\c\</path>
         <kind>archive</kind>
         <file>libc.a</file>
         <name>e_atan2.c.obj</name>
      </input_file>
      <input_file id="fl-51">
         <path>D:\TI\ccs2041\ccs\tools\compiler\ti-cgt-armllvm_4.0.4.LTS\lib\armv6m-ti-none-eabi\c\</path>
         <kind>archive</kind>
         <file>libc.a</file>
         <name>e_sqrt.c.obj</name>
      </input_file>
      <input_file id="fl-52">
         <path>D:\TI\ccs2041\ccs\tools\compiler\ti-cgt-armllvm_4.0.4.LTS\lib\armv6m-ti-none-eabi\c\</path>
         <kind>archive</kind>
         <file>libc.a</file>
         <name>s_atan.c.obj</name>
      </input_file>
      <input_file id="fl-53">
         <path>D:\TI\ccs2041\ccs\tools\compiler\ti-cgt-armllvm_4.0.4.LTS\lib\armv6m-ti-none-eabi\c\</path>
         <kind>archive</kind>
         <file>libc.a</file>
         <name>printf.c.obj</name>
      </input_file>
      <input_file id="fl-54">
         <path>D:\TI\ccs2041\ccs\tools\compiler\ti-cgt-armllvm_4.0.4.LTS\lib\armv6m-ti-none-eabi\c\</path>
         <kind>archive</kind>
         <file>libc.a</file>
         <name>_printfi.c.obj</name>
      </input_file>
      <input_file id="fl-55">
         <path>D:\TI\ccs2041\ccs\tools\compiler\ti-cgt-armllvm_4.0.4.LTS\lib\armv6m-ti-none-eabi\c\</path>
         <kind>archive</kind>
         <file>libc.a</file>
         <name>vsnprintf.c.obj</name>
      </input_file>
      <input_file id="fl-56">
         <path>D:\TI\ccs2041\ccs\tools\compiler\ti-cgt-armllvm_4.0.4.LTS\lib\armv6m-ti-none-eabi\c\</path>
         <kind>archive</kind>
         <file>libc.a</file>
         <name>fputc.c.obj</name>
      </input_file>
      <input_file id="fl-57">
         <path>D:\TI\ccs2041\ccs\tools\compiler\ti-cgt-armllvm_4.0.4.LTS\lib\armv6m-ti-none-eabi\c\</path>
         <kind>archive</kind>
         <file>libc.a</file>
         <name>fputs.c.obj</name>
      </input_file>
      <input_file id="fl-58">
         <path>D:\TI\ccs2041\ccs\tools\compiler\ti-cgt-armllvm_4.0.4.LTS\lib\armv6m-ti-none-eabi\c\</path>
         <kind>archive</kind>
         <file>libc.a</file>
         <name>_io_perm.c.obj</name>
      </input_file>
      <input_file id="fl-59">
         <path>D:\TI\ccs2041\ccs\tools\compiler\ti-cgt-armllvm_4.0.4.LTS\lib\armv6m-ti-none-eabi\c\</path>
         <kind>archive</kind>
         <file>libc.a</file>
         <name>setvbuf.c.obj</name>
      </input_file>
      <input_file id="fl-5a">
         <path>D:\TI\ccs2041\ccs\tools\compiler\ti-cgt-armllvm_4.0.4.LTS\lib\armv6m-ti-none-eabi\c\</path>
         <kind>archive</kind>
         <file>libc.a</file>
         <name>aeabi_portable.c.obj</name>
      </input_file>
      <input_file id="fl-5b">
         <path>D:\TI\ccs2041\ccs\tools\compiler\ti-cgt-armllvm_4.0.4.LTS\lib\armv6m-ti-none-eabi\c\</path>
         <kind>archive</kind>
         <file>libc.a</file>
         <name>exit.c.obj</name>
      </input_file>
      <input_file id="fl-5c">
         <path>D:\TI\ccs2041\ccs\tools\compiler\ti-cgt-armllvm_4.0.4.LTS\lib\armv6m-ti-none-eabi\c\</path>
         <kind>archive</kind>
         <file>libc.a</file>
         <name>_lock.c.obj</name>
      </input_file>
      <input_file id="fl-5d">
         <path>D:\TI\ccs2041\ccs\tools\compiler\ti-cgt-armllvm_4.0.4.LTS\lib\armv6m-ti-none-eabi\c\</path>
         <kind>archive</kind>
         <file>libc.a</file>
         <name>_ltoa.c.obj</name>
      </input_file>
      <input_file id="fl-5e">
         <path>D:\TI\ccs2041\ccs\tools\compiler\ti-cgt-armllvm_4.0.4.LTS\lib\armv6m-ti-none-eabi\c\</path>
         <kind>archive</kind>
         <file>libc.a</file>
         <name>assert.c.obj</name>
      </input_file>
      <input_file id="fl-5f">
         <path>D:\TI\ccs2041\ccs\tools\compiler\ti-cgt-armllvm_4.0.4.LTS\lib\armv6m-ti-none-eabi\c\</path>
         <kind>archive</kind>
         <file>libc.a</file>
         <name>atoi.c.obj</name>
      </input_file>
      <input_file id="fl-60">
         <path>D:\TI\ccs2041\ccs\tools\compiler\ti-cgt-armllvm_4.0.4.LTS\lib\armv6m-ti-none-eabi\c\</path>
         <kind>archive</kind>
         <file>libc.a</file>
         <name>defs.c.obj</name>
      </input_file>
      <input_file id="fl-61">
         <path>D:\TI\ccs2041\ccs\tools\compiler\ti-cgt-armllvm_4.0.4.LTS\lib\armv6m-ti-none-eabi\c\</path>
         <kind>archive</kind>
         <file>libc.a</file>
         <name>memccpy.c.obj</name>
      </input_file>
      <input_file id="fl-62">
         <path>D:\TI\ccs2041\ccs\tools\compiler\ti-cgt-armllvm_4.0.4.LTS\lib\armv6m-ti-none-eabi\c\</path>
         <kind>archive</kind>
         <file>libc.a</file>
         <name>memory.c.obj</name>
      </input_file>
      <input_file id="fl-63">
         <path>D:\TI\ccs2041\ccs\tools\compiler\ti-cgt-armllvm_4.0.4.LTS\lib\armv6m-ti-none-eabi\c\</path>
         <kind>archive</kind>
         <file>libc.a</file>
         <name>strncpy.c.obj</name>
      </input_file>
      <input_file id="fl-64">
         <path>D:\TI\ccs2041\ccs\tools\compiler\ti-cgt-armllvm_4.0.4.LTS\lib\armv6m-ti-none-eabi\c\</path>
         <kind>archive</kind>
         <file>libc.a</file>
         <name>boot_cortex_m.c.obj</name>
      </input_file>
      <input_file id="fl-65">
         <path>D:\TI\ccs2041\ccs\tools\compiler\ti-cgt-armllvm_4.0.4.LTS\lib\armv6m-ti-none-eabi\c\</path>
         <kind>archive</kind>
         <file>libc.a</file>
         <name>mathacl_init.c.obj</name>
      </input_file>
      <input_file id="fl-66">
         <path>D:\TI\ccs2041\ccs\tools\compiler\ti-cgt-armllvm_4.0.4.LTS\lib\armv6m-ti-none-eabi\c\</path>
         <kind>archive</kind>
         <file>libc.a</file>
         <name>autoinit.c.obj</name>
      </input_file>
      <input_file id="fl-67">
         <path>D:\TI\ccs2041\ccs\tools\compiler\ti-cgt-armllvm_4.0.4.LTS\lib\armv6m-ti-none-eabi\c\</path>
         <kind>archive</kind>
         <file>libc.a</file>
         <name>pre_init.c.obj</name>
      </input_file>
      <input_file id="fl-68">
         <path>D:\TI\ccs2041\ccs\tools\compiler\ti-cgt-armllvm_4.0.4.LTS\lib\armv6m-ti-none-eabi\c\</path>
         <kind>archive</kind>
         <file>libc.a</file>
         <name>cpy_tbl.c.obj</name>
      </input_file>
      <input_file id="fl-69">
         <path>D:\TI\ccs2041\ccs\tools\compiler\ti-cgt-armllvm_4.0.4.LTS\lib\armv6m-ti-none-eabi\c\</path>
         <kind>archive</kind>
         <file>libc.a</file>
         <name>copy_zero_init.c.obj</name>
      </input_file>
      <input_file id="fl-6a">
         <path>D:\TI\ccs2041\ccs\tools\compiler\ti-cgt-armllvm_4.0.4.LTS\lib\armv6m-ti-none-eabi\c\</path>
         <kind>archive</kind>
         <file>libc.a</file>
         <name>copy_decompress_none.c.obj</name>
      </input_file>
      <input_file id="fl-6b">
         <path>D:\TI\ccs2041\ccs\tools\compiler\ti-cgt-armllvm_4.0.4.LTS\lib\armv6m-ti-none-eabi\c\</path>
         <kind>archive</kind>
         <file>libc.a</file>
         <name>copy_decompress_lzss.c.obj</name>
      </input_file>
      <input_file id="fl-6c">
         <path>D:\TI\ccs2041\ccs\tools\compiler\ti-cgt-armllvm_4.0.4.LTS\lib\armv6m-ti-none-eabi\c\</path>
         <kind>archive</kind>
         <file>libc.a</file>
         <name>s_frexp.c.obj</name>
      </input_file>
      <input_file id="fl-6d">
         <path>D:\TI\ccs2041\ccs\tools\compiler\ti-cgt-armllvm_4.0.4.LTS\lib\armv6m-ti-none-eabi\c\</path>
         <kind>archive</kind>
         <file>libc.a</file>
         <name>s_scalbn.c.obj</name>
      </input_file>
      <input_file id="fl-6e">
         <path>D:\TI\ccs2041\ccs\tools\compiler\ti-cgt-armllvm_4.0.4.LTS\lib\armv6m-ti-none-eabi\c\</path>
         <kind>archive</kind>
         <file>libc.a</file>
         <name>wcslen.c.obj</name>
      </input_file>
      <input_file id="fl-6f">
         <path>D:\TI\ccs2041\ccs\tools\compiler\ti-cgt-armllvm_4.0.4.LTS\lib\armv6m-ti-none-eabi\c\</path>
         <kind>archive</kind>
         <file>libc.a</file>
         <name>sprintf.c.obj</name>
      </input_file>
      <input_file id="fl-70">
         <path>D:\TI\ccs2041\ccs\tools\compiler\ti-cgt-armllvm_4.0.4.LTS\lib\armv6m-ti-none-eabi\c\</path>
         <kind>archive</kind>
         <file>libc.a</file>
         <name>fflush.c.obj</name>
      </input_file>
      <input_file id="fl-71">
         <path>D:\TI\ccs2041\ccs\tools\compiler\ti-cgt-armllvm_4.0.4.LTS\lib\armv6m-ti-none-eabi\c\</path>
         <kind>archive</kind>
         <file>libc.a</file>
         <name>fopen.c.obj</name>
      </input_file>
      <input_file id="fl-72">
         <path>D:\TI\ccs2041\ccs\tools\compiler\ti-cgt-armllvm_4.0.4.LTS\lib\armv6m-ti-none-eabi\c\</path>
         <kind>archive</kind>
         <file>libc.a</file>
         <name>fseek.c.obj</name>
      </input_file>
      <input_file id="fl-73">
         <path>D:\TI\ccs2041\ccs\tools\compiler\ti-cgt-armllvm_4.0.4.LTS\lib\armv6m-ti-none-eabi\c\</path>
         <kind>archive</kind>
         <file>libc.a</file>
         <name>aeabi_ctype.S.obj</name>
      </input_file>
      <input_file id="fl-74">
         <path>D:\TI\ccs2041\ccs\tools\compiler\ti-cgt-armllvm_4.0.4.LTS\lib\armv6m-ti-none-eabi\c\</path>
         <kind>archive</kind>
         <file>libc.a</file>
         <name>args_main.c.obj</name>
      </input_file>
      <input_file id="fl-75">
         <path>D:\TI\ccs2041\ccs\tools\compiler\ti-cgt-armllvm_4.0.4.LTS\lib\armv6m-ti-none-eabi\c\</path>
         <kind>archive</kind>
         <file>libc.a</file>
         <name>fclose.c.obj</name>
      </input_file>
      <input_file id="fl-115">
         <path>D:\TI\ccs2041\ccs\tools\compiler\ti-cgt-armllvm_4.0.4.LTS\lib\armv6m-ti-none-eabi\c\</path>
         <kind>archive</kind>
         <file>libsysbm.a</file>
         <name>hostexit.c.obj</name>
      </input_file>
      <input_file id="fl-116">
         <path>D:\TI\ccs2041\ccs\tools\compiler\ti-cgt-armllvm_4.0.4.LTS\lib\armv6m-ti-none-eabi\c\</path>
         <kind>archive</kind>
         <file>libsysbm.a</file>
         <name>write.c.obj</name>
      </input_file>
      <input_file id="fl-117">
         <path>D:\TI\ccs2041\ccs\tools\compiler\ti-cgt-armllvm_4.0.4.LTS\lib\armv6m-ti-none-eabi\c\</path>
         <kind>archive</kind>
         <file>libsysbm.a</file>
         <name>host_device.c.obj</name>
      </input_file>
      <input_file id="fl-118">
         <path>D:\TI\ccs2041\ccs\tools\compiler\ti-cgt-armllvm_4.0.4.LTS\lib\armv6m-ti-none-eabi\c\</path>
         <kind>archive</kind>
         <file>libsysbm.a</file>
         <name>remove.c.obj</name>
      </input_file>
      <input_file id="fl-119">
         <path>D:\TI\ccs2041\ccs\tools\compiler\ti-cgt-armllvm_4.0.4.LTS\lib\armv6m-ti-none-eabi\c\</path>
         <kind>archive</kind>
         <file>libsysbm.a</file>
         <name>open.c.obj</name>
      </input_file>
      <input_file id="fl-11a">
         <path>D:\TI\ccs2041\ccs\tools\compiler\ti-cgt-armllvm_4.0.4.LTS\lib\armv6m-ti-none-eabi\c\</path>
         <kind>archive</kind>
         <file>libsysbm.a</file>
         <name>lseek.c.obj</name>
      </input_file>
      <input_file id="fl-11b">
         <path>D:\TI\ccs2041\ccs\tools\compiler\ti-cgt-armllvm_4.0.4.LTS\lib\armv6m-ti-none-eabi\c\</path>
         <kind>archive</kind>
         <file>libsysbm.a</file>
         <name>close.c.obj</name>
      </input_file>
      <input_file id="fl-11c">
         <path>D:\TI\ccs2041\ccs\tools\compiler\ti-cgt-armllvm_4.0.4.LTS\lib\armv6m-ti-none-eabi\c\</path>
         <kind>archive</kind>
         <file>libsysbm.a</file>
         <name>unlink.c.obj</name>
      </input_file>
      <input_file id="fl-11d">
         <path>D:\TI\ccs2041\ccs\tools\compiler\ti-cgt-armllvm_4.0.4.LTS\lib\armv6m-ti-none-eabi\c\</path>
         <kind>archive</kind>
         <file>libsysbm.a</file>
         <name>hostclose.c.obj</name>
      </input_file>
      <input_file id="fl-11e">
         <path>D:\TI\ccs2041\ccs\tools\compiler\ti-cgt-armllvm_4.0.4.LTS\lib\armv6m-ti-none-eabi\c\</path>
         <kind>archive</kind>
         <file>libsysbm.a</file>
         <name>hostlseek.c.obj</name>
      </input_file>
      <input_file id="fl-11f">
         <path>D:\TI\ccs2041\ccs\tools\compiler\ti-cgt-armllvm_4.0.4.LTS\lib\armv6m-ti-none-eabi\c\</path>
         <kind>archive</kind>
         <file>libsysbm.a</file>
         <name>hostopen.c.obj</name>
      </input_file>
      <input_file id="fl-120">
         <path>D:\TI\ccs2041\ccs\tools\compiler\ti-cgt-armllvm_4.0.4.LTS\lib\armv6m-ti-none-eabi\c\</path>
         <kind>archive</kind>
         <file>libsysbm.a</file>
         <name>hostread.c.obj</name>
      </input_file>
      <input_file id="fl-121">
         <path>D:\TI\ccs2041\ccs\tools\compiler\ti-cgt-armllvm_4.0.4.LTS\lib\armv6m-ti-none-eabi\c\</path>
         <kind>archive</kind>
         <file>libsysbm.a</file>
         <name>hostrename.c.obj</name>
      </input_file>
      <input_file id="fl-122">
         <path>D:\TI\ccs2041\ccs\tools\compiler\ti-cgt-armllvm_4.0.4.LTS\lib\armv6m-ti-none-eabi\c\</path>
         <kind>archive</kind>
         <file>libsysbm.a</file>
         <name>hostunlink.c.obj</name>
      </input_file>
      <input_file id="fl-123">
         <path>D:\TI\ccs2041\ccs\tools\compiler\ti-cgt-armllvm_4.0.4.LTS\lib\armv6m-ti-none-eabi\c\</path>
         <kind>archive</kind>
         <file>libsysbm.a</file>
         <name>hostwrite.c.obj</name>
      </input_file>
      <input_file id="fl-124">
         <path>D:\TI\ccs2041\ccs\tools\compiler\ti-cgt-armllvm_4.0.4.LTS\lib\armv6m-ti-none-eabi\c\</path>
         <kind>archive</kind>
         <file>libsysbm.a</file>
         <name>trgmsg.c.obj</name>
      </input_file>
      <input_file id="fl-125">
         <path>D:\TI\ccs2041\ccs\tools\compiler\ti-cgt-armllvm_4.0.4.LTS\lib\armv6m-ti-none-eabi\</path>
         <kind>archive</kind>
         <file>libclang_rt.builtins.a</file>
         <name>addsf3.S.obj</name>
      </input_file>
      <input_file id="fl-126">
         <path>D:\TI\ccs2041\ccs\tools\compiler\ti-cgt-armllvm_4.0.4.LTS\lib\armv6m-ti-none-eabi\</path>
         <kind>archive</kind>
         <file>libclang_rt.builtins.a</file>
         <name>adddf3.S.obj</name>
      </input_file>
      <input_file id="fl-127">
         <path>D:\TI\ccs2041\ccs\tools\compiler\ti-cgt-armllvm_4.0.4.LTS\lib\armv6m-ti-none-eabi\</path>
         <kind>archive</kind>
         <file>libclang_rt.builtins.a</file>
         <name>muldf3.S.obj</name>
      </input_file>
      <input_file id="fl-128">
         <path>D:\TI\ccs2041\ccs\tools\compiler\ti-cgt-armllvm_4.0.4.LTS\lib\armv6m-ti-none-eabi\</path>
         <kind>archive</kind>
         <file>libclang_rt.builtins.a</file>
         <name>muldsi3.S.obj</name>
      </input_file>
      <input_file id="fl-129">
         <path>D:\TI\ccs2041\ccs\tools\compiler\ti-cgt-armllvm_4.0.4.LTS\lib\armv6m-ti-none-eabi\</path>
         <kind>archive</kind>
         <file>libclang_rt.builtins.a</file>
         <name>mulsf3.S.obj</name>
      </input_file>
      <input_file id="fl-12a">
         <path>D:\TI\ccs2041\ccs\tools\compiler\ti-cgt-armllvm_4.0.4.LTS\lib\armv6m-ti-none-eabi\</path>
         <kind>archive</kind>
         <file>libclang_rt.builtins.a</file>
         <name>divsf3.S.obj</name>
      </input_file>
      <input_file id="fl-12b">
         <path>D:\TI\ccs2041\ccs\tools\compiler\ti-cgt-armllvm_4.0.4.LTS\lib\armv6m-ti-none-eabi\</path>
         <kind>archive</kind>
         <file>libclang_rt.builtins.a</file>
         <name>divdf3.S.obj</name>
      </input_file>
      <input_file id="fl-12c">
         <path>D:\TI\ccs2041\ccs\tools\compiler\ti-cgt-armllvm_4.0.4.LTS\lib\armv6m-ti-none-eabi\</path>
         <kind>archive</kind>
         <file>libclang_rt.builtins.a</file>
         <name>extendsfdf2.S.obj</name>
      </input_file>
      <input_file id="fl-12d">
         <path>D:\TI\ccs2041\ccs\tools\compiler\ti-cgt-armllvm_4.0.4.LTS\lib\armv6m-ti-none-eabi\</path>
         <kind>archive</kind>
         <file>libclang_rt.builtins.a</file>
         <name>fixdfsi.S.obj</name>
      </input_file>
      <input_file id="fl-12e">
         <path>D:\TI\ccs2041\ccs\tools\compiler\ti-cgt-armllvm_4.0.4.LTS\lib\armv6m-ti-none-eabi\</path>
         <kind>archive</kind>
         <file>libclang_rt.builtins.a</file>
         <name>fixsfsi.S.obj</name>
      </input_file>
      <input_file id="fl-12f">
         <path>D:\TI\ccs2041\ccs\tools\compiler\ti-cgt-armllvm_4.0.4.LTS\lib\armv6m-ti-none-eabi\</path>
         <kind>archive</kind>
         <file>libclang_rt.builtins.a</file>
         <name>fixunssfsi.S.obj</name>
      </input_file>
      <input_file id="fl-130">
         <path>D:\TI\ccs2041\ccs\tools\compiler\ti-cgt-armllvm_4.0.4.LTS\lib\armv6m-ti-none-eabi\</path>
         <kind>archive</kind>
         <file>libclang_rt.builtins.a</file>
         <name>floatsidf.S.obj</name>
      </input_file>
      <input_file id="fl-131">
         <path>D:\TI\ccs2041\ccs\tools\compiler\ti-cgt-armllvm_4.0.4.LTS\lib\armv6m-ti-none-eabi\</path>
         <kind>archive</kind>
         <file>libclang_rt.builtins.a</file>
         <name>floatsisf.S.obj</name>
      </input_file>
      <input_file id="fl-132">
         <path>D:\TI\ccs2041\ccs\tools\compiler\ti-cgt-armllvm_4.0.4.LTS\lib\armv6m-ti-none-eabi\</path>
         <kind>archive</kind>
         <file>libclang_rt.builtins.a</file>
         <name>floatunsidf.S.obj</name>
      </input_file>
      <input_file id="fl-133">
         <path>D:\TI\ccs2041\ccs\tools\compiler\ti-cgt-armllvm_4.0.4.LTS\lib\armv6m-ti-none-eabi\</path>
         <kind>archive</kind>
         <file>libclang_rt.builtins.a</file>
         <name>floatunsisf.S.obj</name>
      </input_file>
      <input_file id="fl-134">
         <path>D:\TI\ccs2041\ccs\tools\compiler\ti-cgt-armllvm_4.0.4.LTS\lib\armv6m-ti-none-eabi\</path>
         <kind>archive</kind>
         <file>libclang_rt.builtins.a</file>
         <name>muldi3.S.obj</name>
      </input_file>
      <input_file id="fl-135">
         <path>D:\TI\ccs2041\ccs\tools\compiler\ti-cgt-armllvm_4.0.4.LTS\lib\armv6m-ti-none-eabi\</path>
         <kind>archive</kind>
         <file>libclang_rt.builtins.a</file>
         <name>truncdfsf2.S.obj</name>
      </input_file>
      <input_file id="fl-136">
         <path>D:\TI\ccs2041\ccs\tools\compiler\ti-cgt-armllvm_4.0.4.LTS\lib\armv6m-ti-none-eabi\</path>
         <kind>archive</kind>
         <file>libclang_rt.builtins.a</file>
         <name>aeabi_dcmp.S.obj</name>
      </input_file>
      <input_file id="fl-137">
         <path>D:\TI\ccs2041\ccs\tools\compiler\ti-cgt-armllvm_4.0.4.LTS\lib\armv6m-ti-none-eabi\</path>
         <kind>archive</kind>
         <file>libclang_rt.builtins.a</file>
         <name>aeabi_fcmp.S.obj</name>
      </input_file>
      <input_file id="fl-138">
         <path>D:\TI\ccs2041\ccs\tools\compiler\ti-cgt-armllvm_4.0.4.LTS\lib\armv6m-ti-none-eabi\</path>
         <kind>archive</kind>
         <file>libclang_rt.builtins.a</file>
         <name>aeabi_idivmod.S.obj</name>
      </input_file>
      <input_file id="fl-139">
         <path>D:\TI\ccs2041\ccs\tools\compiler\ti-cgt-armllvm_4.0.4.LTS\lib\armv6m-ti-none-eabi\</path>
         <kind>archive</kind>
         <file>libclang_rt.builtins.a</file>
         <name>aeabi_memcpy.S.obj</name>
      </input_file>
      <input_file id="fl-13a">
         <path>D:\TI\ccs2041\ccs\tools\compiler\ti-cgt-armllvm_4.0.4.LTS\lib\armv6m-ti-none-eabi\</path>
         <kind>archive</kind>
         <file>libclang_rt.builtins.a</file>
         <name>aeabi_memset.S.obj</name>
      </input_file>
      <input_file id="fl-13b">
         <path>D:\TI\ccs2041\ccs\tools\compiler\ti-cgt-armllvm_4.0.4.LTS\lib\armv6m-ti-none-eabi\</path>
         <kind>archive</kind>
         <file>libclang_rt.builtins.a</file>
         <name>aeabi_uidivmod.S.obj</name>
      </input_file>
      <input_file id="fl-13c">
         <path>D:\TI\ccs2041\ccs\tools\compiler\ti-cgt-armllvm_4.0.4.LTS\lib\armv6m-ti-none-eabi\</path>
         <kind>archive</kind>
         <file>libclang_rt.builtins.a</file>
         <name>aeabi_uldivmod.S.obj</name>
      </input_file>
      <input_file id="fl-13d">
         <path>D:\TI\ccs2041\ccs\tools\compiler\ti-cgt-armllvm_4.0.4.LTS\lib\armv6m-ti-none-eabi\</path>
         <kind>archive</kind>
         <file>libclang_rt.builtins.a</file>
         <name>comparesf2.S.obj</name>
      </input_file>
      <input_file id="fl-13e">
         <path>D:\TI\ccs2041\ccs\tools\compiler\ti-cgt-armllvm_4.0.4.LTS\lib\armv6m-ti-none-eabi\</path>
         <kind>archive</kind>
         <file>libclang_rt.builtins.a</file>
         <name>udivmoddi4.S.obj</name>
      </input_file>
      <input_file id="fl-13f">
         <path>D:\TI\ccs2041\ccs\tools\compiler\ti-cgt-armllvm_4.0.4.LTS\lib\armv6m-ti-none-eabi\</path>
         <kind>archive</kind>
         <file>libclang_rt.builtins.a</file>
         <name>ashldi3.S.obj</name>
      </input_file>
      <input_file id="fl-140">
         <path>D:\TI\ccs2041\ccs\tools\compiler\ti-cgt-armllvm_4.0.4.LTS\lib\armv6m-ti-none-eabi\</path>
         <kind>archive</kind>
         <file>libclang_rt.builtins.a</file>
         <name>comparedf2.c.obj</name>
      </input_file>
      <input_file id="fl-141">
         <path>D:\TI\ccs2041\ccs\tools\compiler\ti-cgt-armllvm_4.0.4.LTS\lib\armv6m-ti-none-eabi\</path>
         <kind>archive</kind>
         <file>libclang_rt.builtins.a</file>
         <name>aeabi_div0.c.obj</name>
      </input_file>
      <input_file id="fl-142">
         <path>D:\TI\ccs2041\ccs\tools\compiler\ti-cgt-armllvm_4.0.4.LTS\lib\armv6m-ti-none-eabi\c\</path>
         <kind>archive</kind>
         <file>libc.a</file>
         <name>getdevice.c.obj</name>
      </input_file>
      <input_file id="fl-143">
         <path>D:\TI\ccs2041\ccs\tools\compiler\ti-cgt-armllvm_4.0.4.LTS\lib\armv6m-ti-none-eabi\c\</path>
         <kind>archive</kind>
         <file>libc.a</file>
         <name>memcpy16.S.obj</name>
      </input_file>
      <input_file id="fl-144">
         <path>D:\TI\ccs2041\ccs\tools\compiler\ti-cgt-armllvm_4.0.4.LTS\lib\armv6m-ti-none-eabi\c\</path>
         <kind>archive</kind>
         <file>libc.a</file>
         <name>memset16.S.obj</name>
      </input_file>
      <input_file id="fl-145">
         <path>D:\TI\ccs2041\ccs\tools\compiler\ti-cgt-armllvm_4.0.4.LTS\lib\armv6m-ti-none-eabi\c\</path>
         <kind>archive</kind>
         <file>libc.a</file>
         <name>strcmp-armv6m.S.obj</name>
      </input_file>
   </input_file_list>
   <object_component_list>
      <object_component id="oc-18">
         <name>.intvecs</name>
         <load_address>0x0</load_address>
         <readonly>true</readonly>
         <run_address>0x0</run_address>
         <size>0xc0</size>
         <alignment>0x4</alignment>
         <input_file_ref idref="fl-2"/>
      </object_component>
      <object_component id="oc-382">
         <name>.text:__TI_printfi</name>
         <load_address>0xc0</load_address>
         <readonly>true</readonly>
         <executable>true</executable>
         <run_address>0xc0</run_address>
         <size>0x9d0</size>
         <alignment>0x4</alignment>
         <input_file_ref idref="fl-54"/>
      </object_component>
      <object_component id="oc-ba">
         <name>.text.IMU_AHRSupdate</name>
         <load_address>0xa90</load_address>
         <readonly>true</readonly>
         <executable>true</executable>
         <run_address>0xa90</run_address>
         <size>0x668</size>
         <alignment>0x4</alignment>
         <input_file_ref idref="fl-1d"/>
      </object_component>
      <object_component id="oc-364">
         <name>.text.VL53L1_get_tuning_parm</name>
         <load_address>0x10f8</load_address>
         <readonly>true</readonly>
         <executable>true</executable>
         <run_address>0x10f8</run_address>
         <size>0x404</size>
         <alignment>0x4</alignment>
         <input_file_ref idref="fl-f"/>
      </object_component>
      <object_component id="oc-135">
         <name>.text.VL53L1_init_and_start_range</name>
         <load_address>0x14fc</load_address>
         <readonly>true</readonly>
         <executable>true</executable>
         <run_address>0x14fc</run_address>
         <size>0x3d8</size>
         <alignment>0x4</alignment>
         <input_file_ref idref="fl-f"/>
      </object_component>
      <object_component id="oc-2a3">
         <name>.text.asin</name>
         <load_address>0x18d4</load_address>
         <readonly>true</readonly>
         <executable>true</executable>
         <run_address>0x18d4</run_address>
         <size>0x364</size>
         <alignment>0x4</alignment>
         <input_file_ref idref="fl-4f"/>
      </object_component>
      <object_component id="oc-325">
         <name>.text.atan</name>
         <load_address>0x1c38</load_address>
         <readonly>true</readonly>
         <executable>true</executable>
         <run_address>0x1c38</run_address>
         <size>0x2f8</size>
         <alignment>0x4</alignment>
         <input_file_ref idref="fl-52"/>
      </object_component>
      <object_component id="oc-3b6">
         <name>.text.VL53L1_set_preset_mode</name>
         <load_address>0x1f30</load_address>
         <readonly>true</readonly>
         <executable>true</executable>
         <run_address>0x1f30</run_address>
         <size>0x2f6</size>
         <alignment>0x4</alignment>
         <input_file_ref idref="fl-f"/>
      </object_component>
      <object_component id="oc-368">
         <name>.text.__aeabi_idiv0</name>
         <load_address>0x2226</load_address>
         <readonly>true</readonly>
         <executable>true</executable>
         <run_address>0x2226</run_address>
         <size>0x2</size>
         <alignment>0x2</alignment>
         <input_file_ref idref="fl-141"/>
      </object_component>
      <object_component id="oc-6c">
         <name>.text.Encoder_Callback</name>
         <load_address>0x2228</load_address>
         <readonly>true</readonly>
         <executable>true</executable>
         <run_address>0x2228</run_address>
         <size>0x2f0</size>
         <alignment>0x4</alignment>
         <input_file_ref idref="fl-6"/>
      </object_component>
      <object_component id="oc-141">
         <name>.text.calGyroVariance</name>
         <load_address>0x2518</load_address>
         <readonly>true</readonly>
         <executable>true</executable>
         <run_address>0x2518</run_address>
         <size>0x2e0</size>
         <alignment>0x4</alignment>
         <input_file_ref idref="fl-1d"/>
      </object_component>
      <object_component id="oc-16a">
         <name>.text.SYSCFG_DL_GPIO_init</name>
         <load_address>0x27f8</load_address>
         <readonly>true</readonly>
         <executable>true</executable>
         <run_address>0x27f8</run_address>
         <size>0x2b8</size>
         <alignment>0x4</alignment>
         <input_file_ref idref="fl-1"/>
      </object_component>
      <object_component id="oc-3e9">
         <name>.text._pconv_a</name>
         <load_address>0x2ab0</load_address>
         <readonly>true</readonly>
         <executable>true</executable>
         <run_address>0x2ab0</run_address>
         <size>0x220</size>
         <alignment>0x4</alignment>
         <input_file_ref idref="fl-54"/>
      </object_component>
      <object_component id="oc-459">
         <name>.text.VL53L1_i2c_decode_nvm_copy_data</name>
         <load_address>0x2cd0</load_address>
         <readonly>true</readonly>
         <executable>true</executable>
         <run_address>0x2cd0</run_address>
         <size>0x1fc</size>
         <alignment>0x2</alignment>
         <input_file_ref idref="fl-16"/>
      </object_component>
      <object_component id="oc-2d7">
         <name>.text.VL53L1_SetMeasurementTimingBudgetMicroSeconds</name>
         <load_address>0x2ecc</load_address>
         <readonly>true</readonly>
         <executable>true</executable>
         <run_address>0x2ecc</run_address>
         <size>0x1f0</size>
         <alignment>0x4</alignment>
         <input_file_ref idref="fl-d"/>
      </object_component>
      <object_component id="oc-197">
         <name>.text.IMU_getYawPitchRoll</name>
         <load_address>0x30bc</load_address>
         <readonly>true</readonly>
         <executable>true</executable>
         <run_address>0x30bc</run_address>
         <size>0x1ec</size>
         <alignment>0x4</alignment>
         <input_file_ref idref="fl-1d"/>
      </object_component>
      <object_component id="oc-40c">
         <name>.text.VL53L1_preset_mode_standard_ranging</name>
         <load_address>0x32a8</load_address>
         <readonly>true</readonly>
         <executable>true</executable>
         <run_address>0x32a8</run_address>
         <size>0x1e4</size>
         <alignment>0x2</alignment>
         <input_file_ref idref="fl-11"/>
      </object_component>
      <object_component id="oc-3ea">
         <name>.text._pconv_g</name>
         <load_address>0x348c</load_address>
         <readonly>true</readonly>
         <executable>true</executable>
         <run_address>0x348c</run_address>
         <size>0x1dc</size>
         <alignment>0x4</alignment>
         <input_file_ref idref="fl-54"/>
      </object_component>
      <object_component id="oc-2bb">
         <name>.text.OLED_ShowChar</name>
         <load_address>0x3668</load_address>
         <readonly>true</readonly>
         <executable>true</executable>
         <run_address>0x3668</run_address>
         <size>0x1d0</size>
         <alignment>0x4</alignment>
         <input_file_ref idref="fl-8"/>
      </object_component>
      <object_component id="oc-1dc">
         <name>.text.IICreadBytes</name>
         <load_address>0x3838</load_address>
         <readonly>true</readonly>
         <executable>true</executable>
         <run_address>0x3838</run_address>
         <size>0x1cc</size>
         <alignment>0x4</alignment>
         <input_file_ref idref="fl-19"/>
      </object_component>
      <object_component id="oc-1ff">
         <name>.text.adddf3_subdf3</name>
         <load_address>0x3a04</load_address>
         <readonly>true</readonly>
         <executable>true</executable>
         <run_address>0x3a04</run_address>
         <size>0x192</size>
         <alignment>0x4</alignment>
         <input_file_ref idref="fl-126"/>
      </object_component>
      <object_component id="oc-460">
         <name>.text.__aeabi_ldiv0</name>
         <load_address>0x3b96</load_address>
         <readonly>true</readonly>
         <executable>true</executable>
         <run_address>0x3b96</run_address>
         <size>0x2</size>
         <alignment>0x2</alignment>
         <input_file_ref idref="fl-141"/>
      </object_component>
      <object_component id="oc-29f">
         <name>.text.atan2</name>
         <load_address>0x3b98</load_address>
         <readonly>true</readonly>
         <executable>true</executable>
         <run_address>0x3b98</run_address>
         <size>0x188</size>
         <alignment>0x4</alignment>
         <input_file_ref idref="fl-50"/>
      </object_component>
      <object_component id="oc-366">
         <name>.text.VL53L1_GetMeasurementTimingBudgetMicroSeconds</name>
         <load_address>0x3d20</load_address>
         <readonly>true</readonly>
         <executable>true</executable>
         <run_address>0x3d20</run_address>
         <size>0x178</size>
         <alignment>0x4</alignment>
         <input_file_ref idref="fl-d"/>
      </object_component>
      <object_component id="oc-443">
         <name>.text.IIC_ReadOneByte</name>
         <load_address>0x3e98</load_address>
         <readonly>true</readonly>
         <executable>true</executable>
         <run_address>0x3e98</run_address>
         <size>0x174</size>
         <alignment>0x4</alignment>
         <input_file_ref idref="fl-19"/>
      </object_component>
      <object_component id="oc-335">
         <name>.text.sqrt</name>
         <load_address>0x400c</load_address>
         <readonly>true</readonly>
         <executable>true</executable>
         <run_address>0x400c</run_address>
         <size>0x170</size>
         <alignment>0x4</alignment>
         <input_file_ref idref="fl-51"/>
      </object_component>
      <object_component id="oc-b1">
         <name>.text.IMU_getValues</name>
         <load_address>0x417c</load_address>
         <readonly>true</readonly>
         <executable>true</executable>
         <run_address>0x417c</run_address>
         <size>0x164</size>
         <alignment>0x4</alignment>
         <input_file_ref idref="fl-1d"/>
      </object_component>
      <object_component id="oc-2d0">
         <name>.text.VL53L1_SetDistanceMode</name>
         <load_address>0x42e0</load_address>
         <readonly>true</readonly>
         <executable>true</executable>
         <run_address>0x42e0</run_address>
         <size>0x164</size>
         <alignment>0x4</alignment>
         <input_file_ref idref="fl-d"/>
      </object_component>
      <object_component id="oc-1ec">
         <name>.text.VL53L1_i2c_encode_static_config</name>
         <load_address>0x4444</load_address>
         <readonly>true</readonly>
         <executable>true</executable>
         <run_address>0x4444</run_address>
         <size>0x162</size>
         <alignment>0x2</alignment>
         <input_file_ref idref="fl-16"/>
      </object_component>
      <object_component id="oc-2e4">
         <name>.text._nop</name>
         <load_address>0x45a6</load_address>
         <readonly>true</readonly>
         <executable>true</executable>
         <run_address>0x45a6</run_address>
         <size>0x2</size>
         <alignment>0x2</alignment>
         <input_file_ref idref="fl-5c"/>
      </object_component>
      <object_component id="oc-1c2">
         <name>.text.VL53InitParam</name>
         <load_address>0x45a8</load_address>
         <readonly>true</readonly>
         <executable>true</executable>
         <run_address>0x45a8</run_address>
         <size>0x160</size>
         <alignment>0x4</alignment>
         <input_file_ref idref="fl-1b"/>
      </object_component>
      <object_component id="oc-3c2">
         <name>.text.VL53L1_get_preset_mode_timing_cfg</name>
         <load_address>0x4708</load_address>
         <readonly>true</readonly>
         <executable>true</executable>
         <run_address>0x4708</run_address>
         <size>0x15c</size>
         <alignment>0x4</alignment>
         <input_file_ref idref="fl-f"/>
      </object_component>
      <object_component id="oc-100">
         <name>.text.ICM42688_Test1</name>
         <load_address>0x4864</load_address>
         <readonly>true</readonly>
         <executable>true</executable>
         <run_address>0x4864</run_address>
         <size>0x144</size>
         <alignment>0x4</alignment>
         <input_file_ref idref="fl-21"/>
      </object_component>
      <object_component id="oc-441">
         <name>.text.fcvt</name>
         <load_address>0x49a8</load_address>
         <readonly>true</readonly>
         <executable>true</executable>
         <run_address>0x49a8</run_address>
         <size>0x13c</size>
         <alignment>0x4</alignment>
         <input_file_ref idref="fl-54"/>
      </object_component>
      <object_component id="oc-35b">
         <name>.text.VL53L1_data_init</name>
         <load_address>0x4ae4</load_address>
         <readonly>true</readonly>
         <executable>true</executable>
         <run_address>0x4ae4</run_address>
         <size>0x134</size>
         <alignment>0x4</alignment>
         <input_file_ref idref="fl-f"/>
      </object_component>
      <object_component id="oc-2fb">
         <name>.text.IICwriteBytes</name>
         <load_address>0x4c18</load_address>
         <readonly>true</readonly>
         <executable>true</executable>
         <run_address>0x4c18</run_address>
         <size>0x130</size>
         <alignment>0x4</alignment>
         <input_file_ref idref="fl-19"/>
      </object_component>
      <object_component id="oc-406">
         <name>.text.VL53L1_copy_rtn_good_spads_to_buffer</name>
         <load_address>0x4d48</load_address>
         <readonly>true</readonly>
         <executable>true</executable>
         <run_address>0x4d48</run_address>
         <size>0x12a</size>
         <alignment>0x2</alignment>
         <input_file_ref idref="fl-13"/>
      </object_component>
      <object_component id="oc-3ab">
         <name>.text.VL53L1_read_p2p_data</name>
         <load_address>0x4e74</load_address>
         <readonly>true</readonly>
         <executable>true</executable>
         <run_address>0x4e74</run_address>
         <size>0x124</size>
         <alignment>0x4</alignment>
         <input_file_ref idref="fl-f"/>
      </object_component>
      <object_component id="oc-3ec">
         <name>.text._pconv_e</name>
         <load_address>0x4f98</load_address>
         <readonly>true</readonly>
         <executable>true</executable>
         <run_address>0x4f98</run_address>
         <size>0x120</size>
         <alignment>0x4</alignment>
         <input_file_ref idref="fl-54"/>
      </object_component>
      <object_component id="oc-1c1">
         <name>.text.VL53L1Init</name>
         <load_address>0x50b8</load_address>
         <readonly>true</readonly>
         <executable>true</executable>
         <run_address>0x50b8</run_address>
         <size>0x118</size>
         <alignment>0x4</alignment>
         <input_file_ref idref="fl-1b"/>
      </object_component>
      <object_component id="oc-1ae">
         <name>.text.OLED_Init</name>
         <load_address>0x51d0</load_address>
         <readonly>true</readonly>
         <executable>true</executable>
         <run_address>0x51d0</run_address>
         <size>0x114</size>
         <alignment>0x4</alignment>
         <input_file_ref idref="fl-8"/>
      </object_component>
      <object_component id="oc-493">
         <name>.text.aligned_alloc</name>
         <load_address>0x52e4</load_address>
         <readonly>true</readonly>
         <executable>true</executable>
         <run_address>0x52e4</run_address>
         <size>0x114</size>
         <alignment>0x4</alignment>
         <input_file_ref idref="fl-62"/>
      </object_component>
      <object_component id="oc-1f2">
         <name>.text.VL53L1_update_ll_driver_rd_state</name>
         <load_address>0x53f8</load_address>
         <readonly>true</readonly>
         <executable>true</executable>
         <run_address>0x53f8</run_address>
         <size>0x10e</size>
         <alignment>0x4</alignment>
         <input_file_ref idref="fl-13"/>
      </object_component>
      <object_component id="oc-1a4">
         <name>.text.__divdf3</name>
         <load_address>0x5508</load_address>
         <readonly>true</readonly>
         <executable>true</executable>
         <run_address>0x5508</run_address>
         <size>0x10c</size>
         <alignment>0x4</alignment>
         <input_file_ref idref="fl-12b"/>
      </object_component>
      <object_component id="oc-13c">
         <name>.text.bsp_IcmGetRawData</name>
         <load_address>0x5614</load_address>
         <readonly>true</readonly>
         <executable>true</executable>
         <run_address>0x5614</run_address>
         <size>0x108</size>
         <alignment>0x4</alignment>
         <input_file_ref idref="fl-a"/>
      </object_component>
      <object_component id="oc-248">
         <name>.text.DL_Timer_initFourCCPWMMode</name>
         <load_address>0x571c</load_address>
         <readonly>true</readonly>
         <executable>true</executable>
         <run_address>0x571c</run_address>
         <size>0x104</size>
         <alignment>0x4</alignment>
         <input_file_ref idref="fl-36"/>
      </object_component>
      <object_component id="oc-458">
         <name>.text.VL53L1_i2c_decode_customer_nvm_managed</name>
         <load_address>0x5820</load_address>
         <readonly>true</readonly>
         <executable>true</executable>
         <run_address>0x5820</run_address>
         <size>0x104</size>
         <alignment>0x4</alignment>
         <input_file_ref idref="fl-16"/>
      </object_component>
      <object_component id="oc-255">
         <name>.text.DL_Timer_initTimerMode</name>
         <load_address>0x5924</load_address>
         <readonly>true</readonly>
         <executable>true</executable>
         <run_address>0x5924</run_address>
         <size>0xfc</size>
         <alignment>0x4</alignment>
         <input_file_ref idref="fl-36"/>
      </object_component>
      <object_component id="oc-39">
         <name>.text.GROUP1_IRQHandler</name>
         <load_address>0x5a20</load_address>
         <readonly>true</readonly>
         <executable>true</executable>
         <run_address>0x5a20</run_address>
         <size>0xfc</size>
         <alignment>0x4</alignment>
         <input_file_ref idref="fl-7"/>
      </object_component>
      <object_component id="oc-1eb">
         <name>.text.VL53L1_i2c_encode_customer_nvm_managed</name>
         <load_address>0x5b1c</load_address>
         <readonly>true</readonly>
         <executable>true</executable>
         <run_address>0x5b1c</run_address>
         <size>0xfc</size>
         <alignment>0x4</alignment>
         <input_file_ref idref="fl-16"/>
      </object_component>
      <object_component id="oc-169">
         <name>.text.SYSCFG_DL_initPower</name>
         <load_address>0x5c18</load_address>
         <readonly>true</readonly>
         <executable>true</executable>
         <run_address>0x5c18</run_address>
         <size>0xf8</size>
         <alignment>0x4</alignment>
         <input_file_ref idref="fl-1"/>
      </object_component>
      <object_component id="oc-39d">
         <name>.text.fputs</name>
         <load_address>0x5d10</load_address>
         <readonly>true</readonly>
         <executable>true</executable>
         <run_address>0x5d10</run_address>
         <size>0xf8</size>
         <alignment>0x4</alignment>
         <input_file_ref idref="fl-57"/>
      </object_component>
      <object_component id="oc-396">
         <name>.text.VL53L1_WaitValueMaskEx</name>
         <load_address>0x5e08</load_address>
         <readonly>true</readonly>
         <executable>true</executable>
         <run_address>0x5e08</run_address>
         <size>0xf4</size>
         <alignment>0x2</alignment>
         <input_file_ref idref="fl-1a"/>
      </object_component>
      <object_component id="oc-2d9">
         <name>.text.VL53L1_StartMeasurement</name>
         <load_address>0x5efc</load_address>
         <readonly>true</readonly>
         <executable>true</executable>
         <run_address>0x5efc</run_address>
         <size>0xf0</size>
         <alignment>0x2</alignment>
         <input_file_ref idref="fl-d"/>
      </object_component>
      <object_component id="oc-1ed">
         <name>.text.VL53L1_i2c_encode_general_config</name>
         <load_address>0x5fec</load_address>
         <readonly>true</readonly>
         <executable>true</executable>
         <run_address>0x5fec</run_address>
         <size>0xf0</size>
         <alignment>0x4</alignment>
         <input_file_ref idref="fl-16"/>
      </object_component>
      <object_component id="oc-3b4">
         <name>.text.VL53L1_init_tuning_parm_storage_struct</name>
         <load_address>0x60dc</load_address>
         <readonly>true</readonly>
         <executable>true</executable>
         <run_address>0x60dc</run_address>
         <size>0xf0</size>
         <alignment>0x4</alignment>
         <input_file_ref idref="fl-11"/>
      </object_component>
      <object_component id="oc-23b">
         <name>.text.SYSCFG_DL_SYSCTL_SYSPLL_init</name>
         <load_address>0x61cc</load_address>
         <readonly>true</readonly>
         <executable>true</executable>
         <run_address>0x61cc</run_address>
         <size>0xec</size>
         <alignment>0x4</alignment>
         <input_file_ref idref="fl-1"/>
      </object_component>
      <object_component id="oc-472">
         <name>.text.free</name>
         <load_address>0x62b8</load_address>
         <readonly>true</readonly>
         <executable>true</executable>
         <run_address>0x62b8</run_address>
         <size>0xe8</size>
         <alignment>0x4</alignment>
         <input_file_ref idref="fl-62"/>
      </object_component>
      <object_component id="oc-c8">
         <name>.text.__muldf3</name>
         <load_address>0x63a0</load_address>
         <readonly>true</readonly>
         <executable>true</executable>
         <run_address>0x63a0</run_address>
         <size>0xe4</size>
         <alignment>0x4</alignment>
         <input_file_ref idref="fl-127"/>
      </object_component>
      <object_component id="oc-3c3">
         <name>.text.VL53L1_calc_timeout_register_values</name>
         <load_address>0x6484</load_address>
         <readonly>true</readonly>
         <executable>true</executable>
         <run_address>0x6484</run_address>
         <size>0xe2</size>
         <alignment>0x2</alignment>
         <input_file_ref idref="fl-13"/>
      </object_component>
      <object_component id="oc-1ef">
         <name>.text.VL53L1_i2c_encode_dynamic_config</name>
         <load_address>0x6566</load_address>
         <readonly>true</readonly>
         <executable>true</executable>
         <run_address>0x6566</run_address>
         <size>0xe2</size>
         <alignment>0x2</alignment>
         <input_file_ref idref="fl-16"/>
      </object_component>
      <object_component id="oc-44a">
         <name>.text.setvbuf</name>
         <load_address>0x6648</load_address>
         <readonly>true</readonly>
         <executable>true</executable>
         <run_address>0x6648</run_address>
         <size>0xe0</size>
         <alignment>0x4</alignment>
         <input_file_ref idref="fl-59"/>
      </object_component>
      <object_component id="oc-35e">
         <name>.text.VL53L1_get_timeouts_us</name>
         <load_address>0x6728</load_address>
         <readonly>true</readonly>
         <executable>true</executable>
         <run_address>0x6728</run_address>
         <size>0xde</size>
         <alignment>0x2</alignment>
         <input_file_ref idref="fl-f"/>
      </object_component>
      <object_component id="oc-235">
         <name>.text.DL_SYSCTL_configSYSPLL</name>
         <load_address>0x6808</load_address>
         <readonly>true</readonly>
         <executable>true</executable>
         <run_address>0x6808</run_address>
         <size>0xdc</size>
         <alignment>0x4</alignment>
         <input_file_ref idref="fl-38"/>
      </object_component>
      <object_component id="oc-1ee">
         <name>.text.VL53L1_i2c_encode_timing_config</name>
         <load_address>0x68e4</load_address>
         <readonly>true</readonly>
         <executable>true</executable>
         <run_address>0x68e4</run_address>
         <size>0xdc</size>
         <alignment>0x2</alignment>
         <input_file_ref idref="fl-16"/>
      </object_component>
      <object_component id="oc-434">
         <name>.text.scalbn</name>
         <load_address>0x69c0</load_address>
         <readonly>true</readonly>
         <executable>true</executable>
         <run_address>0x69c0</run_address>
         <size>0xd8</size>
         <alignment>0x4</alignment>
         <input_file_ref idref="fl-6d"/>
      </object_component>
      <object_component id="oc-146">
         <name>.text</name>
         <load_address>0x6a98</load_address>
         <readonly>true</readonly>
         <executable>true</executable>
         <run_address>0x6a98</run_address>
         <size>0xd8</size>
         <alignment>0x4</alignment>
         <input_file_ref idref="fl-125"/>
      </object_component>
      <object_component id="oc-35f">
         <name>.text.SetPresetMode</name>
         <load_address>0x6b70</load_address>
         <readonly>true</readonly>
         <executable>true</executable>
         <run_address>0x6b70</run_address>
         <size>0xd6</size>
         <alignment>0x2</alignment>
         <input_file_ref idref="fl-d"/>
      </object_component>
      <object_component id="oc-2ce">
         <name>.text.VL53L1_DataInit</name>
         <load_address>0x6c46</load_address>
         <readonly>true</readonly>
         <executable>true</executable>
         <run_address>0x6c46</run_address>
         <size>0xcc</size>
         <alignment>0x2</alignment>
         <input_file_ref idref="fl-d"/>
      </object_component>
      <object_component id="oc-40b">
         <name>.text.VL53L1_calc_range_ignore_threshold</name>
         <load_address>0x6d14</load_address>
         <readonly>true</readonly>
         <executable>true</executable>
         <run_address>0x6d14</run_address>
         <size>0xcc</size>
         <alignment>0x4</alignment>
         <input_file_ref idref="fl-13"/>
      </object_component>
      <object_component id="oc-3c1">
         <name>.text.ComputeDevicePresetMode</name>
         <load_address>0x6de0</load_address>
         <readonly>true</readonly>
         <executable>true</executable>
         <run_address>0x6de0</run_address>
         <size>0xc4</size>
         <alignment>0x4</alignment>
         <input_file_ref idref="fl-d"/>
      </object_component>
      <object_component id="oc-35c">
         <name>.text.VL53L1_SetPresetMode</name>
         <load_address>0x6ea4</load_address>
         <readonly>true</readonly>
         <executable>true</executable>
         <run_address>0x6ea4</run_address>
         <size>0xc0</size>
         <alignment>0x4</alignment>
         <input_file_ref idref="fl-d"/>
      </object_component>
      <object_component id="oc-2aa">
         <name>.text.bsp_Icm42688RegCfg</name>
         <load_address>0x6f64</load_address>
         <readonly>true</readonly>
         <executable>true</executable>
         <run_address>0x6f64</run_address>
         <size>0xc0</size>
         <alignment>0x2</alignment>
         <input_file_ref idref="fl-a"/>
      </object_component>
      <object_component id="oc-1f3">
         <name>.text.VL53L1_update_ll_driver_cfg_state</name>
         <load_address>0x7024</load_address>
         <readonly>true</readonly>
         <executable>true</executable>
         <run_address>0x7024</run_address>
         <size>0xbe</size>
         <alignment>0x2</alignment>
         <input_file_ref idref="fl-13"/>
      </object_component>
      <object_component id="oc-3b2">
         <name>.text.VL53L1_init_xtalk_config_struct</name>
         <load_address>0x70e2</load_address>
         <readonly>true</readonly>
         <executable>true</executable>
         <run_address>0x70e2</run_address>
         <size>0xba</size>
         <alignment>0x2</alignment>
         <input_file_ref idref="fl-11"/>
      </object_component>
      <object_component id="oc-16d">
         <name>.text.SYSCFG_DL_PWM_SERVO_init</name>
         <load_address>0x719c</load_address>
         <readonly>true</readonly>
         <executable>true</executable>
         <run_address>0x719c</run_address>
         <size>0xb4</size>
         <alignment>0x4</alignment>
         <input_file_ref idref="fl-1"/>
      </object_component>
      <object_component id="oc-10a">
         <name>.text.VL53L1X_Test1</name>
         <load_address>0x7250</load_address>
         <readonly>true</readonly>
         <executable>true</executable>
         <run_address>0x7250</run_address>
         <size>0xac</size>
         <alignment>0x4</alignment>
         <input_file_ref idref="fl-24"/>
      </object_component>
      <object_component id="oc-341">
         <name>.text.bsp_Icm42688GetGres</name>
         <load_address>0x72fc</load_address>
         <readonly>true</readonly>
         <executable>true</executable>
         <run_address>0x72fc</run_address>
         <size>0xa8</size>
         <alignment>0x4</alignment>
         <input_file_ref idref="fl-a"/>
      </object_component>
      <object_component id="oc-1b9">
         <name>.text.my_vl53l1x_init</name>
         <load_address>0x73a4</load_address>
         <readonly>true</readonly>
         <executable>true</executable>
         <run_address>0x73a4</run_address>
         <size>0xa8</size>
         <alignment>0x4</alignment>
         <input_file_ref idref="fl-1e"/>
      </object_component>
      <object_component id="oc-19e">
         <name>.text.bsp_IcmGetAccelerometer</name>
         <load_address>0x744c</load_address>
         <readonly>true</readonly>
         <executable>true</executable>
         <run_address>0x744c</run_address>
         <size>0xa4</size>
         <alignment>0x4</alignment>
         <input_file_ref idref="fl-a"/>
      </object_component>
      <object_component id="oc-19f">
         <name>.text.bsp_IcmGetGyroscope</name>
         <load_address>0x74f0</load_address>
         <readonly>true</readonly>
         <executable>true</executable>
         <run_address>0x74f0</run_address>
         <size>0xa4</size>
         <alignment>0x4</alignment>
         <input_file_ref idref="fl-a"/>
      </object_component>
      <object_component id="oc-42b">
         <name>.text</name>
         <load_address>0x7594</load_address>
         <readonly>true</readonly>
         <executable>true</executable>
         <run_address>0x7594</run_address>
         <size>0xa2</size>
         <alignment>0x4</alignment>
         <input_file_ref idref="fl-13e"/>
      </object_component>
      <object_component id="oc-457">
         <name>.text.VL53L1_i2c_decode_static_nvm_managed</name>
         <load_address>0x7636</load_address>
         <readonly>true</readonly>
         <executable>true</executable>
         <run_address>0x7636</run_address>
         <size>0xa0</size>
         <alignment>0x2</alignment>
         <input_file_ref idref="fl-16"/>
      </object_component>
      <object_component id="oc-1e6">
         <name>.text.VL53L1_i2c_encode_static_nvm_managed</name>
         <load_address>0x76d6</load_address>
         <readonly>true</readonly>
         <executable>true</executable>
         <run_address>0x76d6</run_address>
         <size>0x9e</size>
         <alignment>0x2</alignment>
         <input_file_ref idref="fl-16"/>
      </object_component>
      <object_component id="oc-3a3">
         <name>.text.fputc</name>
         <load_address>0x7774</load_address>
         <readonly>true</readonly>
         <executable>true</executable>
         <run_address>0x7774</run_address>
         <size>0x9c</size>
         <alignment>0x4</alignment>
         <input_file_ref idref="fl-56"/>
      </object_component>
      <object_component id="oc-1b4">
         <name>.text.OLED_ShowString</name>
         <load_address>0x7810</load_address>
         <readonly>true</readonly>
         <executable>true</executable>
         <run_address>0x7810</run_address>
         <size>0x9a</size>
         <alignment>0x2</alignment>
         <input_file_ref idref="fl-8"/>
      </object_component>
      <object_component id="oc-79">
         <name>.text.IMU_Callback</name>
         <load_address>0x78ac</load_address>
         <readonly>true</readonly>
         <executable>true</executable>
         <run_address>0x78ac</run_address>
         <size>0x90</size>
         <alignment>0x4</alignment>
         <input_file_ref idref="fl-1d"/>
      </object_component>
      <object_component id="oc-348">
         <name>.text.OLED_DrawPoint</name>
         <load_address>0x793c</load_address>
         <readonly>true</readonly>
         <executable>true</executable>
         <run_address>0x793c</run_address>
         <size>0x90</size>
         <alignment>0x4</alignment>
         <input_file_ref idref="fl-8"/>
      </object_component>
      <object_component id="oc-2b7">
         <name>.text.OLED_WR_Byte</name>
         <load_address>0x79cc</load_address>
         <readonly>true</readonly>
         <executable>true</executable>
         <run_address>0x79cc</run_address>
         <size>0x90</size>
         <alignment>0x4</alignment>
         <input_file_ref idref="fl-8"/>
      </object_component>
      <object_component id="oc-2d6">
         <name>.text.VL53L1_SetLimitCheckValue</name>
         <load_address>0x7a5c</load_address>
         <readonly>true</readonly>
         <executable>true</executable>
         <run_address>0x7a5c</run_address>
         <size>0x8e</size>
         <alignment>0x2</alignment>
         <input_file_ref idref="fl-d"/>
      </object_component>
      <object_component id="oc-344">
         <name>.text.SPI_CS</name>
         <load_address>0x7aec</load_address>
         <readonly>true</readonly>
         <executable>true</executable>
         <run_address>0x7aec</run_address>
         <size>0x8c</size>
         <alignment>0x4</alignment>
         <input_file_ref idref="fl-b"/>
      </object_component>
      <object_component id="oc-16c">
         <name>.text.SYSCFG_DL_PWM_Motor_init</name>
         <load_address>0x7b78</load_address>
         <readonly>true</readonly>
         <executable>true</executable>
         <run_address>0x7b78</run_address>
         <size>0x8c</size>
         <alignment>0x4</alignment>
         <input_file_ref idref="fl-1"/>
      </object_component>
      <object_component id="oc-b2">
         <name>.text.__mulsf3</name>
         <load_address>0x7c04</load_address>
         <readonly>true</readonly>
         <executable>true</executable>
         <run_address>0x7c04</run_address>
         <size>0x8c</size>
         <alignment>0x4</alignment>
         <input_file_ref idref="fl-129"/>
      </object_component>
      <object_component id="oc-2d5">
         <name>.text.VL53L1_SetLimitCheckEnable</name>
         <load_address>0x7c90</load_address>
         <readonly>true</readonly>
         <executable>true</executable>
         <run_address>0x7c90</run_address>
         <size>0x8a</size>
         <alignment>0x2</alignment>
         <input_file_ref idref="fl-d"/>
      </object_component>
      <object_component id="oc-40e">
         <name>.text.VL53L1_preset_mode_standard_ranging_long_range</name>
         <load_address>0x7d1a</load_address>
         <readonly>true</readonly>
         <executable>true</executable>
         <run_address>0x7d1a</run_address>
         <size>0x8a</size>
         <alignment>0x2</alignment>
         <input_file_ref idref="fl-11"/>
      </object_component>
      <object_component id="oc-40d">
         <name>.text.VL53L1_preset_mode_standard_ranging_short_range</name>
         <load_address>0x7da4</load_address>
         <readonly>true</readonly>
         <executable>true</executable>
         <run_address>0x7da4</run_address>
         <size>0x8a</size>
         <alignment>0x2</alignment>
         <input_file_ref idref="fl-11"/>
      </object_component>
      <object_component id="oc-503">
         <name>.text:strcmp</name>
         <load_address>0x7e30</load_address>
         <readonly>true</readonly>
         <executable>true</executable>
         <run_address>0x7e30</run_address>
         <size>0x88</size>
         <alignment>0x10</alignment>
         <input_file_ref idref="fl-145"/>
      </object_component>
      <object_component id="oc-240">
         <name>.text.__NVIC_SetPriority</name>
         <load_address>0x7eb8</load_address>
         <readonly>true</readonly>
         <executable>true</executable>
         <run_address>0x7eb8</run_address>
         <size>0x84</size>
         <alignment>0x4</alignment>
         <input_file_ref idref="fl-1"/>
      </object_component>
      <object_component id="oc-b6">
         <name>.text.__divsf3</name>
         <load_address>0x7f3c</load_address>
         <readonly>true</readonly>
         <executable>true</executable>
         <run_address>0x7f3c</run_address>
         <size>0x82</size>
         <alignment>0x4</alignment>
         <input_file_ref idref="fl-12a"/>
      </object_component>
      <object_component id="oc-412">
         <name>.text.VL53L1_preset_mode_timed_ranging_short_range</name>
         <load_address>0x7fbe</load_address>
         <readonly>true</readonly>
         <executable>true</executable>
         <run_address>0x7fbe</run_address>
         <size>0x7e</size>
         <alignment>0x2</alignment>
         <input_file_ref idref="fl-11"/>
      </object_component>
      <object_component id="oc-9f">
         <name>.text.getDistance_Simply</name>
         <load_address>0x803c</load_address>
         <readonly>true</readonly>
         <executable>true</executable>
         <run_address>0x803c</run_address>
         <size>0x7e</size>
         <alignment>0x2</alignment>
         <input_file_ref idref="fl-1b"/>
      </object_component>
      <object_component id="oc-7e">
         <name>.text.Bat_Callback</name>
         <load_address>0x80bc</load_address>
         <readonly>true</readonly>
         <executable>true</executable>
         <run_address>0x80bc</run_address>
         <size>0x7c</size>
         <alignment>0x4</alignment>
         <input_file_ref idref="fl-1c"/>
      </object_component>
      <object_component id="oc-1b5">
         <name>.text.OLED_Refresh</name>
         <load_address>0x8138</load_address>
         <readonly>true</readonly>
         <executable>true</executable>
         <run_address>0x8138</run_address>
         <size>0x7c</size>
         <alignment>0x4</alignment>
         <input_file_ref idref="fl-8"/>
      </object_component>
      <object_component id="oc-411">
         <name>.text.VL53L1_preset_mode_timed_ranging</name>
         <load_address>0x81b4</load_address>
         <readonly>true</readonly>
         <executable>true</executable>
         <run_address>0x81b4</run_address>
         <size>0x7c</size>
         <alignment>0x2</alignment>
         <input_file_ref idref="fl-11"/>
      </object_component>
      <object_component id="oc-413">
         <name>.text.VL53L1_preset_mode_timed_ranging_long_range</name>
         <load_address>0x8230</load_address>
         <readonly>true</readonly>
         <executable>true</executable>
         <run_address>0x8230</run_address>
         <size>0x7c</size>
         <alignment>0x2</alignment>
         <input_file_ref idref="fl-11"/>
      </object_component>
      <object_component id="oc-360">
         <name>.text.VL53L1_set_timeouts_us</name>
         <load_address>0x82ac</load_address>
         <readonly>true</readonly>
         <executable>true</executable>
         <run_address>0x82ac</run_address>
         <size>0x7c</size>
         <alignment>0x2</alignment>
         <input_file_ref idref="fl-f"/>
      </object_component>
      <object_component id="oc-494">
         <name>.text.__TI_closefile</name>
         <load_address>0x8328</load_address>
         <readonly>true</readonly>
         <executable>true</executable>
         <run_address>0x8328</run_address>
         <size>0x7c</size>
         <alignment>0x4</alignment>
         <input_file_ref idref="fl-75"/>
      </object_component>
      <object_component id="oc-1c">
         <name>.text:decompress:lzss</name>
         <load_address>0x83a4</load_address>
         <readonly>true</readonly>
         <executable>true</executable>
         <run_address>0x83a4</run_address>
         <size>0x7c</size>
         <alignment>0x4</alignment>
         <input_file_ref idref="fl-6b"/>
      </object_component>
      <object_component id="oc-3c8">
         <name>.text.VL53L1_get_sequence_config_bit</name>
         <load_address>0x8420</load_address>
         <readonly>true</readonly>
         <executable>true</executable>
         <run_address>0x8420</run_address>
         <size>0x76</size>
         <alignment>0x2</alignment>
         <input_file_ref idref="fl-f"/>
      </object_component>
      <object_component id="oc-e0">
         <name>.text.SYSCFG_DL_init</name>
         <load_address>0x8498</load_address>
         <readonly>true</readonly>
         <executable>true</executable>
         <run_address>0x8498</run_address>
         <size>0x74</size>
         <alignment>0x4</alignment>
         <input_file_ref idref="fl-1"/>
      </object_component>
      <object_component id="oc-415">
         <name>.text.VL53L1_preset_mode_singleshot_ranging</name>
         <load_address>0x850c</load_address>
         <readonly>true</readonly>
         <executable>true</executable>
         <run_address>0x850c</run_address>
         <size>0x74</size>
         <alignment>0x2</alignment>
         <input_file_ref idref="fl-11"/>
      </object_component>
      <object_component id="oc-379">
         <name>.text.__gedf2</name>
         <load_address>0x8580</load_address>
         <readonly>true</readonly>
         <executable>true</executable>
         <run_address>0x8580</run_address>
         <size>0x74</size>
         <alignment>0x4</alignment>
         <input_file_ref idref="fl-140"/>
      </object_component>
      <object_component id="oc-18f">
         <name>.text.Bat_Read</name>
         <load_address>0x85f4</load_address>
         <readonly>true</readonly>
         <executable>true</executable>
         <run_address>0x85f4</run_address>
         <size>0xc</size>
         <alignment>0x4</alignment>
         <input_file_ref idref="fl-1c"/>
      </object_component>
      <object_component id="oc-cc">
         <name>.text.__truncdfsf2</name>
         <load_address>0x8600</load_address>
         <readonly>true</readonly>
         <executable>true</executable>
         <run_address>0x8600</run_address>
         <size>0x74</size>
         <alignment>0x10</alignment>
         <input_file_ref idref="fl-135"/>
      </object_component>
      <object_component id="oc-176">
         <name>.text.SYSCFG_DL_BAT_ADC_init</name>
         <load_address>0x8674</load_address>
         <readonly>true</readonly>
         <executable>true</executable>
         <run_address>0x8674</run_address>
         <size>0x70</size>
         <alignment>0x4</alignment>
         <input_file_ref idref="fl-1"/>
      </object_component>
      <object_component id="oc-16b">
         <name>.text.SYSCFG_DL_SYSCTL_init</name>
         <load_address>0x86e4</load_address>
         <readonly>true</readonly>
         <executable>true</executable>
         <run_address>0x86e4</run_address>
         <size>0x70</size>
         <alignment>0x4</alignment>
         <input_file_ref idref="fl-1"/>
      </object_component>
      <object_component id="oc-4ad">
         <name>.text.HOSTlseek</name>
         <load_address>0x8754</load_address>
         <readonly>true</readonly>
         <executable>true</executable>
         <run_address>0x8754</run_address>
         <size>0x6c</size>
         <alignment>0x4</alignment>
         <input_file_ref idref="fl-11e"/>
      </object_component>
      <object_component id="oc-4b5">
         <name>.text.HOSTrename</name>
         <load_address>0x87c0</load_address>
         <readonly>true</readonly>
         <executable>true</executable>
         <run_address>0x87c0</run_address>
         <size>0x6c</size>
         <alignment>0x4</alignment>
         <input_file_ref idref="fl-121"/>
      </object_component>
      <object_component id="oc-3b7">
[...]
         <name>_c_int00_noargs</name>
         <value>0xb0d1</value>
         <object_component_ref idref="oc-5b"/>
      </symbol>
      <symbol id="sm-795">
         <name>__stack</name>
         <value>0x20207e00</value>
         <object_component_ref idref="oc-1a"/>
      </symbol>
      <symbol id="sm-7a4">
         <name>__TI_auto_init_nobinit_nopinit</name>
         <value>0xa665</value>
         <object_component_ref idref="oc-119"/>
      </symbol>
      <symbol id="sm-7ac">
         <name>_system_pre_init</name>
         <value>0xbeb1</value>
         <object_component_ref idref="oc-8c"/>
      </symbol>
      <symbol id="sm-7b7">
         <name>__TI_zero_init</name>
         <value>0xbced</value>
         <object_component_ref idref="oc-58"/>
      </symbol>
      <symbol id="sm-7c0">
         <name>__TI_decompress_none</name>
         <value>0xbc59</value>
         <object_component_ref idref="oc-20"/>
      </symbol>
      <symbol id="sm-7cb">
         <name>__TI_decompress_lzss</name>
         <value>0x83a5</value>
         <object_component_ref idref="oc-1c"/>
      </symbol>
      <symbol id="sm-7d5">
         <name>frexp</name>
         <value>0x8ef5</value>
         <object_component_ref idref="oc-430"/>
      </symbol>
      <symbol id="sm-7d6">
         <name>frexpl</name>
         <value>0x8ef5</value>
         <object_component_ref idref="oc-430"/>
      </symbol>
      <symbol id="sm-7e0">
         <name>scalbn</name>
         <value>0x69c1</value>
         <object_component_ref idref="oc-434"/>
      </symbol>
      <symbol id="sm-7e1">
         <name>ldexp</name>
         <value>0x69c1</value>
         <object_component_ref idref="oc-434"/>
      </symbol>
      <symbol id="sm-7e2">
         <name>scalbnl</name>
         <value>0x69c1</value>
         <object_component_ref idref="oc-434"/>
      </symbol>
      <symbol id="sm-7e3">
         <name>ldexpl</name>
         <value>0x69c1</value>
         <object_component_ref idref="oc-434"/>
      </symbol>
      <symbol id="sm-7ec">
         <name>wcslen</name>
         <value>0xbcdd</value>
         <object_component_ref idref="oc-3dc"/>
      </symbol>
      <symbol id="sm-7f7">
         <name>__TI_doflush</name>
         <value>0x9891</value>
         <object_component_ref idref="oc-3f9"/>
      </symbol>
      <symbol id="sm-802">
         <name>__TI_cleanup</name>
         <value>0xa941</value>
         <object_component_ref idref="oc-479"/>
      </symbol>
      <symbol id="sm-80f">
         <name>fseek</name>
         <value>0xbe5d</value>
         <object_component_ref idref="oc-444"/>
      </symbol>
      <symbol id="sm-810">
         <name>fseeko</name>
         <value>0x8899</value>
         <object_component_ref idref="oc-46f"/>
      </symbol>
      <symbol id="sm-811">
         <name>__aeabi_ctype_table_</name>
         <value>0xd8b0</value>
         <object_component_ref idref="oc-423"/>
      </symbol>
      <symbol id="sm-812">
         <name>__aeabi_ctype_table_C</name>
         <value>0xd8b0</value>
         <object_component_ref idref="oc-423"/>
      </symbol>
      <symbol id="sm-81e">
         <name>__TI_closefile</name>
         <value>0x8329</value>
         <object_component_ref idref="oc-494"/>
      </symbol>
      <symbol id="sm-826">
         <name>HOSTexit</name>
         <value>0xbe95</value>
         <object_component_ref idref="oc-1cc"/>
      </symbol>
      <symbol id="sm-827">
         <name>C$$EXIT</name>
         <value>0xbe94</value>
         <object_component_ref idref="oc-1cc"/>
      </symbol>
      <symbol id="sm-831">
         <name>write</name>
         <value>0xb0a9</value>
         <object_component_ref idref="oc-3f5"/>
      </symbol>
      <symbol id="sm-836">
         <name>_device</name>
         <value>0x20203cf0</value>
         <object_component_ref idref="oc-482"/>
      </symbol>
      <symbol id="sm-837">
         <name>_stream</name>
         <value>0x20203d68</value>
         <object_component_ref idref="oc-450"/>
      </symbol>
      <symbol id="sm-840">
         <name>remove</name>
         <value>0xbe65</value>
         <object_component_ref idref="oc-4c5"/>
      </symbol>
      <symbol id="sm-84b">
         <name>lseek</name>
         <value>0xb081</value>
         <object_component_ref idref="oc-489"/>
      </symbol>
      <symbol id="sm-855">
         <name>close</name>
         <value>0x9bb5</value>
         <object_component_ref idref="oc-4c1"/>
      </symbol>
      <symbol id="sm-85f">
         <name>unlink</name>
         <value>0xae71</value>
         <object_component_ref idref="oc-4ed"/>
      </symbol>
      <symbol id="sm-869">
         <name>HOSTclose</name>
         <value>0x9f49</value>
         <object_component_ref idref="oc-4a1"/>
      </symbol>
      <symbol id="sm-873">
         <name>HOSTlseek</name>
         <value>0x8755</value>
         <object_component_ref idref="oc-4ad"/>
      </symbol>
      <symbol id="sm-87d">
         <name>HOSTopen</name>
         <value>0x8e35</value>
         <object_component_ref idref="oc-49d"/>
      </symbol>
      <symbol id="sm-87e">
         <name>parmbuf</name>
         <value>0x202033d4</value>
         <object_component_ref idref="oc-4d3"/>
      </symbol>
      <symbol id="sm-888">
         <name>HOSTread</name>
         <value>0x91cd</value>
         <object_component_ref idref="oc-4a5"/>
      </symbol>
      <symbol id="sm-899">
         <name>HOSTrename</name>
         <value>0x87c1</value>
         <object_component_ref idref="oc-4b5"/>
      </symbol>
      <symbol id="sm-8a3">
         <name>HOSTunlink</name>
         <value>0x9f91</value>
         <object_component_ref idref="oc-4b1"/>
      </symbol>
      <symbol id="sm-8ad">
         <name>HOSTwrite</name>
         <value>0x9225</value>
         <object_component_ref idref="oc-4a9"/>
      </symbol>
      <symbol id="sm-8bb">
         <name>C$$IO$$</name>
         <value>0xa9d5</value>
         <object_component_ref idref="oc-4cc"/>
      </symbol>
      <symbol id="sm-8bc">
         <name>__TI_writemsg</name>
         <value>0xa9a9</value>
         <object_component_ref idref="oc-4cc"/>
      </symbol>
      <symbol id="sm-8bd">
         <name>__CIOBUF_</name>
         <value>0x20202f30</value>
         <object_component_ref idref="oc-4f4"/>
      </symbol>
      <symbol id="sm-8be">
         <name>__TI_readmsg</name>
         <value>0xa975</value>
         <object_component_ref idref="oc-4d2"/>
      </symbol>
      <symbol id="sm-8bf">
         <name>_CIOBUF_</name>
         <value>0x20202f30</value>
         <object_component_ref idref="oc-4f4"/>
      </symbol>
      <symbol id="sm-8c5">
         <name>__aeabi_fadd</name>
         <value>0x6aa3</value>
         <object_component_ref idref="oc-146"/>
      </symbol>
      <symbol id="sm-8c6">
         <name>__addsf3</name>
         <value>0x6aa3</value>
         <object_component_ref idref="oc-146"/>
      </symbol>
      <symbol id="sm-8c7">
         <name>__aeabi_fsub</name>
         <value>0x6a99</value>
         <object_component_ref idref="oc-146"/>
      </symbol>
      <symbol id="sm-8c8">
         <name>__subsf3</name>
         <value>0x6a99</value>
         <object_component_ref idref="oc-146"/>
      </symbol>
      <symbol id="sm-8ce">
         <name>__aeabi_dadd</name>
         <value>0x3a0f</value>
         <object_component_ref idref="oc-1ff"/>
      </symbol>
      <symbol id="sm-8cf">
         <name>__adddf3</name>
         <value>0x3a0f</value>
         <object_component_ref idref="oc-1ff"/>
      </symbol>
      <symbol id="sm-8d0">
         <name>__aeabi_dsub</name>
         <value>0x3a05</value>
         <object_component_ref idref="oc-1ff"/>
      </symbol>
      <symbol id="sm-8d1">
         <name>__subdf3</name>
         <value>0x3a05</value>
         <object_component_ref idref="oc-1ff"/>
      </symbol>
      <symbol id="sm-8dd">
         <name>__aeabi_dmul</name>
         <value>0x63a1</value>
         <object_component_ref idref="oc-c8"/>
      </symbol>
      <symbol id="sm-8de">
         <name>__muldf3</name>
         <value>0x63a1</value>
         <object_component_ref idref="oc-c8"/>
      </symbol>
      <symbol id="sm-8e7">
         <name>__muldsi3</name>
         <value>0xa78d</value>
         <object_component_ref idref="oc-150"/>
      </symbol>
      <symbol id="sm-8ed">
         <name>__aeabi_fmul</name>
         <value>0x7c05</value>
         <object_component_ref idref="oc-b2"/>
      </symbol>
      <symbol id="sm-8ee">
         <name>__mulsf3</name>
         <value>0x7c05</value>
         <object_component_ref idref="oc-b2"/>
      </symbol>
      <symbol id="sm-8f4">
         <name>__aeabi_fdiv</name>
         <value>0x7f3d</value>
         <object_component_ref idref="oc-b6"/>
      </symbol>
      <symbol id="sm-8f5">
         <name>__divsf3</name>
         <value>0x7f3d</value>
         <object_component_ref idref="oc-b6"/>
      </symbol>
      <symbol id="sm-8fb">
         <name>__aeabi_ddiv</name>
         <value>0x5509</value>
         <object_component_ref idref="oc-1a4"/>
      </symbol>
      <symbol id="sm-8fc">
         <name>__divdf3</name>
         <value>0x5509</value>
         <object_component_ref idref="oc-1a4"/>
      </symbol>
      <symbol id="sm-905">
         <name>__aeabi_f2d</name>
         <value>0xa439</value>
         <object_component_ref idref="oc-c4"/>
      </symbol>
      <symbol id="sm-906">
         <name>__extendsfdf2</name>
         <value>0xa439</value>
         <object_component_ref idref="oc-c4"/>
      </symbol>
      <symbol id="sm-90c">
         <name>__aeabi_d2iz</name>
         <value>0x9eb5</value>
         <object_component_ref idref="oc-2ab"/>
      </symbol>
      <symbol id="sm-90d">
         <name>__fixdfsi</name>
         <value>0x9eb5</value>
         <object_component_ref idref="oc-2ab"/>
      </symbol>
      <symbol id="sm-913">
         <name>__aeabi_f2iz</name>
         <value>0xa801</value>
         <object_component_ref idref="oc-2af"/>
      </symbol>
      <symbol id="sm-914">
         <name>__fixsfsi</name>
         <value>0xa801</value>
         <object_component_ref idref="oc-2af"/>
      </symbol>
      <symbol id="sm-91a">
         <name>__aeabi_i2d</name>
         <value>0xae45</value>
         <object_component_ref idref="oc-1a0"/>
      </symbol>
      <symbol id="sm-91b">
         <name>__floatsidf</name>
         <value>0xae45</value>
         <object_component_ref idref="oc-1a0"/>
      </symbol>
      <symbol id="sm-921">
         <name>__aeabi_i2f</name>
         <value>0xa5ed</value>
         <object_component_ref idref="oc-1f7"/>
      </symbol>
      <symbol id="sm-922">
         <name>__floatsisf</name>
         <value>0xa5ed</value>
         <object_component_ref idref="oc-1f7"/>
      </symbol>
      <symbol id="sm-928">
         <name>__aeabi_ui2d</name>
         <value>0xb1d9</value>
         <object_component_ref idref="oc-30d"/>
      </symbol>
      <symbol id="sm-929">
         <name>__floatunsidf</name>
         <value>0xb1d9</value>
         <object_component_ref idref="oc-30d"/>
      </symbol>
      <symbol id="sm-92f">
         <name>__aeabi_ui2f</name>
         <value>0xb031</value>
         <object_component_ref idref="oc-c0"/>
      </symbol>
      <symbol id="sm-930">
         <name>__floatunsisf</name>
         <value>0xb031</value>
         <object_component_ref idref="oc-c0"/>
      </symbol>
      <symbol id="sm-936">
         <name>__aeabi_lmul</name>
         <value>0xb1fd</value>
         <object_component_ref idref="oc-3e0"/>
      </symbol>
      <symbol id="sm-937">
         <name>__muldi3</name>
         <value>0xb1fd</value>
         <object_component_ref idref="oc-3e0"/>
      </symbol>
      <symbol id="sm-93e">
         <name>__aeabi_d2f</name>
         <value>0x8601</value>
         <object_component_ref idref="oc-cc"/>
      </symbol>
      <symbol id="sm-93f">
         <name>__truncdfsf2</name>
         <value>0x8601</value>
         <object_component_ref idref="oc-cc"/>
      </symbol>
      <symbol id="sm-945">
         <name>__aeabi_dcmpeq</name>
         <value>0x8d6d</value>
         <object_component_ref idref="oc-311"/>
      </symbol>
      <symbol id="sm-946">
         <name>__aeabi_dcmplt</name>
         <value>0x8d81</value>
         <object_component_ref idref="oc-311"/>
      </symbol>
      <symbol id="sm-947">
         <name>__aeabi_dcmple</name>
         <value>0x8d95</value>
         <object_component_ref idref="oc-311"/>
      </symbol>
      <symbol id="sm-948">
         <name>__aeabi_dcmpge</name>
         <value>0x8da9</value>
         <object_component_ref idref="oc-311"/>
      </symbol>
      <symbol id="sm-949">
         <name>__aeabi_dcmpgt</name>
         <value>0x8dbd</value>
         <object_component_ref idref="oc-311"/>
      </symbol>
      <symbol id="sm-94f">
         <name>__aeabi_fcmpeq</name>
         <value>0x8dd1</value>
         <object_component_ref idref="oc-142"/>
      </symbol>
      <symbol id="sm-950">
         <name>__aeabi_fcmplt</name>
         <value>0x8de5</value>
         <object_component_ref idref="oc-142"/>
      </symbol>
      <symbol id="sm-951">
         <name>__aeabi_fcmple</name>
         <value>0x8df9</value>
         <object_component_ref idref="oc-142"/>
      </symbol>
      <symbol id="sm-952">
         <name>__aeabi_fcmpge</name>
         <value>0x8e0d</value>
         <object_component_ref idref="oc-142"/>
      </symbol>
      <symbol id="sm-953">
         <name>__aeabi_fcmpgt</name>
         <value>0x8e21</value>
         <object_component_ref idref="oc-142"/>
      </symbol>
      <symbol id="sm-959">
         <name>__aeabi_idiv</name>
         <value>0x96ed</value>
         <object_component_ref idref="oc-45a"/>
      </symbol>
      <symbol id="sm-95a">
         <name>__aeabi_idivmod</name>
         <value>0x96ed</value>
         <object_component_ref idref="oc-45a"/>
      </symbol>
      <symbol id="sm-960">
         <name>__aeabi_memcpy</name>
         <value>0xbe3d</value>
         <object_component_ref idref="oc-4b"/>
      </symbol>
      <symbol id="sm-961">
         <name>__aeabi_memcpy4</name>
         <value>0xbe3d</value>
         <object_component_ref idref="oc-4b"/>
      </symbol>
      <symbol id="sm-962">
         <name>__aeabi_memcpy8</name>
         <value>0xbe3d</value>
         <object_component_ref idref="oc-4b"/>
      </symbol>
      <symbol id="sm-96b">
         <name>__aeabi_memset</name>
         <value>0xbd0d</value>
         <object_component_ref idref="oc-3d0"/>
      </symbol>
      <symbol id="sm-96c">
         <name>__aeabi_memset4</name>
         <value>0xbd0d</value>
         <object_component_ref idref="oc-3d0"/>
      </symbol>
      <symbol id="sm-96d">
         <name>__aeabi_memset8</name>
         <value>0xbd0d</value>
         <object_component_ref idref="oc-3d0"/>
      </symbol>
      <symbol id="sm-96e">
         <name>__aeabi_memclr</name>
         <value>0xbd85</value>
         <object_component_ref idref="oc-87"/>
      </symbol>
      <symbol id="sm-96f">
         <name>__aeabi_memclr4</name>
         <value>0xbd85</value>
         <object_component_ref idref="oc-87"/>
      </symbol>
      <symbol id="sm-970">
         <name>__aeabi_memclr8</name>
         <value>0xbd85</value>
         <object_component_ref idref="oc-87"/>
      </symbol>
      <symbol id="sm-976">
         <name>__aeabi_uidiv</name>
         <value>0xa3f9</value>
         <object_component_ref idref="oc-2dd"/>
      </symbol>
      <symbol id="sm-977">
         <name>__aeabi_uidivmod</name>
         <value>0xa3f9</value>
         <object_component_ref idref="oc-2dd"/>
      </symbol>
      <symbol id="sm-97d">
         <name>__aeabi_uldivmod</name>
         <value>0xbbe9</value>
         <object_component_ref idref="oc-3e5"/>
      </symbol>
      <symbol id="sm-986">
         <name>__eqsf2</name>
         <value>0xa751</value>
         <object_component_ref idref="oc-208"/>
      </symbol>
      <symbol id="sm-987">
         <name>__lesf2</name>
         <value>0xa751</value>
         <object_component_ref idref="oc-208"/>
      </symbol>
      <symbol id="sm-988">
         <name>__ltsf2</name>
         <value>0xa751</value>
         <object_component_ref idref="oc-208"/>
      </symbol>
      <symbol id="sm-989">
         <name>__nesf2</name>
         <value>0xa751</value>
         <object_component_ref idref="oc-208"/>
      </symbol>
      <symbol id="sm-98a">
         <name>__cmpsf2</name>
         <value>0xa751</value>
         <object_component_ref idref="oc-208"/>
      </symbol>
      <symbol id="sm-98b">
         <name>__gtsf2</name>
         <value>0xa629</value>
         <object_component_ref idref="oc-20d"/>
      </symbol>
      <symbol id="sm-98c">
         <name>__gesf2</name>
         <value>0xa629</value>
         <object_component_ref idref="oc-20d"/>
      </symbol>
      <symbol id="sm-992">
         <name>__udivmoddi4</name>
         <value>0x7595</value>
         <object_component_ref idref="oc-42b"/>
      </symbol>
      <symbol id="sm-998">
         <name>__aeabi_llsl</name>
         <value>0xb3a5</value>
         <object_component_ref idref="oc-461"/>
      </symbol>
      <symbol id="sm-999">
         <name>__ashldi3</name>
         <value>0xb3a5</value>
         <object_component_ref idref="oc-461"/>
      </symbol>
      <symbol id="sm-9a7">
         <name>__ledf2</name>
         <value>0x8a41</value>
         <object_component_ref idref="oc-373"/>
      </symbol>
      <symbol id="sm-9a8">
         <name>__gedf2</name>
         <value>0x8581</value>
         <object_component_ref idref="oc-379"/>
      </symbol>
      <symbol id="sm-9a9">
         <name>__cmpdf2</name>
         <value>0x8a41</value>
         <object_component_ref idref="oc-373"/>
      </symbol>
      <symbol id="sm-9aa">
         <name>__eqdf2</name>
         <value>0x8a41</value>
         <object_component_ref idref="oc-373"/>
      </symbol>
      <symbol id="sm-9ab">
         <name>__ltdf2</name>
         <value>0x8a41</value>
         <object_component_ref idref="oc-373"/>
      </symbol>
      <symbol id="sm-9ac">
         <name>__nedf2</name>
         <value>0x8a41</value>
         <object_component_ref idref="oc-373"/>
      </symbol>
      <symbol id="sm-9ad">
         <name>__gtdf2</name>
         <value>0x8581</value>
         <object_component_ref idref="oc-379"/>
      </symbol>
      <symbol id="sm-9b9">
         <name>__aeabi_idiv0</name>
         <value>0x2227</value>
         <object_component_ref idref="oc-368"/>
      </symbol>
      <symbol id="sm-9ba">
         <name>__aeabi_ldiv0</name>
         <value>0x3b97</value>
         <object_component_ref idref="oc-460"/>
      </symbol>
      <symbol id="sm-9c8">
         <name>finddevice</name>
         <value>0xaa11</value>
         <object_component_ref idref="oc-500"/>
      </symbol>
      <symbol id="sm-9c9">
         <name>getdevice</name>
         <value>0x8905</value>
         <object_component_ref idref="oc-4f7"/>
      </symbol>
      <symbol id="sm-9d2">
         <name>TI_memcpy_small</name>
         <value>0xbc47</value>
         <object_component_ref idref="oc-d6"/>
      </symbol>
      <symbol id="sm-9db">
         <name>TI_memset_small</name>
         <value>0xbd45</value>
         <object_component_ref idref="oc-163"/>
      </symbol>
      <symbol id="sm-9e3">
         <name>strcmp</name>
         <value>0x7e31</value>
         <object_component_ref idref="oc-503"/>
      </symbol>
      <symbol id="sm-9e4">
         <name>__TI_static_base__</name>
         <value>0x0</value>
      </symbol>
      <symbol id="sm-9e8">
         <name>__mpu_init</name>
         <value>0x0</value>
      </symbol>
      <symbol id="sm-9e9">
         <name>_system_post_cinit</name>
         <value>0x0</value>
      </symbol>
   </symbol_table>
   <title>Link successful</title>
</link_info>
