******************************************************************************
            TI ARM Clang Linker PC v4.0.4                      
******************************************************************************
>> Linked Thu May 28 12:21:44 2026

OUTPUT FILE NAME:   <MSP_Car.out>
ENTRY POINT SYMBOL: "_c_int00_noargs"  address: 0000a4bd


MEMORY CONFIGURATION

         name            origin    length      used     unused   attr    fill
----------------------  --------  ---------  --------  --------  ----  --------
  FLASH                 00000000   00020000  0000d110  00012ef0  R  X
  SRAM                  20200000   00008000  000027c6  0000583a  RW X
  BCR_CONFIG            41c00000   000000ff  00000000  000000ff  R   
  BSL_CONFIG            41c00100   00000080  00000000  00000080  R   


SEGMENT ALLOCATION MAP

run origin  load origin   length   init length attrs members
----------  ----------- ---------- ----------- ----- -------
00000000    00000000    0000d110   0000d110    r-x
  00000000    00000000    000000c0   000000c0    r-- .intvecs
  000000c0    000000c0    0000b230   0000b230    r-x .text
  0000b2f0    0000b2f0    00001d50   00001d50    r-- .rodata
  0000d040    0000d040    000000d0   000000d0    r-- .cinit
20200000    20200000    000025cb   00000000    rw-
  20200000    20200000    00001b23   00000000    rw- .bss
  20201b28    20201b28    00000800   00000000    rw- .sysmem
  20202328    20202328    000002a3   00000000    rw- .data
20207e00    20207e00    00000200   00000000    rw-
  20207e00    20207e00    00000200   00000000    rw- .stack


SECTION ALLOCATION MAP

 output                                  attributes/
section   page    origin      length       input sections
--------  ----  ----------  ----------   ----------------
.intvecs   0    00000000    000000c0     
                  00000000    000000c0     startup_mspm0g350x_ticlang.o (.intvecs)

.text      0    000000c0    0000b230     
                  000000c0    000009d0     libc.a : _printfi.c.obj (.text:__TI_printfi)
                  00000a90    00000404     vl53l1_api_core.o (.text.VL53L1_get_tuning_parm)
                  00000e94    000003f4     multi_button.o (.text.button_handler)
                  00001288    000003d8     vl53l1_api_core.o (.text.VL53L1_init_and_start_range)
                  00001660    000002f6     vl53l1_api_core.o (.text.VL53L1_set_preset_mode)
                  00001956    00000002     libclang_rt.builtins.a : aeabi_div0.c.obj (.text.__aeabi_idiv0)
                  00001958    000002f0     Encoder.o (.text.Encoder_Callback)
                  00001c48    000002e8     ti_msp_dl_config.o (.text.SYSCFG_DL_GPIO_init)
                  00001f30    00000220     libc.a : _printfi.c.obj (.text._pconv_a)
                  00002150    000001fc     vl53l1_register_funcs.o (.text.VL53L1_i2c_decode_nvm_copy_data)
                  0000234c    000001f0     vl53l1_api.o (.text.VL53L1_SetMeasurementTimingBudgetMicroSeconds)
                  0000253c    000001e4     vl53l1_api_preset_modes.o (.text.VL53L1_preset_mode_standard_ranging)
                  00002720    000001dc     libc.a : _printfi.c.obj (.text._pconv_g)
                  000028fc    000001d0     OLED.o (.text.OLED_ShowChar)
                  00002acc    000001cc     IOI2C.o (.text.IICreadBytes)
                  00002c98    00000192     libclang_rt.builtins.a : adddf3.S.obj (.text.adddf3_subdf3)
                  00002e2a    00000002                            : aeabi_div0.c.obj (.text.__aeabi_ldiv0)
                  00002e2c    00000178     vl53l1_api.o (.text.VL53L1_GetMeasurementTimingBudgetMicroSeconds)
                  00002fa4    00000174     IOI2C.o (.text.IIC_ReadOneByte)
                  00003118    00000164     vl53l1_api.o (.text.VL53L1_SetDistanceMode)
                  0000327c    00000162     vl53l1_register_funcs.o (.text.VL53L1_i2c_encode_static_config)
                  000033de    00000002     libc.a : _lock.c.obj (.text._nop)
                  000033e0    00000160     vl53l1x.o (.text.VL53InitParam)
                  00003540    0000015c     vl53l1_api_core.o (.text.VL53L1_get_preset_mode_timing_cfg)
                  0000369c    00000158     icm42688.o (.text.bsp_Icm42688RegCfg)
                  000037f4    00000144     PID.o (.text.PID_Compute)
                  00003938    0000013c     libc.a : _printfi.c.obj (.text.fcvt)
                  00003a74    00000138     icm42688.o (.text.ICM42688_FIFO_Get_RealData)
                  00003bac    00000134     vl53l1_api_core.o (.text.VL53L1_data_init)
                  00003ce0    00000130     IOI2C.o (.text.IICwriteBytes)
                  00003e10    0000012a     vl53l1_core.o (.text.VL53L1_copy_rtn_good_spads_to_buffer)
                  00003f3a    00000002     --HOLE-- [fill = 0]
                  00003f3c    00000124     vl53l1_api_core.o (.text.VL53L1_read_p2p_data)
                  00004060    00000120     libc.a : _printfi.c.obj (.text._pconv_e)
                  00004180    00000118     vl53l1x.o (.text.VL53L1Init)
                  00004298    00000114     OLED.o (.text.OLED_Init)
                  000043ac    00000114     libc.a : memory.c.obj (.text.aligned_alloc)
                  000044c0    0000010e     vl53l1_core.o (.text.VL53L1_update_ll_driver_rd_state)
                  000045ce    00000002     --HOLE-- [fill = 0]
                  000045d0    0000010c     libclang_rt.builtins.a : divdf3.S.obj (.text.__divdf3)
                  000046dc    00000108     ti_msp_dl_config.o (.text.SYSCFG_DL_initPower)
                  000047e4    00000108     tb6612.o (.text.__SetMotor)
                  000048ec    00000104     driverlib.a : dl_timer.o (.text.DL_Timer_initFourCCPWMMode)
                  000049f0    00000104     vl53l1_register_funcs.o (.text.VL53L1_i2c_decode_customer_nvm_managed)
                  00004af4    000000fc     driverlib.a : dl_timer.o (.text.DL_Timer_initTimerMode)
                  00004bf0    000000fc     Interrupt.o (.text.GROUP1_IRQHandler)
                  00004cec    000000fc     vl53l1_register_funcs.o (.text.VL53L1_i2c_encode_customer_nvm_managed)
                  00004de8    000000f8     libc.a : fputs.c.obj (.text.fputs)
                  00004ee0    000000f4     vl53l1_platform.o (.text.VL53L1_WaitValueMaskEx)
                  00004fd4    000000f0     vl53l1_api.o (.text.VL53L1_StartMeasurement)
                  000050c4    000000f0     vl53l1_register_funcs.o (.text.VL53L1_i2c_encode_general_config)
                  000051b4    000000f0     vl53l1_api_preset_modes.o (.text.VL53L1_init_tuning_parm_storage_struct)
                  000052a4    000000ec     ti_msp_dl_config.o (.text.SYSCFG_DL_SYSCTL_SYSPLL_init)
                  00005390    000000e8     libc.a : memory.c.obj (.text.free)
                  00005478    000000e4     libclang_rt.builtins.a : muldf3.S.obj (.text.__muldf3)
                  0000555c    000000e2     vl53l1_core.o (.text.VL53L1_calc_timeout_register_values)
                  0000563e    000000e2     vl53l1_register_funcs.o (.text.VL53L1_i2c_encode_dynamic_config)
                  00005720    000000e0     libc.a : setvbuf.c.obj (.text.setvbuf)
                  00005800    000000de     vl53l1_api_core.o (.text.VL53L1_get_timeouts_us)
                  000058de    00000002     --HOLE-- [fill = 0]
                  000058e0    000000dc     driverlib.a : dl_sysctl_mspm0g1x0x_g3x0x.o (.text.DL_SYSCTL_configSYSPLL)
                  000059bc    000000dc     vl53l1_register_funcs.o (.text.VL53L1_i2c_encode_timing_config)
                  00005a98    000000d8     libc.a : s_scalbn.c.obj (.text.scalbn)
                  00005b70    000000d8     libclang_rt.builtins.a : addsf3.S.obj (.text)
                  00005c48    000000d6     vl53l1_api.o (.text.SetPresetMode)
                  00005d1e    000000cc     vl53l1_api.o (.text.VL53L1_DataInit)
                  00005dea    00000002     --HOLE-- [fill = 0]
                  00005dec    000000cc     vl53l1_core.o (.text.VL53L1_calc_range_ignore_threshold)
                  00005eb8    000000c4     vl53l1_api.o (.text.ComputeDevicePresetMode)
                  00005f7c    000000c0     vl53l1_api.o (.text.VL53L1_SetPresetMode)
                  0000603c    000000be     vl53l1_core.o (.text.VL53L1_update_ll_driver_cfg_state)
                  000060fa    000000ba     vl53l1_api_preset_modes.o (.text.VL53L1_init_xtalk_config_struct)
                  000061b4    000000b4     ti_msp_dl_config.o (.text.SYSCFG_DL_PWM_SERVO_init)
                  00006268    000000b0     icm42688.o (.text.ICM42688_UnBlocking_CallBack)
                  00006318    000000b0     Usart.o (.text.Write)
                  000063c8    000000ac     vl53l1x_Test.o (.text.VL53L1X_Test1)
                  00006474    000000a8     icm42688.o (.text.bsp_Icm42688GetGres)
                  0000651c    000000a4     Motor.o (.text.Motor_Callback)
                  000065c0    000000a2     libclang_rt.builtins.a : udivmoddi4.S.obj (.text)
                  00006662    000000a0     vl53l1_register_funcs.o (.text.VL53L1_i2c_decode_static_nvm_managed)
                  00006702    0000009e     vl53l1_register_funcs.o (.text.VL53L1_i2c_encode_static_nvm_managed)
                  000067a0    0000009c     libc.a : fputc.c.obj (.text.fputc)
                  0000683c    0000009a     OLED.o (.text.OLED_ShowString)
                  000068d6    00000002     --HOLE-- [fill = 0]
                  000068d8    00000094     Encoder.o (.text.Encoder_AngleSpeed_Get)
                  0000696c    00000090     OLED.o (.text.OLED_DrawPoint)
                  000069fc    00000090     OLED.o (.text.OLED_WR_Byte)
                  00006a8c    0000008e     vl53l1_api.o (.text.VL53L1_SetLimitCheckValue)
                  00006b1a    00000002     --HOLE-- [fill = 0]
                  00006b1c    0000008c     Encoder.o (.text.Encoder_10ms_Callback)
                  00006ba8    0000008c     spi.o (.text.SPI_CS)
                  00006c34    0000008c     ti_msp_dl_config.o (.text.SYSCFG_DL_PWM_Motor_init)
                  00006cc0    0000008c     libclang_rt.builtins.a : mulsf3.S.obj (.text.__mulsf3)
                  00006d4c    0000008a     vl53l1_api.o (.text.VL53L1_SetLimitCheckEnable)
                  00006dd6    0000008a     vl53l1_api_preset_modes.o (.text.VL53L1_preset_mode_standard_ranging_long_range)
                  00006e60    0000008a     vl53l1_api_preset_modes.o (.text.VL53L1_preset_mode_standard_ranging_short_range)
                  00006eea    00000002     --HOLE-- [fill = 0]
                  00006eec    00000088     Encoder_Test.o (.text.Encoder_Test2)
                  00006f74    0000000c     Bat.o (.text.Bat_Read)
                  00006f80    00000088     libc.a : strcmp-armv6m.S.obj (.text:strcmp)
                  00007008    00000084     Encoder.o (.text.Encoder_Speed_Get)
                  0000708c    00000084     ti_msp_dl_config.o (.text.__NVIC_SetPriority)
                  00007110    00000082     libclang_rt.builtins.a : divsf3.S.obj (.text.__divsf3)
                  00007192    00000002     --HOLE-- [fill = 0]
                  00007194    00000080     ti_msp_dl_config.o (.text.SYSCFG_DL_init)
                  00007214    0000007e     vl53l1_api_preset_modes.o (.text.VL53L1_preset_mode_timed_ranging_short_range)
                  00007292    0000007e     vl53l1x.o (.text.getDistance_Simply)
                  00007310    0000007c     Bat.o (.text.Bat_Callback)
                  0000738c    0000007c     OLED.o (.text.OLED_Refresh)
                  00007408    0000007c     vl53l1_api_preset_modes.o (.text.VL53L1_preset_mode_timed_ranging)
                  00007484    0000007c     vl53l1_api_preset_modes.o (.text.VL53L1_preset_mode_timed_ranging_long_range)
                  00007500    0000007c     vl53l1_api_core.o (.text.VL53L1_set_timeouts_us)
                  0000757c    0000007c     libc.a : fclose.c.obj (.text.__TI_closefile)
                  000075f8    0000007c            : copy_decompress_lzss.c.obj (.text:decompress:lzss)
                  00007674    00000076     vl53l1_api_core.o (.text.VL53L1_get_sequence_config_bit)
                  000076ea    00000074     vl53l1_api_preset_modes.o (.text.VL53L1_preset_mode_singleshot_ranging)
                  0000775e    00000002     --HOLE-- [fill = 0]
                  00007760    00000074     libclang_rt.builtins.a : comparedf2.c.obj (.text.__gedf2)
                  000077d4    0000000c     ti_msp_dl_config.o (.text.DL_SYSCTL_getClockStatus)
                  000077e0    00000074     libclang_rt.builtins.a : truncdfsf2.S.obj (.text.__truncdfsf2)
                  00007854    00000070     ti_msp_dl_config.o (.text.SYSCFG_DL_BAT_ADC_init)
                  000078c4    00000070     ti_msp_dl_config.o (.text.SYSCFG_DL_SYSCTL_init)
                  00007934    0000006c     libsysbm.a : hostlseek.c.obj (.text.HOSTlseek)
                  000079a0    0000006c                : hostrename.c.obj (.text.HOSTrename)
                  00007a0c    0000006c     vl53l1_core.o (.text.VL53L1_low_power_auto_data_init)
                  00007a78    0000006c     libc.a : fseek.c.obj (.text.fseeko)
                  00007ae4    0000006c            : getdevice.c.obj (.text.getdevice)
                  00007b50    0000006c     main.o (.text.main)
                  00007bbc    00000068     ti_msp_dl_config.o (.text.SYSCFG_DL_PWM_BUZZER_init)
                  00007c24    00000068     vl53l1_api_core.o (.text.VL53L1_get_mode_mitigation_roi)
                  00007c8c    00000068     libclang_rt.builtins.a : comparedf2.c.obj (.text.__ledf2)
                  00007cf4    00000068     icm42688.o (.text.bsp_Icm42688GetAres)
                  00007d5c    00000066     vl53l1_register_funcs.o (.text.VL53L1_i2c_encode_system_control)
                  00007dc2    00000066     libc.a : _printfi.c.obj (.text._mcpy)
                  00007e28    00000064     Delay.o (.text.Get_us)
                  00007e8c    00000064     libc.a : _io_perm.c.obj (.text.__TI_wrt_ok)
                  00007ef0    00000064            : memory.c.obj (.text.split)
                  00007f54    00000062     vl53l1_wait.o (.text.VL53L1_poll_for_boot_completion)
                  00007fb6    00000002     --HOLE-- [fill = 0]
                  00007fb8    00000062     libclang_rt.builtins.a : aeabi_dcmp.S.obj (.text.__aeabi_dcmp)
                  0000801a    00000002     --HOLE-- [fill = 0]
                  0000801c    00000062                            : aeabi_fcmp.S.obj (.text.__aeabi_fcmp)
                  0000807e    00000002     --HOLE-- [fill = 0]
                  00008080    00000060     libsysbm.a : hostopen.c.obj (.text.HOSTopen)
                  000080e0    0000005e     driverlib.a : dl_i2c.o (.text.DL_I2C_fillControllerTXFIFO)
                  0000813e    00000002     --HOLE-- [fill = 0]
                  00008140    0000005c     ICM_Test.o (.text.ICM42688_Test2)
                  0000819c    0000005c     IMU.o (.text.IMU_init)
                  000081f8    0000005c     libc.a : s_frexp.c.obj (.text.frexp)
                  00008254    0000005c            : printf.c.obj (.text.printf)
                  000082b0    0000005a     vl53l1_api.o (.text.SetLimitValue)
                  0000830a    0000005a     vl53l1_core.o (.text.VL53L1_i2c_encode_int16_t)
                  00008364    0000005a     vl53l1_api_preset_modes.o (.text.VL53L1_preset_mode_low_power_auto_long_ranging)
                  000083be    0000005a     vl53l1_api_preset_modes.o (.text.VL53L1_preset_mode_low_power_auto_ranging)
                  00008418    0000005a     vl53l1_api_preset_modes.o (.text.VL53L1_preset_mode_low_power_auto_short_ranging)
                  00008472    00000002     --HOLE-- [fill = 0]
                  00008474    00000058     libsysbm.a : hostread.c.obj (.text.HOSTread)
                  000084cc    00000058                : hostwrite.c.obj (.text.HOSTwrite)
                  00008524    00000058     OLED.o (.text.OLED_Clear)
                  0000857c    00000058     ti_msp_dl_config.o (.text.SYSCFG_DL_I2C_0_init)
                  000085d4    00000058     vl53l1_api.o (.text.VL53L1_StaticInit)
                  0000862c    00000058     vl53l1_core.o (.text.VL53L1_calc_macro_period_us)
                  00008684    00000058     libc.a : _ltoa.c.obj (.text.__TI_ltoa)
                  000086dc    00000058            : _printfi.c.obj (.text._pconv_f)
                  00008734    00000056     vl53l1_api_core.o (.text.VL53L1_get_inter_measurement_period_ms)
                  0000878a    00000056     vl53l1_core.o (.text.VL53L1_i2c_encode_uint16_t)
                  000087e0    00000056     vl53l1_api_preset_modes.o (.text.VL53L1_preset_mode_standard_ranging_mm1_cal)
                  00008836    00000056     vl53l1_api_preset_modes.o (.text.VL53L1_preset_mode_standard_ranging_mm2_cal)
                  0000888c    00000056     vl53l1_api_core.o (.text.VL53L1_set_inter_measurement_period_ms)
                  000088e2    00000002     --HOLE-- [fill = 0]
                  000088e4    00000056     libclang_rt.builtins.a : aeabi_idivmod.S.obj (.text.__aeabi_idivmod)
                  0000893a    00000002     --HOLE-- [fill = 0]
                  0000893c    00000054     Encoder.o (.text.Encoder_Speed_Get_LEFT)
                  00008990    00000054     Encoder.o (.text.Encoder_Speed_Get_RIGHT)
                  000089e4    00000054     vl53l1_core.o (.text.VL53L1_i2c_decode_int16_t)
                  00008a38    00000052     vl53l1_core.o (.text.VL53L1_encode_timeout)
                  00008a8a    00000052     vl53l1_core.o (.text.VL53L1_i2c_encode_uint32_t)
                  00008adc    00000052     libc.a : fflush.c.obj (.text.__TI_doflush)
                  00008b2e    00000052            : _printfi.c.obj (.text._ecpy)
                  00008b80    00000050     ti_msp_dl_config.o (.text.DL_GPIO_initPeripheralInputFunctionFeatures)
                  00008bd0    00000050     IOI2C.o (.text.DL_I2C_startControllerTransfer)
                  00008c20    00000050     ti_msp_dl_config.o (.text.SysTick_Config)
                  00008c70    00000050     vl53l1_core_support.o (.text.VL53L1_decode_row_col)
                  00008cc0    00000050     vl53l1_register_funcs.o (.text.VL53L1_get_nvm_copy_data)
                  00008d10    00000050     vl53l1_api_preset_modes.o (.text.VL53L1_preset_mode_olt)
                  00008d60    00000050     libsysbm.a : close.c.obj (.text.close)
                  00008db0    0000004e     vl53l1_register_funcs.o (.text.VL53L1_get_customer_nvm_managed)
                  00008dfe    0000004e     vl53l1_register_funcs.o (.text.VL53L1_get_static_nvm_managed)
                  00008e4c    0000004e     libclang_rt.builtins.a : floatdisf.S.obj (.text.__floatdisf)
                  00008e9a    00000002     --HOLE-- [fill = 0]
                  00008e9c    0000004c     ti_msp_dl_config.o (.text.DL_GPIO_initDigitalInputFeatures)
                  00008ee8    0000004c     ti_msp_dl_config.o (.text.DL_UART_setBaudRateDivisor)
                  00008f34    0000004c     vl53l1_core.o (.text.VL53L1_calc_timeout_us)
                  00008f80    0000004a     ti_msp_dl_config.o (.text.DL_ADC12_configConversionMem)
                  00008fca    0000004a     vl53l1_platform.o (.text.VL53L1_ReadMulti)
                  00009014    0000004a     vl53l1_platform.o (.text.VL53L1_WriteMulti)
                  0000905e    00000002     --HOLE-- [fill = 0]
                  00009060    0000004a     libclang_rt.builtins.a : fixdfsi.S.obj (.text.__fixdfsi)
                  000090aa    00000002     --HOLE-- [fill = 0]
                  000090ac    00000048     driverlib.a : dl_uart.o (.text.DL_UART_init)
                  000090f4    00000048     libsysbm.a : hostclose.c.obj (.text.HOSTclose)
                  0000913c    00000048                : hostunlink.c.obj (.text.HOSTunlink)
                  00009184    00000048     ti_msp_dl_config.o (.text.SYSCFG_DL_UART_init)
                  000091cc    00000046     vl53l1_platform.o (.text.VL53L1_WrByte)
                  00009212    00000002     --HOLE-- [fill = 0]
                  00009214    00000044     driverlib.a : dl_spi.o (.text.DL_SPI_init)
                  00009258    00000044                 : dl_sysctl_mspm0g1x0x_g3x0x.o (.text.DL_SYSCTL_switchMCLKfromSYSOSCtoHSCLK)
                  0000929c    00000044     vl53l1_api.o (.text.VL53L1_GetInterMeasurementPeriodMilliSeconds)
                  000092e0    00000044     vl53l1_api_core.o (.text.VL53L1_set_user_zone)
                  00009324    00000042     vl53l1_platform.o (.text.VL53L1_RdByte)
                  00009366    00000042     vl53l1_api.o (.text.VL53L1_SetInterMeasurementPeriodMilliSeconds)
                  000093a8    00000042     vl53l1_api_core.o (.text.VL53L1_get_user_zone)
                  000093ea    00000002     --HOLE-- [fill = 0]
                  000093ec    00000040     driverlib.a : dl_adc12.o (.text.DL_ADC12_setClockConfig)
                  0000942c    00000040     Encoder.o (.text.Encoder_Init)
                  0000946c    00000040     spi.o (.text.SPI_Init)
                  000094ac    00000040     ti_msp_dl_config.o (.text.SYSCFG_DL_SPI_1_init)
                  000094ec    00000040     ti_msp_dl_config.o (.text.SYSCFG_DL_TIMER_2ms_init)
                  0000952c    00000040     ti_msp_dl_config.o (.text.SYSCFG_DL_UART_3_init)
                  0000956c    00000040     ti_msp_dl_config.o (.text.SYSCFG_DL_UART_CAMERA_init)
                  000095ac    00000040     ti_msp_dl_config.o (.text.SYSCFG_DL_UART_WIRELESS_init)
                  000095ec    00000040     vl53l1_api_preset_modes.o (.text.VL53L1_init_offset_cal_config_struct)
                  0000962c    00000040     libclang_rt.builtins.a : aeabi_uidivmod.S.obj (.text.__aeabi_uidivmod)
                  0000966c    00000040                            : extendsfdf2.S.obj (.text.__extendsfdf2)
                  000096ac    00000040     libc.a : atoi.c.obj (.text.atoi)
                  000096ec    00000040            : vsnprintf.c.obj (.text.vsnprintf)
                  0000972c    0000003e     vl53l1_core.o (.text.VL53L1_init_ll_driver_state)
                  0000976a    00000002     --HOLE-- [fill = 0]
                  0000976c    0000003c     ti_msp_dl_config.o (.text.DL_Timer_setCounterControl)
                  000097a8    0000003c     spi.o (.text.SPI_TryLock)
                  000097e4    0000003c     Usart.o (.text.Uart0_Send_String)
                  00009820    0000003c     vl53l1_core.o (.text.VL53L1_encode_row_col)
                  0000985c    0000003c     libclang_rt.builtins.a : floatsisf.S.obj (.text.__floatsisf)
                  00009898    0000003c                            : comparesf2.S.obj (.text.__gtsf2)
                  000098d4    0000003c     libc.a : autoinit.c.obj (.text:__TI_auto_init_nobinit_nopinit)
                  00009910    0000003a     vl53l1_platform.o (.text.VL53L1_RdWord)
                  0000994a    0000003a     vl53l1_core.o (.text.VL53L1_i2c_decode_uint16_t)
                  00009984    0000003a     vl53l1_api_preset_modes.o (.text.VL53L1_init_refspadchar_config_struct)
                  000099be    00000002     --HOLE-- [fill = 0]
                  000099c0    0000003a     libclang_rt.builtins.a : comparesf2.S.obj (.text.__eqsf2)
                  000099fa    00000002     --HOLE-- [fill = 0]
                  000099fc    0000003a                            : muldsi3.S.obj (.text.__muldsi3)
                  00009a36    00000002     --HOLE-- [fill = 0]
                  00009a38    00000038     vl53l1_api_preset_modes.o (.text.VL53L1_init_ssc_config_struct)
                  00009a70    00000038     libclang_rt.builtins.a : fixsfsi.S.obj (.text.__fixsfsi)
                  00009aa8    00000038     icm42688.o (.text.icm42688_read_reg)
                  00009ae0    00000036     libclang_rt.builtins.a : floatundisf.S.obj (.text.__floatundisf)
                  00009b16    00000002     --HOLE-- [fill = 0]
                  00009b18    00000034     spi.o (.text.SPI_Unlock)
                  00009b4c    00000034     ti_msp_dl_config.o (.text.SYSCFG_DL_TIMER_10ms_init)
                  00009b80    00000034     vl53l1_api.o (.text.VL53L1_GetSequenceStepEnable)
                  00009bb4    00000034     vl53l1_api.o (.text.VL53L1_SetDeviceAddress)
                  00009be8    00000034     icm42688.o (.text.__NVIC_DisableIRQ)
                  00009c1c    00000034     libc.a : fopen.c.obj (.text.__TI_cleanup)
                  00009c50    00000034     libsysbm.a : trgmsg.c.obj (.text.__TI_readmsg)
                  00009c84    00000034                : trgmsg.c.obj (.text.__TI_writemsg)
                  00009cb8    00000034     libc.a : exit.c.obj (.text.exit)
                  00009cec    00000034            : getdevice.c.obj (.text.finddevice)
                  00009d20    00000032     Usart.o (.text.Uart0_Printf)
                  00009d52    00000032     vl53l1_core.o (.text.VL53L1_config_low_power_auto_mode)
                  00009d84    00000032     libclang_rt.builtins.a : fixunssfsi.S.obj (.text.__fixunssfsi)
                  00009db6    00000032     icm42688.o (.text.icm42688_write_reg)
                  00009de8    00000030     ADC_Test.o (.text.ADC_Test1)
                  00009e18    00000030     ADC.o (.text.DL_ADC12_getMemResult)
                  00009e48    00000030     ti_msp_dl_config.o (.text.DL_GPIO_initDigitalOutputFeatures)
                  00009e78    00000030     ti_msp_dl_config.o (.text.DL_SPI_setFIFOThreshold)
                  00009ea8    00000030     Usart.o (.text.UART0_IRQHandler)
                  00009ed8    00000030     libc.a : _printfi.c.obj (.text._fcpy)
                  00009f08    00000030            : vsnprintf.c.obj (.text._outs)
                  00009f38    00000030     multi_button.o (.text.button_ticks)
                  00009f68    00000030     icm42688.o (.text.icm_spi_transfer_byte)
                  00009f98    00000030     my_vl53l1x.o (.text.my_vl53l1x_callback)
                  00009fc8    0000002e     vl53l1_core.o (.text.VL53L1_calc_encoded_timeout)
                  00009ff6    0000002e     vl53l1_api_core.o (.text.VL53L1_set_vhv_loopbound)
                  0000a024    0000002c     ADC_Test.o (.text.ADC_Test2)
                  0000a050    0000002c     Encoder.o (.text.Encoder_Count_Get)
                  0000a07c    0000002c     Encoder_Test.o (.text.Encoder_Test1)
                  0000a0a8    0000002c     Usart.o (.text.Uart0_Send_Char)
                  0000a0d4    0000002c     vl53l1_core.o (.text.VL53L1_init_version)
                  0000a100    0000002c     Usart.o (.text.__NVIC_ClearPendingIRQ)
                  0000a12c    0000002c     icm42688.o (.text.__NVIC_ClearPendingIRQ)
                  0000a158    0000002c     ADC.o (.text.__NVIC_EnableIRQ)
                  0000a184    0000002c     Usart.o (.text.__NVIC_EnableIRQ)
                  0000a1b0    0000002c     icm42688.o (.text.__NVIC_EnableIRQ)
                  0000a1dc    0000002c     main.o (.text.__NVIC_EnableIRQ)
                  0000a208    0000002c     libclang_rt.builtins.a : floatsidf.S.obj (.text.__floatsidf)
                  0000a234    0000002c     libsysbm.a : unlink.c.obj (.text.unlink)
                  0000a260    0000002a     vl53l1_core.o (.text.VL53L1_calc_decoded_timeout_us)
                  0000a28a    00000002     --HOLE-- [fill = 0]
                  0000a28c    00000028     ti_msp_dl_config.o (.text.DL_ADC12_configHwAverage)
                  0000a2b4    00000028     IOI2C.o (.text.DL_Common_updateReg)
                  0000a2dc    00000028     ti_msp_dl_config.o (.text.DL_Common_updateReg)
                  0000a304    00000028     ti_msp_dl_config.o (.text.DL_I2C_setControllerRXFIFOThreshold)
                  0000a32c    00000028     ti_msp_dl_config.o (.text.DL_I2C_setControllerTXFIFOThreshold)
                  0000a354    00000028     Delay.o (.text.Delay_ms)
                  0000a37c    00000028     OLED_Test.o (.text.OLED_Test1)
                  0000a3a4    00000028     tb6612.o (.text.TB6612_SetRightMotor)
                  0000a3cc    00000028     Uart_Test.o (.text.Uart_Test2)
                  0000a3f4    00000028     vl53l1_api.o (.text.VL53L1_WaitDeviceBooted)
                  0000a41c    00000028     libclang_rt.builtins.a : floatunsisf.S.obj (.text.__floatunsisf)
                  0000a444    00000028     libc.a : memory.c.obj (.text.free_list_insert)
                  0000a46c    00000028     libsysbm.a : lseek.c.obj (.text.lseek)
                  0000a494    00000028                : write.c.obj (.text.write)
                  0000a4bc    00000028     libc.a : boot_cortex_m.c.obj (.text:_c_int00_noargs)
                  0000a4e4    00000026     ti_msp_dl_config.o (.text.DL_I2C_setAnalogGlitchFilterPulseWidth)
                  0000a50a    00000026     driverlib.a : dl_i2c.o (.text.DL_I2C_setClockConfig)
                  0000a530    00000026     vl53l1_platform.o (.text.VL53L1_WaitUs)
                  0000a556    00000002     --HOLE-- [fill = 0]
                  0000a558    00000024     ti_msp_dl_config.o (.text.DL_SPI_setBitRateSerialClockDivider)
                  0000a57c    00000024     tb6612.o (.text.TB6612_SetLeftMotor)
                  0000a5a0    00000024     vl53l1_api_core.o (.text.VL53L1_set_lite_min_count_rate)
                  0000a5c4    00000024     vl53l1_api_core.o (.text.VL53L1_set_lite_sigma_threshold)
                  0000a5e8    00000024     libclang_rt.builtins.a : floatunsidf.S.obj (.text.__floatunsidf)
                  0000a60c    00000024                            : muldi3.S.obj (.text.__muldi3)
                  0000a630    00000022     IOI2C.o (.text.IICwriteByte)
                  0000a652    00000022     vl53l1_core.o (.text.VL53L1_calc_timeout_mclks)
                  0000a674    00000022     vl53l1_core.o (.text.VL53L1_decode_zone_size)
                  0000a696    00000022     libc.a : memccpy.c.obj (.text.memccpy)
                  0000a6b8    00000020     ti_msp_dl_config.o (.text.DL_GPIO_initPeripheralInputFunction)
                  0000a6d8    00000020     ti_msp_dl_config.o (.text.DL_SYSCTL_setFlashWaitState)
                  0000a6f8    00000020     Usart.o (.text.Uart_Init)
                  0000a718    00000020     vl53l1_core_support.o (.text.VL53L1_calc_pll_period_us)
                  0000a738    0000001e     ti_msp_dl_config.o (.text.DL_ADC12_setPowerDownMode)
                  0000a756    0000001e     ti_msp_dl_config.o (.text.DL_UART_setOversampling)
                  0000a774    0000001e     vl53l1_core.o (.text.VL53L1_decode_timeout)
                  0000a792    00000002     --HOLE-- [fill = 0]
                  0000a794    0000001e     libclang_rt.builtins.a : ashldi3.S.obj (.text.__ashldi3)
                  0000a7b2    00000002     --HOLE-- [fill = 0]
                  0000a7b4    0000001c     ADC.o (.text.ADC_Init)
                  0000a7d0    0000001c     Bat.o (.text.Bat_Init)
                  0000a7ec    0000001c     ti_msp_dl_config.o (.text.DL_ADC12_clearInterruptStatus)
                  0000a808    0000001c     ti_msp_dl_config.o (.text.DL_ADC12_enableInterrupt)
                  0000a824    0000001c     ADC.o (.text.DL_ADC12_startConversion)
                  0000a840    0000001c     Bat.o (.text.DL_ADC12_startConversion)
                  0000a85c    0000001c     Interrupt.o (.text.DL_GPIO_clearInterruptStatus)
                  0000a878    0000001c     ti_msp_dl_config.o (.text.DL_GPIO_clearInterruptStatus)
                  0000a894    0000001c     ti_msp_dl_config.o (.text.DL_GPIO_enableHiZ)
                  0000a8b0    0000001c     ti_msp_dl_config.o (.text.DL_GPIO_enableInterrupt)
                  0000a8cc    0000001c     ti_msp_dl_config.o (.text.DL_GPIO_initPeripheralOutputFunction)
                  0000a8e8    0000001c     ti_msp_dl_config.o (.text.DL_GPIO_setLowerPinsInputFilter)
                  0000a904    0000001c     ti_msp_dl_config.o (.text.DL_GPIO_setLowerPinsPolarity)
                  0000a920    0000001c     ti_msp_dl_config.o (.text.DL_GPIO_setUpperPinsInputFilter)
                  0000a93c    0000001c     IOI2C.o (.text.DL_I2C_isControllerRXFIFOEmpty)
                  0000a958    0000001c     driverlib.a : dl_sysctl_mspm0g1x0x_g3x0x.o (.text.DL_SYSCTL_configFCC)
                  0000a974    0000001c     ti_msp_dl_config.o (.text.DL_SYSCTL_setFCCPeriods)
                  0000a990    0000001c     ti_msp_dl_config.o (.text.DL_SYSCTL_setSYSOSCFreq)
                  0000a9ac    0000001c     ti_msp_dl_config.o (.text.DL_SYSCTL_setULPCLKDivider)
                  0000a9c8    0000001c     ti_msp_dl_config.o (.text.DL_Timer_enableInterrupt)
                  0000a9e4    0000001c     driverlib.a : dl_timer.o (.text.DL_Timer_setCaptCompUpdateMethod)
                  0000aa00    0000001c                 : dl_timer.o (.text.DL_Timer_setClockConfig)
                  0000aa1c    0000001c     ti_msp_dl_config.o (.text.DL_UART_enableInterrupt)
                  0000aa38    0000001c     Usart.o (.text.GetLength)
                  0000aa54    0000001c     vl53l1_core.o (.text.VL53L1_encode_zone_size)
                  0000aa70    0000001c     libc.a : memory.c.obj (.text.free_list_remove)
                  0000aa8c    0000001a     Interrupt.o (.text.ADC0_IRQHandler)
                  0000aaa6    0000001a     vl53l1_core_support.o (.text.VL53L1_decode_vcsel_period)
                  0000aac0    00000018     ADC.o (.text.ADC_Callback)
                  0000aad8    00000018     ti_msp_dl_config.o (.text.DL_ADC12_enablePower)
                  0000aaf0    00000018     ti_msp_dl_config.o (.text.DL_ADC12_reset)
                  0000ab08    00000018     ti_msp_dl_config.o (.text.DL_ADC12_setSampleTime0)
                  0000ab20    00000018     ti_msp_dl_config.o (.text.DL_GPIO_enableOutput)
                  0000ab38    00000018     ti_msp_dl_config.o (.text.DL_GPIO_enablePower)
                  0000ab50    00000018     Interrupt.o (.text.DL_GPIO_getEnabledInterruptStatus)
                  0000ab68    00000018     ti_msp_dl_config.o (.text.DL_GPIO_initDigitalOutput)
                  0000ab80    00000018     ti_msp_dl_config.o (.text.DL_GPIO_reset)
                  0000ab98    00000018     OLED.o (.text.DL_GPIO_setPins)
                  0000abb0    00000018     spi.o (.text.DL_GPIO_setPins)
                  0000abc8    00000018     tb6612.o (.text.DL_GPIO_setPins)
                  0000abe0    00000018     ti_msp_dl_config.o (.text.DL_GPIO_setPins)
                  0000abf8    00000018     ti_msp_dl_config.o (.text.DL_GPIO_setUpperPinsPolarity)
                  0000ac10    00000018     IOI2C.o (.text.DL_I2C_clearInterruptStatus)
                  0000ac28    00000018     ti_msp_dl_config.o (.text.DL_I2C_enableAnalogGlitchFilter)
                  0000ac40    00000018     ti_msp_dl_config.o (.text.DL_I2C_enableController)
                  0000ac58    00000018     ti_msp_dl_config.o (.text.DL_I2C_enableControllerClockStretching)
                  0000ac70    00000018     ti_msp_dl_config.o (.text.DL_I2C_enablePower)
                  0000ac88    00000018     IOI2C.o (.text.DL_I2C_getRawInterruptStatus)
                  0000aca0    00000018     ti_msp_dl_config.o (.text.DL_I2C_reset)
                  0000acb8    00000018     ti_msp_dl_config.o (.text.DL_I2C_setTimerPeriod)
                  0000acd0    00000018     ti_msp_dl_config.o (.text.DL_SPI_enable)
                  0000ace8    00000018     ti_msp_dl_config.o (.text.DL_SPI_enablePower)
                  0000ad00    00000018     OLED.o (.text.DL_SPI_isBusy)
                  0000ad18    00000018     icm42688.o (.text.DL_SPI_isBusy)
                  0000ad30    00000018     ti_msp_dl_config.o (.text.DL_SPI_reset)
                  0000ad48    00000018     ti_msp_dl_config.o (.text.DL_SYSCTL_setBORThreshold)
                  0000ad60    00000018     ti_msp_dl_config.o (.text.DL_Timer_enablePower)
                  0000ad78    00000018     ti_msp_dl_config.o (.text.DL_Timer_reset)
                  0000ad90    00000018     driverlib.a : dl_timer.o (.text.DL_Timer_setCaptureCompareOutCtl)
                  0000ada8    00000018     main.o (.text.DL_Timer_startCounter)
                  0000adc0    00000018     ti_msp_dl_config.o (.text.DL_UART_enablePower)
                  0000add8    00000018     Usart.o (.text.DL_UART_isBusy)
                  0000adf0    00000018     ti_msp_dl_config.o (.text.DL_UART_reset)
                  0000ae08    00000018     libc.a : vsnprintf.c.obj (.text._outc)
                  0000ae20    00000018     icm42688.o (.text.delay_ms)
                  0000ae38    00000016     Bat.o (.text.DL_ADC12_enableConversions)
                  0000ae4e    00000016     ti_msp_dl_config.o (.text.DL_ADC12_enableConversions)
                  0000ae64    00000016     Encoder.o (.text.DL_GPIO_readPins)
                  0000ae7a    00000016     icm42688.o (.text.DL_GPIO_readPins)
                  0000ae90    00000016     tb6612.o (.text.DL_GPIO_readPins)
                  0000aea6    00000016     OLED.o (.text.DL_SPI_transmitData8)
                  0000aebc    00000016     icm42688.o (.text.DL_SPI_transmitData8)
                  0000aed2    00000016     ti_msp_dl_config.o (.text.DL_UART_enable)
                  0000aee8    00000016     Usart.o (.text.DL_UART_transmitData)
                  0000aefe    00000002     --HOLE-- [fill = 0]
                  0000af00    00000014     ADC.o (.text.ADC_Read)
                  0000af14    00000014     OLED.o (.text.DL_GPIO_clearPins)
                  0000af28    00000014     spi.o (.text.DL_GPIO_clearPins)
                  0000af3c    00000014     tb6612.o (.text.DL_GPIO_clearPins)
                  0000af50    00000014     ti_msp_dl_config.o (.text.DL_GPIO_clearPins)
                  0000af64    00000014     IOI2C.o (.text.DL_I2C_getControllerStatus)
                  0000af78    00000014     IOI2C.o (.text.DL_I2C_receiveControllerData)
                  0000af8c    00000014     ti_msp_dl_config.o (.text.DL_I2C_resetControllerTransfer)
                  0000afa0    00000014     OLED.o (.text.DL_SPI_receiveData8)
                  0000afb4    00000014     icm42688.o (.text.DL_SPI_receiveData8)
                  0000afc8    00000014     ti_msp_dl_config.o (.text.DL_SYSCTL_disableSYSPLL)
                  0000afdc    00000014     ti_msp_dl_config.o (.text.DL_SYSCTL_enableSYSPLL)
                  0000aff0    00000014     ti_msp_dl_config.o (.text.DL_Timer_enableClock)
                  0000b004    00000014     ti_msp_dl_config.o (.text.DL_Timer_setCCPDirection)
                  0000b018    00000014     Usart.o (.text.DL_UART_receiveData)
                  0000b02c    00000014     ICM_Test.o (.text.ICM42688_Test3)
                  0000b040    00000014     Interrupt.o (.text.TIMG0_IRQHandler)
                  0000b054    00000014     vl53l1_platform.o (.text.VL53L1_WaitMs)
                  0000b068    00000014     libclang_rt.builtins.a : aeabi_uldivmod.S.obj (.text.__aeabi_uldivmod)
                  0000b07c    00000014     libc.a : _printfi.c.obj (.text.strchr)
                  0000b090    00000012     Interrupt.o (.text.DL_ADC12_getPendingInterrupt)
                  0000b0a2    00000012     driverlib.a : dl_spi.o (.text.DL_SPI_setClockConfig)
                  0000b0b4    00000012     Usart.o (.text.DL_UART_getPendingInterrupt)
                  0000b0c6    00000012     driverlib.a : dl_uart.o (.text.DL_UART_setClockConfig)
                  0000b0d8    00000012     multi_button.o (.text.button_read_level)
                  0000b0ea    00000012     libc.a : memcpy16.S.obj (.text:TI_memcpy_small)
                  0000b0fc    00000012            : copy_decompress_none.c.obj (.text:decompress:none)
                  0000b10e    00000002     --HOLE-- [fill = 0]
                  0000b110    00000010     ti_msp_dl_config.o (.text.DL_SYSCTL_disableHFXT)
                  0000b120    00000010     ti_msp_dl_config.o (.text.DL_SYSCTL_isFCCDone)
                  0000b130    00000010     ti_msp_dl_config.o (.text.DL_SYSCTL_startFCC)
                  0000b140    00000010     driverlib.a : dl_timer.o (.text.DL_Timer_setCaptureCompareValue)
                  0000b150    00000010     IOI2C.o (.text.IIC_Delay_ms)
                  0000b160    00000010     ti_msp_dl_config.o (.text.SYSCFG_DL_SYSTICK_init)
                  0000b170    00000010     Delay.o (.text.SysTick_Handler)
                  0000b180    00000010     libc.a : wcslen.c.obj (.text.wcslen)
                  0000b190    00000010            : copy_zero_init.c.obj (.text:decompress:ZI)
                  0000b1a0    0000000e            : memory.c.obj (.text.OUTLINED_FUNCTION_0)
                  0000b1ae    00000002     --HOLE-- [fill = 0]
                  0000b1b0    0000000e     libclang_rt.builtins.a : aeabi_memset.S.obj (.text.__aeabi_memset)
                  0000b1be    0000000e     libsysbm.a : hostrename.c.obj (.text.strcpy)
                  0000b1cc    0000000e     libc.a : _printfi.c.obj (.text.strlen)
                  0000b1da    0000000e     libsysbm.a : hostrename.c.obj (.text.strlen)
                  0000b1e8    0000000e     libc.a : memset16.S.obj (.text:TI_memset_small)
                  0000b1f6    00000002     --HOLE-- [fill = 0]
                  0000b1f8    0000000c     ti_msp_dl_config.o (.text.DL_SYSCTL_readFCC)
                  0000b204    0000000c     Usart.o (.text.GetRemain)
                  0000b210    0000000c     Delay.o (.text.Get_ms)
                  0000b21c    0000000c     libclang_rt.builtins.a : aeabi_memset.S.obj (.text.__aeabi_memclr)
                  0000b228    0000000c     icm42688.o (.text.icm_cs_high)
                  0000b234    0000000c     icm42688.o (.text.icm_cs_low)
                  0000b240    0000000c     libc.a : memory.c.obj (.text.malloc)
                  0000b24c    0000000a     driverlib.a : dl_common.o (.text.DL_Common_delayCycles)
                  0000b256    0000000a     libc.a : _printfi.c.obj (.text.OUTLINED_FUNCTION_0)
                  0000b260    00000010     libclang_rt.builtins.a : adddf3.S.obj (.tramp.__aeabi_dsub.1)
                  0000b270    0000000a     libc.a : _printfi.c.obj (.text.OUTLINED_FUNCTION_1)
                  0000b27a    00000008     Interrupt.o (.text.TIMG7_IRQHandler)
                  0000b282    00000002     --HOLE-- [fill = 0]
                  0000b284    00000008     libc.a : aeabi_portable.c.obj (.text.__aeabi_errno_addr)
                  0000b28c    00000008     libclang_rt.builtins.a : aeabi_memcpy.S.obj (.text.__aeabi_memcpy)
                  0000b294    00000008     libc.a : printf.c.obj (.text._outc)
                  0000b29c    00000008            : printf.c.obj (.text._outs)
                  0000b2a4    00000008     icm42688.o (.text.bsp_Icm42688Init)
                  0000b2ac    00000008     libc.a : fseek.c.obj (.text.fseek)
                  0000b2b4    00000008     libsysbm.a : remove.c.obj (.text.remove)
                  0000b2bc    00000006     libc.a : exit.c.obj (.text:abort)
                  0000b2c2    00000004     startup_mspm0g350x_ticlang.o (.text.Default_Handler)
                  0000b2c6    00000004     libsysbm.a : hostexit.c.obj (.text.HOSTexit)
                  0000b2ca    00000004     startup_mspm0g350x_ticlang.o (.text.Reset_Handler)
                  0000b2ce    00000002     --HOLE-- [fill = 0]
                  0000b2d0    00000010     libc.a : boot_cortex_m.c.obj (.tramp._c_int00_noargs.1)
                  0000b2e0    00000004            : pre_init.c.obj (.text._system_pre_init)
                  0000b2e4    0000000c     --HOLE-- [fill = 0]

.cinit     0    0000d040    000000d0     
                  0000d040    000000ac     (.cinit..data.load) [load image, compression = lzss]
                  0000d0ec    0000000c     (__TI_handler_table)
                  0000d0f8    00000008     (.cinit..bss.load) [load image, compression = zero_init]
                  0000d100    00000010     (__TI_cinit_table)

.rodata    0    0000b2f0    00001d50     
                  0000b2f0    00000d5c     OLED.o (.rodata.asc2_2412)
                  0000c04c    000005f0     OLED.o (.rodata.asc2_1608)
                  0000c63c    00000474     OLED.o (.rodata.asc2_1206)
                  0000cab0    00000228     OLED.o (.rodata.asc2_0806)
                  0000ccd8    00000008     ti_msp_dl_config.o (.rodata.gBAT_ADCClockConfig)
                  0000cce0    00000101     libc.a : aeabi_ctype.S.obj (.rodata:__aeabi_ctype_table_)
                  0000cde1    00000030     vl53l1x.o (.rodata.str1.8665556936548998902.1)
                  0000ce11    00000003     ti_msp_dl_config.o (.rodata.gPWM_BUZZERClockConfig)
                  0000ce14    00000028     ti_msp_dl_config.o (.rodata.gSYSPLLConfig)
                  0000ce3c    0000001e     Encoder_Test.o (.rodata.str1.16162214016713503692.1)
                  0000ce5a    0000001c     vl53l1x.o (.rodata.str1.12793480914977007934.1)
                  0000ce76    0000001c     vl53l1x.o (.rodata.str1.9889896138451333030.1)
                  0000ce92    0000001b     vl53l1x.o (.rodata.str1.3978240886075957214.1)
                  0000cead    0000001a     ADC_Test.o (.rodata.str1.11396595870685173457.1)
                  0000cec7    00000017     vl53l1x_Test.o (.rodata.str1.10952281665346510433.1)
                  0000cede    00000016     vl53l1x.o (.rodata.str1.6185141677119688064.1)
                  0000cef4    00000014     ti_msp_dl_config.o (.rodata.gTIMER_10msTimerConfig)
                  0000cf08    00000014     ti_msp_dl_config.o (.rodata.gTIMER_2msTimerConfig)
                  0000cf1c    00000014     ADC_Test.o (.rodata.str1.5154163100107501331.1)
                  0000cf30    00000013     vl53l1x.o (.rodata.str1.18438805956943837306.1)
                  0000cf43    00000012     ICM_Test.o (.rodata.str1.17276630036601735024.1)
                  0000cf55    00000011     libc.a : _printfi.c.obj (.rodata.str1.10348868589481759720.1)
                  0000cf66    00000011            : _printfi.c.obj (.rodata.str1.15363888844622738466.1)
                  0000cf77    00000011     vl53l1x_Test.o (.rodata.str1.784680880869378880.1)
                  0000cf88    0000000e     vl53l1x_Test.o (.rodata.str1.16621539580981254400.1)
                  0000cf96    0000000e     IMU.o (.rodata.str1.7701751586357302207.1)
                  0000cfa4    0000000d     OLED_Test.o (.rodata.str1.14401795109115830494.1)
                  0000cfb1    0000000c     Uart_Test.o (.rodata.str1.14504840162625008916.1)
                  0000cfbd    00000001     --HOLE-- [fill = 0]
                  0000cfbe    0000000a     ti_msp_dl_config.o (.rodata.gSPI_1_config)
                  0000cfc8    0000000a     ti_msp_dl_config.o (.rodata.gUARTConfig)
                  0000cfd2    0000000a     ti_msp_dl_config.o (.rodata.gUART_3Config)
                  0000cfdc    0000000a     ti_msp_dl_config.o (.rodata.gUART_CAMERAConfig)
                  0000cfe6    0000000a     ti_msp_dl_config.o (.rodata.gUART_WIRELESSConfig)
                  0000cff0    0000000a     Uart_Test.o (.rodata.str1.10152111140166146408.1)
                  0000cffa    00000002     ti_msp_dl_config.o (.rodata.gI2C_0ClockConfig)
                  0000cffc    00000008     ti_msp_dl_config.o (.rodata.gPWM_BUZZERConfig)
                  0000d004    00000008     ti_msp_dl_config.o (.rodata.gPWM_MotorConfig)
                  0000d00c    00000008     ti_msp_dl_config.o (.rodata.gPWM_SERVOConfig)
                  0000d014    00000007     Encoder_Test.o (.rodata.str1.17708060195393170552.1)
                  0000d01b    00000003     ti_msp_dl_config.o (.rodata.gPWM_MotorClockConfig)
                  0000d01e    00000003     ti_msp_dl_config.o (.rodata.gPWM_SERVOClockConfig)
                  0000d021    00000003     ti_msp_dl_config.o (.rodata.gTIMER_10msClockConfig)
                  0000d024    00000003     ti_msp_dl_config.o (.rodata.gTIMER_2msClockConfig)
                  0000d027    00000002     ti_msp_dl_config.o (.rodata.gSPI_1_clockConfig)
                  0000d029    00000002     ti_msp_dl_config.o (.rodata.gUARTClockConfig)
                  0000d02b    00000002     ti_msp_dl_config.o (.rodata.gUART_3ClockConfig)
                  0000d02d    00000002     ti_msp_dl_config.o (.rodata.gUART_CAMERAClockConfig)
                  0000d02f    00000002     ti_msp_dl_config.o (.rodata.gUART_WIRELESSClockConfig)
                  0000d031    0000000f     --HOLE-- [fill = 0]

.init_array 
*          0    00000000    00000000     UNINITIALIZED

.binit     0    00000000    00000000     

.bss       0    20200000    00001b23     UNINITIALIZED
                  20200000    00000aec     (.common:VL53_)
                  20200aec    00000480     (.common:OLED_GRAM)
                  20200f6c    000003a4     (.common:VL53)
                  20201310    00000190     (.common:FIFO_Buffer)
                  202014a0    00000120     libsysbm.a : trgmsg.c.obj (.bss:_CIOBUF_)
                  202015c0    00000100     (.common:Buffer)
                  202016c0    000000bc     (.common:gPWM_BUZZERBackup)
                  2020177c    000000bc     (.common:gPWM_SERVOBackup)
                  20201838    000000a0     libc.a : defs.c.obj (.bss.__TI_tmpnams)
                  202018d8    000000a0     (.common:gPWM_MotorBackup)
                  20201978    000000a0     (.common:gTIMER_2msBackup)
                  20201a18    00000038     (.common:pid_left)
                  20201a50    00000038     (.common:pid_right)
                  20201a88    00000030     (.common:gUART_3Backup)
                  20201ab8    00000028     (.common:gSPI_1Backup)
                  20201ae0    0000000c     (.common:distance_)
                  20201aec    0000000c     (.common:ypr)
                  20201af8    00000008     libsysbm.a : hostopen.c.obj (.bss.parmbuf)
                  20201b00    00000004     libc.a : memory.c.obj (.bss.sys_free)
                  20201b04    00000004     (.common:exInt)
                  20201b08    00000004     (.common:eyInt)
                  20201b0c    00000004     (.common:ezInt)
                  20201b10    00000004     (.common:q0)
                  20201b14    00000004     (.common:q1)
                  20201b18    00000004     (.common:q2)
                  20201b1c    00000004     (.common:q3)
                  20201b20    00000002     (.common:ADC_RawValue)
                  20201b22    00000001     (.common:data)

.sysmem    0    20201b28    00000800     UNINITIALIZED
                  20201b28    00000010     libc.a : memory.c.obj (.sysmem)
                  20201b38    000007f0     --HOLE--

.data      0    20202328    000002a3     UNINITIALIZED
                  20202328    000000f0     libc.a : defs.c.obj (.data._ftable)
                  20202418    00000078     libsysbm.a : host_device.c.obj (.data._device)
                  20202490    00000050                : host_device.c.obj (.data._stream)
                  202024e0    00000040     vl53l1x.o (.data.Mode_data)
                  20202520    00000024     spi.o (.data.spi_devices)
                  20202544    00000008     libc.a : exit.c.obj (.data..L_MergedGlobals)
                  2020254c    00000004     Bat.o (.data.Battery_Voltage)
                  20202550    00000008     Encoder.o (.data.duration_time)
                  20202558    00000008     Encoder.o (.data.encoder_count_l)
                  20202560    00000008     Encoder.o (.data.encoder_count_l_10ms)
                  20202568    00000008     Encoder.o (.data.encoder_count_l_last)
                  20202570    00000008     Encoder.o (.data.encoder_count_r)
                  20202578    00000008     Encoder.o (.data.encoder_count_r_10ms)
                  20202580    00000008     Encoder.o (.data.encoder_count_r_last)
                  20202588    00000008     Encoder.o (.data.last_10ms_update)
                  20202590    00000004     Motor.o (.data.Goal_Speed_Left)
                  20202594    00000004     Motor.o (.data.Goal_Speed_Right)
                  20202598    00000004     Delay.o (.data.MS)
                  2020259c    00000004     Delay.o (.data.US)
                  202025a0    00000004     libc.a : defs.c.obj (.data.__TI_ft_end)
                  202025a4    00000004            : aeabi_portable.c.obj (.data.__aeabi_errno)
                  202025a8    00000004            : _lock.c.obj (.data._lock)
                  202025ac    00000004            : _lock.c.obj (.data._unlock)
                  202025b0    00000004     icm42688.o (.data.accSensitivity)
                  202025b4    00000004     icm42688.o (.data.gyroSensitivity)
                  202025b8    00000004     multi_button.o (.data.head_handle)
                  202025bc    00000004     Delay.o (.data.now_tick)
                  202025c0    00000002     icm42688.o (.data.data_length)
                  202025c2    00000001     icm42688.o (.data.ICM42688_is_initialized)
                  202025c3    00000001     Usart.o (.data.ReadIndex)
                  202025c4    00000001     Usart.o (.data.WriteIndex)
                  202025c5    00000001     Bat.o (.data.cmd_bat)
                  202025c6    00000001     Motor.o (.data.cmd_left_speed)
                  202025c7    00000001     Motor.o (.data.cmd_right_speed)
                  202025c8    00000001     libc.a : memory.c.obj (.data.memory_is_initialized)
                  202025c9    00000001     spi.o (.data.spi_cs_locked)
                  202025ca    00000001     spi.o (.data.spi_cs_locked_channel)

.stack     0    20207e00    00000200     UNINITIALIZED
                  20207e00    00000004     libc.a : boot_cortex_m.c.obj (.stack)
                  20207e04    000001fc     --HOLE--

__llvm_prf_cnts 
*          0    20200000    00000000     UNINITIALIZED

__llvm_prf_bits 
*          0    20200000    00000000     UNINITIALIZED

MODULE SUMMARY

       Module                         code    ro data   rw data
       ------                         ----    -------   -------
    .\
       ti_msp_dl_config.o             4780    189       784    
       startup_mspm0g350x_ticlang.o   8       192       0      
       main.o                         176     0         0      
    +--+------------------------------+-------+---------+---------+
       Total:                         4964    381       784    
                                                               
    .\HardWare\
       OLED.o                         1504    6632      1152   
       icm42688.o                     1542    0         411    
       Encoder.o                      1470    0         64     
       multi_button.o                 1078    0         4      
       Usart.o                        622     0         259    
       tb6612.o                       406     0         0      
       spi.o                          360     0         38     
       Interrupt.o                    376     0         12     
       PID.o                          324     0         0      
       ADC.o                          192     0         2      
       Delay.o                        168     0         12     
    +--+------------------------------+-------+---------+---------+
       Total:                         8042    6632      1954   
                                                               
    .\HardWare\vl53l1x\core\
       vl53l1_api_core.o              4710    0         0      
       vl53l1_api.o                   3010    0         0      
       vl53l1_register_funcs.o        2716    0         0      
       vl53l1_api_preset_modes.o      2376    0         0      
       vl53l1_core.o                  2372    0         0      
       vl53l1_core_support.o          138     0         0      
       vl53l1_wait.o                  98      0         0      
    +--+------------------------------+-------+---------+---------+
       Total:                         15420   0         0      
                                                               
    .\HardWare\vl53l1x\platform\
       vl53l1x.o                      758     172       996    
       IOI2C.o                        1422    0         0      
       vl53l1_platform.o              644     0         0      
    +--+------------------------------+-------+---------+---------+
       Total:                         2824    172       996    
                                                               
    .\Middle\
       my_vl53l1x.o                   48      0         2808   
       Motor.o                        164     0         122    
       Bat.o                          214     0         5      
       IMU.o                          92      14        28     
    +--+------------------------------+-------+---------+---------+
       Total:                         518     14        2963   
                                                               
    .\Test\
       vl53l1x_Test.o                 172     54        0      
       Encoder_Test.o                 180     37        0      
       ADC_Test.o                     92      46        0      
       ICM_Test.o                     112     18        0      
       Uart_Test.o                    40      22        0      
       OLED_Test.o                    40      13        0      
    +--+------------------------------+-------+---------+---------+
       Total:                         636     190       0      
                                                               
    C:/TI/mspm0_sdk_2_10_00_04/source/ti/driverlib/lib/ticlang/m0p/mspm0g1x0x_g3x0x/driverlib.a
       dl_timer.o                     608     0         0      
       dl_sysctl_mspm0g1x0x_g3x0x.o   316     0         0      
       dl_i2c.o                       132     0         0      
       dl_uart.o                      90      0         0      
       dl_spi.o                       86      0         0      
       dl_adc12.o                     64      0         0      
       dl_common.o                    10      0         0      
    +--+------------------------------+-------+---------+---------+
       Total:                         1306    0         0      
                                                               
    D:\TI\ccs2041\ccs\tools\compiler\ti-cgt-armllvm_4.0.4.LTS\lib\armv6m-ti-none-eabi/c/libc.a
       _printfi.c.obj                 4510    34        0      
       memory.c.obj                   702     0         5      
       defs.c.obj                     0       0         404    
       aeabi_ctype.S.obj              0       257       0      
       fputs.c.obj                    248     0         0      
       setvbuf.c.obj                  224     0         0      
       s_scalbn.c.obj                 216     0         0      
       getdevice.c.obj                160     0         0      
       fputc.c.obj                    156     0         0      
       strcmp-armv6m.S.obj            136     0         0      
       vsnprintf.c.obj                136     0         0      
       copy_decompress_lzss.c.obj     124     0         0      
       fclose.c.obj                   124     0         0      
       fseek.c.obj                    116     0         0      
       printf.c.obj                   108     0         0      
       _io_perm.c.obj                 100     0         0      
       s_frexp.c.obj                  92      0         0      
       _ltoa.c.obj                    88      0         0      
       fflush.c.obj                   82      0         0      
       exit.c.obj                     58      0         8      
       atoi.c.obj                     64      0         0      
       autoinit.c.obj                 60      0         0      
       boot_cortex_m.c.obj            56      0         0      
       fopen.c.obj                    52      0         0      
       memccpy.c.obj                  34      0         0      
       copy_decompress_none.c.obj     18      0         0      
       memcpy16.S.obj                 18      0         0      
       copy_zero_init.c.obj           16      0         0      
       wcslen.c.obj                   16      0         0      
       memset16.S.obj                 14      0         0      
       aeabi_portable.c.obj           8       0         4      
       _lock.c.obj                    2       0         8      
       pre_init.c.obj                 4       0         0      
    +--+------------------------------+-------+---------+---------+
       Total:                         7742    291       429    
                                                               
    D:\TI\ccs2041\ccs\tools\compiler\ti-cgt-armllvm_4.0.4.LTS\lib\armv6m-ti-none-eabi/c/libsysbm.a
       trgmsg.c.obj                   104     0         288    
       host_device.c.obj              0       0         200    
       hostrename.c.obj               136     0         0      
       hostlseek.c.obj                108     0         0      
       hostopen.c.obj                 96      0         8      
       hostread.c.obj                 88      0         0      
       hostwrite.c.obj                88      0         0      
       close.c.obj                    80      0         0      
       hostclose.c.obj                72      0         0      
       hostunlink.c.obj               72      0         0      
       unlink.c.obj                   44      0         0      
       lseek.c.obj                    40      0         0      
       write.c.obj                    40      0         0      
       remove.c.obj                   8       0         0      
       hostexit.c.obj                 4       0         0      
    +--+------------------------------+-------+---------+---------+
       Total:                         980     0         496    
                                                               
    D:\TI\ccs2041\ccs\tools\compiler\ti-cgt-armllvm_4.0.4.LTS\lib\armv6m-ti-none-eabi/libclang_rt.builtins.a
       adddf3.S.obj                   418     0         0      
       divdf3.S.obj                   268     0         0      
       muldf3.S.obj                   228     0         0      
       comparedf2.c.obj               220     0         0      
       addsf3.S.obj                   216     0         0      
       udivmoddi4.S.obj               162     0         0      
       mulsf3.S.obj                   140     0         0      
       divsf3.S.obj                   130     0         0      
       comparesf2.S.obj               118     0         0      
       truncdfsf2.S.obj               116     0         0      
       aeabi_dcmp.S.obj               98      0         0      
       aeabi_fcmp.S.obj               98      0         0      
       aeabi_idivmod.S.obj            86      0         0      
       floatdisf.S.obj                78      0         0      
       fixdfsi.S.obj                  74      0         0      
       aeabi_uidivmod.S.obj           64      0         0      
       extendsfdf2.S.obj              64      0         0      
       floatsisf.S.obj                60      0         0      
       muldsi3.S.obj                  58      0         0      
       fixsfsi.S.obj                  56      0         0      
       floatundisf.S.obj              54      0         0      
       fixunssfsi.S.obj               50      0         0      
       floatsidf.S.obj                44      0         0      
       floatunsisf.S.obj              40      0         0      
       floatunsidf.S.obj              36      0         0      
       muldi3.S.obj                   36      0         0      
       ashldi3.S.obj                  30      0         0      
       aeabi_memset.S.obj             26      0         0      
       aeabi_uldivmod.S.obj           20      0         0      
       aeabi_memcpy.S.obj             8       0         0      
       aeabi_div0.c.obj               4       0         0      
    +--+------------------------------+-------+---------+---------+
       Total:                         3100    0         0      
                                                               
       Heap:                          0       0         2048   
       Stack:                         0       0         512    
       Linker Generated:              0       208       0      
    +--+------------------------------+-------+---------+---------+
       Grand Total:                   45532   7888      10182  


LINKER GENERATED COPY TABLES

__TI_cinit_table @ 0000d100 records: 2, size/record: 8, table size: 16
	.data: load addr=0000d040, load size=000000ac bytes, run addr=20202328, run size=000002a3 bytes, compression=lzss
	.bss: load addr=0000d0f8, load size=00000008 bytes, run addr=20200000, run size=00001b23 bytes, compression=zero_init


LINKER GENERATED HANDLER TABLE

__TI_handler_table @ 0000d0ec records: 3, size/record: 4, table size: 12
	index: 0, handler: __TI_decompress_lzss
	index: 1, handler: __TI_decompress_none
	index: 2, handler: __TI_zero_init


FAR CALL TRAMPOLINES

callee name               trampoline name
   callee addr  tramp addr   call addr  call info
--------------  -----------  ---------  ----------------
__aeabi_dsub              $Tramp$TT$L$PI$$__aeabi_dsub
   00002c99     0000b260     0000b25e   libc.a : _printfi.c.obj (.text.OUTLINED_FUNCTION_0)
_c_int00_noargs           $Tramp$TT$L$PI$$_c_int00_noargs
   0000a4bd     0000b2d0     0000b2ca   startup_mspm0g350x_ticlang.o (.text.Reset_Handler)

[2 trampolines]
[2 trampoline calls]


GLOBAL SYMBOLS: SORTED ALPHABETICALLY BY Name 

address   name                                           
-------   ----                                           
0000aa8d  ADC0_IRQHandler                                
0000b2c3  ADC1_IRQHandler                                
0000aac1  ADC_Callback                                   
0000a7b5  ADC_Init                                       
20201b20  ADC_RawValue                                   
0000af01  ADC_Read                                       
00009de9  ADC_Test1                                      
0000a025  ADC_Test2                                      
0000b2c3  AES_IRQHandler                                 
00007311  Bat_Callback                                   
0000a7d1  Bat_Init                                       
00006f75  Bat_Read                                       
2020254c  Battery_Voltage                                
202015c0  Buffer                                         
0000b2c6  C$$EXIT                                        
00009cb1  C$$IO$$                                        
0000b2c3  CANFD0_IRQHandler                              
0000b2c3  DAC0_IRQHandler                                
000093ed  DL_ADC12_setClockConfig                        
0000b24d  DL_Common_delayCycles                          
000080e1  DL_I2C_fillControllerTXFIFO                    
0000a50b  DL_I2C_setClockConfig                          
00009215  DL_SPI_init                                    
0000b0a3  DL_SPI_setClockConfig                          
0000a959  DL_SYSCTL_configFCC                            
000058e1  DL_SYSCTL_configSYSPLL                         
00009259  DL_SYSCTL_switchMCLKfromSYSOSCtoHSCLK          
000048ed  DL_Timer_initFourCCPWMMode                     
00004af5  DL_Timer_initTimerMode                         
0000a9e5  DL_Timer_setCaptCompUpdateMethod               
0000ad91  DL_Timer_setCaptureCompareOutCtl               
0000b141  DL_Timer_setCaptureCompareValue                
0000aa01  DL_Timer_setClockConfig                        
000090ad  DL_UART_init                                   
0000b0c7  DL_UART_setClockConfig                         
0000b2c3  DMA_IRQHandler                                 
0000b2c3  Default_Handler                                
0000a355  Delay_ms                                       
00006b1d  Encoder_10ms_Callback                          
000068d9  Encoder_AngleSpeed_Get                         
00001959  Encoder_Callback                               
0000a051  Encoder_Count_Get                              
0000942d  Encoder_Init                                   
00007009  Encoder_Speed_Get                              
0000893d  Encoder_Speed_Get_LEFT                         
00008991  Encoder_Speed_Get_RIGHT                        
0000a07d  Encoder_Test1                                  
00006eed  Encoder_Test2                                  
20201310  FIFO_Buffer                                    
0000b2c3  GROUP0_IRQHandler                              
00004bf1  GROUP1_IRQHandler                              
0000b211  Get_ms                                         
00007e29  Get_us                                         
20202590  Goal_Speed_Left                                
20202594  Goal_Speed_Right                               
000090f5  HOSTclose                                      
0000b2c7  HOSTexit                                       
00007935  HOSTlseek                                      
00008081  HOSTopen                                       
00008475  HOSTread                                       
000079a1  HOSTrename                                     
0000913d  HOSTunlink                                     
000084cd  HOSTwrite                                      
0000b2c3  HardFault_Handler                              
0000b2c3  I2C0_IRQHandler                                
0000b2c3  I2C1_IRQHandler                                
00003a75  ICM42688_FIFO_Get_RealData                     
00008141  ICM42688_Test2                                 
0000b02d  ICM42688_Test3                                 
00006269  ICM42688_UnBlocking_CallBack                   
202025c2  ICM42688_is_initialized                        
0000b151  IIC_Delay_ms                                   
00002fa5  IIC_ReadOneByte                                
00002acd  IICreadBytes                                   
0000a631  IICwriteByte                                   
00003ce1  IICwriteBytes                                  
0000819d  IMU_init                                       
20202598  MS                                             
202024e0  Mode_data                                      
0000651d  Motor_Callback                                 
0000b2c3  NMI_Handler                                    
00008525  OLED_Clear                                     
0000696d  OLED_DrawPoint                                 
20200aec  OLED_GRAM                                      
00004299  OLED_Init                                      
0000738d  OLED_Refresh                                   
000028fd  OLED_ShowChar                                  
0000683d  OLED_ShowString                                
0000a37d  OLED_Test1                                     
000069fd  OLED_WR_Byte                                   
000037f5  PID_Compute                                    
0000b2c3  PendSV_Handler                                 
0000b2c3  RTC_IRQHandler                                 
202025c3  ReadIndex                                      
0000b2cb  Reset_Handler                                  
0000b2c3  SPI0_IRQHandler                                
0000b2c3  SPI1_IRQHandler                                
00006ba9  SPI_CS                                         
0000946d  SPI_Init                                       
000097a9  SPI_TryLock                                    
00009b19  SPI_Unlock                                     
0000b2c3  SVC_Handler                                    
00007855  SYSCFG_DL_BAT_ADC_init                         
00001c49  SYSCFG_DL_GPIO_init                            
0000857d  SYSCFG_DL_I2C_0_init                           
00007bbd  SYSCFG_DL_PWM_BUZZER_init                      
00006c35  SYSCFG_DL_PWM_Motor_init                       
000061b5  SYSCFG_DL_PWM_SERVO_init                       
000094ad  SYSCFG_DL_SPI_1_init                           
000052a5  SYSCFG_DL_SYSCTL_SYSPLL_init                   
000078c5  SYSCFG_DL_SYSCTL_init                          
0000b161  SYSCFG_DL_SYSTICK_init                         
00009b4d  SYSCFG_DL_TIMER_10ms_init                      
000094ed  SYSCFG_DL_TIMER_2ms_init                       
0000952d  SYSCFG_DL_UART_3_init                          
0000956d  SYSCFG_DL_UART_CAMERA_init                     
000095ad  SYSCFG_DL_UART_WIRELESS_init                   
00009185  SYSCFG_DL_UART_init                            
00007195  SYSCFG_DL_init                                 
000046dd  SYSCFG_DL_initPower                            
0000b171  SysTick_Handler                                
0000a57d  TB6612_SetLeftMotor                            
0000a3a5  TB6612_SetRightMotor                           
0000b2c3  TIMA0_IRQHandler                               
0000b2c3  TIMA1_IRQHandler                               
0000b041  TIMG0_IRQHandler                               
0000b2c3  TIMG12_IRQHandler                              
0000b2c3  TIMG6_IRQHandler                               
0000b27b  TIMG7_IRQHandler                               
0000b2c3  TIMG8_IRQHandler                               
0000b0eb  TI_memcpy_small                                
0000b1e9  TI_memset_small                                
00009ea9  UART0_IRQHandler                               
0000b2c3  UART1_IRQHandler                               
0000b2c3  UART2_IRQHandler                               
0000b2c3  UART3_IRQHandler                               
2020259c  US                                             
00009d21  Uart0_Printf                                   
0000a0a9  Uart0_Send_Char                                
000097e5  Uart0_Send_String                              
0000a6f9  Uart_Init                                      
0000a3cd  Uart_Test2                                     
20200f6c  VL53                                           
000033e1  VL53InitParam                                  
00004181  VL53L1Init                                     
000063c9  VL53L1X_Test1                                  
00005d1f  VL53L1_DataInit                                
0000929d  VL53L1_GetInterMeasurementPeriodMilliSeconds   
00002e2d  VL53L1_GetMeasurementTimingBudgetMicroSeconds  
00009b81  VL53L1_GetSequenceStepEnable                   
00009325  VL53L1_RdByte                                  
00009911  VL53L1_RdWord                                  
00008fcb  VL53L1_ReadMulti                               
00009bb5  VL53L1_SetDeviceAddress                        
00003119  VL53L1_SetDistanceMode                         
00009367  VL53L1_SetInterMeasurementPeriodMilliSeconds   
00006d4d  VL53L1_SetLimitCheckEnable                     
00006a8d  VL53L1_SetLimitCheckValue                      
0000234d  VL53L1_SetMeasurementTimingBudgetMicroSeconds  
00005f7d  VL53L1_SetPresetMode                           
00004fd5  VL53L1_StartMeasurement                        
000085d5  VL53L1_StaticInit                              
0000a3f5  VL53L1_WaitDeviceBooted                        
0000b055  VL53L1_WaitMs                                  
0000a531  VL53L1_WaitUs                                  
00004ee1  VL53L1_WaitValueMaskEx                         
000091cd  VL53L1_WrByte                                  
00009015  VL53L1_WriteMulti                              
0000a261  VL53L1_calc_decoded_timeout_us                 
00009fc9  VL53L1_calc_encoded_timeout                    
0000862d  VL53L1_calc_macro_period_us                    
0000a719  VL53L1_calc_pll_period_us                      
00005ded  VL53L1_calc_range_ignore_threshold             
0000a653  VL53L1_calc_timeout_mclks                      
0000555d  VL53L1_calc_timeout_register_values            
00008f35  VL53L1_calc_timeout_us                         
00009d53  VL53L1_config_low_power_auto_mode              
00003e11  VL53L1_copy_rtn_good_spads_to_buffer           
00003bad  VL53L1_data_init                               
00008c71  VL53L1_decode_row_col                          
0000a775  VL53L1_decode_timeout                          
0000aaa7  VL53L1_decode_vcsel_period                     
0000a675  VL53L1_decode_zone_size                        
00009821  VL53L1_encode_row_col                          
00008a39  VL53L1_encode_timeout                          
0000aa55  VL53L1_encode_zone_size                        
00008db1  VL53L1_get_customer_nvm_managed                
00008735  VL53L1_get_inter_measurement_period_ms         
00007c25  VL53L1_get_mode_mitigation_roi                 
00008cc1  VL53L1_get_nvm_copy_data                       
00003541  VL53L1_get_preset_mode_timing_cfg              
00007675  VL53L1_get_sequence_config_bit                 
00008dff  VL53L1_get_static_nvm_managed                  
00005801  VL53L1_get_timeouts_us                         
00000a91  VL53L1_get_tuning_parm                         
000093a9  VL53L1_get_user_zone                           
000049f1  VL53L1_i2c_decode_customer_nvm_managed         
000089e5  VL53L1_i2c_decode_int16_t                      
00002151  VL53L1_i2c_decode_nvm_copy_data                
00006663  VL53L1_i2c_decode_static_nvm_managed           
0000994b  VL53L1_i2c_decode_uint16_t                     
00004ced  VL53L1_i2c_encode_customer_nvm_managed         
0000563f  VL53L1_i2c_encode_dynamic_config               
000050c5  VL53L1_i2c_encode_general_config               
0000830b  VL53L1_i2c_encode_int16_t                      
0000327d  VL53L1_i2c_encode_static_config                
00006703  VL53L1_i2c_encode_static_nvm_managed           
00007d5d  VL53L1_i2c_encode_system_control               
000059bd  VL53L1_i2c_encode_timing_config                
0000878b  VL53L1_i2c_encode_uint16_t                     
00008a8b  VL53L1_i2c_encode_uint32_t                     
00001289  VL53L1_init_and_start_range                    
0000972d  VL53L1_init_ll_driver_state                    
000095ed  VL53L1_init_offset_cal_config_struct           
00009985  VL53L1_init_refspadchar_config_struct          
00009a39  VL53L1_init_ssc_config_struct                  
000051b5  VL53L1_init_tuning_parm_storage_struct         
0000a0d5  VL53L1_init_version                            
000060fb  VL53L1_init_xtalk_config_struct                
00007a0d  VL53L1_low_power_auto_data_init                
00007f55  VL53L1_poll_for_boot_completion                
00008365  VL53L1_preset_mode_low_power_auto_long_ranging 
000083bf  VL53L1_preset_mode_low_power_auto_ranging      
00008419  VL53L1_preset_mode_low_power_auto_short_ranging
00008d11  VL53L1_preset_mode_olt                         
000076eb  VL53L1_preset_mode_singleshot_ranging          
0000253d  VL53L1_preset_mode_standard_ranging            
00006dd7  VL53L1_preset_mode_standard_ranging_long_range 
000087e1  VL53L1_preset_mode_standard_ranging_mm1_cal    
00008837  VL53L1_preset_mode_standard_ranging_mm2_cal    
00006e61  VL53L1_preset_mode_standard_ranging_short_range
00007409  VL53L1_preset_mode_timed_ranging               
00007485  VL53L1_preset_mode_timed_ranging_long_range    
00007215  VL53L1_preset_mode_timed_ranging_short_range   
00003f3d  VL53L1_read_p2p_data                           
0000888d  VL53L1_set_inter_measurement_period_ms         
0000a5a1  VL53L1_set_lite_min_count_rate                 
0000a5c5  VL53L1_set_lite_sigma_threshold                
00001661  VL53L1_set_preset_mode                         
[...]
000075f9  __TI_decompress_lzss                           
00007675  VL53L1_get_sequence_config_bit                 
000076eb  VL53L1_preset_mode_singleshot_ranging          
00007761  __gedf2                                        
00007761  __gtdf2                                        
000077e1  __aeabi_d2f                                    
000077e1  __truncdfsf2                                   
00007855  SYSCFG_DL_BAT_ADC_init                         
000078c5  SYSCFG_DL_SYSCTL_init                          
00007935  HOSTlseek                                      
000079a1  HOSTrename                                     
00007a0d  VL53L1_low_power_auto_data_init                
00007a79  fseeko                                         
00007ae5  getdevice                                      
00007b51  main                                           
00007bbd  SYSCFG_DL_PWM_BUZZER_init                      
00007c25  VL53L1_get_mode_mitigation_roi                 
00007c8d  __cmpdf2                                       
00007c8d  __eqdf2                                        
00007c8d  __ledf2                                        
00007c8d  __ltdf2                                        
00007c8d  __nedf2                                        
00007cf5  bsp_Icm42688GetAres                            
00007d5d  VL53L1_i2c_encode_system_control               
00007e29  Get_us                                         
00007e8d  __TI_wrt_ok                                    
00007f55  VL53L1_poll_for_boot_completion                
00007fb9  __aeabi_dcmpeq                                 
00007fcd  __aeabi_dcmplt                                 
00007fe1  __aeabi_dcmple                                 
00007ff5  __aeabi_dcmpge                                 
00008009  __aeabi_dcmpgt                                 
0000801d  __aeabi_fcmpeq                                 
00008031  __aeabi_fcmplt                                 
00008045  __aeabi_fcmple                                 
00008059  __aeabi_fcmpge                                 
0000806d  __aeabi_fcmpgt                                 
00008081  HOSTopen                                       
000080e1  DL_I2C_fillControllerTXFIFO                    
00008141  ICM42688_Test2                                 
0000819d  IMU_init                                       
000081f9  frexp                                          
000081f9  frexpl                                         
00008255  printf                                         
0000830b  VL53L1_i2c_encode_int16_t                      
00008365  VL53L1_preset_mode_low_power_auto_long_ranging 
000083bf  VL53L1_preset_mode_low_power_auto_ranging      
00008419  VL53L1_preset_mode_low_power_auto_short_ranging
00008475  HOSTread                                       
000084cd  HOSTwrite                                      
00008525  OLED_Clear                                     
0000857d  SYSCFG_DL_I2C_0_init                           
000085d5  VL53L1_StaticInit                              
0000862d  VL53L1_calc_macro_period_us                    
00008685  __TI_ltoa                                      
00008735  VL53L1_get_inter_measurement_period_ms         
0000878b  VL53L1_i2c_encode_uint16_t                     
000087e1  VL53L1_preset_mode_standard_ranging_mm1_cal    
00008837  VL53L1_preset_mode_standard_ranging_mm2_cal    
0000888d  VL53L1_set_inter_measurement_period_ms         
000088e5  __aeabi_idiv                                   
000088e5  __aeabi_idivmod                                
0000893d  Encoder_Speed_Get_LEFT                         
00008991  Encoder_Speed_Get_RIGHT                        
000089e5  VL53L1_i2c_decode_int16_t                      
00008a39  VL53L1_encode_timeout                          
00008a8b  VL53L1_i2c_encode_uint32_t                     
00008add  __TI_doflush                                   
00008c71  VL53L1_decode_row_col                          
00008cc1  VL53L1_get_nvm_copy_data                       
00008d11  VL53L1_preset_mode_olt                         
00008d61  close                                          
00008db1  VL53L1_get_customer_nvm_managed                
00008dff  VL53L1_get_static_nvm_managed                  
00008e4d  __aeabi_l2f                                    
00008e4d  __floatdisf                                    
00008f35  VL53L1_calc_timeout_us                         
00008fcb  VL53L1_ReadMulti                               
00009015  VL53L1_WriteMulti                              
00009061  __aeabi_d2iz                                   
00009061  __fixdfsi                                      
000090ad  DL_UART_init                                   
000090f5  HOSTclose                                      
0000913d  HOSTunlink                                     
00009185  SYSCFG_DL_UART_init                            
000091cd  VL53L1_WrByte                                  
00009215  DL_SPI_init                                    
00009259  DL_SYSCTL_switchMCLKfromSYSOSCtoHSCLK          
0000929d  VL53L1_GetInterMeasurementPeriodMilliSeconds   
000092e1  VL53L1_set_user_zone                           
00009325  VL53L1_RdByte                                  
00009367  VL53L1_SetInterMeasurementPeriodMilliSeconds   
000093a9  VL53L1_get_user_zone                           
000093ed  DL_ADC12_setClockConfig                        
0000942d  Encoder_Init                                   
0000946d  SPI_Init                                       
000094ad  SYSCFG_DL_SPI_1_init                           
000094ed  SYSCFG_DL_TIMER_2ms_init                       
0000952d  SYSCFG_DL_UART_3_init                          
0000956d  SYSCFG_DL_UART_CAMERA_init                     
000095ad  SYSCFG_DL_UART_WIRELESS_init                   
000095ed  VL53L1_init_offset_cal_config_struct           
0000962d  __aeabi_uidiv                                  
0000962d  __aeabi_uidivmod                               
0000966d  __aeabi_f2d                                    
0000966d  __extendsfdf2                                  
000096ad  atoi                                           
000096ed  vsnprintf                                      
0000972d  VL53L1_init_ll_driver_state                    
000097a9  SPI_TryLock                                    
000097e5  Uart0_Send_String                              
00009821  VL53L1_encode_row_col                          
0000985d  __aeabi_i2f                                    
0000985d  __floatsisf                                    
00009899  __gesf2                                        
00009899  __gtsf2                                        
000098d5  __TI_auto_init_nobinit_nopinit                 
00009911  VL53L1_RdWord                                  
0000994b  VL53L1_i2c_decode_uint16_t                     
00009985  VL53L1_init_refspadchar_config_struct          
000099c1  __cmpsf2                                       
000099c1  __eqsf2                                        
000099c1  __lesf2                                        
000099c1  __ltsf2                                        
000099c1  __nesf2                                        
000099fd  __muldsi3                                      
00009a39  VL53L1_init_ssc_config_struct                  
00009a71  __aeabi_f2iz                                   
00009a71  __fixsfsi                                      
00009ae1  __aeabi_ul2f                                   
00009ae1  __floatundisf                                  
00009b19  SPI_Unlock                                     
00009b4d  SYSCFG_DL_TIMER_10ms_init                      
00009b81  VL53L1_GetSequenceStepEnable                   
00009bb5  VL53L1_SetDeviceAddress                        
00009c1d  __TI_cleanup                                   
00009c51  __TI_readmsg                                   
00009c85  __TI_writemsg                                  
00009cb1  C$$IO$$                                        
00009cb9  exit                                           
00009ced  finddevice                                     
00009d21  Uart0_Printf                                   
00009d53  VL53L1_config_low_power_auto_mode              
00009d85  __aeabi_f2uiz                                  
00009d85  __fixunssfsi                                   
00009de9  ADC_Test1                                      
00009ea9  UART0_IRQHandler                               
00009f39  button_ticks                                   
00009f99  my_vl53l1x_callback                            
00009fc9  VL53L1_calc_encoded_timeout                    
00009ff7  VL53L1_set_vhv_loopbound                       
0000a025  ADC_Test2                                      
0000a051  Encoder_Count_Get                              
0000a07d  Encoder_Test1                                  
0000a0a9  Uart0_Send_Char                                
0000a0d5  VL53L1_init_version                            
0000a209  __aeabi_i2d                                    
0000a209  __floatsidf                                    
0000a235  unlink                                         
0000a261  VL53L1_calc_decoded_timeout_us                 
0000a355  Delay_ms                                       
0000a37d  OLED_Test1                                     
0000a3a5  TB6612_SetRightMotor                           
0000a3cd  Uart_Test2                                     
0000a3f5  VL53L1_WaitDeviceBooted                        
0000a41d  __aeabi_ui2f                                   
0000a41d  __floatunsisf                                  
0000a46d  lseek                                          
0000a495  write                                          
0000a4bd  _c_int00_noargs                                
0000a50b  DL_I2C_setClockConfig                          
0000a531  VL53L1_WaitUs                                  
0000a57d  TB6612_SetLeftMotor                            
0000a5a1  VL53L1_set_lite_min_count_rate                 
0000a5c5  VL53L1_set_lite_sigma_threshold                
0000a5e9  __aeabi_ui2d                                   
0000a5e9  __floatunsidf                                  
0000a60d  __aeabi_lmul                                   
0000a60d  __muldi3                                       
0000a631  IICwriteByte                                   
0000a653  VL53L1_calc_timeout_mclks                      
0000a675  VL53L1_decode_zone_size                        
0000a697  memccpy                                        
0000a6f9  Uart_Init                                      
0000a719  VL53L1_calc_pll_period_us                      
0000a775  VL53L1_decode_timeout                          
0000a795  __aeabi_llsl                                   
0000a795  __ashldi3                                      
0000a7b5  ADC_Init                                       
0000a7d1  Bat_Init                                       
0000a959  DL_SYSCTL_configFCC                            
0000a9e5  DL_Timer_setCaptCompUpdateMethod               
0000aa01  DL_Timer_setClockConfig                        
0000aa55  VL53L1_encode_zone_size                        
0000aa8d  ADC0_IRQHandler                                
0000aaa7  VL53L1_decode_vcsel_period                     
0000aac1  ADC_Callback                                   
0000ad91  DL_Timer_setCaptureCompareOutCtl               
0000ae21  delay_ms                                       
0000af01  ADC_Read                                       
0000b02d  ICM42688_Test3                                 
0000b041  TIMG0_IRQHandler                               
0000b055  VL53L1_WaitMs                                  
0000b069  __aeabi_uldivmod                               
0000b0a3  DL_SPI_setClockConfig                          
0000b0c7  DL_UART_setClockConfig                         
0000b0eb  TI_memcpy_small                                
0000b0fd  __TI_decompress_none                           
0000b141  DL_Timer_setCaptureCompareValue                
0000b151  IIC_Delay_ms                                   
0000b161  SYSCFG_DL_SYSTICK_init                         
0000b171  SysTick_Handler                                
0000b181  wcslen                                         
0000b191  __TI_zero_init                                 
0000b1b1  __aeabi_memset                                 
0000b1b1  __aeabi_memset4                                
0000b1b1  __aeabi_memset8                                
0000b1e9  TI_memset_small                                
0000b211  Get_ms                                         
0000b21d  __aeabi_memclr                                 
0000b21d  __aeabi_memclr4                                
0000b21d  __aeabi_memclr8                                
0000b241  malloc                                         
0000b24d  DL_Common_delayCycles                          
0000b27b  TIMG7_IRQHandler                               
0000b285  __aeabi_errno_addr                             
0000b28d  __aeabi_memcpy                                 
0000b28d  __aeabi_memcpy4                                
0000b28d  __aeabi_memcpy8                                
0000b2a5  bsp_Icm42688Init                               
0000b2ad  fseek                                          
0000b2b5  remove                                         
0000b2bd  abort                                          
0000b2c3  ADC1_IRQHandler                                
0000b2c3  AES_IRQHandler                                 
0000b2c3  CANFD0_IRQHandler                              
0000b2c3  DAC0_IRQHandler                                
0000b2c3  DMA_IRQHandler                                 
0000b2c3  Default_Handler                                
0000b2c3  GROUP0_IRQHandler                              
0000b2c3  HardFault_Handler                              
0000b2c3  I2C0_IRQHandler                                
0000b2c3  I2C1_IRQHandler                                
0000b2c3  NMI_Handler                                    
0000b2c3  PendSV_Handler                                 
0000b2c3  RTC_IRQHandler                                 
0000b2c3  SPI0_IRQHandler                                
0000b2c3  SPI1_IRQHandler                                
0000b2c3  SVC_Handler                                    
0000b2c3  TIMA0_IRQHandler                               
0000b2c3  TIMA1_IRQHandler                               
0000b2c3  TIMG12_IRQHandler                              
0000b2c3  TIMG6_IRQHandler                               
0000b2c3  TIMG8_IRQHandler                               
0000b2c3  UART1_IRQHandler                               
0000b2c3  UART2_IRQHandler                               
0000b2c3  UART3_IRQHandler                               
0000b2c6  C$$EXIT                                        
0000b2c7  HOSTexit                                       
0000b2cb  Reset_Handler                                  
0000b2e1  _system_pre_init                               
0000b2f0  asc2_2412                                      
0000c04c  asc2_1608                                      
0000c63c  asc2_1206                                      
0000cab0  asc2_0806                                      
0000cce0  __aeabi_ctype_table_                           
0000cce0  __aeabi_ctype_table_C                          
0000d0ec  __TI_Handler_Table_Base                        
0000d0f8  __TI_Handler_Table_Limit                       
0000d100  __TI_CINIT_Base                                
0000d110  __TI_CINIT_Limit                               
0000d110  __TI_CINIT_Warm                                
20200000  VL53_                                          
20200000  __start___llvm_prf_bits                        
20200000  __start___llvm_prf_cnts                        
20200000  __stop___llvm_prf_bits                         
20200000  __stop___llvm_prf_cnts                         
20200aec  OLED_GRAM                                      
20200f6c  VL53                                           
20201310  FIFO_Buffer                                    
202014a0  _CIOBUF_                                       
202014a0  __CIOBUF_                                      
202015c0  Buffer                                         
202016c0  gPWM_BUZZERBackup                              
2020177c  gPWM_SERVOBackup                               
20201838  __TI_tmpnams                                   
202018d8  gPWM_MotorBackup                               
20201978  gTIMER_2msBackup                               
20201a18  pid_left                                       
20201a50  pid_right                                      
20201a88  gUART_3Backup                                  
20201ab8  gSPI_1Backup                                   
20201ae0  distance_                                      
20201aec  ypr                                            
20201af8  parmbuf                                        
20201b04  exInt                                          
20201b08  eyInt                                          
20201b0c  ezInt                                          
20201b10  q0                                             
20201b14  q1                                             
20201b18  q2                                             
20201b1c  q3                                             
20201b20  ADC_RawValue                                   
20201b22  data                                           
20201b28  _sys_memory                                    
20202328  _ftable                                        
20202418  _device                                        
20202490  _stream                                        
202024e0  Mode_data                                      
20202544  __TI_cleanup_ptr                               
20202548  __TI_dtors_ptr                                 
2020254c  Battery_Voltage                                
20202558  encoder_count_l                                
20202560  encoder_count_l_10ms                           
20202568  encoder_count_l_last                           
20202570  encoder_count_r                                
20202578  encoder_count_r_10ms                           
20202580  encoder_count_r_last                           
20202590  Goal_Speed_Left                                
20202594  Goal_Speed_Right                               
20202598  MS                                             
2020259c  US                                             
202025a0  __TI_ft_end                                    
202025a4  __aeabi_errno                                  
202025a8  _lock                                          
202025ac  _unlock                                        
202025c0  data_length                                    
202025c2  ICM42688_is_initialized                        
202025c3  ReadIndex                                      
202025c4  WriteIndex                                     
202025c5  cmd_bat                                        
202025c6  cmd_left_speed                                 
202025c7  cmd_right_speed                                
202025c9  spi_cs_locked                                  
202025ca  spi_cs_locked_channel                          
20207e00  __stack                                        
20208000  __STACK_END                                    
ffffffff  __TI_pprof_out_hndl                            
ffffffff  __TI_prof_data_size                            
ffffffff  __TI_prof_data_start                           
ffffffff  __binit__                                      
ffffffff  binit                                          
UNDEFED   __mpu_init                                     
UNDEFED   _system_post_cinit                             

[466 symbols]
