******************************************************************************
            TI ARM Clang Linker PC v4.0.4                      
******************************************************************************
>> Linked Sat May 30 20:27:48 2026

OUTPUT FILE NAME:   <MSP_Car.out>
ENTRY POINT SYMBOL: "_c_int00_noargs"  address: 0000f915


MEMORY CONFIGURATION

         name            origin    length      used     unused   attr    fill
----------------------  --------  ---------  --------  --------  ----  --------
  FLASH                 00000000   00020000  00012c58  0000d3a8  R  X
  SRAM                  20200000   00008000  00002a0d  000055f3  RW X
  BCR_CONFIG            41c00000   000000ff  00000000  000000ff  R   
  BSL_CONFIG            41c00100   00000080  00000000  00000080  R   


SEGMENT ALLOCATION MAP

run origin  load origin   length   init length attrs members
----------  ----------- ---------- ----------- ----- -------
00000000    00000000    00012c58   00012c58    r-x
  00000000    00000000    000000c0   000000c0    r-- .intvecs
  000000c0    000000c0    00010a10   00010a10    r-x .text
  00010ad0    00010ad0    00002090   00002090    r-- .rodata
  00012b60    00012b60    000000f8   000000f8    r-- .cinit
20200000    20200000    0000280e   00000000    rw-
  20200000    20200000    00001ccf   00000000    rw- .bss
  20201cd0    20201cd0    00000800   00000000    rw- .sysmem
  202024d0    202024d0    0000033e   00000000    rw- .data
20207e00    20207e00    00000200   00000000    rw-
  20207e00    20207e00    00000200   00000000    rw- .stack


SECTION ALLOCATION MAP

 output                                  attributes/
section   page    origin      length       input sections
--------  ----  ----------  ----------   ----------------
.intvecs   0    00000000    000000c0     
                  00000000    000000c0     startup_mspm0g350x_ticlang.o (.intvecs)

.text      0    000000c0    00010a10     
                  000000c0    000009d0     libc.a : _printfi.c.obj (.text:__TI_printfi)
                  00000a90    000006b8            : e_powf.c.obj (.text.powf)
                  00001148    00000644            : k_rem_pio2.c.obj (.text.__kernel_rem_pio2)
                  0000178c    00000454     Encoder.o (.text.Encoder_10ms_Callback)
                  00001be0    00000414     FusionAhrs.o (.text.FusionAhrsUpdate)
                  00001ff4    00000404     vl53l1_api_core.o (.text.VL53L1_get_tuning_parm)
                  000023f8    000003f4     multi_button.o (.text.button_handler)
                  000027ec    000003f0     Encoder.o (.text.Encoder_Callback)
                  00002bdc    000003e8     Drive_Test.o (.text.Drive_Test_Set)
                  00002fc4    000003d8     vl53l1_api_core.o (.text.VL53L1_init_and_start_range)
                  0000339c    00000318     ti_msp_dl_config.o (.text.SYSCFG_DL_GPIO_init)
                  000036b4    000002f6     vl53l1_api_core.o (.text.VL53L1_set_preset_mode)
                  000039aa    00000002     libclang_rt.builtins.a : aeabi_div0.c.obj (.text.__aeabi_idiv0)
                  000039ac    000002e0     Drive_Test.o (.text.Drive_Test3)
                  00003c8c    0000027c     Motor.o (.text.Motor_SetSpeed)
                  00003f08    00000220     libc.a : _printfi.c.obj (.text._pconv_a)
                  00004128    000001fc     vl53l1_register_funcs.o (.text.VL53L1_i2c_decode_nvm_copy_data)
                  00004324    000001f0     IMU.o (.text.IMU_Callback)
                  00004514    000001f0     vl53l1_api.o (.text.VL53L1_SetMeasurementTimingBudgetMicroSeconds)
                  00004704    000001e4     vl53l1_api_preset_modes.o (.text.VL53L1_preset_mode_standard_ranging)
                  000048e8    000001dc     libc.a : _printfi.c.obj (.text._pconv_g)
                  00004ac4    000001d4            : s_cosf.c.obj (.text.cosf)
                  00004c98    000001d0     OLED.o (.text.OLED_ShowChar)
                  00004e68    000001cc     IOI2C.o (.text.IICreadBytes)
                  00005034    000001c8     libc.a : s_atanf.c.obj (.text.atanf)
                  000051fc    000001c8            : s_sinf.c.obj (.text.sinf)
                  000053c4    000001c4     FusionAhrs.o (.text.HalfMagnetic)
                  00005588    000001b4     Motor_Test.o (.text.Motor_Test2)
                  0000573c    00000192     libclang_rt.builtins.a : adddf3.S.obj (.text.adddf3_subdf3)
                  000058ce    00000002                            : aeabi_div0.c.obj (.text.__aeabi_ldiv0)
                  000058d0    00000178     Drive.o (.text.Drive_Callback)
                  00005a48    00000178     vl53l1_api.o (.text.VL53L1_GetMeasurementTimingBudgetMicroSeconds)
                  00005bc0    00000174     IOI2C.o (.text.IIC_ReadOneByte)
                  00005d34    00000170     libc.a : e_sqrt.c.obj (.text.sqrt)
                  00005ea4    00000164     vl53l1_api.o (.text.VL53L1_SetDistanceMode)
                  00006008    00000162     vl53l1_register_funcs.o (.text.VL53L1_i2c_encode_static_config)
                  0000616a    00000002     libc.a : _lock.c.obj (.text._nop)
                  0000616c    00000160     vl53l1x.o (.text.VL53InitParam)
                  000062cc    00000160     libc.a : e_asinf.c.obj (.text.asinf)
                  0000642c    0000015c     vl53l1_api_core.o (.text.VL53L1_get_preset_mode_timing_cfg)
                  00006588    0000014e     FusionAhrs.o (.text.FusionQuaternionProduct)
                  000066d6    00000002     --HOLE-- [fill = 0]
                  000066d8    0000014c     icm42688.o (.text.bsp_Icm42688RegCfg)
                  00006824    00000144     PID.o (.text.PID_Compute)
                  00006968    00000144     libc.a : s_floor.c.obj (.text.floor)
                  00006aac    0000013c            : _printfi.c.obj (.text.fcvt)
                  00006be8    00000134     FusionAhrs.o (.text.FusionAhrsSetSettings)
                  00006d1c    00000134     vl53l1_api_core.o (.text.VL53L1_data_init)
                  00006e50    00000132     FusionAhrs.o (.text.HalfGravity)
                  00006f82    00000002     --HOLE-- [fill = 0]
                  00006f84    00000130     IOI2C.o (.text.IICwriteBytes)
                  000070b4    0000012a     vl53l1_core.o (.text.VL53L1_copy_rtn_good_spads_to_buffer)
                  000071de    00000002     --HOLE-- [fill = 0]
                  000071e0    00000124     vl53l1_api_core.o (.text.VL53L1_read_p2p_data)
                  00007304    00000120     libc.a : _printfi.c.obj (.text._pconv_e)
                  00007424    0000011c     driverlib.a : dl_timer.o (.text.DL_Timer_initCaptureMode)
                  00007540    0000011c     ti_msp_dl_config.o (.text.SYSCFG_DL_initPower)
                  0000765c    00000118     vl53l1x.o (.text.VL53L1Init)
                  00007774    00000118     libc.a : e_atan2f.c.obj (.text.atan2f)
                  0000788c    00000114     icm42688.o (.text.ICM42688_FIFO_Get_RealData)
                  000079a0    00000114     OLED.o (.text.OLED_Init)
                  00007ab4    00000114     libc.a : memory.c.obj (.text.aligned_alloc)
                  00007bc8    0000010e     vl53l1_core.o (.text.VL53L1_update_ll_driver_rd_state)
                  00007cd6    00000002     --HOLE-- [fill = 0]
                  00007cd8    0000010c     libclang_rt.builtins.a : divdf3.S.obj (.text.__divdf3)
                  00007de4    0000010a     FusionAhrs.o (.text.FusionQuaternionVectorProduct)
                  00007eee    00000002     --HOLE-- [fill = 0]
                  00007ef0    00000108     Motor_Test.o (.text.Goal_Step_Change)
                  00007ff8    00000108     tb6612.o (.text.__SetMotor)
                  00008100    00000104     driverlib.a : dl_timer.o (.text.DL_Timer_initFourCCPWMMode)
                  00008204    00000104     Usart.o (.text.UART_ReadCommand)
                  00008308    00000104     vl53l1_register_funcs.o (.text.VL53L1_i2c_decode_customer_nvm_managed)
                  0000840c    00000102     FusionBias.o (.text.FusionBiasUpdate)
                  0000850e    00000002     --HOLE-- [fill = 0]
                  00008510    00000100     icm42688.o (.text.ICM42688_Getoffset)
                  00008610    000000fc     driverlib.a : dl_timer.o (.text.DL_Timer_initTimerMode)
                  0000870c    000000fc     Interrupt.o (.text.GROUP1_IRQHandler)
                  00008808    000000fc     vl53l1_register_funcs.o (.text.VL53L1_i2c_encode_customer_nvm_managed)
                  00008904    000000f8     libc.a : fputs.c.obj (.text.fputs)
                  000089fc    000000f6     IMU.o (.text.FusionQuaternionToEuler)
                  00008af2    000000f4     vl53l1_platform.o (.text.VL53L1_WaitValueMaskEx)
                  00008be6    000000f0     IMU.o (.text.FusionMatrixMultiply)
                  00008cd6    000000f0     vl53l1_api.o (.text.VL53L1_StartMeasurement)
                  00008dc6    00000002     --HOLE-- [fill = 0]
                  00008dc8    000000f0     vl53l1_register_funcs.o (.text.VL53L1_i2c_encode_general_config)
                  00008eb8    000000f0     vl53l1_api_preset_modes.o (.text.VL53L1_init_tuning_parm_storage_struct)
                  00008fa8    000000ec     ti_msp_dl_config.o (.text.SYSCFG_DL_SYSCTL_SYSPLL_init)
                  00009094    000000ec     Uart_Data.o (.text.Uart0_Receive_Command)
                  00009180    000000ea     IMU.o (.text.FusionModelInertial)
                  0000926a    00000002     --HOLE-- [fill = 0]
                  0000926c    000000e8     libc.a : memory.c.obj (.text.free)
                  00009354    000000e4     libclang_rt.builtins.a : muldf3.S.obj (.text.__muldf3)
                  00009438    000000e2     vl53l1_core.o (.text.VL53L1_calc_timeout_register_values)
                  0000951a    000000e2     vl53l1_register_funcs.o (.text.VL53L1_i2c_encode_dynamic_config)
                  000095fc    000000e0     libc.a : setvbuf.c.obj (.text.setvbuf)
                  000096dc    000000de     vl53l1_api_core.o (.text.VL53L1_get_timeouts_us)
                  000097ba    00000002     --HOLE-- [fill = 0]
                  000097bc    000000dc     driverlib.a : dl_sysctl_mspm0g1x0x_g3x0x.o (.text.DL_SYSCTL_configSYSPLL)
                  00009898    000000dc     vl53l1_register_funcs.o (.text.VL53L1_i2c_encode_timing_config)
                  00009974    000000d8     libc.a : s_scalbn.c.obj (.text.scalbn)
                  00009a4c    000000d8     libclang_rt.builtins.a : addsf3.S.obj (.text)
                  00009b24    000000d6     vl53l1_api.o (.text.SetPresetMode)
                  00009bfa    000000d0     FusionAhrs.o (.text.FusionAhrsSetHeading)
                  00009cca    000000cc     vl53l1_api.o (.text.VL53L1_DataInit)
                  00009d96    00000002     --HOLE-- [fill = 0]
                  00009d98    000000cc     vl53l1_core.o (.text.VL53L1_calc_range_ignore_threshold)
                  00009e64    000000c4     vl53l1_api.o (.text.ComputeDevicePresetMode)
                  00009f28    000000c4     Servo.o (.text.Servo_SetPosition)
                  00009fec    000000c0     vl53l1_api.o (.text.VL53L1_SetPresetMode)
                  0000a0ac    000000be     vl53l1_core.o (.text.VL53L1_update_ll_driver_cfg_state)
                  0000a16a    000000ba     vl53l1_api_preset_modes.o (.text.VL53L1_init_xtalk_config_struct)
                  0000a224    000000b8     IMU.o (.text.IMU_init)
                  0000a2dc    000000b0     FusionAhrs.o (.text.FusionAhrsRestart)
                  0000a38c    000000b0     icm42688.o (.text.ICM42688_UnBlocking_CallBack)
                  0000a43c    000000b0     ti_msp_dl_config.o (.text.SYSCFG_DL_PWM_SERVO_init)
                  0000a4ec    000000b0     Usart.o (.text.Write)
                  0000a59c    000000b0     libc.a : s_scalbnf.c.obj (.text.scalbnf)
                  0000a64c    000000ac     vl53l1x_Test.o (.text.VL53L1X_Test1)
                  0000a6f8    000000ac     libc.a : s_cosf.c.obj (.text.__kernel_sindf)
                  0000a7a4    000000ac            : s_sinf.c.obj (.text.__kernel_sindf)
                  0000a850    000000a8     Drive.o (.text.Drive_Init)
                  0000a8f8    000000a8     icm42688.o (.text.bsp_Icm42688GetGres)
                  0000a9a0    000000a4     Motor.o (.text.Motor_Callback)
                  0000aa44    000000a2     libclang_rt.builtins.a : udivmoddi4.S.obj (.text)
                  0000aae6    000000a0     vl53l1_register_funcs.o (.text.VL53L1_i2c_decode_static_nvm_managed)
                  0000ab86    00000002     --HOLE-- [fill = 0]
                  0000ab88    000000a0     libc.a : e_sqrtf.c.obj (.text.sqrtf)
                  0000ac28    0000009e     vl53l1_register_funcs.o (.text.VL53L1_i2c_encode_static_nvm_managed)
                  0000acc6    00000002     --HOLE-- [fill = 0]
                  0000acc8    0000009c     OLED.o (.text.OLED_WR_Byte)
                  0000ad64    0000009c     libc.a : s_cosf.c.obj (.text.__kernel_cosdf)
                  0000ae00    0000009c            : s_sinf.c.obj (.text.__kernel_cosdf)
                  0000ae9c    0000009c            : fputc.c.obj (.text.fputc)
                  0000af38    0000009a     OLED.o (.text.OLED_ShowString)
                  0000afd2    00000094     FusionAhrs.o (.text.FusionVectorCross)
                  0000b066    00000002     --HOLE-- [fill = 0]
                  0000b068    00000094     Motor.o (.text.Motor_Init)
                  0000b0fc    00000094     Key.o (.text.read_key_level)
                  0000b190    00000090     ICM_Test.o (.text.ICM42688_Test3)
                  0000b220    00000090     OLED.o (.text.OLED_DrawPoint)
                  0000b2b0    0000008e     vl53l1_api.o (.text.VL53L1_SetLimitCheckValue)
                  0000b33e    00000002     --HOLE-- [fill = 0]
                  0000b340    0000008c     spi.o (.text.SPI_CS)
                  0000b3cc    0000008c     ti_msp_dl_config.o (.text.SYSCFG_DL_PWM_Motor_init)
                  0000b458    0000008c     libclang_rt.builtins.a : mulsf3.S.obj (.text.__mulsf3)
                  0000b4e4    0000008c     main.o (.text.main)
                  0000b570    0000008a     vl53l1_api.o (.text.VL53L1_SetLimitCheckEnable)
                  0000b5fa    0000008a     vl53l1_api_preset_modes.o (.text.VL53L1_preset_mode_standard_ranging_long_range)
                  0000b684    0000008a     vl53l1_api_preset_modes.o (.text.VL53L1_preset_mode_standard_ranging_short_range)
                  0000b70e    00000002     --HOLE-- [fill = 0]
                  0000b710    00000088     Encoder_Test.o (.text.Encoder_Test2)
                  0000b798    00000088     multi_button.o (.text.button_init)
                  0000b820    00000088     libc.a : strcmp-armv6m.S.obj (.text:strcmp)
                  0000b8a8    00000084     ti_msp_dl_config.o (.text.SYSCFG_DL_init)
                  0000b92c    00000084     ti_msp_dl_config.o (.text.__NVIC_SetPriority)
                  0000b9b0    00000082     FusionAhrs.o (.text.Feedback)
                  0000ba32    00000002     --HOLE-- [fill = 0]
                  0000ba34    00000082     libclang_rt.builtins.a : divsf3.S.obj (.text.__divsf3)
                  0000bab6    0000007e     vl53l1_api_preset_modes.o (.text.VL53L1_preset_mode_timed_ranging_short_range)
                  0000bb34    0000007e     vl53l1x.o (.text.getDistance_Simply)
                  0000bbb2    00000002     --HOLE-- [fill = 0]
                  0000bbb4    0000007c     Bat.o (.text.Bat_Callback)
                  0000bc30    0000007c     FusionAhrs.o (.text.FusionAhrsUpdateNoMagnetometer)
                  0000bcac    0000007c     OLED.o (.text.OLED_Refresh)
                  0000bd28    0000007c     vl53l1_api_preset_modes.o (.text.VL53L1_preset_mode_timed_ranging)
                  0000bda4    0000007c     vl53l1_api_preset_modes.o (.text.VL53L1_preset_mode_timed_ranging_long_range)
                  0000be20    0000007c     vl53l1_api_core.o (.text.VL53L1_set_timeouts_us)
                  0000be9c    0000007c     libc.a : fclose.c.obj (.text.__TI_closefile)
                  0000bf18    0000007c            : copy_decompress_lzss.c.obj (.text:decompress:lzss)
                  0000bf94    00000076     vl53l1_api_core.o (.text.VL53L1_get_sequence_config_bit)
                  0000c00a    00000074     vl53l1_api_preset_modes.o (.text.VL53L1_preset_mode_singleshot_ranging)
                  0000c07e    00000002     --HOLE-- [fill = 0]
                  0000c080    00000074     libclang_rt.builtins.a : comparedf2.c.obj (.text.__gedf2)
                  0000c0f4    0000000c     Bat.o (.text.Bat_Read)
                  0000c100    00000074     libclang_rt.builtins.a : truncdfsf2.S.obj (.text.__truncdfsf2)
                  0000c174    00000070     ti_msp_dl_config.o (.text.SYSCFG_DL_BAT_ADC_init)
                  0000c1e4    00000070     ti_msp_dl_config.o (.text.SYSCFG_DL_SYSCTL_init)
                  0000c254    0000006c     Delay.o (.text.Get_us)
                  0000c2c0    0000006c     libsysbm.a : hostlseek.c.obj (.text.HOSTlseek)
                  0000c32c    0000006c                : hostrename.c.obj (.text.HOSTrename)
                  0000c398    0000006c     icm42688.o (.text.ICM42688_Get_FIFO_Data)
                  0000c404    0000006c     spi.o (.text.SPI_TryLock)
                  0000c470    0000006c     vl53l1_core.o (.text.VL53L1_low_power_auto_data_init)
                  0000c4dc    0000006c     libc.a : fseek.c.obj (.text.fseeko)
                  0000c548    0000006c            : getdevice.c.obj (.text.getdevice)
                  0000c5b4    0000006a     Uart_Data.o (.text.BcdByteToValue)
                  0000c61e    00000002     --HOLE-- [fill = 0]
                  0000c620    00000068     Key.o (.text.Key_Init)
                  0000c688    00000068     ti_msp_dl_config.o (.text.SYSCFG_DL_PWM_BUZZER_init)
                  0000c6f0    00000068     vl53l1_api_core.o (.text.VL53L1_get_mode_mitigation_roi)
                  0000c758    00000068     libclang_rt.builtins.a : comparedf2.c.obj (.text.__ledf2)
                  0000c7c0    00000068     icm42688.o (.text.bsp_Icm42688GetAres)
                  0000c828    00000066     vl53l1_register_funcs.o (.text.VL53L1_i2c_encode_system_control)
                  0000c88e    00000066     libc.a : _printfi.c.obj (.text._mcpy)
                  0000c8f4    00000064     tb6612.o (.text.TB6612_Brake)
                  0000c958    00000064     tb6612.o (.text.TB6612_Coast)
                  0000c9bc    00000064     libc.a : _io_perm.c.obj (.text.__TI_wrt_ok)
                  0000ca20    00000064            : memory.c.obj (.text.split)
                  0000ca84    00000062     vl53l1_wait.o (.text.VL53L1_poll_for_boot_completion)
                  0000cae6    00000002     --HOLE-- [fill = 0]
                  0000cae8    00000062     libclang_rt.builtins.a : aeabi_dcmp.S.obj (.text.__aeabi_dcmp)
                  0000cb4a    00000002     --HOLE-- [fill = 0]
                  0000cb4c    00000062                            : aeabi_fcmp.S.obj (.text.__aeabi_fcmp)
                  0000cbae    00000002     --HOLE-- [fill = 0]
                  0000cbb0    00000060     Drive.o (.text.CalculateAngleError)
                  0000cc10    00000060     libsysbm.a : hostopen.c.obj (.text.HOSTopen)
                  0000cc70    0000005e     driverlib.a : dl_i2c.o (.text.DL_I2C_fillControllerTXFIFO)
                  0000ccce    0000005e     FusionAhrs.o (.text.FusionQuaternionAdd)
                  0000cd2c    0000005e     FusionAhrs.o (.text.FusionQuaternionHadamard)
                  0000cd8a    00000002     --HOLE-- [fill = 0]
                  0000cd8c    0000005c     PID.o (.text.PID_Init)
                  0000cde8    0000005c     Servo_Test.o (.text.Servo_Test)
                  0000ce44    0000005c     multi_button.o (.text.button_start)
                  0000cea0    0000005c     libc.a : s_frexp.c.obj (.text.frexp)
                  0000cefc    0000005c            : printf.c.obj (.text.printf)
                  0000cf58    0000005a     vl53l1_api.o (.text.SetLimitValue)
                  0000cfb2    0000005a     vl53l1_core.o (.text.VL53L1_i2c_encode_int16_t)
                  0000d00c    0000005a     vl53l1_api_preset_modes.o (.text.VL53L1_preset_mode_low_power_auto_long_ranging)
                  0000d066    0000005a     vl53l1_api_preset_modes.o (.text.VL53L1_preset_mode_low_power_auto_ranging)
                  0000d0c0    0000005a     vl53l1_api_preset_modes.o (.text.VL53L1_preset_mode_low_power_auto_short_ranging)
                  0000d11a    00000002     --HOLE-- [fill = 0]
                  0000d11c    00000058     Encoder.o (.text.Encoder_Filter_Select)
                  0000d174    00000058     libsysbm.a : hostread.c.obj (.text.HOSTread)
                  0000d1cc    00000058                : hostwrite.c.obj (.text.HOSTwrite)
                  0000d224    00000058     OLED.o (.text.OLED_Clear)
                  0000d27c    00000058     ti_msp_dl_config.o (.text.SYSCFG_DL_I2C_0_init)
                  0000d2d4    00000058     vl53l1_api.o (.text.VL53L1_StaticInit)
                  0000d32c    00000058     vl53l1_core.o (.text.VL53L1_calc_macro_period_us)
                  0000d384    00000058     libc.a : _ltoa.c.obj (.text.__TI_ltoa)
                  0000d3dc    00000058            : _printfi.c.obj (.text._pconv_f)
                  0000d434    00000056     vl53l1_api_core.o (.text.VL53L1_get_inter_measurement_period_ms)
                  0000d48a    00000056     vl53l1_core.o (.text.VL53L1_i2c_encode_uint16_t)
                  0000d4e0    00000056     vl53l1_api_preset_modes.o (.text.VL53L1_preset_mode_standard_ranging_mm1_cal)
                  0000d536    00000056     vl53l1_api_preset_modes.o (.text.VL53L1_preset_mode_standard_ranging_mm2_cal)
                  0000d58c    00000056     vl53l1_api_core.o (.text.VL53L1_set_inter_measurement_period_ms)
                  0000d5e2    00000002     --HOLE-- [fill = 0]
                  0000d5e4    00000056     libclang_rt.builtins.a : aeabi_idivmod.S.obj (.text.__aeabi_idivmod)
                  0000d63a    00000002     --HOLE-- [fill = 0]
                  0000d63c    00000054     vl53l1_core.o (.text.VL53L1_i2c_decode_int16_t)
                  0000d690    00000052     vl53l1_core.o (.text.VL53L1_encode_timeout)
                  0000d6e2    00000052     vl53l1_core.o (.text.VL53L1_i2c_encode_uint32_t)
                  0000d734    00000052     libc.a : fflush.c.obj (.text.__TI_doflush)
                  0000d786    00000052            : _printfi.c.obj (.text._ecpy)
                  0000d7d8    00000050     ti_msp_dl_config.o (.text.DL_GPIO_initPeripheralInputFunctionFeatures)
                  0000d828    00000050     IOI2C.o (.text.DL_I2C_startControllerTransfer)
                  0000d878    00000050     Encoder.o (.text.Encoder_Init)
                  0000d8c8    00000050     FusionAhrs.o (.text.FusionVectorIsZero)
                  0000d918    00000050     ICM_Test.o (.text.ICM42688_Test4)
                  0000d968    00000050     IMU.o (.text.IMU_GetOrientation)
                  0000d9b8    00000050     ti_msp_dl_config.o (.text.SysTick_Config)
                  0000da08    00000050     vl53l1_core_support.o (.text.VL53L1_decode_row_col)
                  0000da58    00000050     vl53l1_register_funcs.o (.text.VL53L1_get_nvm_copy_data)
                  0000daa8    00000050     vl53l1_api_preset_modes.o (.text.VL53L1_preset_mode_olt)
                  0000daf8    00000050     libsysbm.a : close.c.obj (.text.close)
                  0000db48    0000004e     vl53l1_register_funcs.o (.text.VL53L1_get_customer_nvm_managed)
                  0000db96    0000004e     vl53l1_register_funcs.o (.text.VL53L1_get_static_nvm_managed)
                  0000dbe4    0000004c     ti_msp_dl_config.o (.text.DL_GPIO_initDigitalInputFeatures)
                  0000dc30    0000004c     ti_msp_dl_config.o (.text.DL_UART_setBaudRateDivisor)
                  0000dc7c    0000004c     IMU.o (.text.FusionArcSin)
                  0000dcc8    0000004c     FusionBias.o (.text.FusionBiasSetSettings)
                  0000dd14    0000004c     FusionAhrs.o (.text.FusionFastInverseSqrt)
                  0000dd60    0000004c     vl53l1_core.o (.text.VL53L1_calc_timeout_us)
                  0000ddac    0000004a     ti_msp_dl_config.o (.text.DL_ADC12_configConversionMem)
                  0000ddf6    0000004a     vl53l1_platform.o (.text.VL53L1_ReadMulti)
                  0000de40    0000004a     vl53l1_platform.o (.text.VL53L1_WriteMulti)
                  0000de8a    00000002     --HOLE-- [fill = 0]
                  0000de8c    0000004a     libclang_rt.builtins.a : fixdfsi.S.obj (.text.__fixdfsi)
                  0000ded6    00000002     --HOLE-- [fill = 0]
                  0000ded8    00000048     driverlib.a : dl_uart.o (.text.DL_UART_init)
                  0000df20    00000048     libsysbm.a : hostclose.c.obj (.text.HOSTclose)
                  0000df68    00000048                : hostunlink.c.obj (.text.HOSTunlink)
                  0000dfb0    00000048     ti_msp_dl_config.o (.text.SYSCFG_DL_UART_init)
                  0000dff8    00000046     FusionAhrs.o (.text.FusionQuaternionScale)
                  0000e03e    00000046     FusionAhrs.o (.text.FusionVectorAdd)
                  0000e084    00000046     FusionBias.o (.text.FusionVectorAdd)
                  0000e0ca    00000046     FusionAhrs.o (.text.FusionVectorHadamard)
                  0000e110    00000046     IMU.o (.text.FusionVectorHadamard)
                  0000e156    00000046     FusionBias.o (.text.FusionVectorSubtract)
                  0000e19c    00000046     IMU.o (.text.FusionVectorSubtract)
                  0000e1e2    00000046     vl53l1_platform.o (.text.VL53L1_WrByte)
                  0000e228    00000044     driverlib.a : dl_spi.o (.text.DL_SPI_init)
                  0000e26c    00000044                 : dl_sysctl_mspm0g1x0x_g3x0x.o (.text.DL_SYSCTL_switchMCLKfromSYSOSCtoHSCLK)
                  0000e2b0    00000044     IMU.o (.text.IMU_GetYaw)
                  0000e2f4    00000044     tb6612.o (.text.TB6612_Forward)
                  0000e338    00000044     vl53l1_api.o (.text.VL53L1_GetInterMeasurementPeriodMilliSeconds)
                  0000e37c    00000044     vl53l1_api_core.o (.text.VL53L1_set_user_zone)
                  0000e3c0    00000042     vl53l1_platform.o (.text.VL53L1_RdByte)
                  0000e402    00000042     vl53l1_api.o (.text.VL53L1_SetInterMeasurementPeriodMilliSeconds)
                  0000e444    00000042     vl53l1_api_core.o (.text.VL53L1_get_user_zone)
                  0000e486    00000002     --HOLE-- [fill = 0]
                  0000e488    00000040     driverlib.a : dl_adc12.o (.text.DL_ADC12_setClockConfig)
                  0000e4c8    00000040     Drive.o (.text.Drive_Straight)
                  0000e508    00000040     Drive_Test.o (.text.Drive_Test2)
                  0000e548    00000040     FusionAhrs.o (.text.FusionVectorDot)
                  0000e588    00000040     spi.o (.text.SPI_Init)
                  0000e5c8    00000040     ti_msp_dl_config.o (.text.SYSCFG_DL_SPI_1_init)
                  0000e608    00000040     ti_msp_dl_config.o (.text.SYSCFG_DL_TIMER_2ms_init)
                  0000e648    00000040     ti_msp_dl_config.o (.text.SYSCFG_DL_UART_3_init)
                  0000e688    00000040     ti_msp_dl_config.o (.text.SYSCFG_DL_UART_CAMERA_init)
                  0000e6c8    00000040     ti_msp_dl_config.o (.text.SYSCFG_DL_UART_WIRELESS_init)
                  0000e708    00000040     vl53l1_api_preset_modes.o (.text.VL53L1_init_offset_cal_config_struct)
                  0000e748    00000040     libclang_rt.builtins.a : aeabi_uidivmod.S.obj (.text.__aeabi_uidivmod)
                  0000e788    00000040                            : extendsfdf2.S.obj (.text.__extendsfdf2)
                  0000e7c8    00000040     libc.a : atoi.c.obj (.text.atoi)
                  0000e808    00000040            : vsnprintf.c.obj (.text.vsnprintf)
                  0000e848    0000003e     vl53l1_core.o (.text.VL53L1_init_ll_driver_state)
                  0000e886    00000002     --HOLE-- [fill = 0]
                  0000e888    0000003c     ti_msp_dl_config.o (.text.DL_Timer_setCounterControl)
                  0000e8c4    0000003c     Usart.o (.text.Uart0_Send_String)
                  0000e900    0000003c     vl53l1_core.o (.text.VL53L1_encode_row_col)
                  0000e93c    0000003c     libclang_rt.builtins.a : floatsisf.S.obj (.text.__floatsisf)
                  0000e978    0000003c                            : comparesf2.S.obj (.text.__gtsf2)
                  0000e9b4    0000003c     multi_button.o (.text.button_attach)
                  0000e9f0    0000003c     libc.a : autoinit.c.obj (.text:__TI_auto_init_nobinit_nopinit)
                  0000ea2c    0000003a     vl53l1_platform.o (.text.VL53L1_RdWord)
                  0000ea66    0000003a     vl53l1_core.o (.text.VL53L1_i2c_decode_uint16_t)
                  0000eaa0    0000003a     vl53l1_api_preset_modes.o (.text.VL53L1_init_refspadchar_config_struct)
                  0000eada    00000002     --HOLE-- [fill = 0]
                  0000eadc    0000003a     libclang_rt.builtins.a : comparesf2.S.obj (.text.__eqsf2)
                  0000eb16    00000002     --HOLE-- [fill = 0]
                  0000eb18    0000003a                            : muldsi3.S.obj (.text.__muldsi3)
                  0000eb52    00000038     FusionAhrs.o (.text.FusionQuaternionNormalise)
                  0000eb8a    00000002     --HOLE-- [fill = 0]
                  0000eb8c    00000038     vl53l1_api_preset_modes.o (.text.VL53L1_init_ssc_config_struct)
                  0000ebc4    00000038     libclang_rt.builtins.a : fixsfsi.S.obj (.text.__fixsfsi)
                  0000ebfc    00000038     icm42688.o (.text.icm42688_read_reg)
                  0000ec34    00000038     libc.a : sprintf.c.obj (.text.sprintf)
                  0000ec6c    00000036     FusionAhrs.o (.text.FusionVectorScale)
                  0000eca2    00000036     FusionBias.o (.text.FusionVectorScale)
                  0000ecd8    00000036     libclang_rt.builtins.a : floatundisf.S.obj (.text.__floatundisf)
                  0000ed0e    00000034     FusionAhrs.o (.text.Clamp)
                  0000ed42    00000002     --HOLE-- [fill = 0]
                  0000ed44    00000034     Drive.o (.text.Drive_Turn)
                  0000ed78    00000034     FusionAhrs.o (.text.FusionQuaternionNormSquared)
                  0000edac    00000034     spi.o (.text.SPI_Unlock)
                  0000ede0    00000034     ti_msp_dl_config.o (.text.SYSCFG_DL_TIMER_10ms_init)
                  0000ee14    00000034     vl53l1_api.o (.text.VL53L1_GetSequenceStepEnable)
                  0000ee48    00000034     vl53l1_api.o (.text.VL53L1_SetDeviceAddress)
                  0000ee7c    00000034     icm42688.o (.text.__NVIC_DisableIRQ)
                  0000eeb0    00000034     libc.a : fopen.c.obj (.text.__TI_cleanup)
                  0000eee4    00000034     libsysbm.a : trgmsg.c.obj (.text.__TI_readmsg)
                  0000ef18    00000034                : trgmsg.c.obj (.text.__TI_writemsg)
                  0000ef4c    00000034     libc.a : exit.c.obj (.text.exit)
                  0000ef80    00000034            : getdevice.c.obj (.text.finddevice)
                  0000efb4    00000032     Usart.o (.text.Uart0_Printf)
                  0000efe6    00000032     vl53l1_core.o (.text.VL53L1_config_low_power_auto_mode)
                  0000f018    00000032     libclang_rt.builtins.a : fixunssfsi.S.obj (.text.__fixunssfsi)
                  0000f04a    00000032     icm42688.o (.text.icm42688_write_reg)
                  0000f07c    00000030     ADC_Test.o (.text.ADC_Test1)
                  0000f0ac    00000030     ADC.o (.text.DL_ADC12_getMemResult)
                  0000f0dc    00000030     ti_msp_dl_config.o (.text.DL_GPIO_initDigitalOutputFeatures)
                  0000f10c    00000030     ti_msp_dl_config.o (.text.DL_SPI_setFIFOThreshold)
                  0000f13c    00000030     Drive.o (.text.Drive_Stop)
                  0000f16c    00000030     FusionBias.o (.text.FusionBiasInitialise)
                  0000f19c    00000030     Key_Test.o (.text.Key_Test)
                  0000f1cc    00000030     Motor.o (.text.Motor_SetK)
                  0000f1fc    00000030     tb6612.o (.text.TB6612_Init)
                  0000f22c    00000030     Usart.o (.text.UART0_IRQHandler)
                  0000f25c    00000030     libc.a : _printfi.c.obj (.text._fcpy)
                  0000f28c    00000030            : vsnprintf.c.obj (.text._outs)
                  0000f2bc    00000030     multi_button.o (.text.button_ticks)
                  0000f2ec    00000030     icm42688.o (.text.icm_spi_transfer_byte)
                  0000f31c    00000030     my_vl53l1x.o (.text.my_vl53l1x_callback)
                  0000f34c    0000002e     FusionAhrs.o (.text.FusionVectorNormalise)
                  0000f37a    0000002e     vl53l1_core.o (.text.VL53L1_calc_encoded_timeout)
                  0000f3a8    0000002e     vl53l1_api_core.o (.text.VL53L1_set_vhv_loopbound)
                  0000f3d6    00000002     --HOLE-- [fill = 0]
                  0000f3d8    0000002c     ADC_Test.o (.text.ADC_Test2)
                  0000f404    0000002c     Encoder.o (.text.Encoder_Count_Get)
                  0000f430    0000002c     Encoder_Test.o (.text.Encoder_Test1)
                  0000f45c    0000002c     ti_msp_dl_config.o (.text.SYSCFG_DL_CAPTURE_0_init)
                  0000f488    0000002c     Usart.o (.text.Uart0_Send_Char)
                  0000f4b4    0000002c     vl53l1_core.o (.text.VL53L1_init_version)
                  0000f4e0    0000002c     Usart.o (.text.__NVIC_ClearPendingIRQ)
                  0000f50c    0000002c     ADC.o (.text.__NVIC_EnableIRQ)
                  0000f538    0000002c     Usart.o (.text.__NVIC_EnableIRQ)
                  0000f564    0000002c     icm42688.o (.text.__NVIC_EnableIRQ)
                  0000f590    0000002c     main.o (.text.__NVIC_EnableIRQ)
                  0000f5bc    0000002c     libclang_rt.builtins.a : floatsidf.S.obj (.text.__floatsidf)
                  0000f5e8    0000002c     libsysbm.a : unlink.c.obj (.text.unlink)
                  0000f614    0000002a     FusionAhrs.o (.text.FusionVectorNormSquared)
                  0000f63e    0000002a     PID.o (.text.PID_SetLimit)
                  0000f668    0000002a     vl53l1_core.o (.text.VL53L1_calc_decoded_timeout_us)
                  0000f692    00000028     Uart_Data.o (.text.BcdNibbleToDigit)
                  0000f6ba    00000002     --HOLE-- [fill = 0]
                  0000f6bc    00000028     ti_msp_dl_config.o (.text.DL_ADC12_configHwAverage)
                  0000f6e4    00000028     IOI2C.o (.text.DL_Common_updateReg)
                  0000f70c    00000028     ti_msp_dl_config.o (.text.DL_Common_updateReg)
                  0000f734    00000028     ti_msp_dl_config.o (.text.DL_I2C_setControllerRXFIFOThreshold)
                  0000f75c    00000028     ti_msp_dl_config.o (.text.DL_I2C_setControllerTXFIFOThreshold)
                  0000f784    00000028     Delay.o (.text.Delay_ms)
                  0000f7ac    00000028     Motor.o (.text.Motor_Stop)
                  0000f7d4    00000028     OLED_Test.o (.text.OLED_Test1)
                  0000f7fc    00000028     tb6612.o (.text.TB6612_SetRightMotor)
                  0000f824    00000028     Uart_Test.o (.text.Uart_Test2)
                  0000f84c    00000028     vl53l1_api.o (.text.VL53L1_WaitDeviceBooted)
                  0000f874    00000028     libclang_rt.builtins.a : floatunsisf.S.obj (.text.__floatunsisf)
                  0000f89c    00000028     libc.a : memory.c.obj (.text.free_list_insert)
                  0000f8c4    00000028     libsysbm.a : lseek.c.obj (.text.lseek)
                  0000f8ec    00000028                : write.c.obj (.text.write)
                  0000f914    00000028     libc.a : boot_cortex_m.c.obj (.text:_c_int00_noargs)
                  0000f93c    00000026     ti_msp_dl_config.o (.text.DL_I2C_setAnalogGlitchFilterPulseWidth)
                  0000f962    00000026     driverlib.a : dl_i2c.o (.text.DL_I2C_setClockConfig)
                  0000f988    00000026     vl53l1_platform.o (.text.VL53L1_WaitUs)
                  0000f9ae    00000002     --HOLE-- [fill = 0]
                  0000f9b0    00000024     ti_msp_dl_config.o (.text.DL_SPI_setBitRateSerialClockDivider)
                  0000f9d4    00000024     Encoder.o (.text.Encoder_AngleSpeed_Get)
                  0000f9f8    00000024     Encoder.o (.text.Encoder_Speed_Get)
                  0000fa1c    00000024     FusionAhrs.o (.text.FusionQuaternionSum)
                  0000fa40    00000024     tb6612.o (.text.TB6612_SetLeftMotor)
                  0000fa64    00000024     vl53l1_api_core.o (.text.VL53L1_set_lite_min_count_rate)
                  0000fa88    00000024     vl53l1_api_core.o (.text.VL53L1_set_lite_sigma_threshold)
                  0000faac    00000024     libclang_rt.builtins.a : floatunsidf.S.obj (.text.__floatunsidf)
                  0000fad0    00000024                            : muldi3.S.obj (.text.__muldi3)
                  0000faf4    00000022     IOI2C.o (.text.IICwriteByte)
                  0000fb16    00000022     PID.o (.text.PID_SetK)
                  0000fb38    00000022     vl53l1_core.o (.text.VL53L1_calc_timeout_mclks)
                  0000fb5a    00000022     vl53l1_core.o (.text.VL53L1_decode_zone_size)
                  0000fb7c    00000022     libc.a : memccpy.c.obj (.text.memccpy)
                  0000fb9e    00000002     --HOLE-- [fill = 0]
                  0000fba0    00000020     ti_msp_dl_config.o (.text.DL_GPIO_initPeripheralInputFunction)
                  0000fbc0    00000020     ti_msp_dl_config.o (.text.DL_SYSCTL_setFlashWaitState)
                  0000fbe0    00000020     Drive.o (.text.Drive_Straight_SetK)
                  0000fc00    00000020     Drive.o (.text.Drive_Turn_SetK)
                  0000fc20    00000020     FusionAhrs.o (.text.FusionAhrsGetQuaternion)
                  0000fc40    00000020     Usart.o (.text.Uart_Init)
                  0000fc60    00000020     vl53l1_core_support.o (.text.VL53L1_calc_pll_period_us)
                  0000fc80    0000001e     ti_msp_dl_config.o (.text.DL_ADC12_setPowerDownMode)
                  0000fc9e    0000001e     ti_msp_dl_config.o (.text.DL_UART_setOversampling)
                  0000fcbc    0000001e     vl53l1_core.o (.text.VL53L1_decode_timeout)
                  0000fcda    00000002     --HOLE-- [fill = 0]
                  0000fcdc    0000001e     libclang_rt.builtins.a : ashldi3.S.obj (.text.__ashldi3)
                  0000fcfa    00000002     --HOLE-- [fill = 0]
                  0000fcfc    0000001c     ADC.o (.text.ADC_Init)
                  0000fd18    0000001c     Bat.o (.text.Bat_Init)
                  0000fd34    0000001c     ti_msp_dl_config.o (.text.DL_ADC12_clearInterruptStatus)
                  0000fd50    0000001c     ti_msp_dl_config.o (.text.DL_ADC12_enableInterrupt)
                  0000fd6c    0000001c     ADC.o (.text.DL_ADC12_startConversion)
                  0000fd88    0000001c     Bat.o (.text.DL_ADC12_startConversion)
                  0000fda4    0000001c     Interrupt.o (.text.DL_GPIO_clearInterruptStatus)
                  0000fdc0    0000001c     ti_msp_dl_config.o (.text.DL_GPIO_clearInterruptStatus)
                  0000fddc    0000001c     ti_msp_dl_config.o (.text.DL_GPIO_enableHiZ)
                  0000fdf8    0000001c     ti_msp_dl_config.o (.text.DL_GPIO_enableInterrupt)
                  0000fe14    0000001c     ti_msp_dl_config.o (.text.DL_GPIO_initPeripheralOutputFunction)
                  0000fe30    0000001c     ti_msp_dl_config.o (.text.DL_GPIO_setLowerPinsInputFilter)
                  0000fe4c    0000001c     ti_msp_dl_config.o (.text.DL_GPIO_setLowerPinsPolarity)
                  0000fe68    0000001c     ti_msp_dl_config.o (.text.DL_GPIO_setUpperPinsInputFilter)
                  0000fe84    0000001c     IOI2C.o (.text.DL_I2C_isControllerRXFIFOEmpty)
                  0000fea0    0000001c     driverlib.a : dl_sysctl_mspm0g1x0x_g3x0x.o (.text.DL_SYSCTL_configFCC)
                  0000febc    0000001c     ti_msp_dl_config.o (.text.DL_SYSCTL_setFCCPeriods)
                  0000fed8    0000001c     ti_msp_dl_config.o (.text.DL_SYSCTL_setSYSOSCFreq)
                  0000fef4    0000001c     ti_msp_dl_config.o (.text.DL_SYSCTL_setULPCLKDivider)
                  0000ff10    0000001c     ti_msp_dl_config.o (.text.DL_Timer_enableInterrupt)
                  0000ff2c    0000001c     driverlib.a : dl_timer.o (.text.DL_Timer_setCaptCompUpdateMethod)
                  0000ff48    0000001c                 : dl_timer.o (.text.DL_Timer_setClockConfig)
                  0000ff64    0000001c     ti_msp_dl_config.o (.text.DL_UART_enableInterrupt)
                  0000ff80    0000001c     FusionAhrs.o (.text.FusionAhrsInitialise)
                  0000ff9c    0000001c     FusionAhrs.o (.text.FusionVectorSum)
                  0000ffb8    0000001c     Usart.o (.text.GetLength)
                  0000ffd4    0000001c     Usart.o (.text.Read)
                  0000fff0    0000001c     vl53l1_core.o (.text.VL53L1_encode_zone_size)
                  0001000c    0000001c     libc.a : memory.c.obj (.text.free_list_remove)
                  00010028    0000001a     Interrupt.o (.text.ADC0_IRQHandler)
                  00010042    0000001a     vl53l1_core_support.o (.text.VL53L1_decode_vcsel_period)
                  0001005c    00000018     ADC.o (.text.ADC_Callback)
                  00010074    00000018     Usart.o (.text.AddReadIndex)
                  0001008c    00000018     ti_msp_dl_config.o (.text.DL_ADC12_enablePower)
                  000100a4    00000018     ti_msp_dl_config.o (.text.DL_ADC12_reset)
                  000100bc    00000018     ti_msp_dl_config.o (.text.DL_ADC12_setSampleTime0)
                  000100d4    00000018     ti_msp_dl_config.o (.text.DL_GPIO_enableOutput)
                  000100ec    00000018     ti_msp_dl_config.o (.text.DL_GPIO_enablePower)
                  00010104    00000018     Interrupt.o (.text.DL_GPIO_getEnabledInterruptStatus)
                  0001011c    00000018     ti_msp_dl_config.o (.text.DL_GPIO_initDigitalOutput)
                  00010134    00000018     ti_msp_dl_config.o (.text.DL_GPIO_reset)
                  0001014c    00000018     OLED.o (.text.DL_GPIO_setPins)
                  00010164    00000018     spi.o (.text.DL_GPIO_setPins)
                  0001017c    00000018     tb6612.o (.text.DL_GPIO_setPins)
                  00010194    00000018     ti_msp_dl_config.o (.text.DL_GPIO_setPins)
                  000101ac    00000018     ti_msp_dl_config.o (.text.DL_GPIO_setUpperPinsPolarity)
                  000101c4    00000018     IOI2C.o (.text.DL_I2C_clearInterruptStatus)
                  000101dc    00000018     ti_msp_dl_config.o (.text.DL_I2C_enableAnalogGlitchFilter)
                  000101f4    00000018     ti_msp_dl_config.o (.text.DL_I2C_enableController)
                  0001020c    00000018     ti_msp_dl_config.o (.text.DL_I2C_enableControllerClockStretching)
                  00010224    00000018     ti_msp_dl_config.o (.text.DL_I2C_enablePower)
                  0001023c    00000018     IOI2C.o (.text.DL_I2C_getRawInterruptStatus)
                  00010254    00000018     ti_msp_dl_config.o (.text.DL_I2C_reset)
                  0001026c    00000018     ti_msp_dl_config.o (.text.DL_I2C_setTimerPeriod)
                  00010284    00000018     ti_msp_dl_config.o (.text.DL_SPI_enable)
                  0001029c    00000018     ti_msp_dl_config.o (.text.DL_SPI_enablePower)
                  000102b4    00000018     OLED.o (.text.DL_SPI_isBusy)
                  000102cc    00000018     icm42688.o (.text.DL_SPI_isBusy)
                  000102e4    00000018     ti_msp_dl_config.o (.text.DL_SPI_reset)
                  000102fc    00000018     ti_msp_dl_config.o (.text.DL_SYSCTL_setBORThreshold)
                  00010314    00000018     ti_msp_dl_config.o (.text.DL_Timer_enablePower)
                  0001032c    00000018     ti_msp_dl_config.o (.text.DL_Timer_reset)
                  00010344    00000018     driverlib.a : dl_timer.o (.text.DL_Timer_setCaptureCompareOutCtl)
                  0001035c    00000018     main.o (.text.DL_Timer_startCounter)
                  00010374    00000018     tb6612.o (.text.DL_Timer_startCounter)
                  0001038c    00000018     ti_msp_dl_config.o (.text.DL_UART_enablePower)
                  000103a4    00000018     Usart.o (.text.DL_UART_isBusy)
                  000103bc    00000018     ti_msp_dl_config.o (.text.DL_UART_reset)
                  000103d4    00000018     FusionAhrs.o (.text.FusionDegreesToRadians)
                  000103ec    00000018     IMU.o (.text.FusionRadiansToDegrees)
                  00010404    00000018     Key.o (.text.Key_Num_Get)
                  0001041c    00000018     Key.o (.text.SingleClickCallback)
                  00010434    00000018     Interrupt.o (.text.TIMG0_IRQHandler)
                  0001044c    00000018     libc.a : vsnprintf.c.obj (.text._outc)
                  00010464    00000018            : sprintf.c.obj (.text._outs)
                  0001047c    00000018     icm42688.o (.text.delay_ms)
                  00010494    00000016     Bat.o (.text.DL_ADC12_enableConversions)
                  000104aa    00000016     ti_msp_dl_config.o (.text.DL_ADC12_enableConversions)
                  000104c0    00000016     Encoder.o (.text.DL_GPIO_readPins)
                  000104d6    00000016     Key.o (.text.DL_GPIO_readPins)
                  000104ec    00000016     icm42688.o (.text.DL_GPIO_readPins)
                  00010502    00000016     tb6612.o (.text.DL_GPIO_readPins)
                  00010518    00000016     OLED.o (.text.DL_SPI_transmitData8)
                  0001052e    00000016     icm42688.o (.text.DL_SPI_transmitData8)
                  00010544    00000016     ti_msp_dl_config.o (.text.DL_UART_enable)
                  0001055a    00000016     Usart.o (.text.DL_UART_transmitData)
                  00010570    00000016     libc.a : k_rem_pio2.c.obj (.text.OUTLINED_FUNCTION_0)
                  00010586    00000002     --HOLE-- [fill = 0]
                  00010588    00000010     libclang_rt.builtins.a : adddf3.S.obj (.tramp.__aeabi_dadd.1)
                  00010598    00000014     ADC.o (.text.ADC_Read)
                  000105ac    00000014     OLED.o (.text.DL_GPIO_clearPins)
                  000105c0    00000014     spi.o (.text.DL_GPIO_clearPins)
                  000105d4    00000014     tb6612.o (.text.DL_GPIO_clearPins)
                  000105e8    00000014     ti_msp_dl_config.o (.text.DL_GPIO_clearPins)
                  000105fc    00000014     IOI2C.o (.text.DL_I2C_getControllerStatus)
                  00010610    00000014     IOI2C.o (.text.DL_I2C_receiveControllerData)
                  00010624    00000014     ti_msp_dl_config.o (.text.DL_I2C_resetControllerTransfer)
                  00010638    00000014     OLED.o (.text.DL_SPI_receiveData8)
                  0001064c    00000014     icm42688.o (.text.DL_SPI_receiveData8)
                  00010660    00000014     ti_msp_dl_config.o (.text.DL_SYSCTL_disableSYSPLL)
                  00010674    00000014     ti_msp_dl_config.o (.text.DL_SYSCTL_enableSYSPLL)
                  00010688    00000014     ti_msp_dl_config.o (.text.DL_Timer_enableClock)
                  0001069c    00000014     ti_msp_dl_config.o (.text.DL_Timer_setCCPDirection)
                  000106b0    00000014     Usart.o (.text.DL_UART_receiveData)
                  000106c4    00000014     Encoder.o (.text.Encoder_Speed_Get_LEFT)
                  000106d8    00000014     Encoder.o (.text.Encoder_Speed_Get_RIGHT)
                  000106ec    00000014     Motor.o (.text.Motor_Start)
                  00010700    00000014     TB6612_Test.o (.text.TB6612_Test1)
                  00010714    00000014     vl53l1_platform.o (.text.VL53L1_WaitMs)
                  00010728    00000014     libclang_rt.builtins.a : aeabi_uldivmod.S.obj (.text.__aeabi_uldivmod)
                  0001073c    00000014     libc.a : _printfi.c.obj (.text.strchr)
                  00010750    00000012     Interrupt.o (.text.DL_ADC12_getPendingInterrupt)
                  00010762    00000012     driverlib.a : dl_spi.o (.text.DL_SPI_setClockConfig)
                  00010774    00000012     Usart.o (.text.DL_UART_getPendingInterrupt)
                  00010786    00000012     driverlib.a : dl_uart.o (.text.DL_UART_setClockConfig)
                  00010798    00000012     multi_button.o (.text.button_read_level)
                  000107aa    00000012     libc.a : memcpy16.S.obj (.text:TI_memcpy_small)
                  000107bc    00000012            : copy_decompress_none.c.obj (.text:decompress:none)
                  000107ce    00000002     --HOLE-- [fill = 0]
                  000107d0    00000010     ti_msp_dl_config.o (.text.DL_SYSCTL_disableHFXT)
                  000107e0    00000010     ti_msp_dl_config.o (.text.DL_SYSCTL_isFCCDone)
                  000107f0    00000010     ti_msp_dl_config.o (.text.DL_SYSCTL_startFCC)
                  00010800    00000010     driverlib.a : dl_timer.o (.text.DL_Timer_setCaptureCompareValue)
                  00010810    00000010     IOI2C.o (.text.IIC_Delay_ms)
                  00010820    00000010     libc.a : k_rem_pio2.c.obj (.text.OUTLINED_FUNCTION_2)
                  00010830    00000010     PID.o (.text.PID_SetGoal)
                  00010840    00000010     ti_msp_dl_config.o (.text.SYSCFG_DL_SYSTICK_init)
                  00010850    00000010     Delay.o (.text.SysTick_Handler)
                  00010860    00000010     libc.a : wcslen.c.obj (.text.wcslen)
                  00010870    00000010            : copy_zero_init.c.obj (.text:decompress:ZI)
                  00010880    0000000e            : memory.c.obj (.text.OUTLINED_FUNCTION_0)
                  0001088e    00000002     --HOLE-- [fill = 0]
                  00010890    0000000e     libclang_rt.builtins.a : aeabi_memset.S.obj (.text.__aeabi_memset)
                  0001089e    0000000e     libsysbm.a : hostrename.c.obj (.text.strcpy)
                  000108ac    0000000e     libc.a : _printfi.c.obj (.text.strlen)
                  000108ba    0000000e     libsysbm.a : hostrename.c.obj (.text.strlen)
                  000108c8    0000000e     libc.a : memset16.S.obj (.text:TI_memset_small)
                  000108d6    00000002     --HOLE-- [fill = 0]
                  000108d8    0000000c     ti_msp_dl_config.o (.text.DL_SYSCTL_getClockStatus)
                  000108e4    0000000c     ti_msp_dl_config.o (.text.DL_SYSCTL_readFCC)
                  000108f0    0000000c     Usart.o (.text.GetRemain)
                  000108fc    0000000c     Delay.o (.text.Get_ms)
                  00010908    0000000c     libclang_rt.builtins.a : aeabi_memset.S.obj (.text.__aeabi_memclr)
                  00010914    0000000c     icm42688.o (.text.icm_cs_high)
                  00010920    0000000c     icm42688.o (.text.icm_cs_low)
                  0001092c    0000000c     libc.a : memory.c.obj (.text.malloc)
                  00010938    0000000a     driverlib.a : dl_common.o (.text.DL_Common_delayCycles)
                  00010942    0000000a     ICM_Test.o (.text.ICM42688_Test2)
                  0001094c    0000000a     libc.a : _printfi.c.obj (.text.OUTLINED_FUNCTION_0)
                  00010956    00000002     --HOLE-- [fill = 0]
                  00010958    00000010     libclang_rt.builtins.a : adddf3.S.obj (.tramp.__aeabi_dsub.1)
                  00010968    0000000a     libc.a : _printfi.c.obj (.text.OUTLINED_FUNCTION_1)
                  00010972    0000000a            : k_rem_pio2.c.obj (.text.OUTLINED_FUNCTION_1)
                  0001097c    0000000a            : s_cosf.c.obj (.text.OUTLINED_FUNCTION_3)
                  00010986    0000000a            : s_sinf.c.obj (.text.OUTLINED_FUNCTION_3)
                  00010990    0000000a            : sprintf.c.obj (.text._outc)
                  0001099a    00000008     Interrupt.o (.text.TIMG7_IRQHandler)
                  000109a2    00000002     --HOLE-- [fill = 0]
                  000109a4    00000008     libc.a : aeabi_portable.c.obj (.text.__aeabi_errno_addr)
                  000109ac    00000008     libclang_rt.builtins.a : aeabi_memcpy.S.obj (.text.__aeabi_memcpy)
                  000109b4    00000008     libc.a : printf.c.obj (.text._outc)
                  000109bc    00000008            : printf.c.obj (.text._outs)
                  000109c4    00000008     icm42688.o (.text.bsp_Icm42688Init)
                  000109cc    00000008     libc.a : fseek.c.obj (.text.fseek)
                  000109d4    00000008     libsysbm.a : remove.c.obj (.text.remove)
                  000109dc    00000006     libc.a : e_asinf.c.obj (.text.OUTLINED_FUNCTION_0)
                  000109e2    00000002     --HOLE-- [fill = 0]
                  000109e4    00000010     libclang_rt.builtins.a : mulsf3.S.obj (.tramp.__aeabi_fmul.1)
                  000109f4    00000006     libc.a : s_atanf.c.obj (.text.OUTLINED_FUNCTION_0)
                  000109fa    00000002     --HOLE-- [fill = 0]
                  000109fc    00000010     libclang_rt.builtins.a : divsf3.S.obj (.tramp.__aeabi_fdiv.1)
                  00010a0c    00000006     libc.a : s_cosf.c.obj (.text.OUTLINED_FUNCTION_0)
                  00010a12    00000002     --HOLE-- [fill = 0]
                  00010a14    00000010     libclang_rt.builtins.a : muldf3.S.obj (.tramp.__aeabi_dmul.1)
                  00010a24    00000006     libc.a : s_sinf.c.obj (.text.OUTLINED_FUNCTION_0)
                  00010a2a    00000006            : e_powf.c.obj (.text.OUTLINED_FUNCTION_1)
                  00010a30    00000006            : s_cosf.c.obj (.text.OUTLINED_FUNCTION_1)
                  00010a36    00000006            : s_sinf.c.obj (.text.OUTLINED_FUNCTION_1)
                  00010a3c    00000006            : e_powf.c.obj (.text.OUTLINED_FUNCTION_3)
                  00010a42    00000002     --HOLE-- [fill = 0]
                  00010a44    00000010     libclang_rt.builtins.a : addsf3.S.obj (.tramp.__aeabi_fadd.1)
                  00010a54    00000006     libc.a : e_powf.c.obj (.text.OUTLINED_FUNCTION_4)
                  00010a5a    00000002     --HOLE-- [fill = 0]
                  00010a5c    00000010     libclang_rt.builtins.a : addsf3.S.obj (.tramp.__aeabi_fsub.1)
                  00010a6c    00000006     libc.a : e_powf.c.obj (.text.OUTLINED_FUNCTION_5)
                  00010a72    00000006            : e_powf.c.obj (.text.OUTLINED_FUNCTION_6)
                  00010a78    00000006            : exit.c.obj (.text:abort)
                  00010a7e    00000004     startup_mspm0g350x_ticlang.o (.text.Default_Handler)
                  00010a82    00000004     libsysbm.a : hostexit.c.obj (.text.HOSTexit)
                  00010a86    00000004     libc.a : e_powf.c.obj (.text.OUTLINED_FUNCTION_0)
                  00010a8a    00000004            : s_atanf.c.obj (.text.OUTLINED_FUNCTION_1)
                  00010a8e    00000004            : e_powf.c.obj (.text.OUTLINED_FUNCTION_2)
                  00010a92    00000004            : s_cosf.c.obj (.text.OUTLINED_FUNCTION_2)
                  00010a96    00000002     --HOLE-- [fill = 0]
                  00010a98    00000010     libclang_rt.builtins.a : extendsfdf2.S.obj (.tramp.__aeabi_f2d.1)
                  00010aa8    00000004     libc.a : s_sinf.c.obj (.text.OUTLINED_FUNCTION_2)
                  00010aac    00000004            : e_powf.c.obj (.text.OUTLINED_FUNCTION_7)
                  00010ab0    00000004            : e_powf.c.obj (.text.OUTLINED_FUNCTION_8)
                  00010ab4    00000004     startup_mspm0g350x_ticlang.o (.text.Reset_Handler)
                  00010ab8    00000010     libc.a : boot_cortex_m.c.obj (.tramp._c_int00_noargs.1)
                  00010ac8    00000004            : pre_init.c.obj (.text._system_pre_init)
                  00010acc    00000004     --HOLE-- [fill = 0]

.cinit     0    00012b60    000000f8     
                  00012b60    000000d0     (.cinit..data.load) [load image, compression = lzss]
                  00012c30    0000000c     (__TI_handler_table)
                  00012c3c    00000008     (.cinit..bss.load) [load image, compression = zero_init]
                  00012c44    00000010     (__TI_cinit_table)
                  00012c54    00000004     --HOLE-- [fill = 0]

.rodata    0    00010ad0    00002090     
                  00010ad0    00000d5c     OLED.o (.rodata.asc2_2412)
                  0001182c    000005f0     OLED.o (.rodata.asc2_1608)
                  00011e1c    00000474     OLED.o (.rodata.asc2_1206)
                  00012290    00000228     OLED.o (.rodata.asc2_0806)
                  000124b8    00000108     libc.a : k_rem_pio2.c.obj (.rodata.ipio2)
                  000125c0    00000101            : aeabi_ctype.S.obj (.rodata:__aeabi_ctype_table_)
                  000126c1    00000007     Encoder_Test.o (.rodata.str1.17708060195393170552.1)
                  000126c8    00000040     libc.a : k_rem_pio2.c.obj (.rodata.PIo2)
                  00012708    0000003c     ICM_Test.o (.rodata.str1.3271256099631588847.1)
                  00012744    00000030     vl53l1x.o (.rodata.str1.8665556936548998902.1)
                  00012774    00000028     ti_msp_dl_config.o (.rodata.gSYSPLLConfig)
                  0001279c    00000026     ICM_Test.o (.rodata.str1.17276630036601735024.1)
                  000127c2    00000002     ti_msp_dl_config.o (.rodata.gI2C_0ClockConfig)
                  000127c4    00000024     IMU.o (.rodata.accelerometerMisalignment)
                  000127e8    00000024     IMU.o (.rodata.gyroscopeMisalignment)
                  0001280c    00000022     Motor_Test.o (.rodata.str1.2980021620566813987.1)
                  0001282e    00000002     ti_msp_dl_config.o (.rodata.gSPI_1_clockConfig)
                  00012830    00000020     libc.a : s_atanf.c.obj (.rodata.cst16)
                  00012850    0000001e     Encoder_Test.o (.rodata.str1.16162214016713503692.1)
                  0001286e    0000001c     vl53l1x.o (.rodata.str1.12793480914977007934.1)
                  0001288a    0000001c     vl53l1x.o (.rodata.str1.9889896138451333030.1)
                  000128a6    0000001b     vl53l1x.o (.rodata.str1.3978240886075957214.1)
                  000128c1    0000001a     ADC_Test.o (.rodata.str1.11396595870685173457.1)
                  000128db    00000001     --HOLE-- [fill = 0]
                  000128dc    00000018     IMU.o (.rodata..L__const.IMU_init.settings)
                  000128f4    00000018     libc.a : e_powf.c.obj (.rodata.cst8)
                  0001290c    00000018     FusionAhrs.o (.rodata.fusionAhrsDefaultSettings)
                  00012924    00000017     vl53l1x_Test.o (.rodata.str1.10952281665346510433.1)
                  0001293b    00000016     vl53l1x.o (.rodata.str1.6185141677119688064.1)
                  00012951    00000003     ti_msp_dl_config.o (.rodata.gCAPTURE_0ClockConfig)
                  00012954    00000014     ti_msp_dl_config.o (.rodata.gTIMER_10msTimerConfig)
                  00012968    00000014     ti_msp_dl_config.o (.rodata.gTIMER_2msTimerConfig)
                  0001297c    00000014     ADC_Test.o (.rodata.str1.5154163100107501331.1)
                  00012990    00000013     vl53l1x.o (.rodata.str1.18438805956943837306.1)
                  000129a3    00000013     Drive_Test.o (.rodata.str1.4921297581298374889.1)
                  000129b6    00000011     libc.a : _printfi.c.obj (.rodata.str1.10348868589481759720.1)
                  000129c7    00000011            : _printfi.c.obj (.rodata.str1.15363888844622738466.1)
                  000129d8    00000011     Key_Test.o (.rodata.str1.4766596590778294499.1)
                  000129e9    00000011     vl53l1x_Test.o (.rodata.str1.784680880869378880.1)
                  000129fa    00000002     ti_msp_dl_config.o (.rodata.gUARTClockConfig)
                  000129fc    00000010     libc.a : k_rem_pio2.c.obj (.rodata.cst16)
                  00012a0c    00000010     ti_msp_dl_config.o (.rodata.gCAPTURE_0CaptureConfig)
                  00012a1c    0000000f     Drive_Test.o (.rodata.str1.13941598251634487449.1)
                  00012a2b    0000000e     vl53l1x_Test.o (.rodata.str1.16621539580981254400.1)
                  00012a39    0000000d     Motor_Test.o (.rodata.str1.13005595142816122867.1)
                  00012a46    0000000d     OLED_Test.o (.rodata.str1.14401795109115830494.1)
                  00012a53    0000000d     Drive_Test.o (.rodata.str1.6474464451721259006.1)
                  00012a60    0000000c     driverlib.a : dl_timer.o (.rodata..Lswitch.table.DL_Timer_initCompareMode)
                  00012a6c    0000000c     IMU.o (.rodata.accelerometerSensitivity)
                  00012a78    0000000c     FusionBias.o (.rodata.fusionBiasDefaultSettings)
                  00012a84    0000000c     IMU.o (.rodata.gyroscopeSensitivity)
                  00012a90    0000000c     Uart_Test.o (.rodata.str1.14504840162625008916.1)
                  00012a9c    0000000b     Drive_Test.o (.rodata.str1.7308894419571814608.1)
                  00012aa7    00000001     --HOLE-- [fill = 0]
                  00012aa8    0000000a     ti_msp_dl_config.o (.rodata.gSPI_1_config)
                  00012ab2    0000000a     ti_msp_dl_config.o (.rodata.gUARTConfig)
                  00012abc    0000000a     ti_msp_dl_config.o (.rodata.gUART_3Config)
                  00012ac6    0000000a     ti_msp_dl_config.o (.rodata.gUART_CAMERAConfig)
                  00012ad0    0000000a     ti_msp_dl_config.o (.rodata.gUART_WIRELESSConfig)
                  00012ada    0000000a     Uart_Test.o (.rodata.str1.10152111140166146408.1)
                  00012ae4    00000009     Drive_Test.o (.rodata.str1.13758461314776498097.1)
                  00012aed    00000009     Drive_Test.o (.rodata.str1.4579990903436069613.1)
                  00012af6    00000009     Drive_Test.o (.rodata.str1.8827609664078628109.1)
                  00012aff    00000001     --HOLE-- [fill = 0]
                  00012b00    00000008     ti_msp_dl_config.o (.rodata.gBAT_ADCClockConfig)
                  00012b08    00000008     ti_msp_dl_config.o (.rodata.gPWM_BUZZERConfig)
                  00012b10    00000008     ti_msp_dl_config.o (.rodata.gPWM_MotorConfig)
                  00012b18    00000008     ti_msp_dl_config.o (.rodata.gPWM_SERVOConfig)
                  00012b20    00000006     ICM_Test.o (.rodata.str1.3203314161863016811.1)
                  00012b26    00000005     Drive_Test.o (.rodata.str1.15896734989374709812.1)
                  00012b2b    00000004     Drive_Test.o (.rodata.str1.2519219660703878989.1)
                  00012b2f    00000003     ti_msp_dl_config.o (.rodata.gPWM_BUZZERClockConfig)
                  00012b32    00000003     ti_msp_dl_config.o (.rodata.gPWM_MotorClockConfig)
                  00012b35    00000003     ti_msp_dl_config.o (.rodata.gPWM_SERVOClockConfig)
                  00012b38    00000003     ti_msp_dl_config.o (.rodata.gTIMER_10msClockConfig)
                  00012b3b    00000003     ti_msp_dl_config.o (.rodata.gTIMER_2msClockConfig)
                  00012b3e    00000003     Drive_Test.o (.rodata.str1.10796991777907615066.1)
                  00012b41    00000003     Drive_Test.o (.rodata.str1.14256352610165595184.1)
                  00012b44    00000003     Drive_Test.o (.rodata.str1.6512950051259863809.1)
                  00012b47    00000003     ICM_Test.o (.rodata.str1.6734532910457900464.1)
                  00012b4a    00000003     Drive_Test.o (.rodata.str1.7434867084307694284.1)
                  00012b4d    00000003     Drive_Test.o (.rodata.str1.8362744727703666087.1)
                  00012b50    00000002     ti_msp_dl_config.o (.rodata.gUART_3ClockConfig)
                  00012b52    00000002     ti_msp_dl_config.o (.rodata.gUART_CAMERAClockConfig)
                  00012b54    00000002     ti_msp_dl_config.o (.rodata.gUART_WIRELESSClockConfig)
                  00012b56    00000002     ICM_Test.o (.rodata.str1.7996755858154344325.1)
                  00012b58    00000008     --HOLE-- [fill = 0]

.init_array 
*          0    00000000    00000000     UNINITIALIZED

.binit     0    00000000    00000000     

.bss       0    20200000    00001ccf     UNINITIALIZED
                  20200000    00000aec     (.common:VL53_)
                  20200aec    00000480     (.common:OLED_GRAM)
                  20200f6c    000003a4     (.common:VL53)
                  20201310    00000190     (.common:FIFO_Buffer)
                  202014a0    00000120     libsysbm.a : trgmsg.c.obj (.bss:_CIOBUF_)
                  202015c0    00000100     (.common:Buffer)
                  202016c0    000000c0     Key.o (.bss.key)
                  20201780    000000bc     (.common:gPWM_BUZZERBackup)
                  2020183c    000000bc     (.common:gPWM_SERVOBackup)
                  202018f8    000000a0     libc.a : defs.c.obj (.bss.__TI_tmpnams)
                  20201998    000000a0     (.common:gPWM_MotorBackup)
                  20201a38    000000a0     (.common:gTIMER_2msBackup)
                  20201ad8    00000080     (.common:ahrs)
                  20201b58    00000038     (.common:pid_angle_drive)
                  20201b90    00000038     (.common:pid_left)
                  20201bc8    00000038     (.common:pid_right)
                  20201c00    00000038     (.common:pid_straight_drive)
                  20201c38    00000030     (.common:gUART_3Backup)
                  20201c68    00000028     (.common:gSPI_1Backup)
                  20201c90    00000024     (.common:bias)
                  20201cb4    0000000c     (.common:distance_)
                  20201cc0    00000008     libsysbm.a : hostopen.c.obj (.bss.parmbuf)
                  20201cc8    00000004     libc.a : memory.c.obj (.bss.sys_free)
                  20201ccc    00000002     (.common:ADC_RawValue)
                  20201cce    00000001     (.common:data)

.sysmem    0    20201cd0    00000800     UNINITIALIZED
                  20201cd0    00000010     libc.a : memory.c.obj (.sysmem)
                  20201ce0    000007f0     --HOLE--

.data      0    202024d0    0000033e     UNINITIALIZED
                  202024d0    000000f0     libc.a : defs.c.obj (.data._ftable)
                  202025c0    00000078     libsysbm.a : host_device.c.obj (.data._device)
                  20202638    00000050                : host_device.c.obj (.data._stream)
                  20202688    00000040     vl53l1x.o (.data.Mode_data)
                  202026c8    00000024     spi.o (.data.spi_devices)
                  202026ec    0000000c     IMU.o (.data.accelerometerOffset)
                  202026f8    0000000c     IMU.o (.data.gyroscopeOffset)
                  20202704    00000008     libc.a : exit.c.obj (.data..L_MergedGlobals)
                  2020270c    00000004     Bat.o (.data.Battery_Voltage)
                  20202710    00000008     Encoder.o (.data.duration_time)
                  20202718    00000008     Encoder.o (.data.encoder_count_l)
                  20202720    00000008     Encoder.o (.data.encoder_count_l_10ms)
                  20202728    00000008     Encoder.o (.data.encoder_count_l_last)
                  20202730    00000008     Encoder.o (.data.encoder_count_r)
                  20202738    00000008     Encoder.o (.data.encoder_count_r_10ms)
                  20202740    00000008     Encoder.o (.data.encoder_count_r_last)
                  20202748    00000008     Encoder.o (.data.last_10ms_update)
                  20202750    00000004     Drive_Test.o (.data.Drive_Test3.lastTick)
                  20202754    00000004     Drive_Test.o (.data.Drive_Test_Set.lastTick)
                  20202758    00000004     Drive_Test.o (.data.Goal_Angle)
                  2020275c    00000004     Motor.o (.data.Goal_Speed_Left)
                  20202760    00000004     Motor.o (.data.Goal_Speed_Right)
                  20202764    00000004     Motor_Test.o (.data.Goal_Step_Change.lastTick)
                  20202768    00000004     Drive.o (.data.Goal_Straight_Angle)
                  2020276c    00000004     Drive.o (.data.Goal_Turn_Angle)
                  20202770    00000004     Drive_Test.o (.data.Kd)
                  20202774    00000004     Drive_Test.o (.data.Kd_Step)
                  20202778    00000004     Drive_Test.o (.data.Ki)
                  2020277c    00000004     Drive_Test.o (.data.Ki_Step)
                  20202780    00000004     Drive_Test.o (.data.Kp)
                  20202784    00000004     Drive_Test.o (.data.Kp_Step)
                  20202788    00000004     Delay.o (.data.MS)
                  2020278c    00000004     Delay.o (.data.US)
                  20202790    00000004     libc.a : defs.c.obj (.data.__TI_ft_end)
                  20202794    00000004            : aeabi_portable.c.obj (.data.__aeabi_errno)
                  20202798    00000004            : _lock.c.obj (.data._lock)
                  2020279c    00000004            : _lock.c.obj (.data._unlock)
                  202027a0    00000004     icm42688.o (.data.accSensitivity)
                  202027a4    00000004     Encoder.o (.data.direction_l)
                  202027a8    00000004     Encoder.o (.data.direction_r)
                  202027ac    00000004     Encoder.o (.data.filtered_speed_l)
                  202027b0    00000004     Encoder.o (.data.filtered_speed_r)
                  202027b4    00000004     icm42688.o (.data.gyroSensitivity)
                  202027b8    00000004     multi_button.o (.data.head_handle)
                  202027bc    00000004     Encoder.o (.data.intv_lvl_l)
                  202027c0    00000004     Encoder.o (.data.intv_lvl_r)
                  202027c4    00000004     Motor_Test.o (.data.lower_limit)
                  202027c8    00000004     Delay.o (.data.now_tick)
                  202027cc    00000004     Drive.o (.data.speed)
                  202027d0    00000004     Motor_Test.o (.data.step)
                  202027d4    00000004     Encoder.o (.data.t0_l)
                  202027d8    00000004     Encoder.o (.data.t0_r)
                  202027dc    00000004     Encoder.o (.data.t1_l)
                  202027e0    00000004     Encoder.o (.data.t1_r)
                  202027e4    00000004     Encoder.o (.data.t2_l)
                  202027e8    00000004     Encoder.o (.data.t2_r)
                  202027ec    00000004     Encoder.o (.data.t3_l)
                  202027f0    00000004     Encoder.o (.data.t3_r)
                  202027f4    00000004     Motor_Test.o (.data.upper_limit)
                  202027f8    00000002     icm42688.o (.data.data_length)
                  202027fa    00000001     Drive_Test.o (.data.Goal_Angle_Step)
                  202027fb    00000001     icm42688.o (.data.ICM42688_is_initialized)
                  202027fc    00000001     IMU.o (.data.IMU_initialized)
                  202027fd    00000001     Usart.o (.data.ReadIndex)
                  202027fe    00000001     Usart.o (.data.WriteIndex)
                  202027ff    00000001     Drive.o (.data.angle_tick)
                  20202800    00000001     Motor_Test.o (.data.cmd)
                  20202801    00000001     Drive.o (.data.cmd_angle_drive)
                  20202802    00000001     Bat.o (.data.cmd_bat)
                  20202803    00000001     Motor.o (.data.cmd_left_speed)
                  20202804    00000001     Motor.o (.data.cmd_right_speed)
                  20202805    00000001     Drive.o (.data.cmd_straight_drive)
                  20202806    00000001     Key.o (.data.key_num)
                  20202807    00000001     Drive_Test.o (.data.menu_index)
                  20202808    00000001     libc.a : memory.c.obj (.data.memory_is_initialized)
                  20202809    00000001     Drive_Test.o (.data.pid_mode)
                  2020280a    00000001     Drive_Test.o (.data.set_state)
                  2020280b    00000001     spi.o (.data.spi_cs_locked)
                  2020280c    00000001     spi.o (.data.spi_cs_locked_channel)
                  2020280d    00000001     Drive.o (.data.straight_tick)

.stack     0    20207e00    00000200     UNINITIALIZED
                  20207e00    00000004     libc.a : boot_cortex_m.c.obj (.stack)
                  20207e04    000001fc     --HOLE--

__llvm_prf_cnts 
*          0    20200000    00000000     UNINITIALIZED

__llvm_prf_bits 
*          0    20200000    00000000     UNINITIALIZED

MODULE SUMMARY

       Module                         code    ro data   rw data
       ------                         ----    -------   -------
    .\
       ti_msp_dl_config.o             4892    208       784    
       main.o                         208     0         0      
       startup_mspm0g350x_ticlang.o   8       192       0      
    +--+------------------------------+-------+---------+---------+
       Total:                         5108    400       784    
                                                               
    .\APP\
       Drive.o                        868     0         128    
    +--+------------------------------+-------+---------+---------+
       Total:                         868     0         128    
                                                               
    .\HardWare\
       OLED.o                         1516    6632      1152   
       Encoder.o                      2462    0         120    
       icm42688.o                     1814    0         411    
       multi_button.o                 1366    0         4      
       Usart.o                        934     0         259    
       tb6612.o                       746     0         0      
       PID.o                          508     0         0      
       spi.o                          408     0         38     
       Interrupt.o                    380     0         0      
       ADC.o                          192     0         2      
       Delay.o                        176     0         12     
    +--+------------------------------+-------+---------+---------+
       Total:                         10502   6632      1998   
                                                               
    .\HardWare\vl53l1x\core\
       vl53l1_api_core.o              4710    0         0      
       vl53l1_api.o                   3010    0         0      
       vl53l1_register_funcs.o        2716    0         0      
       vl53l1_api_preset_modes.o      2376    0         0      
       vl53l1_core.o                  2372    0         0      
       vl53l1_core_support.o          138     0         0      
       vl53l1_wait.o                  98      0         0      
    +--+------------------------------+-------+---------+---------+
       Total:                         15420   0         0      
                                                               
    .\HardWare\vl53l1x\platform\
       vl53l1x.o                      758     172       996    
       IOI2C.o                        1422    0         0      
       vl53l1_platform.o              644     0         0      
    +--+------------------------------+-------+---------+---------+
       Total:                         2824    172       996    
                                                               
    .\Middle\
       my_vl53l1x.o                   48      0         2808   
       IMU.o                          1788    120       189    
       Motor.o                        1056    0         122    
       Key.o                          322     0         193    
       Uart_Data.o                    382     0         0      
       Bat.o                          214     0         5      
       Servo.o                        196     0         0      
    +--+------------------------------+-------+---------+---------+
       Total:                         4006    120       3317   
                                                               
    .\Middle\Fusion\
       FusionAhrs.o                   4564    24        0      
       FusionBias.o                   576     12        0      
    +--+------------------------------+-------+---------+---------+
       Total:                         5140    36        0      
                                                               
    .\Test\
       Drive_Test.o                   1800    109       40     
       Motor_Test.o                   700     47        17     
       ICM_Test.o                     234     109       0      
       vl53l1x_Test.o                 172     54        0      
       Encoder_Test.o                 180     37        0      
       ADC_Test.o                     92      46        0      
       Servo_Test.o                   92      0         0      
       Key_Test.o                     48      17        0      
       Uart_Test.o                    40      22        0      
       OLED_Test.o                    40      13        0      
       TB6612_Test.o                  20      0         0      
    +--+------------------------------+-------+---------+---------+
       Total:                         3418    454       57     
                                                               
    C:/TI/mspm0_sdk_2_10_00_04/source/ti/driverlib/lib/ticlang/m0p/mspm0g1x0x_g3x0x/driverlib.a
       dl_timer.o                     892     12        0      
       dl_sysctl_mspm0g1x0x_g3x0x.o   316     0         0      
       dl_i2c.o                       132     0         0      
       dl_uart.o                      90      0         0      
       dl_spi.o                       86      0         0      
       dl_adc12.o                     64      0         0      
       dl_common.o                    10      0         0      
    +--+------------------------------+-------+---------+---------+
       Total:                         1590    12        0      
                                                               
    D:\TI\ccs2041\ccs\tools\compiler\ti-cgt-armllvm_4.0.4.LTS\lib\armv6m-ti-none-eabi/c/libc.a
       _printfi.c.obj                 4510    34        0      
       k_rem_pio2.c.obj               1652    344       0      
       e_powf.c.obj                   1766    24        0      
       s_cosf.c.obj                   822     0         0      
       s_sinf.c.obj                   810     0         0      
       memory.c.obj                   702     0         5      
       s_atanf.c.obj                  466     32        0      
       defs.c.obj                     0       0         404    
       e_sqrt.c.obj                   368     0         0      
       e_asinf.c.obj                  358     0         0      
       s_floor.c.obj                  324     0         0      
       e_atan2f.c.obj                 280     0         0      
       aeabi_ctype.S.obj              0       257       0      
       fputs.c.obj                    248     0         0      
       setvbuf.c.obj                  224     0         0      
[...]
0000d32d  VL53L1_calc_macro_period_us                    
0000d385  __TI_ltoa                                      
0000d435  VL53L1_get_inter_measurement_period_ms         
0000d48b  VL53L1_i2c_encode_uint16_t                     
0000d4e1  VL53L1_preset_mode_standard_ranging_mm1_cal    
0000d537  VL53L1_preset_mode_standard_ranging_mm2_cal    
0000d58d  VL53L1_set_inter_measurement_period_ms         
0000d5e5  __aeabi_idiv                                   
0000d5e5  __aeabi_idivmod                                
0000d63d  VL53L1_i2c_decode_int16_t                      
0000d691  VL53L1_encode_timeout                          
0000d6e3  VL53L1_i2c_encode_uint32_t                     
0000d735  __TI_doflush                                   
0000d879  Encoder_Init                                   
0000d919  ICM42688_Test4                                 
0000d969  IMU_GetOrientation                             
0000da09  VL53L1_decode_row_col                          
0000da59  VL53L1_get_nvm_copy_data                       
0000daa9  VL53L1_preset_mode_olt                         
0000daf9  close                                          
0000db49  VL53L1_get_customer_nvm_managed                
0000db97  VL53L1_get_static_nvm_managed                  
0000dcc9  FusionBiasSetSettings                          
0000dd61  VL53L1_calc_timeout_us                         
0000ddf7  VL53L1_ReadMulti                               
0000de41  VL53L1_WriteMulti                              
0000de8d  __aeabi_d2iz                                   
0000de8d  __fixdfsi                                      
0000ded9  DL_UART_init                                   
0000df21  HOSTclose                                      
0000df69  HOSTunlink                                     
0000dfb1  SYSCFG_DL_UART_init                            
0000e1e3  VL53L1_WrByte                                  
0000e229  DL_SPI_init                                    
0000e26d  DL_SYSCTL_switchMCLKfromSYSOSCtoHSCLK          
0000e2b1  IMU_GetYaw                                     
0000e2f5  TB6612_Forward                                 
0000e339  VL53L1_GetInterMeasurementPeriodMilliSeconds   
0000e37d  VL53L1_set_user_zone                           
0000e3c1  VL53L1_RdByte                                  
0000e403  VL53L1_SetInterMeasurementPeriodMilliSeconds   
0000e445  VL53L1_get_user_zone                           
0000e489  DL_ADC12_setClockConfig                        
0000e4c9  Drive_Straight                                 
0000e509  Drive_Test2                                    
0000e589  SPI_Init                                       
0000e5c9  SYSCFG_DL_SPI_1_init                           
0000e609  SYSCFG_DL_TIMER_2ms_init                       
0000e649  SYSCFG_DL_UART_3_init                          
0000e689  SYSCFG_DL_UART_CAMERA_init                     
0000e6c9  SYSCFG_DL_UART_WIRELESS_init                   
0000e709  VL53L1_init_offset_cal_config_struct           
0000e749  __aeabi_uidiv                                  
0000e749  __aeabi_uidivmod                               
0000e789  __aeabi_f2d                                    
0000e789  __extendsfdf2                                  
0000e7c9  atoi                                           
0000e809  vsnprintf                                      
0000e849  VL53L1_init_ll_driver_state                    
0000e8c5  Uart0_Send_String                              
0000e901  VL53L1_encode_row_col                          
0000e93d  __aeabi_i2f                                    
0000e93d  __floatsisf                                    
0000e979  __gesf2                                        
0000e979  __gtsf2                                        
0000e9b5  button_attach                                  
0000e9f1  __TI_auto_init_nobinit_nopinit                 
0000ea2d  VL53L1_RdWord                                  
0000ea67  VL53L1_i2c_decode_uint16_t                     
0000eaa1  VL53L1_init_refspadchar_config_struct          
0000eadd  __cmpsf2                                       
0000eadd  __eqsf2                                        
0000eadd  __lesf2                                        
0000eadd  __ltsf2                                        
0000eadd  __nesf2                                        
0000eb19  __muldsi3                                      
0000eb8d  VL53L1_init_ssc_config_struct                  
0000ebc5  __aeabi_f2iz                                   
0000ebc5  __fixsfsi                                      
0000ec35  sprintf                                        
0000ecd9  __aeabi_ul2f                                   
0000ecd9  __floatundisf                                  
0000ed45  Drive_Turn                                     
0000edad  SPI_Unlock                                     
0000ede1  SYSCFG_DL_TIMER_10ms_init                      
0000ee15  VL53L1_GetSequenceStepEnable                   
0000ee49  VL53L1_SetDeviceAddress                        
0000eeb1  __TI_cleanup                                   
0000eee5  __TI_readmsg                                   
0000ef19  __TI_writemsg                                  
0000ef45  C$$IO$$                                        
0000ef4d  exit                                           
0000ef81  finddevice                                     
0000efb5  Uart0_Printf                                   
0000efe7  VL53L1_config_low_power_auto_mode              
0000f019  __aeabi_f2uiz                                  
0000f019  __fixunssfsi                                   
0000f07d  ADC_Test1                                      
0000f13d  Drive_Stop                                     
0000f16d  FusionBiasInitialise                           
0000f19d  Key_Test                                       
0000f1cd  Motor_SetK                                     
0000f1fd  TB6612_Init                                    
0000f22d  UART0_IRQHandler                               
0000f2bd  button_ticks                                   
0000f31d  my_vl53l1x_callback                            
0000f37b  VL53L1_calc_encoded_timeout                    
0000f3a9  VL53L1_set_vhv_loopbound                       
0000f3d9  ADC_Test2                                      
0000f405  Encoder_Count_Get                              
0000f431  Encoder_Test1                                  
0000f45d  SYSCFG_DL_CAPTURE_0_init                       
0000f489  Uart0_Send_Char                                
0000f4b5  VL53L1_init_version                            
0000f5bd  __aeabi_i2d                                    
0000f5bd  __floatsidf                                    
0000f5e9  unlink                                         
0000f63f  PID_SetLimit                                   
0000f669  VL53L1_calc_decoded_timeout_us                 
0000f785  Delay_ms                                       
0000f7ad  Motor_Stop                                     
0000f7d5  OLED_Test1                                     
0000f7fd  TB6612_SetRightMotor                           
0000f825  Uart_Test2                                     
0000f84d  VL53L1_WaitDeviceBooted                        
0000f875  __aeabi_ui2f                                   
0000f875  __floatunsisf                                  
0000f8c5  lseek                                          
0000f8ed  write                                          
0000f915  _c_int00_noargs                                
0000f963  DL_I2C_setClockConfig                          
0000f989  VL53L1_WaitUs                                  
0000f9d5  Encoder_AngleSpeed_Get                         
0000f9f9  Encoder_Speed_Get                              
0000fa41  TB6612_SetLeftMotor                            
0000fa65  VL53L1_set_lite_min_count_rate                 
0000fa89  VL53L1_set_lite_sigma_threshold                
0000faad  __aeabi_ui2d                                   
0000faad  __floatunsidf                                  
0000fad1  __aeabi_lmul                                   
0000fad1  __muldi3                                       
0000faf5  IICwriteByte                                   
0000fb17  PID_SetK                                       
0000fb39  VL53L1_calc_timeout_mclks                      
0000fb5b  VL53L1_decode_zone_size                        
0000fb7d  memccpy                                        
0000fbe1  Drive_Straight_SetK                            
0000fc01  Drive_Turn_SetK                                
0000fc21  FusionAhrsGetQuaternion                        
0000fc41  Uart_Init                                      
0000fc61  VL53L1_calc_pll_period_us                      
0000fcbd  VL53L1_decode_timeout                          
0000fcdd  __aeabi_llsl                                   
0000fcdd  __ashldi3                                      
0000fcfd  ADC_Init                                       
0000fd19  Bat_Init                                       
0000fea1  DL_SYSCTL_configFCC                            
0000ff2d  DL_Timer_setCaptCompUpdateMethod               
0000ff49  DL_Timer_setClockConfig                        
0000ff81  FusionAhrsInitialise                           
0000fff1  VL53L1_encode_zone_size                        
00010029  ADC0_IRQHandler                                
00010043  VL53L1_decode_vcsel_period                     
0001005d  ADC_Callback                                   
00010345  DL_Timer_setCaptureCompareOutCtl               
00010405  Key_Num_Get                                    
00010435  TIMG0_IRQHandler                               
0001047d  delay_ms                                       
00010599  ADC_Read                                       
000106c5  Encoder_Speed_Get_LEFT                         
000106d9  Encoder_Speed_Get_RIGHT                        
000106ed  Motor_Start                                    
00010701  TB6612_Test1                                   
00010715  VL53L1_WaitMs                                  
00010729  __aeabi_uldivmod                               
00010763  DL_SPI_setClockConfig                          
00010787  DL_UART_setClockConfig                         
000107ab  TI_memcpy_small                                
000107bd  __TI_decompress_none                           
00010801  DL_Timer_setCaptureCompareValue                
00010811  IIC_Delay_ms                                   
00010831  PID_SetGoal                                    
00010841  SYSCFG_DL_SYSTICK_init                         
00010851  SysTick_Handler                                
00010861  wcslen                                         
00010871  __TI_zero_init                                 
00010891  __aeabi_memset                                 
00010891  __aeabi_memset4                                
00010891  __aeabi_memset8                                
000108c9  TI_memset_small                                
000108fd  Get_ms                                         
00010909  __aeabi_memclr                                 
00010909  __aeabi_memclr4                                
00010909  __aeabi_memclr8                                
0001092d  malloc                                         
00010939  DL_Common_delayCycles                          
00010943  ICM42688_Test2                                 
0001099b  TIMG7_IRQHandler                               
000109a5  __aeabi_errno_addr                             
000109ad  __aeabi_memcpy                                 
000109ad  __aeabi_memcpy4                                
000109ad  __aeabi_memcpy8                                
000109c5  bsp_Icm42688Init                               
000109cd  fseek                                          
000109d5  remove                                         
00010a79  abort                                          
00010a7f  ADC1_IRQHandler                                
00010a7f  AES_IRQHandler                                 
00010a7f  CANFD0_IRQHandler                              
00010a7f  DAC0_IRQHandler                                
00010a7f  DMA_IRQHandler                                 
00010a7f  Default_Handler                                
00010a7f  GROUP0_IRQHandler                              
00010a7f  HardFault_Handler                              
00010a7f  I2C0_IRQHandler                                
00010a7f  I2C1_IRQHandler                                
00010a7f  NMI_Handler                                    
00010a7f  PendSV_Handler                                 
00010a7f  RTC_IRQHandler                                 
00010a7f  SPI0_IRQHandler                                
00010a7f  SPI1_IRQHandler                                
00010a7f  SVC_Handler                                    
00010a7f  TIMA0_IRQHandler                               
00010a7f  TIMA1_IRQHandler                               
00010a7f  TIMG12_IRQHandler                              
00010a7f  TIMG6_IRQHandler                               
00010a7f  TIMG8_IRQHandler                               
00010a7f  UART1_IRQHandler                               
00010a7f  UART2_IRQHandler                               
00010a7f  UART3_IRQHandler                               
00010a82  C$$EXIT                                        
00010a83  HOSTexit                                       
00010ab5  Reset_Handler                                  
00010ac9  _system_pre_init                               
00010ad0  asc2_2412                                      
0001182c  asc2_1608                                      
00011e1c  asc2_1206                                      
00012290  asc2_0806                                      
000125c0  __aeabi_ctype_table_                           
000125c0  __aeabi_ctype_table_C                          
000127c4  accelerometerMisalignment                      
000127e8  gyroscopeMisalignment                          
0001290c  fusionAhrsDefaultSettings                      
00012a6c  accelerometerSensitivity                       
00012a78  fusionBiasDefaultSettings                      
00012a84  gyroscopeSensitivity                           
00012c30  __TI_Handler_Table_Base                        
00012c3c  __TI_Handler_Table_Limit                       
00012c44  __TI_CINIT_Base                                
00012c54  __TI_CINIT_Limit                               
00012c54  __TI_CINIT_Warm                                
20200000  VL53_                                          
20200000  __start___llvm_prf_bits                        
20200000  __start___llvm_prf_cnts                        
20200000  __stop___llvm_prf_bits                         
20200000  __stop___llvm_prf_cnts                         
20200aec  OLED_GRAM                                      
20200f6c  VL53                                           
20201310  FIFO_Buffer                                    
202014a0  _CIOBUF_                                       
202014a0  __CIOBUF_                                      
202015c0  Buffer                                         
20201780  gPWM_BUZZERBackup                              
2020183c  gPWM_SERVOBackup                               
202018f8  __TI_tmpnams                                   
20201998  gPWM_MotorBackup                               
20201a38  gTIMER_2msBackup                               
20201ad8  ahrs                                           
20201b58  pid_angle_drive                                
20201b90  pid_left                                       
20201bc8  pid_right                                      
20201c00  pid_straight_drive                             
20201c38  gUART_3Backup                                  
20201c68  gSPI_1Backup                                   
20201c90  bias                                           
20201cb4  distance_                                      
20201cc0  parmbuf                                        
20201ccc  ADC_RawValue                                   
20201cce  data                                           
20201cd0  _sys_memory                                    
202024d0  _ftable                                        
202025c0  _device                                        
20202638  _stream                                        
20202688  Mode_data                                      
202026ec  accelerometerOffset                            
202026f8  gyroscopeOffset                                
20202704  __TI_cleanup_ptr                               
20202708  __TI_dtors_ptr                                 
2020270c  Battery_Voltage                                
20202718  encoder_count_l                                
20202720  encoder_count_l_10ms                           
20202728  encoder_count_l_last                           
20202730  encoder_count_r                                
20202738  encoder_count_r_10ms                           
20202740  encoder_count_r_last                           
20202758  Goal_Angle                                     
2020275c  Goal_Speed_Left                                
20202760  Goal_Speed_Right                               
20202768  Goal_Straight_Angle                            
2020276c  Goal_Turn_Angle                                
20202770  Kd                                             
20202774  Kd_Step                                        
20202778  Ki                                             
2020277c  Ki_Step                                        
20202780  Kp                                             
20202784  Kp_Step                                        
20202788  MS                                             
2020278c  US                                             
20202790  __TI_ft_end                                    
20202794  __aeabi_errno                                  
20202798  _lock                                          
2020279c  _unlock                                        
202027c4  lower_limit                                    
202027cc  speed                                          
202027d0  step                                           
202027f4  upper_limit                                    
202027f8  data_length                                    
202027fa  Goal_Angle_Step                                
202027fb  ICM42688_is_initialized                        
202027fc  IMU_initialized                                
202027fd  ReadIndex                                      
202027fe  WriteIndex                                     
202027ff  angle_tick                                     
20202800  cmd                                            
20202801  cmd_angle_drive                                
20202802  cmd_bat                                        
20202803  cmd_left_speed                                 
20202804  cmd_right_speed                                
20202805  cmd_straight_drive                             
20202807  menu_index                                     
20202809  pid_mode                                       
2020280a  set_state                                      
2020280b  spi_cs_locked                                  
2020280c  spi_cs_locked_channel                          
2020280d  straight_tick                                  
20207e00  __stack                                        
20208000  __STACK_END                                    
ffffffff  __TI_pprof_out_hndl                            
ffffffff  __TI_prof_data_size                            
ffffffff  __TI_prof_data_start                           
ffffffff  __binit__                                      
ffffffff  binit                                          
UNDEFED   __mpu_init                                     
UNDEFED   _system_post_cinit                             

[558 symbols]
