******************************************************************************
            TI ARM Clang Linker PC v4.0.4                      
******************************************************************************
>> Linked Thu May 28 19:16:37 2026

OUTPUT FILE NAME:   <MSP_Car.out>
ENTRY POINT SYMBOL: "_c_int00_noargs"  address: 0000dc8d


MEMORY CONFIGURATION

         name            origin    length      used     unused   attr    fill
----------------------  --------  ---------  --------  --------  ----  --------
  FLASH                 00000000   00020000  00010d38  0000f2c8  R  X
  SRAM                  20200000   00008000  00002886  0000577a  RW X
  BCR_CONFIG            41c00000   000000ff  00000000  000000ff  R   
  BSL_CONFIG            41c00100   00000080  00000000  00000080  R   


SEGMENT ALLOCATION MAP

run origin  load origin   length   init length attrs members
----------  ----------- ---------- ----------- ----- -------
00000000    00000000    00010d38   00010d38    r-x
  00000000    00000000    000000c0   000000c0    r-- .intvecs
  000000c0    000000c0    0000ebc0   0000ebc0    r-x .text
  0000ec80    0000ec80    00001fe0   00001fe0    r-- .rodata
  00010c60    00010c60    000000d8   000000d8    r-- .cinit
20200000    20200000    00002687   00000000    rw-
  20200000    20200000    00001bc7   00000000    rw- .bss
  20201bc8    20201bc8    00000800   00000000    rw- .sysmem
  202023c8    202023c8    000002bf   00000000    rw- .data
20207e00    20207e00    00000200   00000000    rw-
  20207e00    20207e00    00000200   00000000    rw- .stack


SECTION ALLOCATION MAP

 output                                  attributes/
section   page    origin      length       input sections
--------  ----  ----------  ----------   ----------------
.intvecs   0    00000000    000000c0     
                  00000000    000000c0     startup_mspm0g350x_ticlang.o (.intvecs)

.text      0    000000c0    0000ebc0     
                  000000c0    000009d0     libc.a : _printfi.c.obj (.text:__TI_printfi)
                  00000a90    000006b8            : e_powf.c.obj (.text.powf)
                  00001148    00000644            : k_rem_pio2.c.obj (.text.__kernel_rem_pio2)
                  0000178c    00000414     FusionAhrs.o (.text.FusionAhrsUpdate)
                  00001ba0    00000404     vl53l1_api_core.o (.text.VL53L1_get_tuning_parm)
                  00001fa4    000003f4     multi_button.o (.text.button_handler)
                  00002398    000003d8     vl53l1_api_core.o (.text.VL53L1_init_and_start_range)
                  00002770    000002f6     vl53l1_api_core.o (.text.VL53L1_set_preset_mode)
                  00002a66    00000002     libclang_rt.builtins.a : aeabi_div0.c.obj (.text.__aeabi_idiv0)
                  00002a68    000002f0     Encoder.o (.text.Encoder_Callback)
                  00002d58    000002e8     ti_msp_dl_config.o (.text.SYSCFG_DL_GPIO_init)
                  00003040    00000220     libc.a : _printfi.c.obj (.text._pconv_a)
                  00003260    00000208     IMU_.o (.text.IMU_Update)
                  00003468    000001fc     vl53l1_register_funcs.o (.text.VL53L1_i2c_decode_nvm_copy_data)
                  00003664    000001f0     vl53l1_api.o (.text.VL53L1_SetMeasurementTimingBudgetMicroSeconds)
                  00003854    000001e4     vl53l1_api_preset_modes.o (.text.VL53L1_preset_mode_standard_ranging)
                  00003a38    000001dc     libc.a : _printfi.c.obj (.text._pconv_g)
                  00003c14    000001d4            : s_cosf.c.obj (.text.cosf)
                  00003de8    000001d0     OLED.o (.text.OLED_ShowChar)
                  00003fb8    000001cc     IOI2C.o (.text.IICreadBytes)
                  00004184    000001c8     libc.a : s_atanf.c.obj (.text.atanf)
                  0000434c    000001c8            : s_sinf.c.obj (.text.sinf)
                  00004514    000001c4     FusionAhrs.o (.text.HalfMagnetic)
                  000046d8    00000192     libclang_rt.builtins.a : adddf3.S.obj (.text.adddf3_subdf3)
                  0000486a    00000002                            : aeabi_div0.c.obj (.text.__aeabi_ldiv0)
                  0000486c    00000190     icm42688.o (.text.ICM42688_FIFO_Get_RealData)
                  000049fc    00000178     vl53l1_api.o (.text.VL53L1_GetMeasurementTimingBudgetMicroSeconds)
                  00004b74    00000174     IOI2C.o (.text.IIC_ReadOneByte)
                  00004ce8    00000170     libc.a : e_sqrt.c.obj (.text.sqrt)
                  00004e58    00000164     vl53l1_api.o (.text.VL53L1_SetDistanceMode)
                  00004fbc    00000162     vl53l1_register_funcs.o (.text.VL53L1_i2c_encode_static_config)
                  0000511e    00000002     libc.a : _lock.c.obj (.text._nop)
                  00005120    00000160     vl53l1x.o (.text.VL53InitParam)
                  00005280    00000160     libc.a : e_asinf.c.obj (.text.asinf)
                  000053e0    0000015c     vl53l1_api_core.o (.text.VL53L1_get_preset_mode_timing_cfg)
                  0000553c    0000014e     FusionAhrs.o (.text.FusionQuaternionProduct)
                  0000568a    00000002     --HOLE-- [fill = 0]
                  0000568c    0000014c     icm42688.o (.text.bsp_Icm42688RegCfg)
                  000057d8    00000144     PID.o (.text.PID_Compute)
                  0000591c    00000144     libc.a : s_floor.c.obj (.text.floor)
                  00005a60    0000013c            : _printfi.c.obj (.text.fcvt)
                  00005b9c    00000134     FusionAhrs.o (.text.FusionAhrsSetSettings)
                  00005cd0    00000134     vl53l1_api_core.o (.text.VL53L1_data_init)
                  00005e04    00000132     FusionAhrs.o (.text.HalfGravity)
                  00005f36    00000002     --HOLE-- [fill = 0]
                  00005f38    00000130     IOI2C.o (.text.IICwriteBytes)
                  00006068    0000012a     vl53l1_core.o (.text.VL53L1_copy_rtn_good_spads_to_buffer)
                  00006192    00000002     --HOLE-- [fill = 0]
                  00006194    00000124     vl53l1_api_core.o (.text.VL53L1_read_p2p_data)
                  000062b8    00000120     libc.a : _printfi.c.obj (.text._pconv_e)
                  000063d8    00000118     vl53l1x.o (.text.VL53L1Init)
                  000064f0    00000118     libc.a : e_atan2f.c.obj (.text.atan2f)
                  00006608    00000114     OLED.o (.text.OLED_Init)
                  0000671c    00000114     libc.a : memory.c.obj (.text.aligned_alloc)
                  00006830    0000010e     vl53l1_core.o (.text.VL53L1_update_ll_driver_rd_state)
                  0000693e    00000002     --HOLE-- [fill = 0]
                  00006940    0000010c     libclang_rt.builtins.a : divdf3.S.obj (.text.__divdf3)
                  00006a4c    0000010a     FusionAhrs.o (.text.FusionQuaternionVectorProduct)
                  00006b56    00000002     --HOLE-- [fill = 0]
                  00006b58    00000108     ti_msp_dl_config.o (.text.SYSCFG_DL_initPower)
                  00006c60    00000108     tb6612.o (.text.__SetMotor)
                  00006d68    00000104     driverlib.a : dl_timer.o (.text.DL_Timer_initFourCCPWMMode)
                  00006e6c    00000104     icm42688.o (.text.ICM42688_Getoffset)
                  00006f70    00000104     vl53l1_register_funcs.o (.text.VL53L1_i2c_decode_customer_nvm_managed)
                  00007074    00000102     FusionBias.o (.text.FusionBiasUpdate)
                  00007176    00000002     --HOLE-- [fill = 0]
                  00007178    000000fc     driverlib.a : dl_timer.o (.text.DL_Timer_initTimerMode)
                  00007274    000000fc     Interrupt.o (.text.GROUP1_IRQHandler)
                  00007370    000000fc     vl53l1_register_funcs.o (.text.VL53L1_i2c_encode_customer_nvm_managed)
                  0000746c    000000f8     libc.a : fputs.c.obj (.text.fputs)
                  00007564    000000f6     IMU_.o (.text.FusionQuaternionToEuler)
                  0000765a    000000f4     vl53l1_platform.o (.text.VL53L1_WaitValueMaskEx)
                  0000774e    000000f0     IMU_.o (.text.FusionMatrixMultiply)
                  0000783e    000000f0     vl53l1_api.o (.text.VL53L1_StartMeasurement)
                  0000792e    00000002     --HOLE-- [fill = 0]
                  00007930    000000f0     vl53l1_register_funcs.o (.text.VL53L1_i2c_encode_general_config)
                  00007a20    000000f0     vl53l1_api_preset_modes.o (.text.VL53L1_init_tuning_parm_storage_struct)
                  00007b10    000000ec     ti_msp_dl_config.o (.text.SYSCFG_DL_SYSCTL_SYSPLL_init)
                  00007bfc    000000ea     IMU_.o (.text.FusionModelInertial)
                  00007ce6    00000002     --HOLE-- [fill = 0]
                  00007ce8    000000e8     libc.a : memory.c.obj (.text.free)
                  00007dd0    000000e4     libclang_rt.builtins.a : muldf3.S.obj (.text.__muldf3)
                  00007eb4    000000e2     vl53l1_core.o (.text.VL53L1_calc_timeout_register_values)
                  00007f96    000000e2     vl53l1_register_funcs.o (.text.VL53L1_i2c_encode_dynamic_config)
                  00008078    000000e0     libc.a : setvbuf.c.obj (.text.setvbuf)
                  00008158    000000de     vl53l1_api_core.o (.text.VL53L1_get_timeouts_us)
                  00008236    00000002     --HOLE-- [fill = 0]
                  00008238    000000dc     driverlib.a : dl_sysctl_mspm0g1x0x_g3x0x.o (.text.DL_SYSCTL_configSYSPLL)
                  00008314    000000dc     vl53l1_register_funcs.o (.text.VL53L1_i2c_encode_timing_config)
                  000083f0    000000d8     libc.a : s_scalbn.c.obj (.text.scalbn)
                  000084c8    000000d8     libclang_rt.builtins.a : addsf3.S.obj (.text)
                  000085a0    000000d6     vl53l1_api.o (.text.SetPresetMode)
                  00008676    000000d0     FusionAhrs.o (.text.FusionAhrsSetHeading)
                  00008746    000000cc     vl53l1_api.o (.text.VL53L1_DataInit)
                  00008812    00000002     --HOLE-- [fill = 0]
                  00008814    000000cc     vl53l1_core.o (.text.VL53L1_calc_range_ignore_threshold)
                  000088e0    000000c4     vl53l1_api.o (.text.ComputeDevicePresetMode)
                  000089a4    000000c0     vl53l1_api.o (.text.VL53L1_SetPresetMode)
                  00008a64    000000be     vl53l1_core.o (.text.VL53L1_update_ll_driver_cfg_state)
                  00008b22    000000ba     vl53l1_api_preset_modes.o (.text.VL53L1_init_xtalk_config_struct)
                  00008bdc    000000b4     ti_msp_dl_config.o (.text.SYSCFG_DL_PWM_SERVO_init)
                  00008c90    000000b0     FusionAhrs.o (.text.FusionAhrsRestart)
                  00008d40    000000b0     icm42688.o (.text.ICM42688_UnBlocking_CallBack)
                  00008df0    000000b0     Usart.o (.text.Write)
                  00008ea0    000000b0     libc.a : s_scalbnf.c.obj (.text.scalbnf)
                  00008f50    000000ac     vl53l1x_Test.o (.text.VL53L1X_Test1)
                  00008ffc    000000ac     libc.a : s_cosf.c.obj (.text.__kernel_sindf)
                  000090a8    000000ac            : s_sinf.c.obj (.text.__kernel_sindf)
                  00009154    000000a8     icm42688.o (.text.bsp_Icm42688GetGres)
                  000091fc    000000a4     Motor.o (.text.Motor_Callback)
                  000092a0    000000a2     libclang_rt.builtins.a : udivmoddi4.S.obj (.text)
                  00009342    000000a0     vl53l1_register_funcs.o (.text.VL53L1_i2c_decode_static_nvm_managed)
                  000093e2    00000002     --HOLE-- [fill = 0]
                  000093e4    000000a0     libc.a : e_sqrtf.c.obj (.text.sqrtf)
                  00009484    0000009e     vl53l1_register_funcs.o (.text.VL53L1_i2c_encode_static_nvm_managed)
                  00009522    00000002     --HOLE-- [fill = 0]
                  00009524    0000009c     libc.a : s_cosf.c.obj (.text.__kernel_cosdf)
                  000095c0    0000009c            : s_sinf.c.obj (.text.__kernel_cosdf)
                  0000965c    0000009c            : fputc.c.obj (.text.fputc)
                  000096f8    0000009a     OLED.o (.text.OLED_ShowString)
                  00009792    00000002     --HOLE-- [fill = 0]
                  00009794    00000094     Encoder.o (.text.Encoder_AngleSpeed_Get)
                  00009828    00000094     FusionAhrs.o (.text.FusionVectorCross)
                  000098bc    00000090     ICM_Test.o (.text.ICM42688_Test3)
                  0000994c    00000090     OLED.o (.text.OLED_DrawPoint)
                  000099dc    00000090     OLED.o (.text.OLED_WR_Byte)
                  00009a6c    0000008e     vl53l1_api.o (.text.VL53L1_SetLimitCheckValue)
                  00009afa    00000002     --HOLE-- [fill = 0]
                  00009afc    0000008c     spi.o (.text.SPI_CS)
                  00009b88    0000008c     ti_msp_dl_config.o (.text.SYSCFG_DL_PWM_Motor_init)
                  00009c14    0000008c     libclang_rt.builtins.a : mulsf3.S.obj (.text.__mulsf3)
                  00009ca0    0000008a     vl53l1_api.o (.text.VL53L1_SetLimitCheckEnable)
                  00009d2a    0000008a     vl53l1_api_preset_modes.o (.text.VL53L1_preset_mode_standard_ranging_long_range)
                  00009db4    0000008a     vl53l1_api_preset_modes.o (.text.VL53L1_preset_mode_standard_ranging_short_range)
                  00009e3e    00000002     --HOLE-- [fill = 0]
                  00009e40    00000088     Encoder.o (.text.Encoder_10ms_Callback)
                  00009ec8    00000088     Encoder_Test.o (.text.Encoder_Test2)
                  00009f50    00000088     libc.a : strcmp-armv6m.S.obj (.text:strcmp)
                  00009fd8    00000084     Encoder.o (.text.Encoder_Speed_Get)
                  0000a05c    00000084     ti_msp_dl_config.o (.text.__NVIC_SetPriority)
                  0000a0e0    00000082     FusionAhrs.o (.text.Feedback)
                  0000a162    00000002     --HOLE-- [fill = 0]
                  0000a164    00000082     libclang_rt.builtins.a : divsf3.S.obj (.text.__divsf3)
                  0000a1e6    00000002     --HOLE-- [fill = 0]
                  0000a1e8    00000080     ti_msp_dl_config.o (.text.SYSCFG_DL_init)
                  0000a268    0000007e     vl53l1_api_preset_modes.o (.text.VL53L1_preset_mode_timed_ranging_short_range)
                  0000a2e6    0000007e     vl53l1x.o (.text.getDistance_Simply)
                  0000a364    0000007c     Bat.o (.text.Bat_Callback)
                  0000a3e0    0000007c     FusionAhrs.o (.text.FusionAhrsUpdateNoMagnetometer)
                  0000a45c    0000007c     OLED.o (.text.OLED_Refresh)
                  0000a4d8    0000007c     vl53l1_api_preset_modes.o (.text.VL53L1_preset_mode_timed_ranging)
                  0000a554    0000007c     vl53l1_api_preset_modes.o (.text.VL53L1_preset_mode_timed_ranging_long_range)
                  0000a5d0    0000007c     vl53l1_api_core.o (.text.VL53L1_set_timeouts_us)
                  0000a64c    0000007c     libc.a : fclose.c.obj (.text.__TI_closefile)
                  0000a6c8    0000007c            : copy_decompress_lzss.c.obj (.text:decompress:lzss)
                  0000a744    00000078     IMU_.o (.text.IMU_init_)
                  0000a7bc    00000076     vl53l1_api_core.o (.text.VL53L1_get_sequence_config_bit)
                  0000a832    00000074     vl53l1_api_preset_modes.o (.text.VL53L1_preset_mode_singleshot_ranging)
                  0000a8a6    00000002     --HOLE-- [fill = 0]
                  0000a8a8    00000074     libclang_rt.builtins.a : comparedf2.c.obj (.text.__gedf2)
                  0000a91c    00000004     startup_mspm0g350x_ticlang.o (.text.Default_Handler)
                  0000a920    00000074     libclang_rt.builtins.a : truncdfsf2.S.obj (.text.__truncdfsf2)
                  0000a994    00000070     ti_msp_dl_config.o (.text.SYSCFG_DL_BAT_ADC_init)
                  0000aa04    00000070     ti_msp_dl_config.o (.text.SYSCFG_DL_SYSCTL_init)
                  0000aa74    00000070     main.o (.text.main)
                  0000aae4    0000006c     libsysbm.a : hostlseek.c.obj (.text.HOSTlseek)
                  0000ab50    0000006c                : hostrename.c.obj (.text.HOSTrename)
                  0000abbc    0000006c     icm42688.o (.text.ICM42688_Get_FIFO_Data)
                  0000ac28    0000006c     vl53l1_core.o (.text.VL53L1_low_power_auto_data_init)
                  0000ac94    0000006c     libc.a : fseek.c.obj (.text.fseeko)
                  0000ad00    0000006c            : getdevice.c.obj (.text.getdevice)
                  0000ad6c    00000068     ti_msp_dl_config.o (.text.SYSCFG_DL_PWM_BUZZER_init)
                  0000add4    00000068     vl53l1_api_core.o (.text.VL53L1_get_mode_mitigation_roi)
                  0000ae3c    00000068     libclang_rt.builtins.a : comparedf2.c.obj (.text.__ledf2)
                  0000aea4    00000068     icm42688.o (.text.bsp_Icm42688GetAres)
                  0000af0c    00000066     vl53l1_register_funcs.o (.text.VL53L1_i2c_encode_system_control)
                  0000af72    00000066     libc.a : _printfi.c.obj (.text._mcpy)
                  0000afd8    00000064     Delay.o (.text.Get_us)
                  0000b03c    00000064     libc.a : _io_perm.c.obj (.text.__TI_wrt_ok)
                  0000b0a0    00000064            : memory.c.obj (.text.split)
                  0000b104    00000062     vl53l1_wait.o (.text.VL53L1_poll_for_boot_completion)
                  0000b166    00000002     --HOLE-- [fill = 0]
                  0000b168    00000062     libclang_rt.builtins.a : aeabi_dcmp.S.obj (.text.__aeabi_dcmp)
                  0000b1ca    00000002     --HOLE-- [fill = 0]
                  0000b1cc    00000062                            : aeabi_fcmp.S.obj (.text.__aeabi_fcmp)
                  0000b22e    00000002     --HOLE-- [fill = 0]
                  0000b230    00000060     libsysbm.a : hostopen.c.obj (.text.HOSTopen)
                  0000b290    0000005e     driverlib.a : dl_i2c.o (.text.DL_I2C_fillControllerTXFIFO)
                  0000b2ee    0000005e     FusionAhrs.o (.text.FusionQuaternionAdd)
                  0000b34c    0000005e     FusionAhrs.o (.text.FusionQuaternionHadamard)
                  0000b3aa    00000002     --HOLE-- [fill = 0]
                  0000b3ac    0000005c     ICM_Test.o (.text.ICM42688_Test2)
                  0000b408    0000005c     IMU.o (.text.IMU_init)
                  0000b464    0000005c     libc.a : s_frexp.c.obj (.text.frexp)
                  0000b4c0    0000005c            : printf.c.obj (.text.printf)
                  0000b51c    0000005a     vl53l1_api.o (.text.SetLimitValue)
                  0000b576    0000005a     vl53l1_core.o (.text.VL53L1_i2c_encode_int16_t)
                  0000b5d0    0000005a     vl53l1_api_preset_modes.o (.text.VL53L1_preset_mode_low_power_auto_long_ranging)
                  0000b62a    0000005a     vl53l1_api_preset_modes.o (.text.VL53L1_preset_mode_low_power_auto_ranging)
                  0000b684    0000005a     vl53l1_api_preset_modes.o (.text.VL53L1_preset_mode_low_power_auto_short_ranging)
                  0000b6de    00000002     --HOLE-- [fill = 0]
                  0000b6e0    00000058     libsysbm.a : hostread.c.obj (.text.HOSTread)
                  0000b738    00000058                : hostwrite.c.obj (.text.HOSTwrite)
                  0000b790    00000058     OLED.o (.text.OLED_Clear)
                  0000b7e8    00000058     ti_msp_dl_config.o (.text.SYSCFG_DL_I2C_0_init)
                  0000b840    00000058     vl53l1_api.o (.text.VL53L1_StaticInit)
                  0000b898    00000058     vl53l1_core.o (.text.VL53L1_calc_macro_period_us)
                  0000b8f0    00000058     libc.a : _ltoa.c.obj (.text.__TI_ltoa)
                  0000b948    00000058            : _printfi.c.obj (.text._pconv_f)
                  0000b9a0    00000056     vl53l1_api_core.o (.text.VL53L1_get_inter_measurement_period_ms)
                  0000b9f6    00000056     vl53l1_core.o (.text.VL53L1_i2c_encode_uint16_t)
                  0000ba4c    00000056     vl53l1_api_preset_modes.o (.text.VL53L1_preset_mode_standard_ranging_mm1_cal)
                  0000baa2    00000056     vl53l1_api_preset_modes.o (.text.VL53L1_preset_mode_standard_ranging_mm2_cal)
                  0000baf8    00000056     vl53l1_api_core.o (.text.VL53L1_set_inter_measurement_period_ms)
                  0000bb4e    00000002     --HOLE-- [fill = 0]
                  0000bb50    00000056     libclang_rt.builtins.a : aeabi_idivmod.S.obj (.text.__aeabi_idivmod)
                  0000bba6    00000002     --HOLE-- [fill = 0]
                  0000bba8    00000054     Encoder.o (.text.Encoder_Speed_Get_LEFT)
                  0000bbfc    00000054     Encoder.o (.text.Encoder_Speed_Get_RIGHT)
                  0000bc50    00000054     vl53l1_core.o (.text.VL53L1_i2c_decode_int16_t)
                  0000bca4    00000052     vl53l1_core.o (.text.VL53L1_encode_timeout)
                  0000bcf6    00000052     vl53l1_core.o (.text.VL53L1_i2c_encode_uint32_t)
                  0000bd48    00000052     libc.a : fflush.c.obj (.text.__TI_doflush)
                  0000bd9a    00000052            : _printfi.c.obj (.text._ecpy)
                  0000bdec    00000050     ti_msp_dl_config.o (.text.DL_GPIO_initPeripheralInputFunctionFeatures)
                  0000be3c    00000050     IOI2C.o (.text.DL_I2C_startControllerTransfer)
                  0000be8c    00000050     FusionAhrs.o (.text.FusionVectorIsZero)
                  0000bedc    00000050     ICM_Test.o (.text.ICM42688_Test4)
                  0000bf2c    00000050     IMU_.o (.text.IMU_GetOrientation)
                  0000bf7c    00000050     ti_msp_dl_config.o (.text.SysTick_Config)
                  0000bfcc    00000050     vl53l1_core_support.o (.text.VL53L1_decode_row_col)
                  0000c01c    00000050     vl53l1_register_funcs.o (.text.VL53L1_get_nvm_copy_data)
                  0000c06c    00000050     vl53l1_api_preset_modes.o (.text.VL53L1_preset_mode_olt)
                  0000c0bc    00000050     libsysbm.a : close.c.obj (.text.close)
                  0000c10c    0000004e     vl53l1_register_funcs.o (.text.VL53L1_get_customer_nvm_managed)
                  0000c15a    0000004e     vl53l1_register_funcs.o (.text.VL53L1_get_static_nvm_managed)
                  0000c1a8    0000004e     libclang_rt.builtins.a : floatdisf.S.obj (.text.__floatdisf)
                  0000c1f6    00000002     --HOLE-- [fill = 0]
                  0000c1f8    0000004c     ti_msp_dl_config.o (.text.DL_GPIO_initDigitalInputFeatures)
                  0000c244    0000004c     ti_msp_dl_config.o (.text.DL_UART_setBaudRateDivisor)
                  0000c290    0000004c     IMU_.o (.text.FusionArcSin)
                  0000c2dc    0000004c     FusionBias.o (.text.FusionBiasSetSettings)
                  0000c328    0000004c     FusionAhrs.o (.text.FusionFastInverseSqrt)
                  0000c374    0000004c     vl53l1_core.o (.text.VL53L1_calc_timeout_us)
                  0000c3c0    0000004a     ti_msp_dl_config.o (.text.DL_ADC12_configConversionMem)
                  0000c40a    0000004a     vl53l1_platform.o (.text.VL53L1_ReadMulti)
                  0000c454    0000004a     vl53l1_platform.o (.text.VL53L1_WriteMulti)
                  0000c49e    00000002     --HOLE-- [fill = 0]
                  0000c4a0    0000004a     libclang_rt.builtins.a : fixdfsi.S.obj (.text.__fixdfsi)
                  0000c4ea    00000002     --HOLE-- [fill = 0]
                  0000c4ec    00000048     driverlib.a : dl_uart.o (.text.DL_UART_init)
                  0000c534    00000048     libsysbm.a : hostclose.c.obj (.text.HOSTclose)
                  0000c57c    00000048                : hostunlink.c.obj (.text.HOSTunlink)
                  0000c5c4    00000048     ti_msp_dl_config.o (.text.SYSCFG_DL_UART_init)
                  0000c60c    00000046     FusionAhrs.o (.text.FusionQuaternionScale)
                  0000c652    00000046     FusionAhrs.o (.text.FusionVectorAdd)
                  0000c698    00000046     FusionBias.o (.text.FusionVectorAdd)
                  0000c6de    00000046     FusionAhrs.o (.text.FusionVectorHadamard)
                  0000c724    00000046     IMU_.o (.text.FusionVectorHadamard)
                  0000c76a    00000046     FusionBias.o (.text.FusionVectorSubtract)
                  0000c7b0    00000046     IMU_.o (.text.FusionVectorSubtract)
                  0000c7f6    00000046     vl53l1_platform.o (.text.VL53L1_WrByte)
                  0000c83c    00000044     driverlib.a : dl_spi.o (.text.DL_SPI_init)
                  0000c880    00000044                 : dl_sysctl_mspm0g1x0x_g3x0x.o (.text.DL_SYSCTL_switchMCLKfromSYSOSCtoHSCLK)
                  0000c8c4    00000044     vl53l1_api.o (.text.VL53L1_GetInterMeasurementPeriodMilliSeconds)
                  0000c908    00000044     vl53l1_api_core.o (.text.VL53L1_set_user_zone)
                  0000c94c    00000042     vl53l1_platform.o (.text.VL53L1_RdByte)
                  0000c98e    00000042     vl53l1_api.o (.text.VL53L1_SetInterMeasurementPeriodMilliSeconds)
                  0000c9d0    00000042     vl53l1_api_core.o (.text.VL53L1_get_user_zone)
                  0000ca12    00000002     --HOLE-- [fill = 0]
                  0000ca14    00000040     driverlib.a : dl_adc12.o (.text.DL_ADC12_setClockConfig)
                  0000ca54    00000040     Encoder.o (.text.Encoder_Init)
                  0000ca94    00000040     FusionAhrs.o (.text.FusionVectorDot)
                  0000cad4    00000040     spi.o (.text.SPI_Init)
                  0000cb14    00000040     ti_msp_dl_config.o (.text.SYSCFG_DL_SPI_1_init)
                  0000cb54    00000040     ti_msp_dl_config.o (.text.SYSCFG_DL_TIMER_2ms_init)
                  0000cb94    00000040     ti_msp_dl_config.o (.text.SYSCFG_DL_UART_3_init)
                  0000cbd4    00000040     ti_msp_dl_config.o (.text.SYSCFG_DL_UART_CAMERA_init)
                  0000cc14    00000040     ti_msp_dl_config.o (.text.SYSCFG_DL_UART_WIRELESS_init)
                  0000cc54    00000040     vl53l1_api_preset_modes.o (.text.VL53L1_init_offset_cal_config_struct)
                  0000cc94    00000040     libclang_rt.builtins.a : aeabi_uidivmod.S.obj (.text.__aeabi_uidivmod)
                  0000ccd4    00000040                            : extendsfdf2.S.obj (.text.__extendsfdf2)
                  0000cd14    00000040     libc.a : atoi.c.obj (.text.atoi)
                  0000cd54    00000040            : vsnprintf.c.obj (.text.vsnprintf)
                  0000cd94    0000003e     vl53l1_core.o (.text.VL53L1_init_ll_driver_state)
                  0000cdd2    00000002     --HOLE-- [fill = 0]
                  0000cdd4    0000003c     ti_msp_dl_config.o (.text.DL_Timer_setCounterControl)
                  0000ce10    0000003c     spi.o (.text.SPI_TryLock)
                  0000ce4c    0000003c     Usart.o (.text.Uart0_Send_String)
                  0000ce88    0000003c     vl53l1_core.o (.text.VL53L1_encode_row_col)
                  0000cec4    0000003c     libclang_rt.builtins.a : floatsisf.S.obj (.text.__floatsisf)
                  0000cf00    0000003c                            : comparesf2.S.obj (.text.__gtsf2)
                  0000cf3c    0000003c     libc.a : autoinit.c.obj (.text:__TI_auto_init_nobinit_nopinit)
                  0000cf78    0000003a     vl53l1_platform.o (.text.VL53L1_RdWord)
                  0000cfb2    0000003a     vl53l1_core.o (.text.VL53L1_i2c_decode_uint16_t)
                  0000cfec    0000003a     vl53l1_api_preset_modes.o (.text.VL53L1_init_refspadchar_config_struct)
                  0000d026    00000002     --HOLE-- [fill = 0]
                  0000d028    0000003a     libclang_rt.builtins.a : comparesf2.S.obj (.text.__eqsf2)
                  0000d062    00000002     --HOLE-- [fill = 0]
                  0000d064    0000003a                            : muldsi3.S.obj (.text.__muldsi3)
                  0000d09e    00000038     FusionAhrs.o (.text.FusionQuaternionNormalise)
                  0000d0d6    00000002     --HOLE-- [fill = 0]
                  0000d0d8    00000038     vl53l1_api_preset_modes.o (.text.VL53L1_init_ssc_config_struct)
                  0000d110    00000038     libclang_rt.builtins.a : fixsfsi.S.obj (.text.__fixsfsi)
                  0000d148    00000038     icm42688.o (.text.icm42688_read_reg)
                  0000d180    00000036     FusionAhrs.o (.text.FusionVectorScale)
                  0000d1b6    00000036     FusionBias.o (.text.FusionVectorScale)
                  0000d1ec    00000036     libclang_rt.builtins.a : floatundisf.S.obj (.text.__floatundisf)
                  0000d222    00000034     FusionAhrs.o (.text.Clamp)
                  0000d256    00000034     FusionAhrs.o (.text.FusionQuaternionNormSquared)
                  0000d28a    00000002     --HOLE-- [fill = 0]
                  0000d28c    00000034     spi.o (.text.SPI_Unlock)
                  0000d2c0    00000034     ti_msp_dl_config.o (.text.SYSCFG_DL_TIMER_10ms_init)
                  0000d2f4    00000034     vl53l1_api.o (.text.VL53L1_GetSequenceStepEnable)
                  0000d328    00000034     vl53l1_api.o (.text.VL53L1_SetDeviceAddress)
                  0000d35c    00000034     icm42688.o (.text.__NVIC_DisableIRQ)
                  0000d390    00000034     libc.a : fopen.c.obj (.text.__TI_cleanup)
                  0000d3c4    00000034     libsysbm.a : trgmsg.c.obj (.text.__TI_readmsg)
                  0000d3f8    00000034                : trgmsg.c.obj (.text.__TI_writemsg)
                  0000d42c    00000034     libc.a : exit.c.obj (.text.exit)
                  0000d460    00000034            : getdevice.c.obj (.text.finddevice)
                  0000d494    00000032     Usart.o (.text.Uart0_Printf)
                  0000d4c6    00000032     vl53l1_core.o (.text.VL53L1_config_low_power_auto_mode)
                  0000d4f8    00000032     libclang_rt.builtins.a : fixunssfsi.S.obj (.text.__fixunssfsi)
                  0000d52a    00000032     icm42688.o (.text.icm42688_write_reg)
                  0000d55c    00000030     ADC_Test.o (.text.ADC_Test1)
                  0000d58c    00000030     ADC.o (.text.DL_ADC12_getMemResult)
                  0000d5bc    00000030     ti_msp_dl_config.o (.text.DL_GPIO_initDigitalOutputFeatures)
                  0000d5ec    00000030     ti_msp_dl_config.o (.text.DL_SPI_setFIFOThreshold)
                  0000d61c    00000030     FusionBias.o (.text.FusionBiasInitialise)
                  0000d64c    00000030     Usart.o (.text.UART0_IRQHandler)
                  0000d67c    00000030     libc.a : _printfi.c.obj (.text._fcpy)
                  0000d6ac    00000030            : vsnprintf.c.obj (.text._outs)
                  0000d6dc    00000030     multi_button.o (.text.button_ticks)
                  0000d70c    00000030     icm42688.o (.text.icm_spi_transfer_byte)
                  0000d73c    00000030     my_vl53l1x.o (.text.my_vl53l1x_callback)
                  0000d76c    0000002e     FusionAhrs.o (.text.FusionVectorNormalise)
                  0000d79a    0000002e     vl53l1_core.o (.text.VL53L1_calc_encoded_timeout)
                  0000d7c8    0000002e     vl53l1_api_core.o (.text.VL53L1_set_vhv_loopbound)
                  0000d7f6    00000002     --HOLE-- [fill = 0]
                  0000d7f8    0000002c     ADC_Test.o (.text.ADC_Test2)
                  0000d824    0000002c     Encoder.o (.text.Encoder_Count_Get)
                  0000d850    0000002c     Encoder_Test.o (.text.Encoder_Test1)
                  0000d87c    0000002c     Usart.o (.text.Uart0_Send_Char)
                  0000d8a8    0000002c     vl53l1_core.o (.text.VL53L1_init_version)
                  0000d8d4    0000002c     Usart.o (.text.__NVIC_ClearPendingIRQ)
                  0000d900    0000002c     ADC.o (.text.__NVIC_EnableIRQ)
                  0000d92c    0000002c     Usart.o (.text.__NVIC_EnableIRQ)
                  0000d958    0000002c     icm42688.o (.text.__NVIC_EnableIRQ)
                  0000d984    0000002c     main.o (.text.__NVIC_EnableIRQ)
                  0000d9b0    0000002c     libclang_rt.builtins.a : floatsidf.S.obj (.text.__floatsidf)
                  0000d9dc    0000002c     libsysbm.a : unlink.c.obj (.text.unlink)
                  0000da08    0000002a     FusionAhrs.o (.text.FusionVectorNormSquared)
                  0000da32    0000002a     vl53l1_core.o (.text.VL53L1_calc_decoded_timeout_us)
                  0000da5c    00000028     ti_msp_dl_config.o (.text.DL_ADC12_configHwAverage)
                  0000da84    00000028     IOI2C.o (.text.DL_Common_updateReg)
                  0000daac    00000028     ti_msp_dl_config.o (.text.DL_Common_updateReg)
                  0000dad4    00000028     ti_msp_dl_config.o (.text.DL_I2C_setControllerRXFIFOThreshold)
                  0000dafc    00000028     ti_msp_dl_config.o (.text.DL_I2C_setControllerTXFIFOThreshold)
                  0000db24    00000028     Delay.o (.text.Delay_ms)
                  0000db4c    00000028     OLED_Test.o (.text.OLED_Test1)
                  0000db74    00000028     tb6612.o (.text.TB6612_SetRightMotor)
                  0000db9c    00000028     Uart_Test.o (.text.Uart_Test2)
                  0000dbc4    00000028     vl53l1_api.o (.text.VL53L1_WaitDeviceBooted)
                  0000dbec    00000028     libclang_rt.builtins.a : floatunsisf.S.obj (.text.__floatunsisf)
                  0000dc14    00000028     libc.a : memory.c.obj (.text.free_list_insert)
                  0000dc3c    00000028     libsysbm.a : lseek.c.obj (.text.lseek)
                  0000dc64    00000028                : write.c.obj (.text.write)
                  0000dc8c    00000028     libc.a : boot_cortex_m.c.obj (.text:_c_int00_noargs)
                  0000dcb4    00000026     ti_msp_dl_config.o (.text.DL_I2C_setAnalogGlitchFilterPulseWidth)
                  0000dcda    00000026     driverlib.a : dl_i2c.o (.text.DL_I2C_setClockConfig)
                  0000dd00    00000026     vl53l1_platform.o (.text.VL53L1_WaitUs)
                  0000dd26    00000002     --HOLE-- [fill = 0]
                  0000dd28    00000024     ti_msp_dl_config.o (.text.DL_SPI_setBitRateSerialClockDivider)
                  0000dd4c    00000024     FusionAhrs.o (.text.FusionQuaternionSum)
                  0000dd70    00000024     tb6612.o (.text.TB6612_SetLeftMotor)
                  0000dd94    00000024     vl53l1_api_core.o (.text.VL53L1_set_lite_min_count_rate)
                  0000ddb8    00000024     vl53l1_api_core.o (.text.VL53L1_set_lite_sigma_threshold)
                  0000dddc    00000024     libclang_rt.builtins.a : floatunsidf.S.obj (.text.__floatunsidf)
                  0000de00    00000024                            : muldi3.S.obj (.text.__muldi3)
                  0000de24    00000022     IOI2C.o (.text.IICwriteByte)
                  0000de46    00000022     vl53l1_core.o (.text.VL53L1_calc_timeout_mclks)
                  0000de68    00000022     vl53l1_core.o (.text.VL53L1_decode_zone_size)
                  0000de8a    00000022     libc.a : memccpy.c.obj (.text.memccpy)
                  0000deac    00000020     ti_msp_dl_config.o (.text.DL_GPIO_initPeripheralInputFunction)
                  0000decc    00000020     ti_msp_dl_config.o (.text.DL_SYSCTL_setFlashWaitState)
                  0000deec    00000020     FusionAhrs.o (.text.FusionAhrsGetQuaternion)
                  0000df0c    00000020     Usart.o (.text.Uart_Init)
                  0000df2c    00000020     vl53l1_core_support.o (.text.VL53L1_calc_pll_period_us)
                  0000df4c    0000001e     ti_msp_dl_config.o (.text.DL_ADC12_setPowerDownMode)
                  0000df6a    0000001e     ti_msp_dl_config.o (.text.DL_UART_setOversampling)
                  0000df88    0000001e     vl53l1_core.o (.text.VL53L1_decode_timeout)
                  0000dfa6    00000002     --HOLE-- [fill = 0]
                  0000dfa8    0000001e     libclang_rt.builtins.a : ashldi3.S.obj (.text.__ashldi3)
                  0000dfc6    00000002     --HOLE-- [fill = 0]
                  0000dfc8    0000001c     ADC.o (.text.ADC_Init)
                  0000dfe4    0000001c     Bat.o (.text.Bat_Init)
                  0000e000    0000001c     ti_msp_dl_config.o (.text.DL_ADC12_clearInterruptStatus)
                  0000e01c    0000001c     ti_msp_dl_config.o (.text.DL_ADC12_enableInterrupt)
                  0000e038    0000001c     ADC.o (.text.DL_ADC12_startConversion)
                  0000e054    0000001c     Bat.o (.text.DL_ADC12_startConversion)
                  0000e070    0000001c     Interrupt.o (.text.DL_GPIO_clearInterruptStatus)
                  0000e08c    0000001c     ti_msp_dl_config.o (.text.DL_GPIO_clearInterruptStatus)
                  0000e0a8    0000001c     ti_msp_dl_config.o (.text.DL_GPIO_enableHiZ)
                  0000e0c4    0000001c     ti_msp_dl_config.o (.text.DL_GPIO_enableInterrupt)
                  0000e0e0    0000001c     ti_msp_dl_config.o (.text.DL_GPIO_initPeripheralOutputFunction)
                  0000e0fc    0000001c     ti_msp_dl_config.o (.text.DL_GPIO_setLowerPinsInputFilter)
                  0000e118    0000001c     ti_msp_dl_config.o (.text.DL_GPIO_setLowerPinsPolarity)
                  0000e134    0000001c     ti_msp_dl_config.o (.text.DL_GPIO_setUpperPinsInputFilter)
                  0000e150    0000001c     IOI2C.o (.text.DL_I2C_isControllerRXFIFOEmpty)
                  0000e16c    0000001c     driverlib.a : dl_sysctl_mspm0g1x0x_g3x0x.o (.text.DL_SYSCTL_configFCC)
                  0000e188    0000001c     ti_msp_dl_config.o (.text.DL_SYSCTL_setFCCPeriods)
                  0000e1a4    0000001c     ti_msp_dl_config.o (.text.DL_SYSCTL_setSYSOSCFreq)
                  0000e1c0    0000001c     ti_msp_dl_config.o (.text.DL_SYSCTL_setULPCLKDivider)
                  0000e1dc    0000001c     ti_msp_dl_config.o (.text.DL_Timer_enableInterrupt)
                  0000e1f8    0000001c     driverlib.a : dl_timer.o (.text.DL_Timer_setCaptCompUpdateMethod)
                  0000e214    0000001c                 : dl_timer.o (.text.DL_Timer_setClockConfig)
                  0000e230    0000001c     ti_msp_dl_config.o (.text.DL_UART_enableInterrupt)
                  0000e24c    0000001c     FusionAhrs.o (.text.FusionAhrsInitialise)
                  0000e268    0000001c     FusionAhrs.o (.text.FusionVectorSum)
                  0000e284    0000001c     Usart.o (.text.GetLength)
                  0000e2a0    0000001c     vl53l1_core.o (.text.VL53L1_encode_zone_size)
                  0000e2bc    0000001c     libc.a : memory.c.obj (.text.free_list_remove)
                  0000e2d8    0000001a     Interrupt.o (.text.ADC0_IRQHandler)
                  0000e2f2    0000001a     vl53l1_core_support.o (.text.VL53L1_decode_vcsel_period)
                  0000e30c    00000018     ADC.o (.text.ADC_Callback)
                  0000e324    00000018     ti_msp_dl_config.o (.text.DL_ADC12_enablePower)
                  0000e33c    00000018     ti_msp_dl_config.o (.text.DL_ADC12_reset)
                  0000e354    00000018     ti_msp_dl_config.o (.text.DL_ADC12_setSampleTime0)
                  0000e36c    00000018     ti_msp_dl_config.o (.text.DL_GPIO_enableOutput)
                  0000e384    00000018     ti_msp_dl_config.o (.text.DL_GPIO_enablePower)
                  0000e39c    00000018     Interrupt.o (.text.DL_GPIO_getEnabledInterruptStatus)
                  0000e3b4    00000018     ti_msp_dl_config.o (.text.DL_GPIO_initDigitalOutput)
                  0000e3cc    00000018     ti_msp_dl_config.o (.text.DL_GPIO_reset)
                  0000e3e4    00000018     OLED.o (.text.DL_GPIO_setPins)
                  0000e3fc    00000018     spi.o (.text.DL_GPIO_setPins)
                  0000e414    00000018     tb6612.o (.text.DL_GPIO_setPins)
                  0000e42c    00000018     ti_msp_dl_config.o (.text.DL_GPIO_setPins)
                  0000e444    00000018     ti_msp_dl_config.o (.text.DL_GPIO_setUpperPinsPolarity)
                  0000e45c    00000018     IOI2C.o (.text.DL_I2C_clearInterruptStatus)
                  0000e474    00000018     ti_msp_dl_config.o (.text.DL_I2C_enableAnalogGlitchFilter)
                  0000e48c    00000018     ti_msp_dl_config.o (.text.DL_I2C_enableController)
                  0000e4a4    00000018     ti_msp_dl_config.o (.text.DL_I2C_enableControllerClockStretching)
                  0000e4bc    00000018     ti_msp_dl_config.o (.text.DL_I2C_enablePower)
                  0000e4d4    00000018     IOI2C.o (.text.DL_I2C_getRawInterruptStatus)
                  0000e4ec    00000018     ti_msp_dl_config.o (.text.DL_I2C_reset)
                  0000e504    00000018     ti_msp_dl_config.o (.text.DL_I2C_setTimerPeriod)
                  0000e51c    00000018     ti_msp_dl_config.o (.text.DL_SPI_enable)
                  0000e534    00000018     ti_msp_dl_config.o (.text.DL_SPI_enablePower)
                  0000e54c    00000018     OLED.o (.text.DL_SPI_isBusy)
                  0000e564    00000018     icm42688.o (.text.DL_SPI_isBusy)
                  0000e57c    00000018     ti_msp_dl_config.o (.text.DL_SPI_reset)
                  0000e594    00000018     ti_msp_dl_config.o (.text.DL_SYSCTL_setBORThreshold)
                  0000e5ac    00000018     ti_msp_dl_config.o (.text.DL_Timer_enablePower)
                  0000e5c4    00000018     ti_msp_dl_config.o (.text.DL_Timer_reset)
                  0000e5dc    00000018     driverlib.a : dl_timer.o (.text.DL_Timer_setCaptureCompareOutCtl)
                  0000e5f4    00000018     main.o (.text.DL_Timer_startCounter)
                  0000e60c    00000018     ti_msp_dl_config.o (.text.DL_UART_enablePower)
                  0000e624    00000018     Usart.o (.text.DL_UART_isBusy)
                  0000e63c    00000018     ti_msp_dl_config.o (.text.DL_UART_reset)
                  0000e654    00000018     FusionAhrs.o (.text.FusionDegreesToRadians)
                  0000e66c    00000018     IMU_.o (.text.FusionRadiansToDegrees)
                  0000e684    00000018     libc.a : vsnprintf.c.obj (.text._outc)
                  0000e69c    00000018     icm42688.o (.text.delay_ms)
                  0000e6b4    00000016     Bat.o (.text.DL_ADC12_enableConversions)
                  0000e6ca    00000016     ti_msp_dl_config.o (.text.DL_ADC12_enableConversions)
                  0000e6e0    00000016     Encoder.o (.text.DL_GPIO_readPins)
                  0000e6f6    00000016     icm42688.o (.text.DL_GPIO_readPins)
                  0000e70c    00000016     tb6612.o (.text.DL_GPIO_readPins)
                  0000e722    00000016     OLED.o (.text.DL_SPI_transmitData8)
                  0000e738    00000016     icm42688.o (.text.DL_SPI_transmitData8)
                  0000e74e    00000016     ti_msp_dl_config.o (.text.DL_UART_enable)
                  0000e764    00000016     Usart.o (.text.DL_UART_transmitData)
                  0000e77a    00000016     libc.a : k_rem_pio2.c.obj (.text.OUTLINED_FUNCTION_0)
                  0000e790    00000010     libclang_rt.builtins.a : adddf3.S.obj (.tramp.__aeabi_dadd.1)
                  0000e7a0    00000014     ADC.o (.text.ADC_Read)
                  0000e7b4    00000014     OLED.o (.text.DL_GPIO_clearPins)
                  0000e7c8    00000014     spi.o (.text.DL_GPIO_clearPins)
                  0000e7dc    00000014     tb6612.o (.text.DL_GPIO_clearPins)
                  0000e7f0    00000014     ti_msp_dl_config.o (.text.DL_GPIO_clearPins)
                  0000e804    00000014     IOI2C.o (.text.DL_I2C_getControllerStatus)
                  0000e818    00000014     IOI2C.o (.text.DL_I2C_receiveControllerData)
                  0000e82c    00000014     ti_msp_dl_config.o (.text.DL_I2C_resetControllerTransfer)
                  0000e840    00000014     OLED.o (.text.DL_SPI_receiveData8)
                  0000e854    00000014     icm42688.o (.text.DL_SPI_receiveData8)
                  0000e868    00000014     ti_msp_dl_config.o (.text.DL_SYSCTL_disableSYSPLL)
                  0000e87c    00000014     ti_msp_dl_config.o (.text.DL_SYSCTL_enableSYSPLL)
                  0000e890    00000014     ti_msp_dl_config.o (.text.DL_Timer_enableClock)
                  0000e8a4    00000014     ti_msp_dl_config.o (.text.DL_Timer_setCCPDirection)
                  0000e8b8    00000014     Usart.o (.text.DL_UART_receiveData)
                  0000e8cc    00000014     Interrupt.o (.text.TIMG0_IRQHandler)
                  0000e8e0    00000014     vl53l1_platform.o (.text.VL53L1_WaitMs)
                  0000e8f4    00000014     libclang_rt.builtins.a : aeabi_uldivmod.S.obj (.text.__aeabi_uldivmod)
                  0000e908    00000014     libc.a : _printfi.c.obj (.text.strchr)
                  0000e91c    00000012     Interrupt.o (.text.DL_ADC12_getPendingInterrupt)
                  0000e92e    00000012     driverlib.a : dl_spi.o (.text.DL_SPI_setClockConfig)
                  0000e940    00000012     Usart.o (.text.DL_UART_getPendingInterrupt)
                  0000e952    00000012     driverlib.a : dl_uart.o (.text.DL_UART_setClockConfig)
                  0000e964    00000012     multi_button.o (.text.button_read_level)
                  0000e976    00000012     libc.a : memcpy16.S.obj (.text:TI_memcpy_small)
                  0000e988    00000012            : copy_decompress_none.c.obj (.text:decompress:none)
                  0000e99a    00000002     --HOLE-- [fill = 0]
                  0000e99c    00000010     ti_msp_dl_config.o (.text.DL_SYSCTL_disableHFXT)
                  0000e9ac    00000010     ti_msp_dl_config.o (.text.DL_SYSCTL_isFCCDone)
                  0000e9bc    00000010     ti_msp_dl_config.o (.text.DL_SYSCTL_startFCC)
                  0000e9cc    00000010     driverlib.a : dl_timer.o (.text.DL_Timer_setCaptureCompareValue)
                  0000e9dc    00000010     IOI2C.o (.text.IIC_Delay_ms)
                  0000e9ec    00000010     libc.a : k_rem_pio2.c.obj (.text.OUTLINED_FUNCTION_2)
                  0000e9fc    00000010     ti_msp_dl_config.o (.text.SYSCFG_DL_SYSTICK_init)
                  0000ea0c    00000010     Delay.o (.text.SysTick_Handler)
                  0000ea1c    00000010     libc.a : wcslen.c.obj (.text.wcslen)
                  0000ea2c    00000010            : copy_zero_init.c.obj (.text:decompress:ZI)
                  0000ea3c    0000000e            : memory.c.obj (.text.OUTLINED_FUNCTION_0)
                  0000ea4a    00000002     --HOLE-- [fill = 0]
                  0000ea4c    0000000e     libclang_rt.builtins.a : aeabi_memset.S.obj (.text.__aeabi_memset)
                  0000ea5a    0000000e     libsysbm.a : hostrename.c.obj (.text.strcpy)
                  0000ea68    0000000e     libc.a : _printfi.c.obj (.text.strlen)
                  0000ea76    0000000e     libsysbm.a : hostrename.c.obj (.text.strlen)
                  0000ea84    0000000e     libc.a : memset16.S.obj (.text:TI_memset_small)
                  0000ea92    00000002     --HOLE-- [fill = 0]
                  0000ea94    0000000c     Bat.o (.text.Bat_Read)
                  0000eaa0    0000000c     ti_msp_dl_config.o (.text.DL_SYSCTL_getClockStatus)
                  0000eaac    0000000c     ti_msp_dl_config.o (.text.DL_SYSCTL_readFCC)
                  0000eab8    0000000c     Usart.o (.text.GetRemain)
                  0000eac4    0000000c     Delay.o (.text.Get_ms)
                  0000ead0    0000000c     libclang_rt.builtins.a : aeabi_memset.S.obj (.text.__aeabi_memclr)
                  0000eadc    0000000c     icm42688.o (.text.icm_cs_high)
                  0000eae8    0000000c     icm42688.o (.text.icm_cs_low)
                  0000eaf4    0000000c     libc.a : memory.c.obj (.text.malloc)
                  0000eb00    0000000a     driverlib.a : dl_common.o (.text.DL_Common_delayCycles)
                  0000eb0a    0000000a     libc.a : _printfi.c.obj (.text.OUTLINED_FUNCTION_0)
                  0000eb14    00000010     libclang_rt.builtins.a : adddf3.S.obj (.tramp.__aeabi_dsub.1)
                  0000eb24    0000000a     libc.a : _printfi.c.obj (.text.OUTLINED_FUNCTION_1)
                  0000eb2e    0000000a            : k_rem_pio2.c.obj (.text.OUTLINED_FUNCTION_1)
                  0000eb38    0000000a            : s_cosf.c.obj (.text.OUTLINED_FUNCTION_3)
                  0000eb42    0000000a            : s_sinf.c.obj (.text.OUTLINED_FUNCTION_3)
                  0000eb4c    00000008     Interrupt.o (.text.TIMG7_IRQHandler)
                  0000eb54    00000008     libc.a : aeabi_portable.c.obj (.text.__aeabi_errno_addr)
                  0000eb5c    00000008     libclang_rt.builtins.a : aeabi_memcpy.S.obj (.text.__aeabi_memcpy)
                  0000eb64    00000008     libc.a : printf.c.obj (.text._outc)
                  0000eb6c    00000008            : printf.c.obj (.text._outs)
                  0000eb74    00000008     icm42688.o (.text.bsp_Icm42688Init)
                  0000eb7c    00000008     libc.a : fseek.c.obj (.text.fseek)
                  0000eb84    00000008     libsysbm.a : remove.c.obj (.text.remove)
                  0000eb8c    00000006     libc.a : e_asinf.c.obj (.text.OUTLINED_FUNCTION_0)
                  0000eb92    00000002     --HOLE-- [fill = 0]
                  0000eb94    00000010     libclang_rt.builtins.a : mulsf3.S.obj (.tramp.__aeabi_fmul.1)
                  0000eba4    00000006     libc.a : s_atanf.c.obj (.text.OUTLINED_FUNCTION_0)
                  0000ebaa    00000002     --HOLE-- [fill = 0]
                  0000ebac    00000010     libclang_rt.builtins.a : divsf3.S.obj (.tramp.__aeabi_fdiv.1)
                  0000ebbc    00000006     libc.a : s_cosf.c.obj (.text.OUTLINED_FUNCTION_0)
                  0000ebc2    00000002     --HOLE-- [fill = 0]
                  0000ebc4    00000010     libclang_rt.builtins.a : muldf3.S.obj (.tramp.__aeabi_dmul.1)
                  0000ebd4    00000006     libc.a : s_sinf.c.obj (.text.OUTLINED_FUNCTION_0)
                  0000ebda    00000006            : e_powf.c.obj (.text.OUTLINED_FUNCTION_1)
                  0000ebe0    00000006            : s_cosf.c.obj (.text.OUTLINED_FUNCTION_1)
                  0000ebe6    00000006            : s_sinf.c.obj (.text.OUTLINED_FUNCTION_1)
                  0000ebec    00000006            : e_powf.c.obj (.text.OUTLINED_FUNCTION_3)
                  0000ebf2    00000002     --HOLE-- [fill = 0]
                  0000ebf4    00000010     libclang_rt.builtins.a : addsf3.S.obj (.tramp.__aeabi_fadd.1)
                  0000ec04    00000006     libc.a : e_powf.c.obj (.text.OUTLINED_FUNCTION_4)
                  0000ec0a    00000002     --HOLE-- [fill = 0]
                  0000ec0c    00000010     libclang_rt.builtins.a : addsf3.S.obj (.tramp.__aeabi_fsub.1)
                  0000ec1c    00000006     libc.a : e_powf.c.obj (.text.OUTLINED_FUNCTION_5)
                  0000ec22    00000006            : e_powf.c.obj (.text.OUTLINED_FUNCTION_6)
                  0000ec28    00000006            : exit.c.obj (.text:abort)
                  0000ec2e    00000004     libsysbm.a : hostexit.c.obj (.text.HOSTexit)
                  0000ec32    00000004     libc.a : e_powf.c.obj (.text.OUTLINED_FUNCTION_0)
                  0000ec36    00000004            : s_atanf.c.obj (.text.OUTLINED_FUNCTION_1)
                  0000ec3a    00000004            : e_powf.c.obj (.text.OUTLINED_FUNCTION_2)
                  0000ec3e    00000004            : s_cosf.c.obj (.text.OUTLINED_FUNCTION_2)
                  0000ec42    00000002     --HOLE-- [fill = 0]
                  0000ec44    00000010     libclang_rt.builtins.a : extendsfdf2.S.obj (.tramp.__aeabi_f2d.1)
                  0000ec54    00000004     libc.a : s_sinf.c.obj (.text.OUTLINED_FUNCTION_2)
                  0000ec58    00000004            : e_powf.c.obj (.text.OUTLINED_FUNCTION_7)
                  0000ec5c    00000004            : e_powf.c.obj (.text.OUTLINED_FUNCTION_8)
                  0000ec60    00000004     startup_mspm0g350x_ticlang.o (.text.Reset_Handler)
                  0000ec64    00000010     libc.a : boot_cortex_m.c.obj (.tramp._c_int00_noargs.1)
                  0000ec74    00000004            : pre_init.c.obj (.text._system_pre_init)
                  0000ec78    00000008     --HOLE-- [fill = 0]

.cinit     0    00010c60    000000d8     
                  00010c60    000000b0     (.cinit..data.load) [load image, compression = lzss]
                  00010d10    0000000c     (__TI_handler_table)
                  00010d1c    00000008     (.cinit..bss.load) [load image, compression = zero_init]
                  00010d24    00000010     (__TI_cinit_table)
                  00010d34    00000004     --HOLE-- [fill = 0]

.rodata    0    0000ec80    00001fe0     
                  0000ec80    00000d5c     OLED.o (.rodata.asc2_2412)
                  0000f9dc    000005f0     OLED.o (.rodata.asc2_1608)
                  0000ffcc    00000474     OLED.o (.rodata.asc2_1206)
                  00010440    00000228     OLED.o (.rodata.asc2_0806)
                  00010668    00000108     libc.a : k_rem_pio2.c.obj (.rodata.ipio2)
                  00010770    00000101            : aeabi_ctype.S.obj (.rodata:__aeabi_ctype_table_)
                  00010871    00000007     Encoder_Test.o (.rodata.str1.17708060195393170552.1)
                  00010878    00000040     libc.a : k_rem_pio2.c.obj (.rodata.PIo2)
                  000108b8    0000003c     ICM_Test.o (.rodata.str1.17706672905242088051.1)
                  000108f4    00000030     vl53l1x.o (.rodata.str1.8665556936548998902.1)
                  00010924    00000028     ti_msp_dl_config.o (.rodata.gSYSPLLConfig)
                  0001094c    00000026     ICM_Test.o (.rodata.str1.3203314161863016811.1)
                  00010972    00000002     ti_msp_dl_config.o (.rodata.gI2C_0ClockConfig)
                  00010974    00000024     IMU_.o (.rodata.accelerometerMisalignment)
                  00010998    00000024     IMU_.o (.rodata.gyroscopeMisalignment)
                  000109bc    00000020     libc.a : s_atanf.c.obj (.rodata.cst16)
                  000109dc    0000001e     Encoder_Test.o (.rodata.str1.16162214016713503692.1)
                  000109fa    0000001c     vl53l1x.o (.rodata.str1.12793480914977007934.1)
                  00010a16    0000001c     vl53l1x.o (.rodata.str1.9889896138451333030.1)
                  00010a32    0000001b     vl53l1x.o (.rodata.str1.3978240886075957214.1)
                  00010a4d    0000001a     ADC_Test.o (.rodata.str1.11396595870685173457.1)
                  00010a67    00000001     --HOLE-- [fill = 0]
                  00010a68    00000018     IMU_.o (.rodata..L__const.IMU_init_.settings)
                  00010a80    00000018     libc.a : e_powf.c.obj (.rodata.cst8)
                  00010a98    00000018     FusionAhrs.o (.rodata.fusionAhrsDefaultSettings)
                  00010ab0    00000017     vl53l1x_Test.o (.rodata.str1.10952281665346510433.1)
                  00010ac7    00000016     vl53l1x.o (.rodata.str1.6185141677119688064.1)
                  00010add    00000003     ti_msp_dl_config.o (.rodata.gPWM_BUZZERClockConfig)
                  00010ae0    00000014     ti_msp_dl_config.o (.rodata.gTIMER_10msTimerConfig)
                  00010af4    00000014     ti_msp_dl_config.o (.rodata.gTIMER_2msTimerConfig)
                  00010b08    00000014     ADC_Test.o (.rodata.str1.5154163100107501331.1)
                  00010b1c    00000013     vl53l1x.o (.rodata.str1.18438805956943837306.1)
                  00010b2f    00000012     ICM_Test.o (.rodata.str1.17276630036601735024.1)
                  00010b41    00000011     libc.a : _printfi.c.obj (.rodata.str1.10348868589481759720.1)
                  00010b52    00000011            : _printfi.c.obj (.rodata.str1.15363888844622738466.1)
                  00010b63    00000011     vl53l1x_Test.o (.rodata.str1.784680880869378880.1)
                  00010b74    00000010     libc.a : k_rem_pio2.c.obj (.rodata.cst16)
                  00010b84    0000000e     vl53l1x_Test.o (.rodata.str1.16621539580981254400.1)
                  00010b92    0000000e     IMU.o (.rodata.str1.7701751586357302207.1)
                  00010ba0    0000000d     OLED_Test.o (.rodata.str1.14401795109115830494.1)
                  00010bad    00000003     ti_msp_dl_config.o (.rodata.gPWM_MotorClockConfig)
                  00010bb0    0000000c     IMU_.o (.rodata.accelerometerSensitivity)
                  00010bbc    0000000c     FusionBias.o (.rodata.fusionBiasDefaultSettings)
                  00010bc8    0000000c     IMU_.o (.rodata.gyroscopeSensitivity)
                  00010bd4    0000000c     Uart_Test.o (.rodata.str1.14504840162625008916.1)
                  00010be0    0000000a     ti_msp_dl_config.o (.rodata.gSPI_1_config)
                  00010bea    0000000a     ti_msp_dl_config.o (.rodata.gUARTConfig)
                  00010bf4    0000000a     ti_msp_dl_config.o (.rodata.gUART_3Config)
                  00010bfe    0000000a     ti_msp_dl_config.o (.rodata.gUART_CAMERAConfig)
                  00010c08    0000000a     ti_msp_dl_config.o (.rodata.gUART_WIRELESSConfig)
                  00010c12    0000000a     Uart_Test.o (.rodata.str1.10152111140166146408.1)
                  00010c1c    00000008     ti_msp_dl_config.o (.rodata.gBAT_ADCClockConfig)
                  00010c24    00000008     ti_msp_dl_config.o (.rodata.gPWM_BUZZERConfig)
                  00010c2c    00000008     ti_msp_dl_config.o (.rodata.gPWM_MotorConfig)
                  00010c34    00000008     ti_msp_dl_config.o (.rodata.gPWM_SERVOConfig)
                  00010c3c    00000006     ICM_Test.o (.rodata.str1.6734532910457900464.1)
                  00010c42    00000003     ti_msp_dl_config.o (.rodata.gPWM_SERVOClockConfig)
                  00010c45    00000003     ti_msp_dl_config.o (.rodata.gTIMER_10msClockConfig)
                  00010c48    00000003     ti_msp_dl_config.o (.rodata.gTIMER_2msClockConfig)
                  00010c4b    00000003     ICM_Test.o (.rodata.str1.7996755858154344325.1)
                  00010c4e    00000002     ti_msp_dl_config.o (.rodata.gSPI_1_clockConfig)
                  00010c50    00000002     ti_msp_dl_config.o (.rodata.gUARTClockConfig)
                  00010c52    00000002     ti_msp_dl_config.o (.rodata.gUART_3ClockConfig)
                  00010c54    00000002     ti_msp_dl_config.o (.rodata.gUART_CAMERAClockConfig)
                  00010c56    00000002     ti_msp_dl_config.o (.rodata.gUART_WIRELESSClockConfig)
                  00010c58    00000002     ICM_Test.o (.rodata.str1.3271256099631588847.1)
                  00010c5a    00000006     --HOLE-- [fill = 0]

.init_array 
*          0    00000000    00000000     UNINITIALIZED

.binit     0    00000000    00000000     

.bss       0    20200000    00001bc7     UNINITIALIZED
                  20200000    00000aec     (.common:VL53_)
                  20200aec    00000480     (.common:OLED_GRAM)
                  20200f6c    000003a4     (.common:VL53)
                  20201310    00000190     (.common:FIFO_Buffer)
                  202014a0    00000120     libsysbm.a : trgmsg.c.obj (.bss:_CIOBUF_)
                  202015c0    00000100     (.common:Buffer)
                  202016c0    000000bc     (.common:gPWM_BUZZERBackup)
                  2020177c    000000bc     (.common:gPWM_SERVOBackup)
                  20201838    000000a0     libc.a : defs.c.obj (.bss.__TI_tmpnams)
                  202018d8    000000a0     (.common:gPWM_MotorBackup)
                  20201978    000000a0     (.common:gTIMER_2msBackup)
                  20201a18    00000080     (.common:ahrs)
                  20201a98    00000038     (.common:pid_left)
                  20201ad0    00000038     (.common:pid_right)
                  20201b08    00000030     (.common:gUART_3Backup)
                  20201b38    00000028     (.common:gSPI_1Backup)
                  20201b60    00000024     (.common:bias)
                  20201b84    0000000c     (.common:distance_)
                  20201b90    0000000c     (.common:ypr)
                  20201b9c    00000008     libsysbm.a : hostopen.c.obj (.bss.parmbuf)
                  20201ba4    00000004     libc.a : memory.c.obj (.bss.sys_free)
                  20201ba8    00000004     (.common:exInt)
                  20201bac    00000004     (.common:eyInt)
                  20201bb0    00000004     (.common:ezInt)
                  20201bb4    00000004     (.common:q0)
                  20201bb8    00000004     (.common:q1)
                  20201bbc    00000004     (.common:q2)
                  20201bc0    00000004     (.common:q3)
                  20201bc4    00000002     (.common:ADC_RawValue)
                  20201bc6    00000001     (.common:data)

.sysmem    0    20201bc8    00000800     UNINITIALIZED
                  20201bc8    00000010     libc.a : memory.c.obj (.sysmem)
                  20201bd8    000007f0     --HOLE--

.data      0    202023c8    000002bf     UNINITIALIZED
                  202023c8    000000f0     libc.a : defs.c.obj (.data._ftable)
                  202024b8    00000078     libsysbm.a : host_device.c.obj (.data._device)
                  20202530    00000050                : host_device.c.obj (.data._stream)
                  20202580    00000040     vl53l1x.o (.data.Mode_data)
                  202025c0    00000024     spi.o (.data.spi_devices)
                  202025e4    0000000c     IMU_.o (.data.accelerometerOffset)
                  202025f0    0000000c     IMU_.o (.data.gyroscopeOffset)
                  202025fc    00000008     libc.a : exit.c.obj (.data..L_MergedGlobals)
                  20202604    00000004     Bat.o (.data.Battery_Voltage)
                  20202608    00000008     Encoder.o (.data.duration_time)
                  20202610    00000008     Encoder.o (.data.encoder_count_l)
                  20202618    00000008     Encoder.o (.data.encoder_count_l_10ms)
                  20202620    00000008     Encoder.o (.data.encoder_count_l_last)
                  20202628    00000008     Encoder.o (.data.encoder_count_r)
                  20202630    00000008     Encoder.o (.data.encoder_count_r_10ms)
                  20202638    00000008     Encoder.o (.data.encoder_count_r_last)
                  20202640    00000008     Encoder.o (.data.last_10ms_update)
                  20202648    00000004     Motor.o (.data.Goal_Speed_Left)
                  2020264c    00000004     Motor.o (.data.Goal_Speed_Right)
                  20202650    00000004     Delay.o (.data.MS)
                  20202654    00000004     Delay.o (.data.US)
                  20202658    00000004     libc.a : defs.c.obj (.data.__TI_ft_end)
                  2020265c    00000004            : aeabi_portable.c.obj (.data.__aeabi_errno)
                  20202660    00000004            : _lock.c.obj (.data._lock)
                  20202664    00000004            : _lock.c.obj (.data._unlock)
                  20202668    00000004     icm42688.o (.data.accSensitivity)
                  2020266c    00000004     icm42688.o (.data.gyroSensitivity)
                  20202670    00000004     multi_button.o (.data.head_handle)
                  20202674    00000004     Delay.o (.data.now_tick)
                  20202678    00000002     icm42688.o (.data.data_length)
                  2020267a    00000002     icm42688.o (.data.last_timestamp)
                  2020267c    00000001     icm42688.o (.data.ICM42688_is_initialized)
                  2020267d    00000001     IMU_.o (.data.IMU_initialized)
                  2020267e    00000001     Usart.o (.data.ReadIndex)
                  2020267f    00000001     Usart.o (.data.WriteIndex)
                  20202680    00000001     Bat.o (.data.cmd_bat)
                  20202681    00000001     Motor.o (.data.cmd_left_speed)
                  20202682    00000001     Motor.o (.data.cmd_right_speed)
                  20202683    00000001     spi.o (.data.spi_cs_locked)
                  20202684    00000001     libc.a : memory.c.obj (.data.memory_is_initialized)
                  20202685    00000001     spi.o (.data.spi_cs_locked_channel)
                  20202686    00000001     icm42688.o (.data.timestamp_initialized)

.stack     0    20207e00    00000200     UNINITIALIZED
                  20207e00    00000004     libc.a : boot_cortex_m.c.obj (.stack)
                  20207e04    000001fc     --HOLE--

__llvm_prf_cnts 
*          0    20200000    00000000     UNINITIALIZED

__llvm_prf_bits 
*          0    20200000    00000000     UNINITIALIZED

MODULE SUMMARY

       Module                         code    ro data   rw data
       ------                         ----    -------   -------
    .\
       ti_msp_dl_config.o             4780    189       784    
       startup_mspm0g350x_ticlang.o   8       192       0      
       main.o                         180     0         0      
    +--+------------------------------+-------+---------+---------+
       Total:                         4968    381       784    
                                                               
    .\HardWare\
       OLED.o                         1504    6632      1152   
       icm42688.o                     1942    0         414    
       Encoder.o                      1466    0         64     
       multi_button.o                 1078    0         4      
       Usart.o                        622     0         259    
       tb6612.o                       406     0         0      
       spi.o                          360     0         38     
       Interrupt.o                    376     0         12     
       PID.o                          324     0         0      
       ADC.o                          192     0         2      
       Delay.o                        168     0         12     
    +--+------------------------------+-------+---------+---------+
       Total:                         8438    6632      1957   
                                                               
    .\HardWare\vl53l1x\core\
       vl53l1_api_core.o              4710    0         0      
       vl53l1_api.o                   3010    0         0      
       vl53l1_register_funcs.o        2716    0         0      
       vl53l1_api_preset_modes.o      2376    0         0      
       vl53l1_core.o                  2372    0         0      
       vl53l1_core_support.o          138     0         0      
       vl53l1_wait.o                  98      0         0      
    +--+------------------------------+-------+---------+---------+
       Total:                         15420   0         0      
                                                               
    .\HardWare\vl53l1x\platform\
       vl53l1x.o                      758     172       996    
       IOI2C.o                        1422    0         0      
       vl53l1_platform.o              644     0         0      
    +--+------------------------------+-------+---------+---------+
       Total:                         2824    172       996    
                                                               
    .\Middle\
       my_vl53l1x.o                   48      0         2808   
       IMU_.o                         1680    120       189    
       Motor.o                        164     0         122    
       Bat.o                          214     0         5      
       IMU.o                          92      14        28     
    +--+------------------------------+-------+---------+---------+
       Total:                         2198    134       3152   
                                                               
    .\Middle\Fusion\
       FusionAhrs.o                   4564    24        0      
       FusionBias.o                   576     12        0      
    +--+------------------------------+-------+---------+---------+
       Total:                         5140    36        0      
                                                               
    .\Test\
       ICM_Test.o                     316     127       0      
       vl53l1x_Test.o                 172     54        0      
       Encoder_Test.o                 180     37        0      
       ADC_Test.o                     92      46        0      
       Uart_Test.o                    40      22        0      
       OLED_Test.o                    40      13        0      
    +--+------------------------------+-------+---------+---------+
       Total:                         840     299       0      
                                                               
    C:/TI/mspm0_sdk_2_10_00_04/source/ti/driverlib/lib/ticlang/m0p/mspm0g1x0x_g3x0x/driverlib.a
       dl_timer.o                     608     0         0      
       dl_sysctl_mspm0g1x0x_g3x0x.o   316     0         0      
       dl_i2c.o                       132     0         0      
       dl_uart.o                      90      0         0      
       dl_spi.o                       86      0         0      
       dl_adc12.o                     64      0         0      
       dl_common.o                    10      0         0      
    +--+------------------------------+-------+---------+---------+
       Total:                         1306    0         0      
                                                               
    D:\TI\ccs2041\ccs\tools\compiler\ti-cgt-armllvm_4.0.4.LTS\lib\armv6m-ti-none-eabi/c/libc.a
       _printfi.c.obj                 4510    34        0      
       k_rem_pio2.c.obj               1652    344       0      
       e_powf.c.obj                   1766    24        0      
       s_cosf.c.obj                   822     0         0      
       s_sinf.c.obj                   810     0         0      
       memory.c.obj                   702     0         5      
       s_atanf.c.obj                  466     32        0      
       defs.c.obj                     0       0         404    
       e_sqrt.c.obj                   368     0         0      
       e_asinf.c.obj                  358     0         0      
       s_floor.c.obj                  324     0         0      
       e_atan2f.c.obj                 280     0         0      
       aeabi_ctype.S.obj              0       257       0      
       fputs.c.obj                    248     0         0      
       setvbuf.c.obj                  224     0         0      
       s_scalbn.c.obj                 216     0         0      
       s_scalbnf.c.obj                176     0         0      
       e_sqrtf.c.obj                  160     0         0      
       getdevice.c.obj                160     0         0      
       fputc.c.obj                    156     0         0      
       strcmp-armv6m.S.obj            136     0         0      
       vsnprintf.c.obj                136     0         0      
       copy_decompress_lzss.c.obj     124     0         0      
       fclose.c.obj                   124     0         0      
       fseek.c.obj                    116     0         0      
       printf.c.obj                   108     0         0      
       _io_perm.c.obj                 100     0         0      
       s_frexp.c.obj                  92      0         0      
       _ltoa.c.obj                    88      0         0      
       fflush.c.obj                   82      0         0      
       exit.c.obj                     58      0         8      
       atoi.c.obj                     64      0         0      
       autoinit.c.obj                 60      0         0      
       boot_cortex_m.c.obj            56      0         0      
       fopen.c.obj                    52      0         0      
       memccpy.c.obj                  34      0         0      
       copy_decompress_none.c.obj     18      0         0      
       memcpy16.S.obj                 18      0         0      
       copy_zero_init.c.obj           16      0         0      
       wcslen.c.obj                   16      0         0      
       memset16.S.obj                 14      0         0      
       aeabi_portable.c.obj           8       0         4      
       _lock.c.obj                    2       0         8      
       pre_init.c.obj                 4       0         0      
    +--+------------------------------+-------+---------+---------+
       Total:                         14924   691       429    
                                                               
    D:\TI\ccs2041\ccs\tools\compiler\ti-cgt-armllvm_4.0.4.LTS\lib\armv6m-ti-none-eabi/c/libsysbm.a
       trgmsg.c.obj                   104     0         288    
       host_device.c.obj              0       0         200    
       hostrename.c.obj               136     0         0      
       hostlseek.c.obj                108     0         0      
       hostopen.c.obj                 96      0         8      
       hostread.c.obj                 88      0         0      
       hostwrite.c.obj                88      0         0      
       close.c.obj                    80      0         0      
       hostclose.c.obj                72      0         0      
       hostunlink.c.obj               72      0         0      
       unlink.c.obj                   44      0         0      
       lseek.c.obj                    40      0         0      
       write.c.obj                    40      0         0      
       remove.c.obj                   8       0         0      
       hostexit.c.obj                 4       0         0      
    +--+------------------------------+-------+---------+---------+
       Total:                         980     0         496    
                                                               
    D:\TI\ccs2041\ccs\tools\compiler\ti-cgt-armllvm_4.0.4.LTS\lib\armv6m-ti-none-eabi/libclang_rt.builtins.a
       adddf3.S.obj                   434     0         0      
       divdf3.S.obj                   268     0         0      
       addsf3.S.obj                   248     0         0      
       muldf3.S.obj                   244     0         0      
       comparedf2.c.obj               220     0         0      
       udivmoddi4.S.obj               162     0         0      
       mulsf3.S.obj                   156     0         0      
       divsf3.S.obj                   146     0         0      
       comparesf2.S.obj               118     0         0      
       truncdfsf2.S.obj               116     0         0      
       aeabi_dcmp.S.obj               98      0         0      
       aeabi_fcmp.S.obj               98      0         0      
       aeabi_idivmod.S.obj            86      0         0      
       extendsfdf2.S.obj              80      0         0      
       floatdisf.S.obj                78      0         0      
       fixdfsi.S.obj                  74      0         0      
       aeabi_uidivmod.S.obj           64      0         0      
       floatsisf.S.obj                60      0         0      
       muldsi3.S.obj                  58      0         0      
       fixsfsi.S.obj                  56      0         0      
       floatundisf.S.obj              54      0         0      
       fixunssfsi.S.obj               50      0         0      
       floatsidf.S.obj                44      0         0      
       floatunsisf.S.obj              40      0         0      
       floatunsidf.S.obj              36      0         0      
       muldi3.S.obj                   36      0         0      
       ashldi3.S.obj                  30      0         0      
       aeabi_memset.S.obj             26      0         0      
       aeabi_uldivmod.S.obj           20      0         0      
       aeabi_memcpy.S.obj             8       0         0      
       aeabi_div0.c.obj               4       0         0      
    +--+------------------------------+-------+---------+---------+
       Total:                         3212    0         0      
                                                               
       Heap:                          0       0         2048   
       Stack:                         0       0         512    
       Linker Generated:              0       212       0      
    +--+------------------------------+-------+---------+---------+
       Grand Total:                   60250   8557      10374  


LINKER GENERATED COPY TABLES

__TI_cinit_table @ 00010d24 records: 2, size/record: 8, table size: 16
	.data: load addr=00010c60, load size=000000b0 bytes, run addr=202023c8, run size=000002bf bytes, compression=lzss
	.bss: load addr=00010d1c, load size=00000008 bytes, run addr=20200000, run size=00001bc7 bytes, compression=zero_init


LINKER GENERATED HANDLER TABLE

__TI_handler_table @ 00010d10 records: 3, size/record: 4, table size: 12
	index: 0, handler: __TI_decompress_lzss
	index: 1, handler: __TI_decompress_none
	index: 2, handler: __TI_zero_init


FAR CALL TRAMPOLINES

callee name               trampoline name
   callee addr  tramp addr   call addr  call info
--------------  -----------  ---------  ----------------
__aeabi_dadd              $Tramp$TT$L$PI$$__aeabi_dadd
   000046e3     0000e790     0000e78e   libc.a : k_rem_pio2.c.obj (.text.OUTLINED_FUNCTION_0)
                             0000eb36          : k_rem_pio2.c.obj (.text.OUTLINED_FUNCTION_1)
                             0000eb40          : s_cosf.c.obj (.text.OUTLINED_FUNCTION_3)
                             0000eb4a          : s_sinf.c.obj (.text.OUTLINED_FUNCTION_3)
__aeabi_dsub              $Tramp$TT$L$PI$$__aeabi_dsub
   000046d9     0000eb14     0000eb12   libc.a : _printfi.c.obj (.text.OUTLINED_FUNCTION_0)
__aeabi_fmul              $Tramp$TT$L$PI$$__aeabi_fmul
   00009c15     0000eb94     0000eb90   libc.a : e_asinf.c.obj (.text.OUTLINED_FUNCTION_0)
                             0000ebde          : e_powf.c.obj (.text.OUTLINED_FUNCTION_1)
                             0000ec34          : e_powf.c.obj (.text.OUTLINED_FUNCTION_0)
                             0000ec5a          : e_powf.c.obj (.text.OUTLINED_FUNCTION_7)
__aeabi_fdiv              $Tramp$TT$L$PI$$__aeabi_fdiv
   0000a165     0000ebac     0000eba8   libc.a : s_atanf.c.obj (.text.OUTLINED_FUNCTION_0)
__aeabi_dmul              $Tramp$TT$L$PI$$__aeabi_dmul
   00007dd1     0000ebc4     0000ebc0   libc.a : s_cosf.c.obj (.text.OUTLINED_FUNCTION_0)
                             0000ebd8          : s_sinf.c.obj (.text.OUTLINED_FUNCTION_0)
                             0000ebe4          : s_cosf.c.obj (.text.OUTLINED_FUNCTION_1)
                             0000ebea          : s_sinf.c.obj (.text.OUTLINED_FUNCTION_1)
__aeabi_fadd              $Tramp$TT$L$PI$$__aeabi_fadd
   000084d3     0000ebf4     0000ebf0   libc.a : e_powf.c.obj (.text.OUTLINED_FUNCTION_3)
                             0000ec38          : s_atanf.c.obj (.text.OUTLINED_FUNCTION_1)
                             0000ec3c          : e_powf.c.obj (.text.OUTLINED_FUNCTION_2)
                             0000ec5e          : e_powf.c.obj (.text.OUTLINED_FUNCTION_8)
__aeabi_fsub              $Tramp$TT$L$PI$$__aeabi_fsub
   000084c9     0000ec0c     0000ec08   libc.a : e_powf.c.obj (.text.OUTLINED_FUNCTION_4)
                             0000ec20          : e_powf.c.obj (.text.OUTLINED_FUNCTION_5)
                             0000ec26          : e_powf.c.obj (.text.OUTLINED_FUNCTION_6)
__aeabi_f2d               $Tramp$TT$L$PI$$__aeabi_f2d
   0000ccd5     0000ec44     0000ec40   libc.a : s_cosf.c.obj (.text.OUTLINED_FUNCTION_2)
[...]
0000a91d  SVC_Handler                                    
0000a91d  TIMA0_IRQHandler                               
0000a91d  TIMA1_IRQHandler                               
0000a91d  TIMG12_IRQHandler                              
0000a91d  TIMG6_IRQHandler                               
0000a91d  TIMG8_IRQHandler                               
0000a91d  UART1_IRQHandler                               
0000a91d  UART2_IRQHandler                               
0000a91d  UART3_IRQHandler                               
0000a921  __aeabi_d2f                                    
0000a921  __truncdfsf2                                   
0000a995  SYSCFG_DL_BAT_ADC_init                         
0000aa05  SYSCFG_DL_SYSCTL_init                          
0000aa75  main                                           
0000aae5  HOSTlseek                                      
0000ab51  HOSTrename                                     
0000abbd  ICM42688_Get_FIFO_Data                         
0000ac29  VL53L1_low_power_auto_data_init                
0000ac95  fseeko                                         
0000ad01  getdevice                                      
0000ad6d  SYSCFG_DL_PWM_BUZZER_init                      
0000add5  VL53L1_get_mode_mitigation_roi                 
0000ae3d  __cmpdf2                                       
0000ae3d  __eqdf2                                        
0000ae3d  __ledf2                                        
0000ae3d  __ltdf2                                        
0000ae3d  __nedf2                                        
0000aea5  bsp_Icm42688GetAres                            
0000af0d  VL53L1_i2c_encode_system_control               
0000afd9  Get_us                                         
0000b03d  __TI_wrt_ok                                    
0000b105  VL53L1_poll_for_boot_completion                
0000b169  __aeabi_dcmpeq                                 
0000b17d  __aeabi_dcmplt                                 
0000b191  __aeabi_dcmple                                 
0000b1a5  __aeabi_dcmpge                                 
0000b1b9  __aeabi_dcmpgt                                 
0000b1cd  __aeabi_fcmpeq                                 
0000b1e1  __aeabi_fcmplt                                 
0000b1f5  __aeabi_fcmple                                 
0000b209  __aeabi_fcmpge                                 
0000b21d  __aeabi_fcmpgt                                 
0000b231  HOSTopen                                       
0000b291  DL_I2C_fillControllerTXFIFO                    
0000b3ad  ICM42688_Test2                                 
0000b409  IMU_init                                       
0000b465  frexp                                          
0000b465  frexpl                                         
0000b4c1  printf                                         
0000b577  VL53L1_i2c_encode_int16_t                      
0000b5d1  VL53L1_preset_mode_low_power_auto_long_ranging 
0000b62b  VL53L1_preset_mode_low_power_auto_ranging      
0000b685  VL53L1_preset_mode_low_power_auto_short_ranging
0000b6e1  HOSTread                                       
0000b739  HOSTwrite                                      
0000b791  OLED_Clear                                     
0000b7e9  SYSCFG_DL_I2C_0_init                           
0000b841  VL53L1_StaticInit                              
0000b899  VL53L1_calc_macro_period_us                    
0000b8f1  __TI_ltoa                                      
0000b9a1  VL53L1_get_inter_measurement_period_ms         
0000b9f7  VL53L1_i2c_encode_uint16_t                     
0000ba4d  VL53L1_preset_mode_standard_ranging_mm1_cal    
0000baa3  VL53L1_preset_mode_standard_ranging_mm2_cal    
0000baf9  VL53L1_set_inter_measurement_period_ms         
0000bb51  __aeabi_idiv                                   
0000bb51  __aeabi_idivmod                                
0000bba9  Encoder_Speed_Get_LEFT                         
0000bbfd  Encoder_Speed_Get_RIGHT                        
0000bc51  VL53L1_i2c_decode_int16_t                      
0000bca5  VL53L1_encode_timeout                          
0000bcf7  VL53L1_i2c_encode_uint32_t                     
0000bd49  __TI_doflush                                   
0000bedd  ICM42688_Test4                                 
0000bf2d  IMU_GetOrientation                             
0000bfcd  VL53L1_decode_row_col                          
0000c01d  VL53L1_get_nvm_copy_data                       
0000c06d  VL53L1_preset_mode_olt                         
0000c0bd  close                                          
0000c10d  VL53L1_get_customer_nvm_managed                
0000c15b  VL53L1_get_static_nvm_managed                  
0000c1a9  __aeabi_l2f                                    
0000c1a9  __floatdisf                                    
0000c2dd  FusionBiasSetSettings                          
0000c375  VL53L1_calc_timeout_us                         
0000c40b  VL53L1_ReadMulti                               
0000c455  VL53L1_WriteMulti                              
0000c4a1  __aeabi_d2iz                                   
0000c4a1  __fixdfsi                                      
0000c4ed  DL_UART_init                                   
0000c535  HOSTclose                                      
0000c57d  HOSTunlink                                     
0000c5c5  SYSCFG_DL_UART_init                            
0000c7f7  VL53L1_WrByte                                  
0000c83d  DL_SPI_init                                    
0000c881  DL_SYSCTL_switchMCLKfromSYSOSCtoHSCLK          
0000c8c5  VL53L1_GetInterMeasurementPeriodMilliSeconds   
0000c909  VL53L1_set_user_zone                           
0000c94d  VL53L1_RdByte                                  
0000c98f  VL53L1_SetInterMeasurementPeriodMilliSeconds   
0000c9d1  VL53L1_get_user_zone                           
0000ca15  DL_ADC12_setClockConfig                        
0000ca55  Encoder_Init                                   
0000cad5  SPI_Init                                       
0000cb15  SYSCFG_DL_SPI_1_init                           
0000cb55  SYSCFG_DL_TIMER_2ms_init                       
0000cb95  SYSCFG_DL_UART_3_init                          
0000cbd5  SYSCFG_DL_UART_CAMERA_init                     
0000cc15  SYSCFG_DL_UART_WIRELESS_init                   
0000cc55  VL53L1_init_offset_cal_config_struct           
0000cc95  __aeabi_uidiv                                  
0000cc95  __aeabi_uidivmod                               
0000ccd5  __aeabi_f2d                                    
0000ccd5  __extendsfdf2                                  
0000cd15  atoi                                           
0000cd55  vsnprintf                                      
0000cd95  VL53L1_init_ll_driver_state                    
0000ce11  SPI_TryLock                                    
0000ce4d  Uart0_Send_String                              
0000ce89  VL53L1_encode_row_col                          
0000cec5  __aeabi_i2f                                    
0000cec5  __floatsisf                                    
0000cf01  __gesf2                                        
0000cf01  __gtsf2                                        
0000cf3d  __TI_auto_init_nobinit_nopinit                 
0000cf79  VL53L1_RdWord                                  
0000cfb3  VL53L1_i2c_decode_uint16_t                     
0000cfed  VL53L1_init_refspadchar_config_struct          
0000d029  __cmpsf2                                       
0000d029  __eqsf2                                        
0000d029  __lesf2                                        
0000d029  __ltsf2                                        
0000d029  __nesf2                                        
0000d065  __muldsi3                                      
0000d0d9  VL53L1_init_ssc_config_struct                  
0000d111  __aeabi_f2iz                                   
0000d111  __fixsfsi                                      
0000d1ed  __aeabi_ul2f                                   
0000d1ed  __floatundisf                                  
0000d28d  SPI_Unlock                                     
0000d2c1  SYSCFG_DL_TIMER_10ms_init                      
0000d2f5  VL53L1_GetSequenceStepEnable                   
0000d329  VL53L1_SetDeviceAddress                        
0000d391  __TI_cleanup                                   
0000d3c5  __TI_readmsg                                   
0000d3f9  __TI_writemsg                                  
0000d425  C$$IO$$                                        
0000d42d  exit                                           
0000d461  finddevice                                     
0000d495  Uart0_Printf                                   
0000d4c7  VL53L1_config_low_power_auto_mode              
0000d4f9  __aeabi_f2uiz                                  
0000d4f9  __fixunssfsi                                   
0000d55d  ADC_Test1                                      
0000d61d  FusionBiasInitialise                           
0000d64d  UART0_IRQHandler                               
0000d6dd  button_ticks                                   
0000d73d  my_vl53l1x_callback                            
0000d79b  VL53L1_calc_encoded_timeout                    
0000d7c9  VL53L1_set_vhv_loopbound                       
0000d7f9  ADC_Test2                                      
0000d825  Encoder_Count_Get                              
0000d851  Encoder_Test1                                  
0000d87d  Uart0_Send_Char                                
0000d8a9  VL53L1_init_version                            
0000d9b1  __aeabi_i2d                                    
0000d9b1  __floatsidf                                    
0000d9dd  unlink                                         
0000da33  VL53L1_calc_decoded_timeout_us                 
0000db25  Delay_ms                                       
0000db4d  OLED_Test1                                     
0000db75  TB6612_SetRightMotor                           
0000db9d  Uart_Test2                                     
0000dbc5  VL53L1_WaitDeviceBooted                        
0000dbed  __aeabi_ui2f                                   
0000dbed  __floatunsisf                                  
0000dc3d  lseek                                          
0000dc65  write                                          
0000dc8d  _c_int00_noargs                                
0000dcdb  DL_I2C_setClockConfig                          
0000dd01  VL53L1_WaitUs                                  
0000dd71  TB6612_SetLeftMotor                            
0000dd95  VL53L1_set_lite_min_count_rate                 
0000ddb9  VL53L1_set_lite_sigma_threshold                
0000dddd  __aeabi_ui2d                                   
0000dddd  __floatunsidf                                  
0000de01  __aeabi_lmul                                   
0000de01  __muldi3                                       
0000de25  IICwriteByte                                   
0000de47  VL53L1_calc_timeout_mclks                      
0000de69  VL53L1_decode_zone_size                        
0000de8b  memccpy                                        
0000deed  FusionAhrsGetQuaternion                        
0000df0d  Uart_Init                                      
0000df2d  VL53L1_calc_pll_period_us                      
0000df89  VL53L1_decode_timeout                          
0000dfa9  __aeabi_llsl                                   
0000dfa9  __ashldi3                                      
0000dfc9  ADC_Init                                       
0000dfe5  Bat_Init                                       
0000e16d  DL_SYSCTL_configFCC                            
0000e1f9  DL_Timer_setCaptCompUpdateMethod               
0000e215  DL_Timer_setClockConfig                        
0000e24d  FusionAhrsInitialise                           
0000e2a1  VL53L1_encode_zone_size                        
0000e2d9  ADC0_IRQHandler                                
0000e2f3  VL53L1_decode_vcsel_period                     
0000e30d  ADC_Callback                                   
0000e5dd  DL_Timer_setCaptureCompareOutCtl               
0000e69d  delay_ms                                       
0000e7a1  ADC_Read                                       
0000e8cd  TIMG0_IRQHandler                               
0000e8e1  VL53L1_WaitMs                                  
0000e8f5  __aeabi_uldivmod                               
0000e92f  DL_SPI_setClockConfig                          
0000e953  DL_UART_setClockConfig                         
0000e977  TI_memcpy_small                                
0000e989  __TI_decompress_none                           
0000e9cd  DL_Timer_setCaptureCompareValue                
0000e9dd  IIC_Delay_ms                                   
0000e9fd  SYSCFG_DL_SYSTICK_init                         
0000ea0d  SysTick_Handler                                
0000ea1d  wcslen                                         
0000ea2d  __TI_zero_init                                 
0000ea4d  __aeabi_memset                                 
0000ea4d  __aeabi_memset4                                
0000ea4d  __aeabi_memset8                                
0000ea85  TI_memset_small                                
0000ea95  Bat_Read                                       
0000eac5  Get_ms                                         
0000ead1  __aeabi_memclr                                 
0000ead1  __aeabi_memclr4                                
0000ead1  __aeabi_memclr8                                
0000eaf5  malloc                                         
0000eb01  DL_Common_delayCycles                          
0000eb4d  TIMG7_IRQHandler                               
0000eb55  __aeabi_errno_addr                             
0000eb5d  __aeabi_memcpy                                 
0000eb5d  __aeabi_memcpy4                                
0000eb5d  __aeabi_memcpy8                                
0000eb75  bsp_Icm42688Init                               
0000eb7d  fseek                                          
0000eb85  remove                                         
0000ec29  abort                                          
0000ec2e  C$$EXIT                                        
0000ec2f  HOSTexit                                       
0000ec61  Reset_Handler                                  
0000ec75  _system_pre_init                               
0000ec80  asc2_2412                                      
0000f9dc  asc2_1608                                      
0000ffcc  asc2_1206                                      
00010440  asc2_0806                                      
00010770  __aeabi_ctype_table_                           
00010770  __aeabi_ctype_table_C                          
00010974  accelerometerMisalignment                      
00010998  gyroscopeMisalignment                          
00010a98  fusionAhrsDefaultSettings                      
00010bb0  accelerometerSensitivity                       
00010bbc  fusionBiasDefaultSettings                      
00010bc8  gyroscopeSensitivity                           
00010d10  __TI_Handler_Table_Base                        
00010d1c  __TI_Handler_Table_Limit                       
00010d24  __TI_CINIT_Base                                
00010d34  __TI_CINIT_Limit                               
00010d34  __TI_CINIT_Warm                                
20200000  VL53_                                          
20200000  __start___llvm_prf_bits                        
20200000  __start___llvm_prf_cnts                        
20200000  __stop___llvm_prf_bits                         
20200000  __stop___llvm_prf_cnts                         
20200aec  OLED_GRAM                                      
20200f6c  VL53                                           
20201310  FIFO_Buffer                                    
202014a0  _CIOBUF_                                       
202014a0  __CIOBUF_                                      
202015c0  Buffer                                         
202016c0  gPWM_BUZZERBackup                              
2020177c  gPWM_SERVOBackup                               
20201838  __TI_tmpnams                                   
202018d8  gPWM_MotorBackup                               
20201978  gTIMER_2msBackup                               
20201a18  ahrs                                           
20201a98  pid_left                                       
20201ad0  pid_right                                      
20201b08  gUART_3Backup                                  
20201b38  gSPI_1Backup                                   
20201b60  bias                                           
20201b84  distance_                                      
20201b90  ypr                                            
20201b9c  parmbuf                                        
20201ba8  exInt                                          
20201bac  eyInt                                          
20201bb0  ezInt                                          
20201bb4  q0                                             
20201bb8  q1                                             
20201bbc  q2                                             
20201bc0  q3                                             
20201bc4  ADC_RawValue                                   
20201bc6  data                                           
20201bc8  _sys_memory                                    
202023c8  _ftable                                        
202024b8  _device                                        
20202530  _stream                                        
20202580  Mode_data                                      
202025e4  accelerometerOffset                            
202025f0  gyroscopeOffset                                
202025fc  __TI_cleanup_ptr                               
20202600  __TI_dtors_ptr                                 
20202604  Battery_Voltage                                
20202610  encoder_count_l                                
20202618  encoder_count_l_10ms                           
20202620  encoder_count_l_last                           
20202628  encoder_count_r                                
20202630  encoder_count_r_10ms                           
20202638  encoder_count_r_last                           
20202648  Goal_Speed_Left                                
2020264c  Goal_Speed_Right                               
20202650  MS                                             
20202654  US                                             
20202658  __TI_ft_end                                    
2020265c  __aeabi_errno                                  
20202660  _lock                                          
20202664  _unlock                                        
20202678  data_length                                    
2020267a  last_timestamp                                 
2020267c  ICM42688_is_initialized                        
2020267d  IMU_initialized                                
2020267e  ReadIndex                                      
2020267f  WriteIndex                                     
20202680  cmd_bat                                        
20202681  cmd_left_speed                                 
20202682  cmd_right_speed                                
20202683  spi_cs_locked                                  
20202685  spi_cs_locked_channel                          
20202686  timestamp_initialized                          
20207e00  __stack                                        
20208000  __STACK_END                                    
ffffffff  __TI_pprof_out_hndl                            
ffffffff  __TI_prof_data_size                            
ffffffff  __TI_prof_data_start                           
ffffffff  __binit__                                      
ffffffff  binit                                          
UNDEFED   __mpu_init                                     
UNDEFED   _system_post_cinit                             

[509 symbols]
