<?xml version="1.0" encoding="ISO-8859-1" ?>
<link_info>
   <banner>TI ARM Clang Linker PC v4.0.4.LTS</banner>
   <copyright>Copyright (c) 1996-2018 Texas Instruments Incorporated</copyright>
   <command_line>D:\TI\ccs2041\ccs\tools\compiler\ti-cgt-armllvm_4.0.4.LTS\bin\tiarmlnk -ID:\TI\ccs2041\ccs\tools\compiler\ti-cgt-armllvm_4.0.4.LTS\lib -o MSP_Car.out -mMSP_Car.map -iC:/TI/mspm0_sdk_2_10_00_04/source -iC:/Users/Qh/workspace_ccstheia/MSP_Car -iC:/Users/Qh/workspace_ccstheia/MSP_Car/Debug/syscfg -iD:/TI/ccs2041/ccs/tools/compiler/ti-cgt-armllvm_4.0.4.LTS/lib --diag_wrap=off --display_error_number --warn_sections --xml_link_info=MSP_Car_linkInfo.xml --rom_model ./ti_msp_dl_config.o ./startup_mspm0g350x_ticlang.o ./main.o ./HardWare/Delay.o ./HardWare/Interrupt.o ./HardWare/OLED.o ./HardWare/Usart.o ./HardWare/icm42688.o ./HardWare/spi.o ./HardWare/vl53l1x/core/vl53l1_api.o ./HardWare/vl53l1x/core/vl53l1_api_calibration.o ./HardWare/vl53l1x/core/vl53l1_api_core.o ./HardWare/vl53l1x/core/vl53l1_api_debug.o ./HardWare/vl53l1x/core/vl53l1_api_preset_modes.o ./HardWare/vl53l1x/core/vl53l1_api_strings.o ./HardWare/vl53l1x/core/vl53l1_core.o ./HardWare/vl53l1x/core/vl53l1_core_support.o ./HardWare/vl53l1x/core/vl53l1_error_strings.o ./HardWare/vl53l1x/core/vl53l1_register_funcs.o ./HardWare/vl53l1x/core/vl53l1_silicon_core.o ./HardWare/vl53l1x/core/vl53l1_wait.o ./HardWare/vl53l1x/platform/IOI2C.o ./HardWare/vl53l1x/platform/vl53l1_platform.o ./HardWare/vl53l1x/platform/vl53l1x.o ./Middle/IMU.o ./Middle/my_vl53l1x.o ./Test/ICM_Test.o ./Test/OLED_Test.o ./Test/Uart_Test.o ./Test/vl53l1x_Test.o -l./device_linker.cmd -ldevice.cmd.genlibs -llibc.a --start-group -llibc++.a -llibc++abi.a -llibc.a -llibsys.a -llibsysbm.a -llibclang_rt.builtins.a -llibclang_rt.profile.a --end-group --cg_opt_level=0</command_line>
   <link_time>0x6a0ee28d</link_time>
   <link_errors>0x0</link_errors>
   <output_file>C:\Users\Qh\workspace_ccstheia\MSP_Car\Debug\MSP_Car.out</output_file>
   <entry_point>
      <name>_c_int00_noargs</name>
      <address>0xab3d</address>
   </entry_point>
   <input_file_list>
      <input_file id="fl-1">
         <path>C:\Users\Qh\workspace_ccstheia\MSP_Car\Debug\.\</path>
         <kind>object</kind>
         <file>ti_msp_dl_config.o</file>
         <name>ti_msp_dl_config.o</name>
      </input_file>
      <input_file id="fl-2">
         <path>C:\Users\Qh\workspace_ccstheia\MSP_Car\Debug\.\</path>
         <kind>object</kind>
         <file>startup_mspm0g350x_ticlang.o</file>
         <name>startup_mspm0g350x_ticlang.o</name>
      </input_file>
      <input_file id="fl-3">
         <path>C:\Users\Qh\workspace_ccstheia\MSP_Car\Debug\.\</path>
         <kind>object</kind>
         <file>main.o</file>
         <name>main.o</name>
      </input_file>
      <input_file id="fl-4">
         <path>C:\Users\Qh\workspace_ccstheia\MSP_Car\Debug\.\HardWare\</path>
         <kind>object</kind>
         <file>Delay.o</file>
         <name>Delay.o</name>
      </input_file>
      <input_file id="fl-5">
         <path>C:\Users\Qh\workspace_ccstheia\MSP_Car\Debug\.\HardWare\</path>
         <kind>object</kind>
         <file>Interrupt.o</file>
         <name>Interrupt.o</name>
      </input_file>
      <input_file id="fl-6">
         <path>C:\Users\Qh\workspace_ccstheia\MSP_Car\Debug\.\HardWare\</path>
         <kind>object</kind>
         <file>OLED.o</file>
         <name>OLED.o</name>
      </input_file>
      <input_file id="fl-7">
         <path>C:\Users\Qh\workspace_ccstheia\MSP_Car\Debug\.\HardWare\</path>
         <kind>object</kind>
         <file>Usart.o</file>
         <name>Usart.o</name>
      </input_file>
      <input_file id="fl-8">
         <path>C:\Users\Qh\workspace_ccstheia\MSP_Car\Debug\.\HardWare\</path>
         <kind>object</kind>
         <file>icm42688.o</file>
         <name>icm42688.o</name>
      </input_file>
      <input_file id="fl-9">
         <path>C:\Users\Qh\workspace_ccstheia\MSP_Car\Debug\.\HardWare\</path>
         <kind>object</kind>
         <file>spi.o</file>
         <name>spi.o</name>
      </input_file>
      <input_file id="fl-a">
         <path>C:\Users\Qh\workspace_ccstheia\MSP_Car\Debug\.\HardWare\vl53l1x\core\</path>
         <kind>object</kind>
         <file>vl53l1_api.o</file>
         <name>vl53l1_api.o</name>
      </input_file>
      <input_file id="fl-b">
         <path>C:\Users\Qh\workspace_ccstheia\MSP_Car\Debug\.\HardWare\vl53l1x\core\</path>
         <kind>object</kind>
         <file>vl53l1_api_calibration.o</file>
         <name>vl53l1_api_calibration.o</name>
      </input_file>
      <input_file id="fl-c">
         <path>C:\Users\Qh\workspace_ccstheia\MSP_Car\Debug\.\HardWare\vl53l1x\core\</path>
         <kind>object</kind>
         <file>vl53l1_api_core.o</file>
         <name>vl53l1_api_core.o</name>
      </input_file>
      <input_file id="fl-d">
         <path>C:\Users\Qh\workspace_ccstheia\MSP_Car\Debug\.\HardWare\vl53l1x\core\</path>
         <kind>object</kind>
         <file>vl53l1_api_debug.o</file>
         <name>vl53l1_api_debug.o</name>
      </input_file>
      <input_file id="fl-e">
         <path>C:\Users\Qh\workspace_ccstheia\MSP_Car\Debug\.\HardWare\vl53l1x\core\</path>
         <kind>object</kind>
         <file>vl53l1_api_preset_modes.o</file>
         <name>vl53l1_api_preset_modes.o</name>
      </input_file>
      <input_file id="fl-f">
         <path>C:\Users\Qh\workspace_ccstheia\MSP_Car\Debug\.\HardWare\vl53l1x\core\</path>
         <kind>object</kind>
         <file>vl53l1_api_strings.o</file>
         <name>vl53l1_api_strings.o</name>
      </input_file>
      <input_file id="fl-10">
         <path>C:\Users\Qh\workspace_ccstheia\MSP_Car\Debug\.\HardWare\vl53l1x\core\</path>
         <kind>object</kind>
         <file>vl53l1_core.o</file>
         <name>vl53l1_core.o</name>
      </input_file>
      <input_file id="fl-11">
         <path>C:\Users\Qh\workspace_ccstheia\MSP_Car\Debug\.\HardWare\vl53l1x\core\</path>
         <kind>object</kind>
         <file>vl53l1_core_support.o</file>
         <name>vl53l1_core_support.o</name>
      </input_file>
      <input_file id="fl-12">
         <path>C:\Users\Qh\workspace_ccstheia\MSP_Car\Debug\.\HardWare\vl53l1x\core\</path>
         <kind>object</kind>
         <file>vl53l1_error_strings.o</file>
         <name>vl53l1_error_strings.o</name>
      </input_file>
      <input_file id="fl-13">
         <path>C:\Users\Qh\workspace_ccstheia\MSP_Car\Debug\.\HardWare\vl53l1x\core\</path>
         <kind>object</kind>
         <file>vl53l1_register_funcs.o</file>
         <name>vl53l1_register_funcs.o</name>
      </input_file>
      <input_file id="fl-14">
         <path>C:\Users\Qh\workspace_ccstheia\MSP_Car\Debug\.\HardWare\vl53l1x\core\</path>
         <kind>object</kind>
         <file>vl53l1_silicon_core.o</file>
         <name>vl53l1_silicon_core.o</name>
      </input_file>
      <input_file id="fl-15">
         <path>C:\Users\Qh\workspace_ccstheia\MSP_Car\Debug\.\HardWare\vl53l1x\core\</path>
         <kind>object</kind>
         <file>vl53l1_wait.o</file>
         <name>vl53l1_wait.o</name>
      </input_file>
      <input_file id="fl-16">
         <path>C:\Users\Qh\workspace_ccstheia\MSP_Car\Debug\.\HardWare\vl53l1x\platform\</path>
         <kind>object</kind>
         <file>IOI2C.o</file>
         <name>IOI2C.o</name>
      </input_file>
      <input_file id="fl-17">
         <path>C:\Users\Qh\workspace_ccstheia\MSP_Car\Debug\.\HardWare\vl53l1x\platform\</path>
         <kind>object</kind>
         <file>vl53l1_platform.o</file>
         <name>vl53l1_platform.o</name>
      </input_file>
      <input_file id="fl-18">
         <path>C:\Users\Qh\workspace_ccstheia\MSP_Car\Debug\.\HardWare\vl53l1x\platform\</path>
         <kind>object</kind>
         <file>vl53l1x.o</file>
         <name>vl53l1x.o</name>
      </input_file>
      <input_file id="fl-19">
         <path>C:\Users\Qh\workspace_ccstheia\MSP_Car\Debug\.\Middle\</path>
         <kind>object</kind>
         <file>IMU.o</file>
         <name>IMU.o</name>
      </input_file>
      <input_file id="fl-1a">
         <path>C:\Users\Qh\workspace_ccstheia\MSP_Car\Debug\.\Middle\</path>
         <kind>object</kind>
         <file>my_vl53l1x.o</file>
         <name>my_vl53l1x.o</name>
      </input_file>
      <input_file id="fl-1b">
         <path>C:\Users\Qh\workspace_ccstheia\MSP_Car\Debug\.\Test\</path>
         <kind>object</kind>
         <file>ICM_Test.o</file>
         <name>ICM_Test.o</name>
      </input_file>
      <input_file id="fl-1c">
         <path>C:\Users\Qh\workspace_ccstheia\MSP_Car\Debug\.\Test\</path>
         <kind>object</kind>
         <file>OLED_Test.o</file>
         <name>OLED_Test.o</name>
      </input_file>
      <input_file id="fl-1d">
         <path>C:\Users\Qh\workspace_ccstheia\MSP_Car\Debug\.\Test\</path>
         <kind>object</kind>
         <file>Uart_Test.o</file>
         <name>Uart_Test.o</name>
      </input_file>
      <input_file id="fl-1e">
         <path>C:\Users\Qh\workspace_ccstheia\MSP_Car\Debug\.\Test\</path>
         <kind>object</kind>
         <file>vl53l1x_Test.o</file>
         <name>vl53l1x_Test.o</name>
      </input_file>
      <input_file id="fl-2b">
         <path>C:\Users\Qh\workspace_ccstheia\MSP_Car\Debug\</path>
         <kind>object</kind>
         <file>&lt;internal&gt;</file>
         <name>&lt;internal&gt;</name>
      </input_file>
      <input_file id="fl-2c">
         <path>C:\TI\mspm0_sdk_2_10_00_04\source\ti\driverlib\lib\ticlang\m0p\mspm0g1x0x_g3x0x\</path>
         <kind>archive</kind>
         <file>driverlib.a</file>
         <name>dl_adc12.o</name>
      </input_file>
      <input_file id="fl-2d">
         <path>C:\TI\mspm0_sdk_2_10_00_04\source\ti\driverlib\lib\ticlang\m0p\mspm0g1x0x_g3x0x\</path>
         <kind>archive</kind>
         <file>driverlib.a</file>
         <name>dl_common.o</name>
      </input_file>
      <input_file id="fl-2e">
         <path>C:\TI\mspm0_sdk_2_10_00_04\source\ti\driverlib\lib\ticlang\m0p\mspm0g1x0x_g3x0x\</path>
         <kind>archive</kind>
         <file>driverlib.a</file>
         <name>dl_i2c.o</name>
      </input_file>
      <input_file id="fl-2f">
         <path>C:\TI\mspm0_sdk_2_10_00_04\source\ti\driverlib\lib\ticlang\m0p\mspm0g1x0x_g3x0x\</path>
         <kind>archive</kind>
         <file>driverlib.a</file>
         <name>dl_spi.o</name>
      </input_file>
      <input_file id="fl-30">
         <path>C:\TI\mspm0_sdk_2_10_00_04\source\ti\driverlib\lib\ticlang\m0p\mspm0g1x0x_g3x0x\</path>
         <kind>archive</kind>
         <file>driverlib.a</file>
         <name>dl_timer.o</name>
      </input_file>
      <input_file id="fl-31">
         <path>C:\TI\mspm0_sdk_2_10_00_04\source\ti\driverlib\lib\ticlang\m0p\mspm0g1x0x_g3x0x\</path>
         <kind>archive</kind>
         <file>driverlib.a</file>
         <name>dl_uart.o</name>
      </input_file>
      <input_file id="fl-32">
         <path>C:\TI\mspm0_sdk_2_10_00_04\source\ti\driverlib\lib\ticlang\m0p\mspm0g1x0x_g3x0x\</path>
         <kind>archive</kind>
         <file>driverlib.a</file>
         <name>dl_sysctl_mspm0g1x0x_g3x0x.o</name>
      </input_file>
      <input_file id="fl-49">
         <path>D:\TI\ccs2041\ccs\tools\compiler\ti-cgt-armllvm_4.0.4.LTS\lib\armv6m-ti-none-eabi\c\</path>
         <kind>archive</kind>
         <file>libc.a</file>
         <name>e_asin.c.obj</name>
      </input_file>
      <input_file id="fl-4a">
         <path>D:\TI\ccs2041\ccs\tools\compiler\ti-cgt-armllvm_4.0.4.LTS\lib\armv6m-ti-none-eabi\c\</path>
         <kind>archive</kind>
         <file>libc.a</file>
         <name>e_atan2.c.obj</name>
      </input_file>
      <input_file id="fl-4b">
         <path>D:\TI\ccs2041\ccs\tools\compiler\ti-cgt-armllvm_4.0.4.LTS\lib\armv6m-ti-none-eabi\c\</path>
         <kind>archive</kind>
         <file>libc.a</file>
         <name>e_sqrt.c.obj</name>
      </input_file>
      <input_file id="fl-4c">
         <path>D:\TI\ccs2041\ccs\tools\compiler\ti-cgt-armllvm_4.0.4.LTS\lib\armv6m-ti-none-eabi\c\</path>
         <kind>archive</kind>
         <file>libc.a</file>
         <name>s_atan.c.obj</name>
      </input_file>
      <input_file id="fl-4d">
         <path>D:\TI\ccs2041\ccs\tools\compiler\ti-cgt-armllvm_4.0.4.LTS\lib\armv6m-ti-none-eabi\c\</path>
         <kind>archive</kind>
         <file>libc.a</file>
         <name>printf.c.obj</name>
      </input_file>
      <input_file id="fl-4e">
         <path>D:\TI\ccs2041\ccs\tools\compiler\ti-cgt-armllvm_4.0.4.LTS\lib\armv6m-ti-none-eabi\c\</path>
         <kind>archive</kind>
         <file>libc.a</file>
         <name>_printfi.c.obj</name>
      </input_file>
      <input_file id="fl-4f">
         <path>D:\TI\ccs2041\ccs\tools\compiler\ti-cgt-armllvm_4.0.4.LTS\lib\armv6m-ti-none-eabi\c\</path>
         <kind>archive</kind>
         <file>libc.a</file>
         <name>vsnprintf.c.obj</name>
      </input_file>
      <input_file id="fl-50">
         <path>D:\TI\ccs2041\ccs\tools\compiler\ti-cgt-armllvm_4.0.4.LTS\lib\armv6m-ti-none-eabi\c\</path>
         <kind>archive</kind>
         <file>libc.a</file>
         <name>fputc.c.obj</name>
      </input_file>
      <input_file id="fl-51">
         <path>D:\TI\ccs2041\ccs\tools\compiler\ti-cgt-armllvm_4.0.4.LTS\lib\armv6m-ti-none-eabi\c\</path>
         <kind>archive</kind>
         <file>libc.a</file>
         <name>fputs.c.obj</name>
      </input_file>
      <input_file id="fl-52">
         <path>D:\TI\ccs2041\ccs\tools\compiler\ti-cgt-armllvm_4.0.4.LTS\lib\armv6m-ti-none-eabi\c\</path>
         <kind>archive</kind>
         <file>libc.a</file>
         <name>_io_perm.c.obj</name>
      </input_file>
      <input_file id="fl-53">
         <path>D:\TI\ccs2041\ccs\tools\compiler\ti-cgt-armllvm_4.0.4.LTS\lib\armv6m-ti-none-eabi\c\</path>
         <kind>archive</kind>
         <file>libc.a</file>
         <name>setvbuf.c.obj</name>
      </input_file>
      <input_file id="fl-54">
         <path>D:\TI\ccs2041\ccs\tools\compiler\ti-cgt-armllvm_4.0.4.LTS\lib\armv6m-ti-none-eabi\c\</path>
         <kind>archive</kind>
         <file>libc.a</file>
         <name>aeabi_portable.c.obj</name>
      </input_file>
      <input_file id="fl-55">
         <path>D:\TI\ccs2041\ccs\tools\compiler\ti-cgt-armllvm_4.0.4.LTS\lib\armv6m-ti-none-eabi\c\</path>
         <kind>archive</kind>
         <file>libc.a</file>
         <name>exit.c.obj</name>
      </input_file>
      <input_file id="fl-56">
         <path>D:\TI\ccs2041\ccs\tools\compiler\ti-cgt-armllvm_4.0.4.LTS\lib\armv6m-ti-none-eabi\c\</path>
         <kind>archive</kind>
         <file>libc.a</file>
         <name>_lock.c.obj</name>
      </input_file>
      <input_file id="fl-57">
         <path>D:\TI\ccs2041\ccs\tools\compiler\ti-cgt-armllvm_4.0.4.LTS\lib\armv6m-ti-none-eabi\c\</path>
         <kind>archive</kind>
         <file>libc.a</file>
         <name>_ltoa.c.obj</name>
      </input_file>
      <input_file id="fl-58">
         <path>D:\TI\ccs2041\ccs\tools\compiler\ti-cgt-armllvm_4.0.4.LTS\lib\armv6m-ti-none-eabi\c\</path>
         <kind>archive</kind>
         <file>libc.a</file>
         <name>assert.c.obj</name>
      </input_file>
      <input_file id="fl-59">
         <path>D:\TI\ccs2041\ccs\tools\compiler\ti-cgt-armllvm_4.0.4.LTS\lib\armv6m-ti-none-eabi\c\</path>
         <kind>archive</kind>
         <file>libc.a</file>
         <name>atoi.c.obj</name>
      </input_file>
      <input_file id="fl-5a">
         <path>D:\TI\ccs2041\ccs\tools\compiler\ti-cgt-armllvm_4.0.4.LTS\lib\armv6m-ti-none-eabi\c\</path>
         <kind>archive</kind>
         <file>libc.a</file>
         <name>defs.c.obj</name>
      </input_file>
      <input_file id="fl-5b">
         <path>D:\TI\ccs2041\ccs\tools\compiler\ti-cgt-armllvm_4.0.4.LTS\lib\armv6m-ti-none-eabi\c\</path>
         <kind>archive</kind>
         <file>libc.a</file>
         <name>memccpy.c.obj</name>
      </input_file>
      <input_file id="fl-5c">
         <path>D:\TI\ccs2041\ccs\tools\compiler\ti-cgt-armllvm_4.0.4.LTS\lib\armv6m-ti-none-eabi\c\</path>
         <kind>archive</kind>
         <file>libc.a</file>
         <name>memory.c.obj</name>
      </input_file>
      <input_file id="fl-5d">
         <path>D:\TI\ccs2041\ccs\tools\compiler\ti-cgt-armllvm_4.0.4.LTS\lib\armv6m-ti-none-eabi\c\</path>
         <kind>archive</kind>
         <file>libc.a</file>
         <name>strncpy.c.obj</name>
      </input_file>
      <input_file id="fl-5e">
         <path>D:\TI\ccs2041\ccs\tools\compiler\ti-cgt-armllvm_4.0.4.LTS\lib\armv6m-ti-none-eabi\c\</path>
         <kind>archive</kind>
         <file>libc.a</file>
         <name>boot_cortex_m.c.obj</name>
      </input_file>
      <input_file id="fl-5f">
         <path>D:\TI\ccs2041\ccs\tools\compiler\ti-cgt-armllvm_4.0.4.LTS\lib\armv6m-ti-none-eabi\c\</path>
         <kind>archive</kind>
         <file>libc.a</file>
         <name>mathacl_init.c.obj</name>
      </input_file>
      <input_file id="fl-60">
         <path>D:\TI\ccs2041\ccs\tools\compiler\ti-cgt-armllvm_4.0.4.LTS\lib\armv6m-ti-none-eabi\c\</path>
         <kind>archive</kind>
         <file>libc.a</file>
         <name>autoinit.c.obj</name>
      </input_file>
      <input_file id="fl-61">
         <path>D:\TI\ccs2041\ccs\tools\compiler\ti-cgt-armllvm_4.0.4.LTS\lib\armv6m-ti-none-eabi\c\</path>
         <kind>archive</kind>
         <file>libc.a</file>
         <name>pre_init.c.obj</name>
      </input_file>
      <input_file id="fl-62">
         <path>D:\TI\ccs2041\ccs\tools\compiler\ti-cgt-armllvm_4.0.4.LTS\lib\armv6m-ti-none-eabi\c\</path>
         <kind>archive</kind>
         <file>libc.a</file>
         <name>cpy_tbl.c.obj</name>
      </input_file>
      <input_file id="fl-63">
         <path>D:\TI\ccs2041\ccs\tools\compiler\ti-cgt-armllvm_4.0.4.LTS\lib\armv6m-ti-none-eabi\c\</path>
         <kind>archive</kind>
         <file>libc.a</file>
         <name>copy_zero_init.c.obj</name>
      </input_file>
      <input_file id="fl-64">
         <path>D:\TI\ccs2041\ccs\tools\compiler\ti-cgt-armllvm_4.0.4.LTS\lib\armv6m-ti-none-eabi\c\</path>
         <kind>archive</kind>
         <file>libc.a</file>
         <name>copy_decompress_none.c.obj</name>
      </input_file>
      <input_file id="fl-65">
         <path>D:\TI\ccs2041\ccs\tools\compiler\ti-cgt-armllvm_4.0.4.LTS\lib\armv6m-ti-none-eabi\c\</path>
         <kind>archive</kind>
         <file>libc.a</file>
         <name>copy_decompress_lzss.c.obj</name>
      </input_file>
      <input_file id="fl-66">
         <path>D:\TI\ccs2041\ccs\tools\compiler\ti-cgt-armllvm_4.0.4.LTS\lib\armv6m-ti-none-eabi\c\</path>
         <kind>archive</kind>
         <file>libc.a</file>
         <name>s_frexp.c.obj</name>
      </input_file>
      <input_file id="fl-67">
         <path>D:\TI\ccs2041\ccs\tools\compiler\ti-cgt-armllvm_4.0.4.LTS\lib\armv6m-ti-none-eabi\c\</path>
         <kind>archive</kind>
         <file>libc.a</file>
         <name>s_scalbn.c.obj</name>
      </input_file>
      <input_file id="fl-68">
         <path>D:\TI\ccs2041\ccs\tools\compiler\ti-cgt-armllvm_4.0.4.LTS\lib\armv6m-ti-none-eabi\c\</path>
         <kind>archive</kind>
         <file>libc.a</file>
         <name>wcslen.c.obj</name>
      </input_file>
      <input_file id="fl-69">
         <path>D:\TI\ccs2041\ccs\tools\compiler\ti-cgt-armllvm_4.0.4.LTS\lib\armv6m-ti-none-eabi\c\</path>
         <kind>archive</kind>
         <file>libc.a</file>
         <name>sprintf.c.obj</name>
      </input_file>
      <input_file id="fl-6a">
         <path>D:\TI\ccs2041\ccs\tools\compiler\ti-cgt-armllvm_4.0.4.LTS\lib\armv6m-ti-none-eabi\c\</path>
         <kind>archive</kind>
         <file>libc.a</file>
         <name>fflush.c.obj</name>
      </input_file>
      <input_file id="fl-6b">
         <path>D:\TI\ccs2041\ccs\tools\compiler\ti-cgt-armllvm_4.0.4.LTS\lib\armv6m-ti-none-eabi\c\</path>
         <kind>archive</kind>
         <file>libc.a</file>
         <name>fopen.c.obj</name>
      </input_file>
      <input_file id="fl-6c">
         <path>D:\TI\ccs2041\ccs\tools\compiler\ti-cgt-armllvm_4.0.4.LTS\lib\armv6m-ti-none-eabi\c\</path>
         <kind>archive</kind>
         <file>libc.a</file>
         <name>fseek.c.obj</name>
      </input_file>
      <input_file id="fl-6d">
         <path>D:\TI\ccs2041\ccs\tools\compiler\ti-cgt-armllvm_4.0.4.LTS\lib\armv6m-ti-none-eabi\c\</path>
         <kind>archive</kind>
         <file>libc.a</file>
         <name>aeabi_ctype.S.obj</name>
      </input_file>
      <input_file id="fl-6e">
         <path>D:\TI\ccs2041\ccs\tools\compiler\ti-cgt-armllvm_4.0.4.LTS\lib\armv6m-ti-none-eabi\c\</path>
         <kind>archive</kind>
         <file>libc.a</file>
         <name>args_main.c.obj</name>
      </input_file>
      <input_file id="fl-6f">
         <path>D:\TI\ccs2041\ccs\tools\compiler\ti-cgt-armllvm_4.0.4.LTS\lib\armv6m-ti-none-eabi\c\</path>
         <kind>archive</kind>
         <file>libc.a</file>
         <name>fclose.c.obj</name>
      </input_file>
      <input_file id="fl-10f">
         <path>D:\TI\ccs2041\ccs\tools\compiler\ti-cgt-armllvm_4.0.4.LTS\lib\armv6m-ti-none-eabi\c\</path>
         <kind>archive</kind>
         <file>libsysbm.a</file>
         <name>hostexit.c.obj</name>
      </input_file>
      <input_file id="fl-110">
         <path>D:\TI\ccs2041\ccs\tools\compiler\ti-cgt-armllvm_4.0.4.LTS\lib\armv6m-ti-none-eabi\c\</path>
         <kind>archive</kind>
         <file>libsysbm.a</file>
         <name>write.c.obj</name>
      </input_file>
      <input_file id="fl-111">
         <path>D:\TI\ccs2041\ccs\tools\compiler\ti-cgt-armllvm_4.0.4.LTS\lib\armv6m-ti-none-eabi\c\</path>
         <kind>archive</kind>
         <file>libsysbm.a</file>
         <name>host_device.c.obj</name>
      </input_file>
      <input_file id="fl-112">
         <path>D:\TI\ccs2041\ccs\tools\compiler\ti-cgt-armllvm_4.0.4.LTS\lib\armv6m-ti-none-eabi\c\</path>
         <kind>archive</kind>
         <file>libsysbm.a</file>
         <name>remove.c.obj</name>
      </input_file>
      <input_file id="fl-113">
         <path>D:\TI\ccs2041\ccs\tools\compiler\ti-cgt-armllvm_4.0.4.LTS\lib\armv6m-ti-none-eabi\c\</path>
         <kind>archive</kind>
         <file>libsysbm.a</file>
         <name>open.c.obj</name>
      </input_file>
      <input_file id="fl-114">
         <path>D:\TI\ccs2041\ccs\tools\compiler\ti-cgt-armllvm_4.0.4.LTS\lib\armv6m-ti-none-eabi\c\</path>
         <kind>archive</kind>
         <file>libsysbm.a</file>
         <name>lseek.c.obj</name>
      </input_file>
      <input_file id="fl-115">
         <path>D:\TI\ccs2041\ccs\tools\compiler\ti-cgt-armllvm_4.0.4.LTS\lib\armv6m-ti-none-eabi\c\</path>
         <kind>archive</kind>
         <file>libsysbm.a</file>
         <name>close.c.obj</name>
      </input_file>
      <input_file id="fl-116">
         <path>D:\TI\ccs2041\ccs\tools\compiler\ti-cgt-armllvm_4.0.4.LTS\lib\armv6m-ti-none-eabi\c\</path>
         <kind>archive</kind>
         <file>libsysbm.a</file>
         <name>unlink.c.obj</name>
      </input_file>
      <input_file id="fl-117">
         <path>D:\TI\ccs2041\ccs\tools\compiler\ti-cgt-armllvm_4.0.4.LTS\lib\armv6m-ti-none-eabi\c\</path>
         <kind>archive</kind>
         <file>libsysbm.a</file>
         <name>hostclose.c.obj</name>
      </input_file>
      <input_file id="fl-118">
         <path>D:\TI\ccs2041\ccs\tools\compiler\ti-cgt-armllvm_4.0.4.LTS\lib\armv6m-ti-none-eabi\c\</path>
         <kind>archive</kind>
         <file>libsysbm.a</file>
         <name>hostlseek.c.obj</name>
      </input_file>
      <input_file id="fl-119">
         <path>D:\TI\ccs2041\ccs\tools\compiler\ti-cgt-armllvm_4.0.4.LTS\lib\armv6m-ti-none-eabi\c\</path>
         <kind>archive</kind>
         <file>libsysbm.a</file>
         <name>hostopen.c.obj</name>
      </input_file>
      <input_file id="fl-11a">
         <path>D:\TI\ccs2041\ccs\tools\compiler\ti-cgt-armllvm_4.0.4.LTS\lib\armv6m-ti-none-eabi\c\</path>
         <kind>archive</kind>
         <file>libsysbm.a</file>
         <name>hostread.c.obj</name>
      </input_file>
      <input_file id="fl-11b">
         <path>D:\TI\ccs2041\ccs\tools\compiler\ti-cgt-armllvm_4.0.4.LTS\lib\armv6m-ti-none-eabi\c\</path>
         <kind>archive</kind>
         <file>libsysbm.a</file>
         <name>hostrename.c.obj</name>
      </input_file>
      <input_file id="fl-11c">
         <path>D:\TI\ccs2041\ccs\tools\compiler\ti-cgt-armllvm_4.0.4.LTS\lib\armv6m-ti-none-eabi\c\</path>
         <kind>archive</kind>
         <file>libsysbm.a</file>
         <name>hostunlink.c.obj</name>
      </input_file>
      <input_file id="fl-11d">
         <path>D:\TI\ccs2041\ccs\tools\compiler\ti-cgt-armllvm_4.0.4.LTS\lib\armv6m-ti-none-eabi\c\</path>
         <kind>archive</kind>
         <file>libsysbm.a</file>
         <name>hostwrite.c.obj</name>
      </input_file>
      <input_file id="fl-11e">
         <path>D:\TI\ccs2041\ccs\tools\compiler\ti-cgt-armllvm_4.0.4.LTS\lib\armv6m-ti-none-eabi\c\</path>
         <kind>archive</kind>
         <file>libsysbm.a</file>
         <name>trgmsg.c.obj</name>
      </input_file>
      <input_file id="fl-11f">
         <path>D:\TI\ccs2041\ccs\tools\compiler\ti-cgt-armllvm_4.0.4.LTS\lib\armv6m-ti-none-eabi\</path>
         <kind>archive</kind>
         <file>libclang_rt.builtins.a</file>
         <name>addsf3.S.obj</name>
      </input_file>
      <input_file id="fl-120">
         <path>D:\TI\ccs2041\ccs\tools\compiler\ti-cgt-armllvm_4.0.4.LTS\lib\armv6m-ti-none-eabi\</path>
         <kind>archive</kind>
         <file>libclang_rt.builtins.a</file>
         <name>adddf3.S.obj</name>
      </input_file>
      <input_file id="fl-121">
         <path>D:\TI\ccs2041\ccs\tools\compiler\ti-cgt-armllvm_4.0.4.LTS\lib\armv6m-ti-none-eabi\</path>
         <kind>archive</kind>
         <file>libclang_rt.builtins.a</file>
         <name>muldf3.S.obj</name>
      </input_file>
      <input_file id="fl-122">
         <path>D:\TI\ccs2041\ccs\tools\compiler\ti-cgt-armllvm_4.0.4.LTS\lib\armv6m-ti-none-eabi\</path>
         <kind>archive</kind>
         <file>libclang_rt.builtins.a</file>
         <name>muldsi3.S.obj</name>
      </input_file>
      <input_file id="fl-123">
         <path>D:\TI\ccs2041\ccs\tools\compiler\ti-cgt-armllvm_4.0.4.LTS\lib\armv6m-ti-none-eabi\</path>
         <kind>archive</kind>
         <file>libclang_rt.builtins.a</file>
         <name>mulsf3.S.obj</name>
      </input_file>
      <input_file id="fl-124">
         <path>D:\TI\ccs2041\ccs\tools\compiler\ti-cgt-armllvm_4.0.4.LTS\lib\armv6m-ti-none-eabi\</path>
         <kind>archive</kind>
         <file>libclang_rt.builtins.a</file>
         <name>divsf3.S.obj</name>
      </input_file>
      <input_file id="fl-125">
         <path>D:\TI\ccs2041\ccs\tools\compiler\ti-cgt-armllvm_4.0.4.LTS\lib\armv6m-ti-none-eabi\</path>
         <kind>archive</kind>
         <file>libclang_rt.builtins.a</file>
         <name>divdf3.S.obj</name>
      </input_file>
      <input_file id="fl-126">
         <path>D:\TI\ccs2041\ccs\tools\compiler\ti-cgt-armllvm_4.0.4.LTS\lib\armv6m-ti-none-eabi\</path>
         <kind>archive</kind>
         <file>libclang_rt.builtins.a</file>
         <name>extendsfdf2.S.obj</name>
      </input_file>
      <input_file id="fl-127">
         <path>D:\TI\ccs2041\ccs\tools\compiler\ti-cgt-armllvm_4.0.4.LTS\lib\armv6m-ti-none-eabi\</path>
         <kind>archive</kind>
         <file>libclang_rt.builtins.a</file>
         <name>fixdfsi.S.obj</name>
      </input_file>
      <input_file id="fl-128">
         <path>D:\TI\ccs2041\ccs\tools\compiler\ti-cgt-armllvm_4.0.4.LTS\lib\armv6m-ti-none-eabi\</path>
         <kind>archive</kind>
         <file>libclang_rt.builtins.a</file>
         <name>fixsfsi.S.obj</name>
      </input_file>
      <input_file id="fl-129">
         <path>D:\TI\ccs2041\ccs\tools\compiler\ti-cgt-armllvm_4.0.4.LTS\lib\armv6m-ti-none-eabi\</path>
         <kind>archive</kind>
         <file>libclang_rt.builtins.a</file>
         <name>floatsidf.S.obj</name>
      </input_file>
      <input_file id="fl-12a">
         <path>D:\TI\ccs2041\ccs\tools\compiler\ti-cgt-armllvm_4.0.4.LTS\lib\armv6m-ti-none-eabi\</path>
         <kind>archive</kind>
         <file>libclang_rt.builtins.a</file>
         <name>floatsisf.S.obj</name>
      </input_file>
      <input_file id="fl-12b">
         <path>D:\TI\ccs2041\ccs\tools\compiler\ti-cgt-armllvm_4.0.4.LTS\lib\armv6m-ti-none-eabi\</path>
         <kind>archive</kind>
         <file>libclang_rt.builtins.a</file>
         <name>floatunsidf.S.obj</name>
      </input_file>
      <input_file id="fl-12c">
         <path>D:\TI\ccs2041\ccs\tools\compiler\ti-cgt-armllvm_4.0.4.LTS\lib\armv6m-ti-none-eabi\</path>
         <kind>archive</kind>
         <file>libclang_rt.builtins.a</file>
         <name>muldi3.S.obj</name>
      </input_file>
      <input_file id="fl-12d">
         <path>D:\TI\ccs2041\ccs\tools\compiler\ti-cgt-armllvm_4.0.4.LTS\lib\armv6m-ti-none-eabi\</path>
         <kind>archive</kind>
         <file>libclang_rt.builtins.a</file>
         <name>truncdfsf2.S.obj</name>
      </input_file>
      <input_file id="fl-12e">
         <path>D:\TI\ccs2041\ccs\tools\compiler\ti-cgt-armllvm_4.0.4.LTS\lib\armv6m-ti-none-eabi\</path>
         <kind>archive</kind>
         <file>libclang_rt.builtins.a</file>
         <name>aeabi_dcmp.S.obj</name>
      </input_file>
      <input_file id="fl-12f">
         <path>D:\TI\ccs2041\ccs\tools\compiler\ti-cgt-armllvm_4.0.4.LTS\lib\armv6m-ti-none-eabi\</path>
         <kind>archive</kind>
         <file>libclang_rt.builtins.a</file>
         <name>aeabi_fcmp.S.obj</name>
      </input_file>
      <input_file id="fl-130">
         <path>D:\TI\ccs2041\ccs\tools\compiler\ti-cgt-armllvm_4.0.4.LTS\lib\armv6m-ti-none-eabi\</path>
         <kind>archive</kind>
         <file>libclang_rt.builtins.a</file>
         <name>aeabi_idivmod.S.obj</name>
      </input_file>
      <input_file id="fl-131">
         <path>D:\TI\ccs2041\ccs\tools\compiler\ti-cgt-armllvm_4.0.4.LTS\lib\armv6m-ti-none-eabi\</path>
         <kind>archive</kind>
         <file>libclang_rt.builtins.a</file>
         <name>aeabi_memcpy.S.obj</name>
      </input_file>
      <input_file id="fl-132">
         <path>D:\TI\ccs2041\ccs\tools\compiler\ti-cgt-armllvm_4.0.4.LTS\lib\armv6m-ti-none-eabi\</path>
         <kind>archive</kind>
         <file>libclang_rt.builtins.a</file>
         <name>aeabi_memset.S.obj</name>
      </input_file>
      <input_file id="fl-133">
         <path>D:\TI\ccs2041\ccs\tools\compiler\ti-cgt-armllvm_4.0.4.LTS\lib\armv6m-ti-none-eabi\</path>
         <kind>archive</kind>
         <file>libclang_rt.builtins.a</file>
         <name>aeabi_uidivmod.S.obj</name>
      </input_file>
      <input_file id="fl-134">
         <path>D:\TI\ccs2041\ccs\tools\compiler\ti-cgt-armllvm_4.0.4.LTS\lib\armv6m-ti-none-eabi\</path>
         <kind>archive</kind>
         <file>libclang_rt.builtins.a</file>
         <name>aeabi_uldivmod.S.obj</name>
      </input_file>
      <input_file id="fl-135">
         <path>D:\TI\ccs2041\ccs\tools\compiler\ti-cgt-armllvm_4.0.4.LTS\lib\armv6m-ti-none-eabi\</path>
         <kind>archive</kind>
         <file>libclang_rt.builtins.a</file>
         <name>comparesf2.S.obj</name>
      </input_file>
      <input_file id="fl-136">
         <path>D:\TI\ccs2041\ccs\tools\compiler\ti-cgt-armllvm_4.0.4.LTS\lib\armv6m-ti-none-eabi\</path>
         <kind>archive</kind>
         <file>libclang_rt.builtins.a</file>
         <name>udivmoddi4.S.obj</name>
      </input_file>
      <input_file id="fl-137">
         <path>D:\TI\ccs2041\ccs\tools\compiler\ti-cgt-armllvm_4.0.4.LTS\lib\armv6m-ti-none-eabi\</path>
         <kind>archive</kind>
         <file>libclang_rt.builtins.a</file>
         <name>ashldi3.S.obj</name>
      </input_file>
      <input_file id="fl-138">
         <path>D:\TI\ccs2041\ccs\tools\compiler\ti-cgt-armllvm_4.0.4.LTS\lib\armv6m-ti-none-eabi\</path>
         <kind>archive</kind>
         <file>libclang_rt.builtins.a</file>
         <name>comparedf2.c.obj</name>
      </input_file>
      <input_file id="fl-139">
         <path>D:\TI\ccs2041\ccs\tools\compiler\ti-cgt-armllvm_4.0.4.LTS\lib\armv6m-ti-none-eabi\</path>
         <kind>archive</kind>
         <file>libclang_rt.builtins.a</file>
         <name>aeabi_div0.c.obj</name>
      </input_file>
      <input_file id="fl-13a">
         <path>D:\TI\ccs2041\ccs\tools\compiler\ti-cgt-armllvm_4.0.4.LTS\lib\armv6m-ti-none-eabi\c\</path>
         <kind>archive</kind>
         <file>libc.a</file>
         <name>getdevice.c.obj</name>
      </input_file>
      <input_file id="fl-13b">
         <path>D:\TI\ccs2041\ccs\tools\compiler\ti-cgt-armllvm_4.0.4.LTS\lib\armv6m-ti-none-eabi\c\</path>
         <kind>archive</kind>
         <file>libc.a</file>
         <name>memcpy16.S.obj</name>
      </input_file>
      <input_file id="fl-13c">
         <path>D:\TI\ccs2041\ccs\tools\compiler\ti-cgt-armllvm_4.0.4.LTS\lib\armv6m-ti-none-eabi\c\</path>
         <kind>archive</kind>
         <file>libc.a</file>
         <name>memset16.S.obj</name>
      </input_file>
      <input_file id="fl-13d">
         <path>D:\TI\ccs2041\ccs\tools\compiler\ti-cgt-armllvm_4.0.4.LTS\lib\armv6m-ti-none-eabi\c\</path>
         <kind>archive</kind>
         <file>libc.a</file>
         <name>strcmp-armv6m.S.obj</name>
      </input_file>
   </input_file_list>
   <object_component_list>
      <object_component id="oc-18">
         <name>.intvecs</name>
         <load_address>0x0</load_address>
         <readonly>true</readonly>
         <run_address>0x0</run_address>
         <size>0xc0</size>
         <alignment>0x4</alignment>
         <input_file_ref idref="fl-2"/>
      </object_component>
      <object_component id="oc-34b">
         <name>.text:__TI_printfi</name>
         <load_address>0xc0</load_address>
         <readonly>true</readonly>
         <executable>true</executable>
         <run_address>0xc0</run_address>
         <size>0x9d0</size>
         <alignment>0x4</alignment>
         <input_file_ref idref="fl-4e"/>
      </object_component>
      <object_component id="oc-9f">
         <name>.text.IMU_AHRSupdate</name>
         <load_address>0xa90</load_address>
         <readonly>true</readonly>
         <executable>true</executable>
         <run_address>0xa90</run_address>
         <size>0x688</size>
         <alignment>0x4</alignment>
         <input_file_ref idref="fl-19"/>
      </object_component>
      <object_component id="oc-320">
         <name>.text.VL53L1_get_tuning_parm</name>
         <load_address>0x1118</load_address>
         <readonly>true</readonly>
         <executable>true</executable>
         <run_address>0x1118</run_address>
         <size>0x404</size>
         <alignment>0x4</alignment>
         <input_file_ref idref="fl-c"/>
      </object_component>
      <object_component id="oc-f6">
         <name>.text.VL53L1_init_and_start_range</name>
         <load_address>0x151c</load_address>
         <readonly>true</readonly>
         <executable>true</executable>
         <run_address>0x151c</run_address>
         <size>0x3d8</size>
         <alignment>0x4</alignment>
         <input_file_ref idref="fl-c"/>
      </object_component>
      <object_component id="oc-253">
         <name>.text.asin</name>
         <load_address>0x18f4</load_address>
         <readonly>true</readonly>
         <executable>true</executable>
         <run_address>0x18f4</run_address>
         <size>0x364</size>
         <alignment>0x4</alignment>
         <input_file_ref idref="fl-49"/>
      </object_component>
      <object_component id="oc-2db">
         <name>.text.atan</name>
         <load_address>0x1c58</load_address>
         <readonly>true</readonly>
         <executable>true</executable>
         <run_address>0x1c58</run_address>
         <size>0x2f8</size>
         <alignment>0x4</alignment>
         <input_file_ref idref="fl-4c"/>
      </object_component>
      <object_component id="oc-372">
         <name>.text.VL53L1_set_preset_mode</name>
         <load_address>0x1f50</load_address>
         <readonly>true</readonly>
         <executable>true</executable>
         <run_address>0x1f50</run_address>
         <size>0x2f6</size>
         <alignment>0x4</alignment>
         <input_file_ref idref="fl-c"/>
      </object_component>
      <object_component id="oc-324">
         <name>.text.__aeabi_idiv0</name>
         <load_address>0x2246</load_address>
         <readonly>true</readonly>
         <executable>true</executable>
         <run_address>0x2246</run_address>
         <size>0x2</size>
         <alignment>0x2</alignment>
         <input_file_ref idref="fl-139"/>
      </object_component>
      <object_component id="oc-102">
         <name>.text.calGyroVariance</name>
         <load_address>0x2248</load_address>
         <readonly>true</readonly>
         <executable>true</executable>
         <run_address>0x2248</run_address>
         <size>0x2e0</size>
         <alignment>0x4</alignment>
         <input_file_ref idref="fl-19"/>
      </object_component>
      <object_component id="oc-127">
         <name>.text.SYSCFG_DL_GPIO_init</name>
         <load_address>0x2528</load_address>
         <readonly>true</readonly>
         <executable>true</executable>
         <run_address>0x2528</run_address>
         <size>0x284</size>
         <alignment>0x4</alignment>
         <input_file_ref idref="fl-1"/>
      </object_component>
      <object_component id="oc-3a5">
         <name>.text._pconv_a</name>
         <load_address>0x27ac</load_address>
         <readonly>true</readonly>
         <executable>true</executable>
         <run_address>0x27ac</run_address>
         <size>0x220</size>
         <alignment>0x4</alignment>
         <input_file_ref idref="fl-4e"/>
      </object_component>
      <object_component id="oc-415">
         <name>.text.VL53L1_i2c_decode_nvm_copy_data</name>
         <load_address>0x29cc</load_address>
         <readonly>true</readonly>
         <executable>true</executable>
         <run_address>0x29cc</run_address>
         <size>0x1fc</size>
         <alignment>0x2</alignment>
         <input_file_ref idref="fl-13"/>
      </object_component>
      <object_component id="oc-291">
         <name>.text.VL53L1_SetMeasurementTimingBudgetMicroSeconds</name>
         <load_address>0x2bc8</load_address>
         <readonly>true</readonly>
         <executable>true</executable>
         <run_address>0x2bc8</run_address>
         <size>0x1f0</size>
         <alignment>0x4</alignment>
         <input_file_ref idref="fl-a"/>
      </object_component>
      <object_component id="oc-146">
         <name>.text.IMU_getYawPitchRoll</name>
         <load_address>0x2db8</load_address>
         <readonly>true</readonly>
         <executable>true</executable>
         <run_address>0x2db8</run_address>
         <size>0x1ec</size>
         <alignment>0x4</alignment>
         <input_file_ref idref="fl-19"/>
      </object_component>
      <object_component id="oc-3c8">
         <name>.text.VL53L1_preset_mode_standard_ranging</name>
         <load_address>0x2fa4</load_address>
         <readonly>true</readonly>
         <executable>true</executable>
         <run_address>0x2fa4</run_address>
         <size>0x1e4</size>
         <alignment>0x2</alignment>
         <input_file_ref idref="fl-e"/>
      </object_component>
      <object_component id="oc-3a6">
         <name>.text._pconv_g</name>
         <load_address>0x3188</load_address>
         <readonly>true</readonly>
         <executable>true</executable>
         <run_address>0x3188</run_address>
         <size>0x1dc</size>
         <alignment>0x4</alignment>
         <input_file_ref idref="fl-4e"/>
      </object_component>
      <object_component id="oc-274">
         <name>.text.OLED_ShowChar</name>
         <load_address>0x3364</load_address>
         <readonly>true</readonly>
         <executable>true</executable>
         <run_address>0x3364</run_address>
         <size>0x1d0</size>
         <alignment>0x4</alignment>
         <input_file_ref idref="fl-6"/>
      </object_component>
      <object_component id="oc-191">
         <name>.text.IICreadBytes</name>
         <load_address>0x3534</load_address>
         <readonly>true</readonly>
         <executable>true</executable>
         <run_address>0x3534</run_address>
         <size>0x1cc</size>
         <alignment>0x4</alignment>
         <input_file_ref idref="fl-16"/>
      </object_component>
      <object_component id="oc-1b4">
         <name>.text.adddf3_subdf3</name>
         <load_address>0x3700</load_address>
         <readonly>true</readonly>
         <executable>true</executable>
         <run_address>0x3700</run_address>
         <size>0x192</size>
         <alignment>0x4</alignment>
         <input_file_ref idref="fl-120"/>
      </object_component>
      <object_component id="oc-41c">
         <name>.text.__aeabi_ldiv0</name>
         <load_address>0x3892</load_address>
         <readonly>true</readonly>
         <executable>true</executable>
         <run_address>0x3892</run_address>
         <size>0x2</size>
         <alignment>0x2</alignment>
         <input_file_ref idref="fl-139"/>
      </object_component>
      <object_component id="oc-24f">
         <name>.text.atan2</name>
         <load_address>0x3894</load_address>
         <readonly>true</readonly>
         <executable>true</executable>
         <run_address>0x3894</run_address>
         <size>0x188</size>
         <alignment>0x4</alignment>
         <input_file_ref idref="fl-4a"/>
      </object_component>
      <object_component id="oc-322">
         <name>.text.VL53L1_GetMeasurementTimingBudgetMicroSeconds</name>
         <load_address>0x3a1c</load_address>
         <readonly>true</readonly>
         <executable>true</executable>
         <run_address>0x3a1c</run_address>
         <size>0x178</size>
         <alignment>0x4</alignment>
         <input_file_ref idref="fl-a"/>
      </object_component>
      <object_component id="oc-3ff">
         <name>.text.IIC_ReadOneByte</name>
         <load_address>0x3b94</load_address>
         <readonly>true</readonly>
         <executable>true</executable>
         <run_address>0x3b94</run_address>
         <size>0x174</size>
         <alignment>0x4</alignment>
         <input_file_ref idref="fl-16"/>
      </object_component>
      <object_component id="oc-2eb">
         <name>.text.sqrt</name>
         <load_address>0x3d08</load_address>
         <readonly>true</readonly>
         <executable>true</executable>
         <run_address>0x3d08</run_address>
         <size>0x170</size>
         <alignment>0x4</alignment>
         <input_file_ref idref="fl-4b"/>
      </object_component>
      <object_component id="oc-96">
         <name>.text.IMU_getValues</name>
         <load_address>0x3e78</load_address>
         <readonly>true</readonly>
         <executable>true</executable>
         <run_address>0x3e78</run_address>
         <size>0x164</size>
         <alignment>0x4</alignment>
         <input_file_ref idref="fl-19"/>
      </object_component>
      <object_component id="oc-28a">
         <name>.text.VL53L1_SetDistanceMode</name>
         <load_address>0x3fdc</load_address>
         <readonly>true</readonly>
         <executable>true</executable>
         <run_address>0x3fdc</run_address>
         <size>0x164</size>
         <alignment>0x4</alignment>
         <input_file_ref idref="fl-a"/>
      </object_component>
      <object_component id="oc-1a1">
         <name>.text.VL53L1_i2c_encode_static_config</name>
         <load_address>0x4140</load_address>
         <readonly>true</readonly>
         <executable>true</executable>
         <run_address>0x4140</run_address>
         <size>0x162</size>
         <alignment>0x2</alignment>
         <input_file_ref idref="fl-13"/>
      </object_component>
      <object_component id="oc-29e">
         <name>.text._nop</name>
         <load_address>0x42a2</load_address>
         <readonly>true</readonly>
         <executable>true</executable>
         <run_address>0x42a2</run_address>
         <size>0x2</size>
         <alignment>0x2</alignment>
         <input_file_ref idref="fl-56"/>
      </object_component>
      <object_component id="oc-177">
         <name>.text.VL53InitParam</name>
         <load_address>0x42a4</load_address>
         <readonly>true</readonly>
         <executable>true</executable>
         <run_address>0x42a4</run_address>
         <size>0x160</size>
         <alignment>0x4</alignment>
         <input_file_ref idref="fl-18"/>
      </object_component>
      <object_component id="oc-37e">
         <name>.text.VL53L1_get_preset_mode_timing_cfg</name>
         <load_address>0x4404</load_address>
         <readonly>true</readonly>
         <executable>true</executable>
         <run_address>0x4404</run_address>
         <size>0x15c</size>
         <alignment>0x4</alignment>
         <input_file_ref idref="fl-c"/>
      </object_component>
      <object_component id="oc-c1">
         <name>.text.ICM42688_Test1</name>
         <load_address>0x4560</load_address>
         <readonly>true</readonly>
         <executable>true</executable>
         <run_address>0x4560</run_address>
         <size>0x144</size>
         <alignment>0x4</alignment>
         <input_file_ref idref="fl-1b"/>
      </object_component>
      <object_component id="oc-3fd">
         <name>.text.fcvt</name>
         <load_address>0x46a4</load_address>
         <readonly>true</readonly>
         <executable>true</executable>
         <run_address>0x46a4</run_address>
         <size>0x13c</size>
         <alignment>0x4</alignment>
         <input_file_ref idref="fl-4e"/>
      </object_component>
      <object_component id="oc-317">
         <name>.text.VL53L1_data_init</name>
         <load_address>0x47e0</load_address>
         <readonly>true</readonly>
         <executable>true</executable>
         <run_address>0x47e0</run_address>
         <size>0x134</size>
         <alignment>0x4</alignment>
         <input_file_ref idref="fl-c"/>
      </object_component>
      <object_component id="oc-2b5">
         <name>.text.IICwriteBytes</name>
         <load_address>0x4914</load_address>
         <readonly>true</readonly>
         <executable>true</executable>
         <run_address>0x4914</run_address>
         <size>0x130</size>
         <alignment>0x4</alignment>
         <input_file_ref idref="fl-16"/>
      </object_component>
      <object_component id="oc-3c2">
         <name>.text.VL53L1_copy_rtn_good_spads_to_buffer</name>
         <load_address>0x4a44</load_address>
         <readonly>true</readonly>
         <executable>true</executable>
         <run_address>0x4a44</run_address>
         <size>0x12a</size>
         <alignment>0x2</alignment>
         <input_file_ref idref="fl-10"/>
      </object_component>
      <object_component id="oc-367">
         <name>.text.VL53L1_read_p2p_data</name>
         <load_address>0x4b70</load_address>
         <readonly>true</readonly>
         <executable>true</executable>
         <run_address>0x4b70</run_address>
         <size>0x124</size>
         <alignment>0x4</alignment>
         <input_file_ref idref="fl-c"/>
      </object_component>
      <object_component id="oc-3a8">
         <name>.text._pconv_e</name>
         <load_address>0x4c94</load_address>
         <readonly>true</readonly>
         <executable>true</executable>
         <run_address>0x4c94</run_address>
         <size>0x120</size>
         <alignment>0x4</alignment>
         <input_file_ref idref="fl-4e"/>
      </object_component>
      <object_component id="oc-176">
         <name>.text.VL53L1Init</name>
         <load_address>0x4db4</load_address>
         <readonly>true</readonly>
         <executable>true</executable>
         <run_address>0x4db4</run_address>
         <size>0x118</size>
         <alignment>0x4</alignment>
         <input_file_ref idref="fl-18"/>
      </object_component>
      <object_component id="oc-163">
         <name>.text.OLED_Init</name>
         <load_address>0x4ecc</load_address>
         <readonly>true</readonly>
         <executable>true</executable>
         <run_address>0x4ecc</run_address>
         <size>0x114</size>
         <alignment>0x4</alignment>
         <input_file_ref idref="fl-6"/>
      </object_component>
      <object_component id="oc-44f">
         <name>.text.aligned_alloc</name>
         <load_address>0x4fe0</load_address>
         <readonly>true</readonly>
         <executable>true</executable>
         <run_address>0x4fe0</run_address>
         <size>0x114</size>
         <alignment>0x4</alignment>
         <input_file_ref idref="fl-5c"/>
      </object_component>
      <object_component id="oc-1a7">
         <name>.text.VL53L1_update_ll_driver_rd_state</name>
         <load_address>0x50f4</load_address>
         <readonly>true</readonly>
         <executable>true</executable>
         <run_address>0x50f4</run_address>
         <size>0x10e</size>
         <alignment>0x4</alignment>
         <input_file_ref idref="fl-10"/>
      </object_component>
      <object_component id="oc-159">
         <name>.text.__divdf3</name>
         <load_address>0x5204</load_address>
         <readonly>true</readonly>
         <executable>true</executable>
         <run_address>0x5204</run_address>
         <size>0x10c</size>
         <alignment>0x4</alignment>
         <input_file_ref idref="fl-125"/>
      </object_component>
      <object_component id="oc-fd">
         <name>.text.bsp_IcmGetRawData</name>
         <load_address>0x5310</load_address>
         <readonly>true</readonly>
         <executable>true</executable>
         <run_address>0x5310</run_address>
         <size>0x108</size>
         <alignment>0x4</alignment>
         <input_file_ref idref="fl-8"/>
      </object_component>
      <object_component id="oc-205">
         <name>.text.DL_Timer_initFourCCPWMMode</name>
         <load_address>0x5418</load_address>
         <readonly>true</readonly>
         <executable>true</executable>
         <run_address>0x5418</run_address>
         <size>0x104</size>
         <alignment>0x4</alignment>
         <input_file_ref idref="fl-30"/>
      </object_component>
      <object_component id="oc-414">
         <name>.text.VL53L1_i2c_decode_customer_nvm_managed</name>
         <load_address>0x551c</load_address>
         <readonly>true</readonly>
         <executable>true</executable>
         <run_address>0x551c</run_address>
         <size>0x104</size>
         <alignment>0x4</alignment>
         <input_file_ref idref="fl-13"/>
      </object_component>
      <object_component id="oc-212">
         <name>.text.DL_Timer_initTimerMode</name>
         <load_address>0x5620</load_address>
         <readonly>true</readonly>
         <executable>true</executable>
         <run_address>0x5620</run_address>
         <size>0xfc</size>
         <alignment>0x4</alignment>
         <input_file_ref idref="fl-30"/>
      </object_component>
      <object_component id="oc-1a0">
         <name>.text.VL53L1_i2c_encode_customer_nvm_managed</name>
         <load_address>0x571c</load_address>
         <readonly>true</readonly>
         <executable>true</executable>
         <run_address>0x571c</run_address>
         <size>0xfc</size>
         <alignment>0x4</alignment>
         <input_file_ref idref="fl-13"/>
      </object_component>
      <object_component id="oc-126">
         <name>.text.SYSCFG_DL_initPower</name>
         <load_address>0x5818</load_address>
         <readonly>true</readonly>
         <executable>true</executable>
         <run_address>0x5818</run_address>
         <size>0xf8</size>
         <alignment>0x4</alignment>
         <input_file_ref idref="fl-1"/>
      </object_component>
      <object_component id="oc-359">
         <name>.text.fputs</name>
         <load_address>0x5910</load_address>
         <readonly>true</readonly>
         <executable>true</executable>
         <run_address>0x5910</run_address>
         <size>0xf8</size>
         <alignment>0x4</alignment>
         <input_file_ref idref="fl-51"/>
      </object_component>
      <object_component id="oc-352">
         <name>.text.VL53L1_WaitValueMaskEx</name>
         <load_address>0x5a08</load_address>
         <readonly>true</readonly>
         <executable>true</executable>
         <run_address>0x5a08</run_address>
         <size>0xf4</size>
         <alignment>0x2</alignment>
         <input_file_ref idref="fl-17"/>
      </object_component>
      <object_component id="oc-293">
         <name>.text.VL53L1_StartMeasurement</name>
         <load_address>0x5afc</load_address>
         <readonly>true</readonly>
         <executable>true</executable>
         <run_address>0x5afc</run_address>
         <size>0xf0</size>
         <alignment>0x2</alignment>
         <input_file_ref idref="fl-a"/>
      </object_component>
      <object_component id="oc-1a2">
         <name>.text.VL53L1_i2c_encode_general_config</name>
         <load_address>0x5bec</load_address>
         <readonly>true</readonly>
         <executable>true</executable>
         <run_address>0x5bec</run_address>
         <size>0xf0</size>
         <alignment>0x4</alignment>
         <input_file_ref idref="fl-13"/>
      </object_component>
      <object_component id="oc-370">
         <name>.text.VL53L1_init_tuning_parm_storage_struct</name>
         <load_address>0x5cdc</load_address>
         <readonly>true</readonly>
         <executable>true</executable>
         <run_address>0x5cdc</run_address>
         <size>0xf0</size>
         <alignment>0x4</alignment>
         <input_file_ref idref="fl-e"/>
      </object_component>
      <object_component id="oc-1f8">
         <name>.text.SYSCFG_DL_SYSCTL_SYSPLL_init</name>
         <load_address>0x5dcc</load_address>
         <readonly>true</readonly>
         <executable>true</executable>
         <run_address>0x5dcc</run_address>
         <size>0xec</size>
         <alignment>0x4</alignment>
         <input_file_ref idref="fl-1"/>
      </object_component>
      <object_component id="oc-42e">
         <name>.text.free</name>
         <load_address>0x5eb8</load_address>
         <readonly>true</readonly>
         <executable>true</executable>
         <run_address>0x5eb8</run_address>
         <size>0xe8</size>
         <alignment>0x4</alignment>
         <input_file_ref idref="fl-5c"/>
      </object_component>
      <object_component id="oc-1b8">
         <name>.text.__muldf3</name>
         <load_address>0x5fa0</load_address>
         <readonly>true</readonly>
         <executable>true</executable>
         <run_address>0x5fa0</run_address>
         <size>0xe4</size>
         <alignment>0x4</alignment>
         <input_file_ref idref="fl-121"/>
      </object_component>
      <object_component id="oc-37f">
         <name>.text.VL53L1_calc_timeout_register_values</name>
         <load_address>0x6084</load_address>
         <readonly>true</readonly>
         <executable>true</executable>
         <run_address>0x6084</run_address>
         <size>0xe2</size>
         <alignment>0x2</alignment>
         <input_file_ref idref="fl-10"/>
      </object_component>
      <object_component id="oc-1a4">
         <name>.text.VL53L1_i2c_encode_dynamic_config</name>
         <load_address>0x6166</load_address>
         <readonly>true</readonly>
         <executable>true</executable>
         <run_address>0x6166</run_address>
         <size>0xe2</size>
         <alignment>0x2</alignment>
         <input_file_ref idref="fl-13"/>
      </object_component>
      <object_component id="oc-406">
         <name>.text.setvbuf</name>
         <load_address>0x6248</load_address>
         <readonly>true</readonly>
         <executable>true</executable>
         <run_address>0x6248</run_address>
         <size>0xe0</size>
         <alignment>0x4</alignment>
         <input_file_ref idref="fl-53"/>
      </object_component>
      <object_component id="oc-31a">
         <name>.text.VL53L1_get_timeouts_us</name>
         <load_address>0x6328</load_address>
         <readonly>true</readonly>
         <executable>true</executable>
         <run_address>0x6328</run_address>
         <size>0xde</size>
         <alignment>0x2</alignment>
         <input_file_ref idref="fl-c"/>
      </object_component>
      <object_component id="oc-1f2">
         <name>.text.DL_SYSCTL_configSYSPLL</name>
         <load_address>0x6408</load_address>
         <readonly>true</readonly>
         <executable>true</executable>
         <run_address>0x6408</run_address>
         <size>0xdc</size>
         <alignment>0x4</alignment>
         <input_file_ref idref="fl-32"/>
      </object_component>
      <object_component id="oc-1a3">
         <name>.text.VL53L1_i2c_encode_timing_config</name>
         <load_address>0x64e4</load_address>
         <readonly>true</readonly>
         <executable>true</executable>
         <run_address>0x64e4</run_address>
         <size>0xdc</size>
         <alignment>0x2</alignment>
         <input_file_ref idref="fl-13"/>
      </object_component>
      <object_component id="oc-3f0">
         <name>.text.scalbn</name>
         <load_address>0x65c0</load_address>
         <readonly>true</readonly>
         <executable>true</executable>
         <run_address>0x65c0</run_address>
         <size>0xd8</size>
         <alignment>0x4</alignment>
         <input_file_ref idref="fl-67"/>
      </object_component>
      <object_component id="oc-107">
         <name>.text</name>
         <load_address>0x6698</load_address>
         <readonly>true</readonly>
         <executable>true</executable>
         <run_address>0x6698</run_address>
         <size>0xd8</size>
         <alignment>0x4</alignment>
         <input_file_ref idref="fl-11f"/>
      </object_component>
      <object_component id="oc-31b">
         <name>.text.SetPresetMode</name>
         <load_address>0x6770</load_address>
         <readonly>true</readonly>
         <executable>true</executable>
         <run_address>0x6770</run_address>
         <size>0xd6</size>
         <alignment>0x2</alignment>
         <input_file_ref idref="fl-a"/>
      </object_component>
      <object_component id="oc-288">
         <name>.text.VL53L1_DataInit</name>
         <load_address>0x6846</load_address>
         <readonly>true</readonly>
         <executable>true</executable>
         <run_address>0x6846</run_address>
         <size>0xcc</size>
         <alignment>0x2</alignment>
         <input_file_ref idref="fl-a"/>
      </object_component>
      <object_component id="oc-3c7">
         <name>.text.VL53L1_calc_range_ignore_threshold</name>
         <load_address>0x6914</load_address>
         <readonly>true</readonly>
         <executable>true</executable>
         <run_address>0x6914</run_address>
         <size>0xcc</size>
         <alignment>0x4</alignment>
         <input_file_ref idref="fl-10"/>
      </object_component>
      <object_component id="oc-37d">
         <name>.text.ComputeDevicePresetMode</name>
         <load_address>0x69e0</load_address>
         <readonly>true</readonly>
         <executable>true</executable>
         <run_address>0x69e0</run_address>
         <size>0xc4</size>
         <alignment>0x4</alignment>
         <input_file_ref idref="fl-a"/>
      </object_component>
      <object_component id="oc-318">
         <name>.text.VL53L1_SetPresetMode</name>
         <load_address>0x6aa4</load_address>
         <readonly>true</readonly>
         <executable>true</executable>
         <run_address>0x6aa4</run_address>
         <size>0xc0</size>
         <alignment>0x4</alignment>
         <input_file_ref idref="fl-a"/>
      </object_component>
      <object_component id="oc-263">
         <name>.text.bsp_Icm42688RegCfg</name>
         <load_address>0x6b64</load_address>
         <readonly>true</readonly>
         <executable>true</executable>
         <run_address>0x6b64</run_address>
         <size>0xc0</size>
         <alignment>0x2</alignment>
         <input_file_ref idref="fl-8"/>
      </object_component>
      <object_component id="oc-1a8">
         <name>.text.VL53L1_update_ll_driver_cfg_state</name>
         <load_address>0x6c24</load_address>
         <readonly>true</readonly>
         <executable>true</executable>
         <run_address>0x6c24</run_address>
         <size>0xbe</size>
         <alignment>0x2</alignment>
         <input_file_ref idref="fl-10"/>
      </object_component>
      <object_component id="oc-36e">
         <name>.text.VL53L1_init_xtalk_config_struct</name>
         <load_address>0x6ce2</load_address>
         <readonly>true</readonly>
         <executable>true</executable>
         <run_address>0x6ce2</run_address>
         <size>0xba</size>
         <alignment>0x2</alignment>
         <input_file_ref idref="fl-e"/>
      </object_component>
      <object_component id="oc-12a">
         <name>.text.SYSCFG_DL_PWM_SERVO_init</name>
         <load_address>0x6d9c</load_address>
         <readonly>true</readonly>
         <executable>true</executable>
         <run_address>0x6d9c</run_address>
         <size>0xb4</size>
         <alignment>0x4</alignment>
         <input_file_ref idref="fl-1"/>
      </object_component>
      <object_component id="oc-16e">
         <name>.text.my_vl53l1x_init</name>
         <load_address>0x6e50</load_address>
         <readonly>true</readonly>
         <executable>true</executable>
         <run_address>0x6e50</run_address>
         <size>0xb4</size>
         <alignment>0x4</alignment>
         <input_file_ref idref="fl-1a"/>
      </object_component>
      <object_component id="oc-cb">
         <name>.text.VL53L1X_Test1</name>
         <load_address>0x6f04</load_address>
         <readonly>true</readonly>
         <executable>true</executable>
         <run_address>0x6f04</run_address>
         <size>0xac</size>
         <alignment>0x4</alignment>
         <input_file_ref idref="fl-1e"/>
      </object_component>
      <object_component id="oc-2fd">
         <name>.text.bsp_Icm42688GetGres</name>
         <load_address>0x6fb0</load_address>
         <readonly>true</readonly>
         <executable>true</executable>
         <run_address>0x6fb0</run_address>
         <size>0xa8</size>
         <alignment>0x4</alignment>
         <input_file_ref idref="fl-8"/>
      </object_component>
      <object_component id="oc-153">
         <name>.text.bsp_IcmGetAccelerometer</name>
         <load_address>0x7058</load_address>
         <readonly>true</readonly>
         <executable>true</executable>
         <run_address>0x7058</run_address>
         <size>0xa4</size>
         <alignment>0x4</alignment>
         <input_file_ref idref="fl-8"/>
      </object_component>
      <object_component id="oc-154">
         <name>.text.bsp_IcmGetGyroscope</name>
         <load_address>0x70fc</load_address>
         <readonly>true</readonly>
         <executable>true</executable>
         <run_address>0x70fc</run_address>
         <size>0xa4</size>
         <alignment>0x4</alignment>
         <input_file_ref idref="fl-8"/>
      </object_component>
      <object_component id="oc-3e7">
         <name>.text</name>
         <load_address>0x71a0</load_address>
         <readonly>true</readonly>
         <executable>true</executable>
         <run_address>0x71a0</run_address>
         <size>0xa2</size>
         <alignment>0x4</alignment>
         <input_file_ref idref="fl-136"/>
      </object_component>
      <object_component id="oc-413">
         <name>.text.VL53L1_i2c_decode_static_nvm_managed</name>
         <load_address>0x7242</load_address>
         <readonly>true</readonly>
         <executable>true</executable>
         <run_address>0x7242</run_address>
         <size>0xa0</size>
         <alignment>0x2</alignment>
         <input_file_ref idref="fl-13"/>
      </object_component>
      <object_component id="oc-19b">
         <name>.text.VL53L1_i2c_encode_static_nvm_managed</name>
         <load_address>0x72e2</load_address>
         <readonly>true</readonly>
         <executable>true</executable>
         <run_address>0x72e2</run_address>
         <size>0x9e</size>
         <alignment>0x2</alignment>
         <input_file_ref idref="fl-13"/>
      </object_component>
      <object_component id="oc-35f">
         <name>.text.fputc</name>
         <load_address>0x7380</load_address>
         <readonly>true</readonly>
         <executable>true</executable>
         <run_address>0x7380</run_address>
         <size>0x9c</size>
         <alignment>0x4</alignment>
         <input_file_ref idref="fl-50"/>
      </object_component>
      <object_component id="oc-169">
         <name>.text.OLED_ShowString</name>
         <load_address>0x741c</load_address>
         <readonly>true</readonly>
         <executable>true</executable>
         <run_address>0x741c</run_address>
         <size>0x9a</size>
         <alignment>0x2</alignment>
         <input_file_ref idref="fl-6"/>
      </object_component>
      <object_component id="oc-304">
         <name>.text.OLED_DrawPoint</name>
         <load_address>0x74b8</load_address>
         <readonly>true</readonly>
         <executable>true</executable>
         <run_address>0x74b8</run_address>
         <size>0x90</size>
         <alignment>0x4</alignment>
         <input_file_ref idref="fl-6"/>
      </object_component>
      <object_component id="oc-270">
         <name>.text.OLED_WR_Byte</name>
         <load_address>0x7548</load_address>
         <readonly>true</readonly>
         <executable>true</executable>
         <run_address>0x7548</run_address>
         <size>0x90</size>
         <alignment>0x4</alignment>
         <input_file_ref idref="fl-6"/>
      </object_component>
      <object_component id="oc-129">
         <name>.text.SYSCFG_DL_PWM_Motor_init</name>
         <load_address>0x75d8</load_address>
         <readonly>true</readonly>
         <executable>true</executable>
         <run_address>0x75d8</run_address>
         <size>0x90</size>
         <alignment>0x4</alignment>
         <input_file_ref idref="fl-1"/>
      </object_component>
      <object_component id="oc-290">
         <name>.text.VL53L1_SetLimitCheckValue</name>
         <load_address>0x7668</load_address>
         <readonly>true</readonly>
         <executable>true</executable>
         <run_address>0x7668</run_address>
         <size>0x8e</size>
         <alignment>0x2</alignment>
         <input_file_ref idref="fl-a"/>
      </object_component>
      <object_component id="oc-300">
         <name>.text.SPI_CS</name>
         <load_address>0x76f8</load_address>
         <readonly>true</readonly>
         <executable>true</executable>
         <run_address>0x76f8</run_address>
         <size>0x8c</size>
         <alignment>0x4</alignment>
         <input_file_ref idref="fl-9"/>
      </object_component>
      <object_component id="oc-97">
         <name>.text.__mulsf3</name>
         <load_address>0x7784</load_address>
         <readonly>true</readonly>
         <executable>true</executable>
         <run_address>0x7784</run_address>
         <size>0x8c</size>
         <alignment>0x4</alignment>
         <input_file_ref idref="fl-123"/>
      </object_component>
      <object_component id="oc-28f">
         <name>.text.VL53L1_SetLimitCheckEnable</name>
         <load_address>0x7810</load_address>
         <readonly>true</readonly>
         <executable>true</executable>
         <run_address>0x7810</run_address>
         <size>0x8a</size>
         <alignment>0x2</alignment>
         <input_file_ref idref="fl-a"/>
      </object_component>
      <object_component id="oc-3ca">
         <name>.text.VL53L1_preset_mode_standard_ranging_long_range</name>
         <load_address>0x789a</load_address>
         <readonly>true</readonly>
         <executable>true</executable>
         <run_address>0x789a</run_address>
         <size>0x8a</size>
         <alignment>0x2</alignment>
         <input_file_ref idref="fl-e"/>
      </object_component>
      <object_component id="oc-3c9">
         <name>.text.VL53L1_preset_mode_standard_ranging_short_range</name>
         <load_address>0x7924</load_address>
         <readonly>true</readonly>
         <executable>true</executable>
         <run_address>0x7924</run_address>
         <size>0x8a</size>
         <alignment>0x2</alignment>
         <input_file_ref idref="fl-e"/>
      </object_component>
      <object_component id="oc-4bf">
         <name>.text:strcmp</name>
         <load_address>0x79b0</load_address>
         <readonly>true</readonly>
         <executable>true</executable>
         <run_address>0x79b0</run_address>
         <size>0x88</size>
         <alignment>0x10</alignment>
         <input_file_ref idref="fl-13d"/>
      </object_component>
      <object_component id="oc-1fd">
         <name>.text.__NVIC_SetPriority</name>
         <load_address>0x7a38</load_address>
         <readonly>true</readonly>
         <executable>true</executable>
         <run_address>0x7a38</run_address>
         <size>0x84</size>
         <alignment>0x4</alignment>
         <input_file_ref idref="fl-1"/>
      </object_component>
      <object_component id="oc-9b">
         <name>.text.__divsf3</name>
         <load_address>0x7abc</load_address>
         <readonly>true</readonly>
         <executable>true</executable>
         <run_address>0x7abc</run_address>
         <size>0x82</size>
         <alignment>0x4</alignment>
         <input_file_ref idref="fl-124"/>
      </object_component>
      <object_component id="oc-39">
         <name>.text.GROUP1_IRQHandler</name>
         <load_address>0x7b40</load_address>
         <readonly>true</readonly>
         <executable>true</executable>
         <run_address>0x7b40</run_address>
         <size>0x80</size>
         <alignment>0x4</alignment>
         <input_file_ref idref="fl-5"/>
      </object_component>
      <object_component id="oc-3ce">
         <name>.text.VL53L1_preset_mode_timed_ranging_short_range</name>
         <load_address>0x7bc0</load_address>
         <readonly>true</readonly>
         <executable>true</executable>
         <run_address>0x7bc0</run_address>
         <size>0x7e</size>
         <alignment>0x2</alignment>
         <input_file_ref idref="fl-e"/>
      </object_component>
      <object_component id="oc-8d">
         <name>.text.getDistance_Simply</name>
         <load_address>0x7c3e</load_address>
         <readonly>true</readonly>
         <executable>true</executable>
         <run_address>0x7c3e</run_address>
         <size>0x7e</size>
         <alignment>0x2</alignment>
         <input_file_ref idref="fl-18"/>
      </object_component>
      <object_component id="oc-6d">
         <name>.text.IMU_Callback</name>
         <load_address>0x7cbc</load_address>
         <readonly>true</readonly>
         <executable>true</executable>
         <run_address>0x7cbc</run_address>
         <size>0x7c</size>
         <alignment>0x4</alignment>
         <input_file_ref idref="fl-19"/>
      </object_component>
      <object_component id="oc-16a">
         <name>.text.OLED_Refresh</name>
         <load_address>0x7d38</load_address>
         <readonly>true</readonly>
         <executable>true</executable>
         <run_address>0x7d38</run_address>
         <size>0x7c</size>
         <alignment>0x4</alignment>
         <input_file_ref idref="fl-6"/>
      </object_component>
      <object_component id="oc-3cd">
         <name>.text.VL53L1_preset_mode_timed_ranging</name>
         <load_address>0x7db4</load_address>
         <readonly>true</readonly>
         <executable>true</executable>
         <run_address>0x7db4</run_address>
         <size>0x7c</size>
         <alignment>0x2</alignment>
         <input_file_ref idref="fl-e"/>
      </object_component>
      <object_component id="oc-3cf">
         <name>.text.VL53L1_preset_mode_timed_ranging_long_range</name>
         <load_address>0x7e30</load_address>
         <readonly>true</readonly>
         <executable>true</executable>
         <run_address>0x7e30</run_address>
         <size>0x7c</size>
         <alignment>0x2</alignment>
         <input_file_ref idref="fl-e"/>
      </object_component>
      <object_component id="oc-31c">
         <name>.text.VL53L1_set_timeouts_us</name>
         <load_address>0x7eac</load_address>
         <readonly>true</readonly>
         <executable>true</executable>
         <run_address>0x7eac</run_address>
         <size>0x7c</size>
         <alignment>0x2</alignment>
         <input_file_ref idref="fl-c"/>
      </object_component>
      <object_component id="oc-450">
         <name>.text.__TI_closefile</name>
         <load_address>0x7f28</load_address>
         <readonly>true</readonly>
         <executable>true</executable>
         <run_address>0x7f28</run_address>
         <size>0x7c</size>
         <alignment>0x4</alignment>
         <input_file_ref idref="fl-6f"/>
      </object_component>
      <object_component id="oc-1c">
         <name>.text:decompress:lzss</name>
         <load_address>0x7fa4</load_address>
         <readonly>true</readonly>
         <executable>true</executable>
         <run_address>0x7fa4</run_address>
         <size>0x7c</size>
         <alignment>0x4</alignment>
         <input_file_ref idref="fl-65"/>
      </object_component>
      <object_component id="oc-384">
         <name>.text.VL53L1_get_sequence_config_bit</name>
         <load_address>0x8020</load_address>
         <readonly>true</readonly>
         <executable>true</executable>
         <run_address>0x8020</run_address>
         <size>0x76</size>
         <alignment>0x2</alignment>
         <input_file_ref idref="fl-c"/>
      </object_component>
      <object_component id="oc-ad">
         <name>.text.SYSCFG_DL_init</name>
         <load_address>0x8098</load_address>
         <readonly>true</readonly>
         <executable>true</executable>
         <run_address>0x8098</run_address>
         <size>0x74</size>
         <alignment>0x4</alignment>
         <input_file_ref idref="fl-1"/>
      </object_component>
      <object_component id="oc-3d1">
         <name>.text.VL53L1_preset_mode_singleshot_ranging</name>
         <load_address>0x810c</load_address>
         <readonly>true</readonly>
         <executable>true</executable>
         <run_address>0x810c</run_address>
         <size>0x74</size>
         <alignment>0x2</alignment>
         <input_file_ref idref="fl-e"/>
      </object_component>
      <object_component id="oc-335">
         <name>.text.__gedf2</name>
         <load_address>0x8180</load_address>
         <readonly>true</readonly>
         <executable>true</executable>
         <run_address>0x8180</run_address>
         <size>0x74</size>
         <alignment>0x4</alignment>
         <input_file_ref idref="fl-138"/>
      </object_component>
      <object_component id="oc-1fa">
         <name>.text.DL_SYSCTL_getClockStatus</name>
         <load_address>0x81f4</load_address>
         <readonly>true</readonly>
         <executable>true</executable>
         <run_address>0x81f4</run_address>
         <size>0xc</size>
         <alignment>0x4</alignment>
         <input_file_ref idref="fl-1"/>
      </object_component>
      <object_component id="oc-1bc">
         <name>.text.__truncdfsf2</name>
         <load_address>0x8200</load_address>
         <readonly>true</readonly>
         <executable>true</executable>
         <run_address>0x8200</run_address>
         <size>0x74</size>
         <alignment>0x10</alignment>
         <input_file_ref idref="fl-12d"/>
      </object_component>
      <object_component id="oc-128">
         <name>.text.SYSCFG_DL_SYSCTL_init</name>
         <load_address>0x8274</load_address>
         <readonly>true</readonly>
         <executable>true</executable>
         <run_address>0x8274</run_address>
         <size>0x70</size>
         <alignment>0x4</alignment>
         <input_file_ref idref="fl-1"/>
      </object_component>
      <object_component id="oc-469">
         <name>.text.HOSTlseek</name>
         <load_address>0x82e4</load_address>
         <readonly>true</readonly>
         <executable>true</executable>
         <run_address>0x82e4</run_address>
         <size>0x6c</size>
         <alignment>0x4</alignment>
         <input_file_ref idref="fl-118"/>
      </object_component>
      <object_component id="oc-471">
         <name>.text.HOSTrename</name>
         <load_address>0x8350</load_address>
         <readonly>true</readonly>
         <executable>true</executable>
         <run_address>0x8350</run_address>
         <size>0x6c</size>
         <alignment>0x4</alignment>
         <input_file_ref idref="fl-11b"/>
      </object_component>
      <object_component id="oc-373">
         <name>.text.VL53L1_low_power_auto_data_init</name>
         <load_address>0x83bc</load_address>
         <readonly>true</readonly>
         <executable>true</executable>
         <run_address>0x83bc</run_address>
         <size>0x6c</size>
         <alignment>0x4</alignment>
         <input_file_ref idref="fl-10"/>
      </object_component>
      <object_component id="oc-42b">
         <name>.text.fseeko</name>
         <load_address>0x8428</load_address>
         <readonly>true</readonly>
         <executable>true</executable>
         <run_address>0x8428</run_address>
         <size>0x6c</size>
         <alignment>0x4</alignment>
         <input_file_ref idref="fl-6c"/>
      </object_component>
      <object_component id="oc-4b3">
         <name>.text.getdevice</name>
         <load_address>0x8494</load_address>
         <readonly>true</readonly>
         <executable>true</executable>
         <run_address>0x8494</run_address>
         <size>0x6c</size>
         <alignment>0x4</alignment>
         <input_file_ref idref="fl-13a"/>
      </object_component>
      <object_component id="oc-12b">
         <name>.text.SYSCFG_DL_PWM_BUZZER_init</name>
         <load_address>0x8500</load_address>
         <readonly>true</readonly>
         <executable>true</executable>
         <run_address>0x8500</run_address>
         <size>0x68</size>
         <alignment>0x4</alignment>
         <input_file_ref idref="fl-1"/>
      </object_component>
      <object_component id="oc-3c4">
         <name>.text.VL53L1_get_mode_mitigation_roi</name>
         <load_address>0x8568</load_address>
         <readonly>true</readonly>
         <executable>true</executable>
         <run_address>0x8568</run_address>
         <size>0x68</size>
         <alignment>0x4</alignment>
         <input_file_ref idref="fl-c"/>
      </object_component>
      <object_component id="oc-32f">
         <name>.text.__ledf2</name>
         <load_address>0x85d0</load_address>
         <readonly>true</readonly>
         <executable>true</executable>
         <run_address>0x85d0</run_address>
         <size>0x68</size>
         <alignment>0x4</alignment>
         <input_file_ref idref="fl-138"/>
      </object_component>
      <object_component id="oc-2fc">
         <name>.text.bsp_Icm42688GetAres</name>
         <load_address>0x8638</load_address>
         <readonly>true</readonly>
         <executable>true</executable>
         <run_address>0x8638</run_address>
         <size>0x68</size>
         <alignment>0x4</alignment>
         <input_file_ref idref="fl-8"/>
      </object_component>
      <object_component id="oc-1a5">
         <name>.text.VL53L1_i2c_encode_system_control</name>
         <load_address>0x86a0</load_address>
         <readonly>true</readonly>
         <executable>true</executable>
         <run_address>0x86a0</run_address>
         <size>0x66</size>
         <alignment>0x2</alignment>
         <input_file_ref idref="fl-13"/>
      </object_component>
      <object_component id="oc-3fc">
         <name>.text._mcpy</name>
         <load_address>0x8706</load_address>
[...]
         <name>_sys_memory</name>
         <value>0x202033f8</value>
         <object_component_ref idref="oc-44c"/>
      </symbol>
      <symbol id="sm-703">
         <name>memalign</name>
         <value>0x4fe1</value>
         <object_component_ref idref="oc-44f"/>
      </symbol>
      <symbol id="sm-70f">
         <name>_c_int00_noargs</name>
         <value>0xab3d</value>
         <object_component_ref idref="oc-5a"/>
      </symbol>
      <symbol id="sm-710">
         <name>__stack</name>
         <value>0x20207e00</value>
         <object_component_ref idref="oc-1a"/>
      </symbol>
      <symbol id="sm-71f">
         <name>__TI_auto_init_nobinit_nopinit</name>
         <value>0xa1a1</value>
         <object_component_ref idref="oc-da"/>
      </symbol>
      <symbol id="sm-727">
         <name>_system_pre_init</name>
         <value>0xb791</value>
         <object_component_ref idref="oc-7b"/>
      </symbol>
      <symbol id="sm-732">
         <name>__TI_zero_init</name>
         <value>0xb5dd</value>
         <object_component_ref idref="oc-57"/>
      </symbol>
      <symbol id="sm-73b">
         <name>__TI_decompress_none</name>
         <value>0xb54b</value>
         <object_component_ref idref="oc-20"/>
      </symbol>
      <symbol id="sm-746">
         <name>__TI_decompress_lzss</name>
         <value>0x7fa5</value>
         <object_component_ref idref="oc-1c"/>
      </symbol>
      <symbol id="sm-750">
         <name>frexp</name>
         <value>0x8ae5</value>
         <object_component_ref idref="oc-3ec"/>
      </symbol>
      <symbol id="sm-751">
         <name>frexpl</name>
         <value>0x8ae5</value>
         <object_component_ref idref="oc-3ec"/>
      </symbol>
      <symbol id="sm-75b">
         <name>scalbn</name>
         <value>0x65c1</value>
         <object_component_ref idref="oc-3f0"/>
      </symbol>
      <symbol id="sm-75c">
         <name>ldexp</name>
         <value>0x65c1</value>
         <object_component_ref idref="oc-3f0"/>
      </symbol>
      <symbol id="sm-75d">
         <name>scalbnl</name>
         <value>0x65c1</value>
         <object_component_ref idref="oc-3f0"/>
      </symbol>
      <symbol id="sm-75e">
         <name>ldexpl</name>
         <value>0x65c1</value>
         <object_component_ref idref="oc-3f0"/>
      </symbol>
      <symbol id="sm-767">
         <name>wcslen</name>
         <value>0xb5cd</value>
         <object_component_ref idref="oc-398"/>
      </symbol>
      <symbol id="sm-772">
         <name>__TI_doflush</name>
         <value>0x93cd</value>
         <object_component_ref idref="oc-3b5"/>
      </symbol>
      <symbol id="sm-77d">
         <name>__TI_cleanup</name>
         <value>0xa4b1</value>
         <object_component_ref idref="oc-435"/>
      </symbol>
      <symbol id="sm-78a">
         <name>fseek</name>
         <value>0xb73d</value>
         <object_component_ref idref="oc-400"/>
      </symbol>
      <symbol id="sm-78b">
         <name>fseeko</name>
         <value>0x8429</value>
         <object_component_ref idref="oc-42b"/>
      </symbol>
      <symbol id="sm-78c">
         <name>__aeabi_ctype_table_</name>
         <value>0xd190</value>
         <object_component_ref idref="oc-3df"/>
      </symbol>
      <symbol id="sm-78d">
         <name>__aeabi_ctype_table_C</name>
         <value>0xd190</value>
         <object_component_ref idref="oc-3df"/>
      </symbol>
      <symbol id="sm-799">
         <name>__TI_closefile</name>
         <value>0x7f29</value>
         <object_component_ref idref="oc-450"/>
      </symbol>
      <symbol id="sm-7a1">
         <name>HOSTexit</name>
         <value>0xb775</value>
         <object_component_ref idref="oc-181"/>
      </symbol>
      <symbol id="sm-7a2">
         <name>C$$EXIT</name>
         <value>0xb774</value>
         <object_component_ref idref="oc-181"/>
      </symbol>
      <symbol id="sm-7ac">
         <name>write</name>
         <value>0xab15</value>
         <object_component_ref idref="oc-3b1"/>
      </symbol>
      <symbol id="sm-7b1">
         <name>_device</name>
         <value>0x20203ce8</value>
         <object_component_ref idref="oc-43e"/>
      </symbol>
      <symbol id="sm-7b2">
         <name>_stream</name>
         <value>0x20203d60</value>
         <object_component_ref idref="oc-40c"/>
      </symbol>
      <symbol id="sm-7bb">
         <name>remove</name>
         <value>0xb745</value>
         <object_component_ref idref="oc-481"/>
      </symbol>
      <symbol id="sm-7c6">
         <name>lseek</name>
         <value>0xaaed</value>
         <object_component_ref idref="oc-445"/>
      </symbol>
      <symbol id="sm-7d0">
         <name>close</name>
         <value>0x96f1</value>
         <object_component_ref idref="oc-47d"/>
      </symbol>
      <symbol id="sm-7da">
         <name>unlink</name>
         <value>0xa92d</value>
         <object_component_ref idref="oc-4a9"/>
      </symbol>
      <symbol id="sm-7e4">
         <name>HOSTclose</name>
         <value>0x9a85</value>
         <object_component_ref idref="oc-45d"/>
      </symbol>
      <symbol id="sm-7ee">
         <name>HOSTlseek</name>
         <value>0x82e5</value>
         <object_component_ref idref="oc-469"/>
      </symbol>
      <symbol id="sm-7f8">
         <name>HOSTopen</name>
         <value>0x89c5</value>
         <object_component_ref idref="oc-459"/>
      </symbol>
      <symbol id="sm-7f9">
         <name>parmbuf</name>
         <value>0x202033d4</value>
         <object_component_ref idref="oc-48f"/>
      </symbol>
      <symbol id="sm-803">
         <name>HOSTread</name>
         <value>0x8d61</value>
         <object_component_ref idref="oc-461"/>
      </symbol>
      <symbol id="sm-814">
         <name>HOSTrename</name>
         <value>0x8351</value>
         <object_component_ref idref="oc-471"/>
      </symbol>
      <symbol id="sm-81e">
         <name>HOSTunlink</name>
         <value>0x9acd</value>
         <object_component_ref idref="oc-46d"/>
      </symbol>
      <symbol id="sm-828">
         <name>HOSTwrite</name>
         <value>0x8db9</value>
         <object_component_ref idref="oc-465"/>
      </symbol>
      <symbol id="sm-836">
         <name>C$$IO$$</name>
         <value>0xa545</value>
         <object_component_ref idref="oc-488"/>
      </symbol>
      <symbol id="sm-837">
         <name>__TI_writemsg</name>
         <value>0xa519</value>
         <object_component_ref idref="oc-488"/>
      </symbol>
      <symbol id="sm-838">
         <name>__CIOBUF_</name>
         <value>0x20202f30</value>
         <object_component_ref idref="oc-4b0"/>
      </symbol>
      <symbol id="sm-839">
         <name>__TI_readmsg</name>
         <value>0xa4e5</value>
         <object_component_ref idref="oc-48e"/>
      </symbol>
      <symbol id="sm-83a">
         <name>_CIOBUF_</name>
         <value>0x20202f30</value>
         <object_component_ref idref="oc-4b0"/>
      </symbol>
      <symbol id="sm-840">
         <name>__aeabi_fadd</name>
         <value>0x66a3</value>
         <object_component_ref idref="oc-107"/>
      </symbol>
      <symbol id="sm-841">
         <name>__addsf3</name>
         <value>0x66a3</value>
         <object_component_ref idref="oc-107"/>
      </symbol>
      <symbol id="sm-842">
         <name>__aeabi_fsub</name>
         <value>0x6699</value>
         <object_component_ref idref="oc-107"/>
      </symbol>
      <symbol id="sm-843">
         <name>__subsf3</name>
         <value>0x6699</value>
         <object_component_ref idref="oc-107"/>
      </symbol>
      <symbol id="sm-849">
         <name>__aeabi_dadd</name>
         <value>0x370b</value>
         <object_component_ref idref="oc-1b4"/>
      </symbol>
      <symbol id="sm-84a">
         <name>__adddf3</name>
         <value>0x370b</value>
         <object_component_ref idref="oc-1b4"/>
      </symbol>
      <symbol id="sm-84b">
         <name>__aeabi_dsub</name>
         <value>0x3701</value>
         <object_component_ref idref="oc-1b4"/>
      </symbol>
      <symbol id="sm-84c">
         <name>__subdf3</name>
         <value>0x3701</value>
         <object_component_ref idref="oc-1b4"/>
      </symbol>
      <symbol id="sm-858">
         <name>__aeabi_dmul</name>
         <value>0x5fa1</value>
         <object_component_ref idref="oc-1b8"/>
      </symbol>
      <symbol id="sm-859">
         <name>__muldf3</name>
         <value>0x5fa1</value>
         <object_component_ref idref="oc-1b8"/>
      </symbol>
      <symbol id="sm-862">
         <name>__muldsi3</name>
         <value>0xa2c9</value>
         <object_component_ref idref="oc-111"/>
      </symbol>
      <symbol id="sm-868">
         <name>__aeabi_fmul</name>
         <value>0x7785</value>
         <object_component_ref idref="oc-97"/>
      </symbol>
      <symbol id="sm-869">
         <name>__mulsf3</name>
         <value>0x7785</value>
         <object_component_ref idref="oc-97"/>
      </symbol>
      <symbol id="sm-86f">
         <name>__aeabi_fdiv</name>
         <value>0x7abd</value>
         <object_component_ref idref="oc-9b"/>
      </symbol>
      <symbol id="sm-870">
         <name>__divsf3</name>
         <value>0x7abd</value>
         <object_component_ref idref="oc-9b"/>
      </symbol>
      <symbol id="sm-876">
         <name>__aeabi_ddiv</name>
         <value>0x5205</value>
         <object_component_ref idref="oc-159"/>
      </symbol>
      <symbol id="sm-877">
         <name>__divdf3</name>
         <value>0x5205</value>
         <object_component_ref idref="oc-159"/>
      </symbol>
      <symbol id="sm-880">
         <name>__aeabi_f2d</name>
         <value>0x9f75</value>
         <object_component_ref idref="oc-147"/>
      </symbol>
      <symbol id="sm-881">
         <name>__extendsfdf2</name>
         <value>0x9f75</value>
         <object_component_ref idref="oc-147"/>
      </symbol>
      <symbol id="sm-887">
         <name>__aeabi_d2iz</name>
         <value>0x99f1</value>
         <object_component_ref idref="oc-264"/>
      </symbol>
      <symbol id="sm-888">
         <name>__fixdfsi</name>
         <value>0x99f1</value>
         <object_component_ref idref="oc-264"/>
      </symbol>
      <symbol id="sm-88e">
         <name>__aeabi_f2iz</name>
         <value>0xa33d</value>
         <object_component_ref idref="oc-268"/>
      </symbol>
      <symbol id="sm-88f">
         <name>__fixsfsi</name>
         <value>0xa33d</value>
         <object_component_ref idref="oc-268"/>
      </symbol>
      <symbol id="sm-895">
         <name>__aeabi_i2d</name>
         <value>0xa901</value>
         <object_component_ref idref="oc-155"/>
      </symbol>
      <symbol id="sm-896">
         <name>__floatsidf</name>
         <value>0xa901</value>
         <object_component_ref idref="oc-155"/>
      </symbol>
      <symbol id="sm-89c">
         <name>__aeabi_i2f</name>
         <value>0xa129</value>
         <object_component_ref idref="oc-1ac"/>
      </symbol>
      <symbol id="sm-89d">
         <name>__floatsisf</name>
         <value>0xa129</value>
         <object_component_ref idref="oc-1ac"/>
      </symbol>
      <symbol id="sm-8a3">
         <name>__aeabi_ui2d</name>
         <value>0xac45</value>
         <object_component_ref idref="oc-2c9"/>
      </symbol>
      <symbol id="sm-8a4">
         <name>__floatunsidf</name>
         <value>0xac45</value>
         <object_component_ref idref="oc-2c9"/>
      </symbol>
      <symbol id="sm-8aa">
         <name>__aeabi_lmul</name>
         <value>0xac69</value>
         <object_component_ref idref="oc-39c"/>
      </symbol>
      <symbol id="sm-8ab">
         <name>__muldi3</name>
         <value>0xac69</value>
         <object_component_ref idref="oc-39c"/>
      </symbol>
      <symbol id="sm-8b2">
         <name>__aeabi_d2f</name>
         <value>0x8201</value>
         <object_component_ref idref="oc-1bc"/>
      </symbol>
      <symbol id="sm-8b3">
         <name>__truncdfsf2</name>
         <value>0x8201</value>
         <object_component_ref idref="oc-1bc"/>
      </symbol>
      <symbol id="sm-8b9">
         <name>__aeabi_dcmpeq</name>
         <value>0x88fd</value>
         <object_component_ref idref="oc-2cd"/>
      </symbol>
      <symbol id="sm-8ba">
         <name>__aeabi_dcmplt</name>
         <value>0x8911</value>
         <object_component_ref idref="oc-2cd"/>
      </symbol>
      <symbol id="sm-8bb">
         <name>__aeabi_dcmple</name>
         <value>0x8925</value>
         <object_component_ref idref="oc-2cd"/>
      </symbol>
      <symbol id="sm-8bc">
         <name>__aeabi_dcmpge</name>
         <value>0x8939</value>
         <object_component_ref idref="oc-2cd"/>
      </symbol>
      <symbol id="sm-8bd">
         <name>__aeabi_dcmpgt</name>
         <value>0x894d</value>
         <object_component_ref idref="oc-2cd"/>
      </symbol>
      <symbol id="sm-8c3">
         <name>__aeabi_fcmpeq</name>
         <value>0x8961</value>
         <object_component_ref idref="oc-103"/>
      </symbol>
      <symbol id="sm-8c4">
         <name>__aeabi_fcmplt</name>
         <value>0x8975</value>
         <object_component_ref idref="oc-103"/>
      </symbol>
      <symbol id="sm-8c5">
         <name>__aeabi_fcmple</name>
         <value>0x8989</value>
         <object_component_ref idref="oc-103"/>
      </symbol>
      <symbol id="sm-8c6">
         <name>__aeabi_fcmpge</name>
         <value>0x899d</value>
         <object_component_ref idref="oc-103"/>
      </symbol>
      <symbol id="sm-8c7">
         <name>__aeabi_fcmpgt</name>
         <value>0x89b1</value>
         <object_component_ref idref="oc-103"/>
      </symbol>
      <symbol id="sm-8cd">
         <name>__aeabi_idiv</name>
         <value>0x9229</value>
         <object_component_ref idref="oc-416"/>
      </symbol>
      <symbol id="sm-8ce">
         <name>__aeabi_idivmod</name>
         <value>0x9229</value>
         <object_component_ref idref="oc-416"/>
      </symbol>
      <symbol id="sm-8d4">
         <name>__aeabi_memcpy</name>
         <value>0xb71d</value>
         <object_component_ref idref="oc-4a"/>
      </symbol>
      <symbol id="sm-8d5">
         <name>__aeabi_memcpy4</name>
         <value>0xb71d</value>
         <object_component_ref idref="oc-4a"/>
      </symbol>
      <symbol id="sm-8d6">
         <name>__aeabi_memcpy8</name>
         <value>0xb71d</value>
         <object_component_ref idref="oc-4a"/>
      </symbol>
      <symbol id="sm-8df">
         <name>__aeabi_memset</name>
         <value>0xb5fd</value>
         <object_component_ref idref="oc-38c"/>
      </symbol>
      <symbol id="sm-8e0">
         <name>__aeabi_memset4</name>
         <value>0xb5fd</value>
         <object_component_ref idref="oc-38c"/>
      </symbol>
      <symbol id="sm-8e1">
         <name>__aeabi_memset8</name>
         <value>0xb5fd</value>
         <object_component_ref idref="oc-38c"/>
      </symbol>
      <symbol id="sm-8e2">
         <name>__aeabi_memclr</name>
         <value>0xb65d</value>
         <object_component_ref idref="oc-76"/>
      </symbol>
      <symbol id="sm-8e3">
         <name>__aeabi_memclr4</name>
         <value>0xb65d</value>
         <object_component_ref idref="oc-76"/>
      </symbol>
      <symbol id="sm-8e4">
         <name>__aeabi_memclr8</name>
         <value>0xb65d</value>
         <object_component_ref idref="oc-76"/>
      </symbol>
      <symbol id="sm-8ea">
         <name>__aeabi_uidiv</name>
         <value>0x9f35</value>
         <object_component_ref idref="oc-297"/>
      </symbol>
      <symbol id="sm-8eb">
         <name>__aeabi_uidivmod</name>
         <value>0x9f35</value>
         <object_component_ref idref="oc-297"/>
      </symbol>
      <symbol id="sm-8f1">
         <name>__aeabi_uldivmod</name>
         <value>0xb4ed</value>
         <object_component_ref idref="oc-3a1"/>
      </symbol>
      <symbol id="sm-8fa">
         <name>__eqsf2</name>
         <value>0xa28d</value>
         <object_component_ref idref="oc-1c5"/>
      </symbol>
      <symbol id="sm-8fb">
         <name>__lesf2</name>
         <value>0xa28d</value>
         <object_component_ref idref="oc-1c5"/>
      </symbol>
      <symbol id="sm-8fc">
         <name>__ltsf2</name>
         <value>0xa28d</value>
         <object_component_ref idref="oc-1c5"/>
      </symbol>
      <symbol id="sm-8fd">
         <name>__nesf2</name>
         <value>0xa28d</value>
         <object_component_ref idref="oc-1c5"/>
      </symbol>
      <symbol id="sm-8fe">
         <name>__cmpsf2</name>
         <value>0xa28d</value>
         <object_component_ref idref="oc-1c5"/>
      </symbol>
      <symbol id="sm-8ff">
         <name>__gtsf2</name>
         <value>0xa165</value>
         <object_component_ref idref="oc-1ca"/>
      </symbol>
      <symbol id="sm-900">
         <name>__gesf2</name>
         <value>0xa165</value>
         <object_component_ref idref="oc-1ca"/>
      </symbol>
      <symbol id="sm-906">
         <name>__udivmoddi4</name>
         <value>0x71a1</value>
         <object_component_ref idref="oc-3e7"/>
      </symbol>
      <symbol id="sm-90c">
         <name>__aeabi_llsl</name>
         <value>0xadf1</value>
         <object_component_ref idref="oc-41d"/>
      </symbol>
      <symbol id="sm-90d">
         <name>__ashldi3</name>
         <value>0xadf1</value>
         <object_component_ref idref="oc-41d"/>
      </symbol>
      <symbol id="sm-91b">
         <name>__ledf2</name>
         <value>0x85d1</value>
         <object_component_ref idref="oc-32f"/>
      </symbol>
      <symbol id="sm-91c">
         <name>__gedf2</name>
         <value>0x8181</value>
         <object_component_ref idref="oc-335"/>
      </symbol>
      <symbol id="sm-91d">
         <name>__cmpdf2</name>
         <value>0x85d1</value>
         <object_component_ref idref="oc-32f"/>
      </symbol>
      <symbol id="sm-91e">
         <name>__eqdf2</name>
         <value>0x85d1</value>
         <object_component_ref idref="oc-32f"/>
      </symbol>
      <symbol id="sm-91f">
         <name>__ltdf2</name>
         <value>0x85d1</value>
         <object_component_ref idref="oc-32f"/>
      </symbol>
      <symbol id="sm-920">
         <name>__nedf2</name>
         <value>0x85d1</value>
         <object_component_ref idref="oc-32f"/>
      </symbol>
      <symbol id="sm-921">
         <name>__gtdf2</name>
         <value>0x8181</value>
         <object_component_ref idref="oc-335"/>
      </symbol>
      <symbol id="sm-92d">
         <name>__aeabi_idiv0</name>
         <value>0x2247</value>
         <object_component_ref idref="oc-324"/>
      </symbol>
      <symbol id="sm-92e">
         <name>__aeabi_ldiv0</name>
         <value>0x3893</value>
         <object_component_ref idref="oc-41c"/>
      </symbol>
      <symbol id="sm-93c">
         <name>finddevice</name>
         <value>0xa581</value>
         <object_component_ref idref="oc-4bc"/>
      </symbol>
      <symbol id="sm-93d">
         <name>getdevice</name>
         <value>0x8495</value>
         <object_component_ref idref="oc-4b3"/>
      </symbol>
      <symbol id="sm-946">
         <name>TI_memcpy_small</name>
         <value>0xb539</value>
         <object_component_ref idref="oc-a3"/>
      </symbol>
      <symbol id="sm-94f">
         <name>TI_memset_small</name>
         <value>0xb635</value>
         <object_component_ref idref="oc-120"/>
      </symbol>
      <symbol id="sm-957">
         <name>strcmp</name>
         <value>0x79b1</value>
         <object_component_ref idref="oc-4bf"/>
      </symbol>
      <symbol id="sm-958">
         <name>__TI_static_base__</name>
         <value>0x0</value>
      </symbol>
      <symbol id="sm-95c">
         <name>__mpu_init</name>
         <value>0x0</value>
      </symbol>
      <symbol id="sm-95d">
         <name>_system_post_cinit</name>
         <value>0x0</value>
      </symbol>
   </symbol_table>
   <title>Link successful</title>
</link_info>
