******************************************************************************
            TI ARM Clang Linker PC v4.0.4                      
******************************************************************************
>> Linked Fri May 29 16:05:50 2026

OUTPUT FILE NAME:   <MSP_Car.out>
ENTRY POINT SYMBOL: "_c_int00_noargs"  address: 0000ee31


MEMORY CONFIGURATION

         name            origin    length      used     unused   attr    fill
----------------------  --------  ---------  --------  --------  ----  --------
  FLASH                 00000000   00020000  000120a8  0000df58  R  X
  SRAM                  20200000   00008000  000029c2  0000563e  RW X
  BCR_CONFIG            41c00000   000000ff  00000000  000000ff  R   
  BSL_CONFIG            41c00100   00000080  00000000  00000080  R   


SEGMENT ALLOCATION MAP

run origin  load origin   length   init length attrs members
----------  ----------- ---------- ----------- ----- -------
00000000    00000000    000120a8   000120a8    r-x
  00000000    00000000    000000c0   000000c0    r-- .intvecs
  000000c0    000000c0    0000fe90   0000fe90    r-x .text
  0000ff50    0000ff50    00002070   00002070    r-- .rodata
  00011fc0    00011fc0    000000e8   000000e8    r-- .cinit
20200000    20200000    000027c3   00000000    rw-
  20200000    20200000    00001ccf   00000000    rw- .bss
  20201cd0    20201cd0    00000800   00000000    rw- .sysmem
  202024d0    202024d0    000002f3   00000000    rw- .data
20207e00    20207e00    00000200   00000000    rw-
  20207e00    20207e00    00000200   00000000    rw- .stack


SECTION ALLOCATION MAP

 output                                  attributes/
section   page    origin      length       input sections
--------  ----  ----------  ----------   ----------------
.intvecs   0    00000000    000000c0     
                  00000000    000000c0     startup_mspm0g350x_ticlang.o (.intvecs)

.text      0    000000c0    0000fe90     
                  000000c0    000009d0     libc.a : _printfi.c.obj (.text:__TI_printfi)
                  00000a90    000006b8            : e_powf.c.obj (.text.powf)
                  00001148    00000644            : k_rem_pio2.c.obj (.text.__kernel_rem_pio2)
                  0000178c    00000414     FusionAhrs.o (.text.FusionAhrsUpdate)
                  00001ba0    00000404     vl53l1_api_core.o (.text.VL53L1_get_tuning_parm)
                  00001fa4    000003f4     multi_button.o (.text.button_handler)
                  00002398    000003e8     Drive_Test.o (.text.Drive_Test_Set)
                  00002780    000003d8     vl53l1_api_core.o (.text.VL53L1_init_and_start_range)
                  00002b58    00000310     ti_msp_dl_config.o (.text.SYSCFG_DL_GPIO_init)
                  00002e68    000002f6     vl53l1_api_core.o (.text.VL53L1_set_preset_mode)
                  0000315e    00000002     libclang_rt.builtins.a : aeabi_div0.c.obj (.text.__aeabi_idiv0)
                  00003160    000002f0     Encoder.o (.text.Encoder_Callback)
                  00003450    000002b8     Drive_Test.o (.text.Drive_Test3)
                  00003708    00000220     libc.a : _printfi.c.obj (.text._pconv_a)
                  00003928    00000208     IMU.o (.text.IMU_Callback)
                  00003b30    000001fc     vl53l1_register_funcs.o (.text.VL53L1_i2c_decode_nvm_copy_data)
                  00003d2c    000001f0     vl53l1_api.o (.text.VL53L1_SetMeasurementTimingBudgetMicroSeconds)
                  00003f1c    000001e4     vl53l1_api_preset_modes.o (.text.VL53L1_preset_mode_standard_ranging)
                  00004100    000001dc     libc.a : _printfi.c.obj (.text._pconv_g)
                  000042dc    000001d4            : s_cosf.c.obj (.text.cosf)
                  000044b0    000001d0     OLED.o (.text.OLED_ShowChar)
                  00004680    000001cc     IOI2C.o (.text.IICreadBytes)
                  0000484c    000001c8     libc.a : s_atanf.c.obj (.text.atanf)
                  00004a14    000001c8            : s_sinf.c.obj (.text.sinf)
                  00004bdc    000001c4     FusionAhrs.o (.text.HalfMagnetic)
                  00004da0    00000192     libclang_rt.builtins.a : adddf3.S.obj (.text.adddf3_subdf3)
                  00004f32    00000002                            : aeabi_div0.c.obj (.text.__aeabi_ldiv0)
                  00004f34    00000184     Motor.o (.text.Motor_SetSpeed)
                  000050b8    00000178     vl53l1_api.o (.text.VL53L1_GetMeasurementTimingBudgetMicroSeconds)
                  00005230    00000174     IOI2C.o (.text.IIC_ReadOneByte)
                  000053a4    00000170     libc.a : e_sqrt.c.obj (.text.sqrt)
                  00005514    00000164     vl53l1_api.o (.text.VL53L1_SetDistanceMode)
                  00005678    00000162     vl53l1_register_funcs.o (.text.VL53L1_i2c_encode_static_config)
                  000057da    00000002     libc.a : _lock.c.obj (.text._nop)
                  000057dc    00000160     vl53l1x.o (.text.VL53InitParam)
                  0000593c    00000160     libc.a : e_asinf.c.obj (.text.asinf)
                  00005a9c    0000015c     vl53l1_api_core.o (.text.VL53L1_get_preset_mode_timing_cfg)
                  00005bf8    0000014e     FusionAhrs.o (.text.FusionQuaternionProduct)
                  00005d46    00000002     --HOLE-- [fill = 0]
                  00005d48    0000014c     icm42688.o (.text.bsp_Icm42688RegCfg)
                  00005e94    00000144     PID.o (.text.PID_Compute)
                  00005fd8    00000144     libc.a : s_floor.c.obj (.text.floor)
                  0000611c    0000013c            : _printfi.c.obj (.text.fcvt)
                  00006258    00000134     FusionAhrs.o (.text.FusionAhrsSetSettings)
                  0000638c    00000134     vl53l1_api_core.o (.text.VL53L1_data_init)
                  000064c0    00000132     FusionAhrs.o (.text.HalfGravity)
                  000065f2    00000002     --HOLE-- [fill = 0]
                  000065f4    00000130     IOI2C.o (.text.IICwriteBytes)
                  00006724    0000012a     vl53l1_core.o (.text.VL53L1_copy_rtn_good_spads_to_buffer)
                  0000684e    00000002     --HOLE-- [fill = 0]
                  00006850    00000124     vl53l1_api_core.o (.text.VL53L1_read_p2p_data)
                  00006974    00000120     libc.a : _printfi.c.obj (.text._pconv_e)
                  00006a94    0000011c     driverlib.a : dl_timer.o (.text.DL_Timer_initCaptureMode)
                  00006bb0    0000011c     ti_msp_dl_config.o (.text.SYSCFG_DL_initPower)
                  00006ccc    00000118     vl53l1x.o (.text.VL53L1Init)
                  00006de4    00000118     libc.a : e_atan2f.c.obj (.text.atan2f)
                  00006efc    00000114     icm42688.o (.text.ICM42688_FIFO_Get_RealData)
                  00007010    00000114     OLED.o (.text.OLED_Init)
                  00007124    00000114     libc.a : memory.c.obj (.text.aligned_alloc)
                  00007238    0000010e     vl53l1_core.o (.text.VL53L1_update_ll_driver_rd_state)
                  00007346    00000002     --HOLE-- [fill = 0]
                  00007348    0000010c     libclang_rt.builtins.a : divdf3.S.obj (.text.__divdf3)
                  00007454    0000010a     FusionAhrs.o (.text.FusionQuaternionVectorProduct)
                  0000755e    00000002     --HOLE-- [fill = 0]
                  00007560    00000108     tb6612.o (.text.__SetMotor)
                  00007668    00000104     driverlib.a : dl_timer.o (.text.DL_Timer_initFourCCPWMMode)
                  0000776c    00000104     vl53l1_register_funcs.o (.text.VL53L1_i2c_decode_customer_nvm_managed)
                  00007870    00000102     FusionBias.o (.text.FusionBiasUpdate)
                  00007972    00000002     --HOLE-- [fill = 0]
                  00007974    00000100     icm42688.o (.text.ICM42688_Getoffset)
                  00007a74    000000fc     driverlib.a : dl_timer.o (.text.DL_Timer_initTimerMode)
                  00007b70    000000fc     Interrupt.o (.text.GROUP1_IRQHandler)
                  00007c6c    000000fc     vl53l1_register_funcs.o (.text.VL53L1_i2c_encode_customer_nvm_managed)
                  00007d68    000000f8     libc.a : fputs.c.obj (.text.fputs)
                  00007e60    000000f6     IMU.o (.text.FusionQuaternionToEuler)
                  00007f56    000000f4     vl53l1_platform.o (.text.VL53L1_WaitValueMaskEx)
                  0000804a    000000f0     IMU.o (.text.FusionMatrixMultiply)
                  0000813a    000000f0     vl53l1_api.o (.text.VL53L1_StartMeasurement)
                  0000822a    00000002     --HOLE-- [fill = 0]
                  0000822c    000000f0     vl53l1_register_funcs.o (.text.VL53L1_i2c_encode_general_config)
                  0000831c    000000f0     vl53l1_api_preset_modes.o (.text.VL53L1_init_tuning_parm_storage_struct)
                  0000840c    000000ec     ti_msp_dl_config.o (.text.SYSCFG_DL_SYSCTL_SYSPLL_init)
                  000084f8    000000ea     IMU.o (.text.FusionModelInertial)
                  000085e2    00000002     --HOLE-- [fill = 0]
                  000085e4    000000e8     libc.a : memory.c.obj (.text.free)
                  000086cc    000000e4     libclang_rt.builtins.a : muldf3.S.obj (.text.__muldf3)
                  000087b0    000000e2     vl53l1_core.o (.text.VL53L1_calc_timeout_register_values)
                  00008892    000000e2     vl53l1_register_funcs.o (.text.VL53L1_i2c_encode_dynamic_config)
                  00008974    000000e0     libc.a : setvbuf.c.obj (.text.setvbuf)
                  00008a54    000000de     vl53l1_api_core.o (.text.VL53L1_get_timeouts_us)
                  00008b32    00000002     --HOLE-- [fill = 0]
                  00008b34    000000dc     driverlib.a : dl_sysctl_mspm0g1x0x_g3x0x.o (.text.DL_SYSCTL_configSYSPLL)
                  00008c10    000000dc     vl53l1_register_funcs.o (.text.VL53L1_i2c_encode_timing_config)
                  00008cec    000000d8     libc.a : s_scalbn.c.obj (.text.scalbn)
                  00008dc4    000000d8     libclang_rt.builtins.a : addsf3.S.obj (.text)
                  00008e9c    000000d6     vl53l1_api.o (.text.SetPresetMode)
                  00008f72    000000d0     FusionAhrs.o (.text.FusionAhrsSetHeading)
                  00009042    000000cc     vl53l1_api.o (.text.VL53L1_DataInit)
                  0000910e    00000002     --HOLE-- [fill = 0]
                  00009110    000000cc     vl53l1_core.o (.text.VL53L1_calc_range_ignore_threshold)
                  000091dc    000000c4     vl53l1_api.o (.text.ComputeDevicePresetMode)
                  000092a0    000000c0     vl53l1_api.o (.text.VL53L1_SetPresetMode)
                  00009360    000000be     vl53l1_core.o (.text.VL53L1_update_ll_driver_cfg_state)
                  0000941e    000000ba     vl53l1_api_preset_modes.o (.text.VL53L1_init_xtalk_config_struct)
                  000094d8    000000b4     Drive.o (.text.Drive_Callback)
                  0000958c    000000b4     ti_msp_dl_config.o (.text.SYSCFG_DL_PWM_SERVO_init)
                  00009640    000000b0     FusionAhrs.o (.text.FusionAhrsRestart)
                  000096f0    000000b0     ICM_Test.o (.text.ICM42688_Test5)
                  000097a0    000000b0     icm42688.o (.text.ICM42688_UnBlocking_CallBack)
                  00009850    000000b0     Usart.o (.text.Write)
                  00009900    000000b0     libc.a : s_scalbnf.c.obj (.text.scalbnf)
                  000099b0    000000ac     vl53l1x_Test.o (.text.VL53L1X_Test1)
                  00009a5c    000000ac     libc.a : s_cosf.c.obj (.text.__kernel_sindf)
                  00009b08    000000ac            : s_sinf.c.obj (.text.__kernel_sindf)
                  00009bb4    000000a8     icm42688.o (.text.bsp_Icm42688GetGres)
                  00009c5c    000000a4     Motor.o (.text.Motor_Callback)
                  00009d00    000000a2     libclang_rt.builtins.a : udivmoddi4.S.obj (.text)
                  00009da2    000000a0     vl53l1_register_funcs.o (.text.VL53L1_i2c_decode_static_nvm_managed)
                  00009e42    00000002     --HOLE-- [fill = 0]
                  00009e44    000000a0     libc.a : e_sqrtf.c.obj (.text.sqrtf)
                  00009ee4    0000009e     vl53l1_register_funcs.o (.text.VL53L1_i2c_encode_static_nvm_managed)
                  00009f82    00000002     --HOLE-- [fill = 0]
                  00009f84    0000009c     OLED.o (.text.OLED_WR_Byte)
                  0000a020    0000009c     libc.a : s_cosf.c.obj (.text.__kernel_cosdf)
                  0000a0bc    0000009c            : s_sinf.c.obj (.text.__kernel_cosdf)
                  0000a158    0000009c            : fputc.c.obj (.text.fputc)
                  0000a1f4    0000009a     OLED.o (.text.OLED_ShowString)
                  0000a28e    00000002     --HOLE-- [fill = 0]
                  0000a290    00000094     Encoder.o (.text.Encoder_AngleSpeed_Get)
                  0000a324    00000094     FusionAhrs.o (.text.FusionVectorCross)
                  0000a3b8    00000094     Motor.o (.text.Motor_Init)
                  0000a44c    00000094     Key.o (.text.read_key_level)
                  0000a4e0    00000090     Drive.o (.text.Drive_Init)
                  0000a570    00000090     ICM_Test.o (.text.ICM42688_Test3)
                  0000a600    00000090     OLED.o (.text.OLED_DrawPoint)
                  0000a690    0000008e     vl53l1_api.o (.text.VL53L1_SetLimitCheckValue)
                  0000a71e    00000002     --HOLE-- [fill = 0]
                  0000a720    0000008c     spi.o (.text.SPI_CS)
                  0000a7ac    0000008c     ti_msp_dl_config.o (.text.SYSCFG_DL_PWM_Motor_init)
                  0000a838    0000008c     libclang_rt.builtins.a : mulsf3.S.obj (.text.__mulsf3)
                  0000a8c4    0000008a     vl53l1_api.o (.text.VL53L1_SetLimitCheckEnable)
                  0000a94e    0000008a     vl53l1_api_preset_modes.o (.text.VL53L1_preset_mode_standard_ranging_long_range)
                  0000a9d8    0000008a     vl53l1_api_preset_modes.o (.text.VL53L1_preset_mode_standard_ranging_short_range)
                  0000aa62    00000002     --HOLE-- [fill = 0]
                  0000aa64    00000088     Encoder.o (.text.Encoder_10ms_Callback)
                  0000aaec    00000088     Encoder_Test.o (.text.Encoder_Test2)
                  0000ab74    00000088     multi_button.o (.text.button_init)
                  0000abfc    00000088     main.o (.text.main)
                  0000ac84    0000000c     Bat.o (.text.Bat_Read)
                  0000ac90    00000088     libc.a : strcmp-armv6m.S.obj (.text:strcmp)
                  0000ad18    00000084     Encoder.o (.text.Encoder_Speed_Get)
                  0000ad9c    00000084     ti_msp_dl_config.o (.text.SYSCFG_DL_init)
                  0000ae20    00000084     ti_msp_dl_config.o (.text.__NVIC_SetPriority)
                  0000aea4    00000082     FusionAhrs.o (.text.Feedback)
                  0000af26    00000002     --HOLE-- [fill = 0]
                  0000af28    00000082     libclang_rt.builtins.a : divsf3.S.obj (.text.__divsf3)
                  0000afaa    0000007e     vl53l1_api_preset_modes.o (.text.VL53L1_preset_mode_timed_ranging_short_range)
                  0000b028    0000007e     vl53l1x.o (.text.getDistance_Simply)
                  0000b0a6    00000002     --HOLE-- [fill = 0]
                  0000b0a8    0000007c     Bat.o (.text.Bat_Callback)
                  0000b124    0000007c     FusionAhrs.o (.text.FusionAhrsUpdateNoMagnetometer)
                  0000b1a0    0000007c     OLED.o (.text.OLED_Refresh)
                  0000b21c    0000007c     vl53l1_api_preset_modes.o (.text.VL53L1_preset_mode_timed_ranging)
                  0000b298    0000007c     vl53l1_api_preset_modes.o (.text.VL53L1_preset_mode_timed_ranging_long_range)
                  0000b314    0000007c     vl53l1_api_core.o (.text.VL53L1_set_timeouts_us)
                  0000b390    0000007c     libc.a : fclose.c.obj (.text.__TI_closefile)
                  0000b40c    0000007c            : copy_decompress_lzss.c.obj (.text:decompress:lzss)
                  0000b488    00000078     IMU.o (.text.IMU_init)
                  0000b500    00000076     vl53l1_api_core.o (.text.VL53L1_get_sequence_config_bit)
                  0000b576    00000074     vl53l1_api_preset_modes.o (.text.VL53L1_preset_mode_singleshot_ranging)
                  0000b5ea    00000002     --HOLE-- [fill = 0]
                  0000b5ec    00000074     libclang_rt.builtins.a : comparedf2.c.obj (.text.__gedf2)
                  0000b660    00000074                            : truncdfsf2.S.obj (.text.__truncdfsf2)
                  0000b6d4    00000070     ti_msp_dl_config.o (.text.SYSCFG_DL_BAT_ADC_init)
                  0000b744    00000070     ti_msp_dl_config.o (.text.SYSCFG_DL_SYSCTL_init)
                  0000b7b4    0000006c     libsysbm.a : hostlseek.c.obj (.text.HOSTlseek)
                  0000b820    0000006c                : hostrename.c.obj (.text.HOSTrename)
                  0000b88c    0000006c     icm42688.o (.text.ICM42688_Get_FIFO_Data)
                  0000b8f8    0000006c     spi.o (.text.SPI_TryLock)
                  0000b964    0000006c     vl53l1_core.o (.text.VL53L1_low_power_auto_data_init)
                  0000b9d0    0000006c     libc.a : fseek.c.obj (.text.fseeko)
                  0000ba3c    0000006c            : getdevice.c.obj (.text.getdevice)
                  0000baa8    00000068     Key.o (.text.Key_Init)
                  0000bb10    00000068     ti_msp_dl_config.o (.text.SYSCFG_DL_PWM_BUZZER_init)
                  0000bb78    00000068     vl53l1_api_core.o (.text.VL53L1_get_mode_mitigation_roi)
                  0000bbe0    00000068     libclang_rt.builtins.a : comparedf2.c.obj (.text.__ledf2)
                  0000bc48    00000068     icm42688.o (.text.bsp_Icm42688GetAres)
                  0000bcb0    00000066     vl53l1_register_funcs.o (.text.VL53L1_i2c_encode_system_control)
                  0000bd16    00000066     libc.a : _printfi.c.obj (.text._mcpy)
                  0000bd7c    00000064     Delay.o (.text.Get_us)
                  0000bde0    00000064     tb6612.o (.text.TB6612_Brake)
                  0000be44    00000064     tb6612.o (.text.TB6612_Coast)
                  0000bea8    00000064     libc.a : _io_perm.c.obj (.text.__TI_wrt_ok)
                  0000bf0c    00000064            : memory.c.obj (.text.split)
                  0000bf70    00000062     vl53l1_wait.o (.text.VL53L1_poll_for_boot_completion)
                  0000bfd2    00000002     --HOLE-- [fill = 0]
                  0000bfd4    00000062     libclang_rt.builtins.a : aeabi_dcmp.S.obj (.text.__aeabi_dcmp)
                  0000c036    00000002     --HOLE-- [fill = 0]
                  0000c038    00000062                            : aeabi_fcmp.S.obj (.text.__aeabi_fcmp)
                  0000c09a    00000002     --HOLE-- [fill = 0]
                  0000c09c    00000060     Drive.o (.text.CalculateAngleError)
                  0000c0fc    00000060     libsysbm.a : hostopen.c.obj (.text.HOSTopen)
                  0000c15c    0000005e     driverlib.a : dl_i2c.o (.text.DL_I2C_fillControllerTXFIFO)
                  0000c1ba    0000005e     FusionAhrs.o (.text.FusionQuaternionAdd)
                  0000c218    0000005e     FusionAhrs.o (.text.FusionQuaternionHadamard)
                  0000c276    00000002     --HOLE-- [fill = 0]
                  0000c278    0000005c     PID.o (.text.PID_Init)
                  0000c2d4    0000005c     multi_button.o (.text.button_start)
                  0000c330    0000005c     libc.a : s_frexp.c.obj (.text.frexp)
                  0000c38c    0000005c            : printf.c.obj (.text.printf)
                  0000c3e8    0000005a     vl53l1_api.o (.text.SetLimitValue)
                  0000c442    0000005a     vl53l1_core.o (.text.VL53L1_i2c_encode_int16_t)
                  0000c49c    0000005a     vl53l1_api_preset_modes.o (.text.VL53L1_preset_mode_low_power_auto_long_ranging)
                  0000c4f6    0000005a     vl53l1_api_preset_modes.o (.text.VL53L1_preset_mode_low_power_auto_ranging)
                  0000c550    0000005a     vl53l1_api_preset_modes.o (.text.VL53L1_preset_mode_low_power_auto_short_ranging)
                  0000c5aa    00000002     --HOLE-- [fill = 0]
                  0000c5ac    00000058     libsysbm.a : hostread.c.obj (.text.HOSTread)
                  0000c604    00000058                : hostwrite.c.obj (.text.HOSTwrite)
                  0000c65c    00000058     OLED.o (.text.OLED_Clear)
                  0000c6b4    00000058     ti_msp_dl_config.o (.text.SYSCFG_DL_I2C_0_init)
                  0000c70c    00000058     vl53l1_api.o (.text.VL53L1_StaticInit)
                  0000c764    00000058     vl53l1_core.o (.text.VL53L1_calc_macro_period_us)
                  0000c7bc    00000058     libc.a : _ltoa.c.obj (.text.__TI_ltoa)
                  0000c814    00000058            : _printfi.c.obj (.text._pconv_f)
                  0000c86c    00000056     vl53l1_api_core.o (.text.VL53L1_get_inter_measurement_period_ms)
                  0000c8c2    00000056     vl53l1_core.o (.text.VL53L1_i2c_encode_uint16_t)
                  0000c918    00000056     vl53l1_api_preset_modes.o (.text.VL53L1_preset_mode_standard_ranging_mm1_cal)
                  0000c96e    00000056     vl53l1_api_preset_modes.o (.text.VL53L1_preset_mode_standard_ranging_mm2_cal)
                  0000c9c4    00000056     vl53l1_api_core.o (.text.VL53L1_set_inter_measurement_period_ms)
                  0000ca1a    00000002     --HOLE-- [fill = 0]
                  0000ca1c    00000056     libclang_rt.builtins.a : aeabi_idivmod.S.obj (.text.__aeabi_idivmod)
                  0000ca72    00000002     --HOLE-- [fill = 0]
                  0000ca74    00000054     Encoder.o (.text.Encoder_Speed_Get_LEFT)
                  0000cac8    00000054     Encoder.o (.text.Encoder_Speed_Get_RIGHT)
                  0000cb1c    00000054     vl53l1_core.o (.text.VL53L1_i2c_decode_int16_t)
                  0000cb70    00000052     vl53l1_core.o (.text.VL53L1_encode_timeout)
                  0000cbc2    00000052     vl53l1_core.o (.text.VL53L1_i2c_encode_uint32_t)
                  0000cc14    00000052     libc.a : fflush.c.obj (.text.__TI_doflush)
                  0000cc66    00000052            : _printfi.c.obj (.text._ecpy)
                  0000ccb8    00000050     ti_msp_dl_config.o (.text.DL_GPIO_initPeripheralInputFunctionFeatures)
                  0000cd08    00000050     IOI2C.o (.text.DL_I2C_startControllerTransfer)
                  0000cd58    00000050     FusionAhrs.o (.text.FusionVectorIsZero)
                  0000cda8    00000050     ICM_Test.o (.text.ICM42688_Test4)
                  0000cdf8    00000050     IMU.o (.text.IMU_GetOrientation)
                  0000ce48    00000050     ti_msp_dl_config.o (.text.SysTick_Config)
                  0000ce98    00000050     vl53l1_core_support.o (.text.VL53L1_decode_row_col)
                  0000cee8    00000050     vl53l1_register_funcs.o (.text.VL53L1_get_nvm_copy_data)
                  0000cf38    00000050     vl53l1_api_preset_modes.o (.text.VL53L1_preset_mode_olt)
                  0000cf88    00000050     libsysbm.a : close.c.obj (.text.close)
                  0000cfd8    0000004e     vl53l1_register_funcs.o (.text.VL53L1_get_customer_nvm_managed)
                  0000d026    0000004e     vl53l1_register_funcs.o (.text.VL53L1_get_static_nvm_managed)
                  0000d074    0000004e     libclang_rt.builtins.a : floatdisf.S.obj (.text.__floatdisf)
                  0000d0c2    00000002     --HOLE-- [fill = 0]
                  0000d0c4    0000004c     ti_msp_dl_config.o (.text.DL_GPIO_initDigitalInputFeatures)
                  0000d110    0000004c     ti_msp_dl_config.o (.text.DL_UART_setBaudRateDivisor)
                  0000d15c    0000004c     IMU.o (.text.FusionArcSin)
                  0000d1a8    0000004c     FusionBias.o (.text.FusionBiasSetSettings)
                  0000d1f4    0000004c     FusionAhrs.o (.text.FusionFastInverseSqrt)
                  0000d240    0000004c     vl53l1_core.o (.text.VL53L1_calc_timeout_us)
                  0000d28c    0000004c     libc.a : snprintf.c.obj (.text.snprintf)
                  0000d2d8    0000004a     ti_msp_dl_config.o (.text.DL_ADC12_configConversionMem)
                  0000d322    0000004a     vl53l1_platform.o (.text.VL53L1_ReadMulti)
                  0000d36c    0000004a     vl53l1_platform.o (.text.VL53L1_WriteMulti)
                  0000d3b6    00000002     --HOLE-- [fill = 0]
                  0000d3b8    0000004a     libclang_rt.builtins.a : fixdfsi.S.obj (.text.__fixdfsi)
                  0000d402    00000002     --HOLE-- [fill = 0]
                  0000d404    00000048     driverlib.a : dl_uart.o (.text.DL_UART_init)
                  0000d44c    00000048     libsysbm.a : hostclose.c.obj (.text.HOSTclose)
                  0000d494    00000048                : hostunlink.c.obj (.text.HOSTunlink)
                  0000d4dc    00000048     ti_msp_dl_config.o (.text.SYSCFG_DL_UART_init)
                  0000d524    00000046     FusionAhrs.o (.text.FusionQuaternionScale)
                  0000d56a    00000046     FusionAhrs.o (.text.FusionVectorAdd)
                  0000d5b0    00000046     FusionBias.o (.text.FusionVectorAdd)
                  0000d5f6    00000046     FusionAhrs.o (.text.FusionVectorHadamard)
                  0000d63c    00000046     IMU.o (.text.FusionVectorHadamard)
                  0000d682    00000046     FusionBias.o (.text.FusionVectorSubtract)
                  0000d6c8    00000046     IMU.o (.text.FusionVectorSubtract)
                  0000d70e    00000046     vl53l1_platform.o (.text.VL53L1_WrByte)
                  0000d754    00000044     driverlib.a : dl_spi.o (.text.DL_SPI_init)
                  0000d798    00000044                 : dl_sysctl_mspm0g1x0x_g3x0x.o (.text.DL_SYSCTL_switchMCLKfromSYSOSCtoHSCLK)
                  0000d7dc    00000044     IMU.o (.text.IMU_GetYaw)
                  0000d820    00000044     tb6612.o (.text.TB6612_Forward)
                  0000d864    00000044     vl53l1_api.o (.text.VL53L1_GetInterMeasurementPeriodMilliSeconds)
                  0000d8a8    00000044     vl53l1_api_core.o (.text.VL53L1_set_user_zone)
                  0000d8ec    00000042     vl53l1_platform.o (.text.VL53L1_RdByte)
                  0000d92e    00000042     vl53l1_api.o (.text.VL53L1_SetInterMeasurementPeriodMilliSeconds)
                  0000d970    00000042     vl53l1_api_core.o (.text.VL53L1_get_user_zone)
                  0000d9b2    00000002     --HOLE-- [fill = 0]
                  0000d9b4    00000040     driverlib.a : dl_adc12.o (.text.DL_ADC12_setClockConfig)
                  0000d9f4    00000040     Drive.o (.text.Drive_Straight)
                  0000da34    00000040     Drive_Test.o (.text.Drive_Test2)
                  0000da74    00000040     Encoder.o (.text.Encoder_Init)
                  0000dab4    00000040     FusionAhrs.o (.text.FusionVectorDot)
                  0000daf4    00000040     spi.o (.text.SPI_Init)
                  0000db34    00000040     ti_msp_dl_config.o (.text.SYSCFG_DL_SPI_1_init)
                  0000db74    00000040     ti_msp_dl_config.o (.text.SYSCFG_DL_TIMER_2ms_init)
                  0000dbb4    00000040     ti_msp_dl_config.o (.text.SYSCFG_DL_UART_3_init)
                  0000dbf4    00000040     ti_msp_dl_config.o (.text.SYSCFG_DL_UART_CAMERA_init)
                  0000dc34    00000040     ti_msp_dl_config.o (.text.SYSCFG_DL_UART_WIRELESS_init)
                  0000dc74    00000040     vl53l1_api_preset_modes.o (.text.VL53L1_init_offset_cal_config_struct)
                  0000dcb4    00000040     libclang_rt.builtins.a : aeabi_uidivmod.S.obj (.text.__aeabi_uidivmod)
                  0000dcf4    00000040                            : extendsfdf2.S.obj (.text.__extendsfdf2)
                  0000dd34    00000040     libc.a : atoi.c.obj (.text.atoi)
                  0000dd74    00000040            : vsnprintf.c.obj (.text.vsnprintf)
                  0000ddb4    0000003e     vl53l1_core.o (.text.VL53L1_init_ll_driver_state)
                  0000ddf2    00000002     --HOLE-- [fill = 0]
                  0000ddf4    0000003c     ti_msp_dl_config.o (.text.DL_Timer_setCounterControl)
                  0000de30    0000003c     Usart.o (.text.Uart0_Send_String)
                  0000de6c    0000003c     vl53l1_core.o (.text.VL53L1_encode_row_col)
                  0000dea8    0000003c     libclang_rt.builtins.a : floatsisf.S.obj (.text.__floatsisf)
                  0000dee4    0000003c                            : comparesf2.S.obj (.text.__gtsf2)
                  0000df20    0000003c     multi_button.o (.text.button_attach)
                  0000df5c    0000003c     libc.a : autoinit.c.obj (.text:__TI_auto_init_nobinit_nopinit)
                  0000df98    0000003a     vl53l1_platform.o (.text.VL53L1_RdWord)
                  0000dfd2    0000003a     vl53l1_core.o (.text.VL53L1_i2c_decode_uint16_t)
                  0000e00c    0000003a     vl53l1_api_preset_modes.o (.text.VL53L1_init_refspadchar_config_struct)
                  0000e046    00000002     --HOLE-- [fill = 0]
                  0000e048    0000003a     libclang_rt.builtins.a : comparesf2.S.obj (.text.__eqsf2)
                  0000e082    00000002     --HOLE-- [fill = 0]
                  0000e084    0000003a                            : muldsi3.S.obj (.text.__muldsi3)
                  0000e0be    00000038     FusionAhrs.o (.text.FusionQuaternionNormalise)
                  0000e0f6    00000002     --HOLE-- [fill = 0]
                  0000e0f8    00000038     vl53l1_api_preset_modes.o (.text.VL53L1_init_ssc_config_struct)
                  0000e130    00000038     libclang_rt.builtins.a : fixsfsi.S.obj (.text.__fixsfsi)
                  0000e168    00000038     icm42688.o (.text.icm42688_read_reg)
                  0000e1a0    00000038     libc.a : sprintf.c.obj (.text.sprintf)
                  0000e1d8    00000036     FusionAhrs.o (.text.FusionVectorScale)
                  0000e20e    00000036     FusionBias.o (.text.FusionVectorScale)
                  0000e244    00000036     libclang_rt.builtins.a : floatundisf.S.obj (.text.__floatundisf)
                  0000e27a    00000034     FusionAhrs.o (.text.Clamp)
                  0000e2ae    00000002     --HOLE-- [fill = 0]
                  0000e2b0    00000034     Drive.o (.text.Drive_Turn)
                  0000e2e4    00000034     FusionAhrs.o (.text.FusionQuaternionNormSquared)
                  0000e318    00000034     spi.o (.text.SPI_Unlock)
                  0000e34c    00000034     ti_msp_dl_config.o (.text.SYSCFG_DL_TIMER_10ms_init)
                  0000e380    00000034     vl53l1_api.o (.text.VL53L1_GetSequenceStepEnable)
                  0000e3b4    00000034     vl53l1_api.o (.text.VL53L1_SetDeviceAddress)
                  0000e3e8    00000034     icm42688.o (.text.__NVIC_DisableIRQ)
                  0000e41c    00000034     libc.a : fopen.c.obj (.text.__TI_cleanup)
                  0000e450    00000034     libsysbm.a : trgmsg.c.obj (.text.__TI_readmsg)
                  0000e484    00000034                : trgmsg.c.obj (.text.__TI_writemsg)
                  0000e4b8    00000034     libc.a : exit.c.obj (.text.exit)
                  0000e4ec    00000034            : getdevice.c.obj (.text.finddevice)
                  0000e520    00000032     Usart.o (.text.Uart0_Printf)
                  0000e552    00000032     vl53l1_core.o (.text.VL53L1_config_low_power_auto_mode)
                  0000e584    00000032     libclang_rt.builtins.a : fixunssfsi.S.obj (.text.__fixunssfsi)
                  0000e5b6    00000032     icm42688.o (.text.icm42688_write_reg)
                  0000e5e8    00000030     ADC_Test.o (.text.ADC_Test1)
                  0000e618    00000030     ADC.o (.text.DL_ADC12_getMemResult)
                  0000e648    00000030     ti_msp_dl_config.o (.text.DL_GPIO_initDigitalOutputFeatures)
                  0000e678    00000030     ti_msp_dl_config.o (.text.DL_SPI_setFIFOThreshold)
                  0000e6a8    00000030     Drive.o (.text.Drive_Stop)
                  0000e6d8    00000030     FusionBias.o (.text.FusionBiasInitialise)
                  0000e708    00000030     Key_Test.o (.text.Key_Test)
                  0000e738    00000030     tb6612.o (.text.TB6612_Init)
                  0000e768    00000030     Usart.o (.text.UART0_IRQHandler)
                  0000e798    00000030     libc.a : _printfi.c.obj (.text._fcpy)
                  0000e7c8    00000030            : snprintf.c.obj (.text._outs)
                  0000e7f8    00000030            : vsnprintf.c.obj (.text._outs)
                  0000e828    00000030     multi_button.o (.text.button_ticks)
                  0000e858    00000030     icm42688.o (.text.icm_spi_transfer_byte)
                  0000e888    00000030     my_vl53l1x.o (.text.my_vl53l1x_callback)
                  0000e8b8    0000002e     FusionAhrs.o (.text.FusionVectorNormalise)
                  0000e8e6    0000002e     vl53l1_core.o (.text.VL53L1_calc_encoded_timeout)
                  0000e914    0000002e     vl53l1_api_core.o (.text.VL53L1_set_vhv_loopbound)
                  0000e942    00000002     --HOLE-- [fill = 0]
                  0000e944    0000002c     ADC_Test.o (.text.ADC_Test2)
                  0000e970    0000002c     Encoder.o (.text.Encoder_Count_Get)
                  0000e99c    0000002c     Encoder_Test.o (.text.Encoder_Test1)
                  0000e9c8    0000002c     ti_msp_dl_config.o (.text.SYSCFG_DL_CAPTURE_0_init)
                  0000e9f4    0000002c     Usart.o (.text.Uart0_Send_Char)
                  0000ea20    0000002c     vl53l1_core.o (.text.VL53L1_init_version)
                  0000ea4c    0000002c     Usart.o (.text.__NVIC_ClearPendingIRQ)
                  0000ea78    0000002c     ADC.o (.text.__NVIC_EnableIRQ)
                  0000eaa4    0000002c     Usart.o (.text.__NVIC_EnableIRQ)
                  0000ead0    0000002c     icm42688.o (.text.__NVIC_EnableIRQ)
                  0000eafc    0000002c     main.o (.text.__NVIC_EnableIRQ)
                  0000eb28    0000002c     libclang_rt.builtins.a : floatsidf.S.obj (.text.__floatsidf)
                  0000eb54    0000002c     libsysbm.a : unlink.c.obj (.text.unlink)
                  0000eb80    0000002a     FusionAhrs.o (.text.FusionVectorNormSquared)
                  0000ebaa    0000002a     PID.o (.text.PID_SetLimit)
                  0000ebd4    0000002a     vl53l1_core.o (.text.VL53L1_calc_decoded_timeout_us)
                  0000ebfe    00000002     --HOLE-- [fill = 0]
                  0000ec00    00000028     ti_msp_dl_config.o (.text.DL_ADC12_configHwAverage)
                  0000ec28    00000028     IOI2C.o (.text.DL_Common_updateReg)
                  0000ec50    00000028     ti_msp_dl_config.o (.text.DL_Common_updateReg)
                  0000ec78    00000028     ti_msp_dl_config.o (.text.DL_I2C_setControllerRXFIFOThreshold)
                  0000eca0    00000028     ti_msp_dl_config.o (.text.DL_I2C_setControllerTXFIFOThreshold)
                  0000ecc8    00000028     Delay.o (.text.Delay_ms)
                  0000ecf0    00000028     OLED_Test.o (.text.OLED_Test1)
                  0000ed18    00000028     tb6612.o (.text.TB6612_SetRightMotor)
                  0000ed40    00000028     Uart_Test.o (.text.Uart_Test2)
                  0000ed68    00000028     vl53l1_api.o (.text.VL53L1_WaitDeviceBooted)
                  0000ed90    00000028     libclang_rt.builtins.a : floatunsisf.S.obj (.text.__floatunsisf)
                  0000edb8    00000028     libc.a : memory.c.obj (.text.free_list_insert)
                  0000ede0    00000028     libsysbm.a : lseek.c.obj (.text.lseek)
                  0000ee08    00000028                : write.c.obj (.text.write)
                  0000ee30    00000028     libc.a : boot_cortex_m.c.obj (.text:_c_int00_noargs)
                  0000ee58    00000026     ti_msp_dl_config.o (.text.DL_I2C_setAnalogGlitchFilterPulseWidth)
                  0000ee7e    00000026     driverlib.a : dl_i2c.o (.text.DL_I2C_setClockConfig)
                  0000eea4    00000026     vl53l1_platform.o (.text.VL53L1_WaitUs)
                  0000eeca    00000002     --HOLE-- [fill = 0]
                  0000eecc    00000024     ti_msp_dl_config.o (.text.DL_SPI_setBitRateSerialClockDivider)
                  0000eef0    00000024     FusionAhrs.o (.text.FusionQuaternionSum)
                  0000ef14    00000024     tb6612.o (.text.TB6612_SetLeftMotor)
                  0000ef38    00000024     vl53l1_api_core.o (.text.VL53L1_set_lite_min_count_rate)
                  0000ef5c    00000024     vl53l1_api_core.o (.text.VL53L1_set_lite_sigma_threshold)
                  0000ef80    00000024     libclang_rt.builtins.a : floatunsidf.S.obj (.text.__floatunsidf)
                  0000efa4    00000024                            : muldi3.S.obj (.text.__muldi3)
                  0000efc8    00000022     IOI2C.o (.text.IICwriteByte)
                  0000efea    00000022     PID.o (.text.PID_SetK)
                  0000f00c    00000022     vl53l1_core.o (.text.VL53L1_calc_timeout_mclks)
                  0000f02e    00000022     vl53l1_core.o (.text.VL53L1_decode_zone_size)
                  0000f050    00000022     libc.a : memccpy.c.obj (.text.memccpy)
                  0000f072    00000002     --HOLE-- [fill = 0]
                  0000f074    00000020     ti_msp_dl_config.o (.text.DL_GPIO_initPeripheralInputFunction)
                  0000f094    00000020     ti_msp_dl_config.o (.text.DL_SYSCTL_setFlashWaitState)
                  0000f0b4    00000020     Drive.o (.text.Drive_Straight_SetK)
                  0000f0d4    00000020     Drive.o (.text.Drive_Turn_SetK)
                  0000f0f4    00000020     FusionAhrs.o (.text.FusionAhrsGetQuaternion)
                  0000f114    00000020     Usart.o (.text.Uart_Init)
                  0000f134    00000020     vl53l1_core_support.o (.text.VL53L1_calc_pll_period_us)
                  0000f154    0000001e     ti_msp_dl_config.o (.text.DL_ADC12_setPowerDownMode)
                  0000f172    0000001e     ti_msp_dl_config.o (.text.DL_UART_setOversampling)
                  0000f190    0000001e     vl53l1_core.o (.text.VL53L1_decode_timeout)
                  0000f1ae    00000002     --HOLE-- [fill = 0]
                  0000f1b0    0000001e     libclang_rt.builtins.a : ashldi3.S.obj (.text.__ashldi3)
                  0000f1ce    00000002     --HOLE-- [fill = 0]
                  0000f1d0    0000001c     ADC.o (.text.ADC_Init)
                  0000f1ec    0000001c     Bat.o (.text.Bat_Init)
                  0000f208    0000001c     ti_msp_dl_config.o (.text.DL_ADC12_clearInterruptStatus)
                  0000f224    0000001c     ti_msp_dl_config.o (.text.DL_ADC12_enableInterrupt)
                  0000f240    0000001c     ADC.o (.text.DL_ADC12_startConversion)
                  0000f25c    0000001c     Bat.o (.text.DL_ADC12_startConversion)
                  0000f278    0000001c     Interrupt.o (.text.DL_GPIO_clearInterruptStatus)
                  0000f294    0000001c     ti_msp_dl_config.o (.text.DL_GPIO_clearInterruptStatus)
                  0000f2b0    0000001c     ti_msp_dl_config.o (.text.DL_GPIO_enableHiZ)
                  0000f2cc    0000001c     ti_msp_dl_config.o (.text.DL_GPIO_enableInterrupt)
                  0000f2e8    0000001c     ti_msp_dl_config.o (.text.DL_GPIO_initPeripheralOutputFunction)
                  0000f304    0000001c     ti_msp_dl_config.o (.text.DL_GPIO_setLowerPinsInputFilter)
                  0000f320    0000001c     ti_msp_dl_config.o (.text.DL_GPIO_setLowerPinsPolarity)
                  0000f33c    0000001c     ti_msp_dl_config.o (.text.DL_GPIO_setUpperPinsInputFilter)
                  0000f358    0000001c     IOI2C.o (.text.DL_I2C_isControllerRXFIFOEmpty)
                  0000f374    0000001c     driverlib.a : dl_sysctl_mspm0g1x0x_g3x0x.o (.text.DL_SYSCTL_configFCC)
                  0000f390    0000001c     ti_msp_dl_config.o (.text.DL_SYSCTL_setFCCPeriods)
                  0000f3ac    0000001c     ti_msp_dl_config.o (.text.DL_SYSCTL_setSYSOSCFreq)
                  0000f3c8    0000001c     ti_msp_dl_config.o (.text.DL_SYSCTL_setULPCLKDivider)
                  0000f3e4    0000001c     ti_msp_dl_config.o (.text.DL_Timer_enableInterrupt)
                  0000f400    0000001c     driverlib.a : dl_timer.o (.text.DL_Timer_setCaptCompUpdateMethod)
                  0000f41c    0000001c                 : dl_timer.o (.text.DL_Timer_setClockConfig)
                  0000f438    0000001c     ti_msp_dl_config.o (.text.DL_UART_enableInterrupt)
                  0000f454    0000001c     FusionAhrs.o (.text.FusionAhrsInitialise)
                  0000f470    0000001c     FusionAhrs.o (.text.FusionVectorSum)
                  0000f48c    0000001c     Usart.o (.text.GetLength)
                  0000f4a8    0000001c     vl53l1_core.o (.text.VL53L1_encode_zone_size)
                  0000f4c4    0000001c     libc.a : memory.c.obj (.text.free_list_remove)
                  0000f4e0    0000001a     Interrupt.o (.text.ADC0_IRQHandler)
                  0000f4fa    0000001a     vl53l1_core_support.o (.text.VL53L1_decode_vcsel_period)
                  0000f514    00000018     ADC.o (.text.ADC_Callback)
                  0000f52c    00000018     ti_msp_dl_config.o (.text.DL_ADC12_enablePower)
                  0000f544    00000018     ti_msp_dl_config.o (.text.DL_ADC12_reset)
                  0000f55c    00000018     ti_msp_dl_config.o (.text.DL_ADC12_setSampleTime0)
                  0000f574    00000018     ti_msp_dl_config.o (.text.DL_GPIO_enableOutput)
                  0000f58c    00000018     ti_msp_dl_config.o (.text.DL_GPIO_enablePower)
                  0000f5a4    00000018     Interrupt.o (.text.DL_GPIO_getEnabledInterruptStatus)
                  0000f5bc    00000018     ti_msp_dl_config.o (.text.DL_GPIO_initDigitalOutput)
                  0000f5d4    00000018     ti_msp_dl_config.o (.text.DL_GPIO_reset)
                  0000f5ec    00000018     OLED.o (.text.DL_GPIO_setPins)
                  0000f604    00000018     spi.o (.text.DL_GPIO_setPins)
                  0000f61c    00000018     tb6612.o (.text.DL_GPIO_setPins)
                  0000f634    00000018     ti_msp_dl_config.o (.text.DL_GPIO_setPins)
                  0000f64c    00000018     ti_msp_dl_config.o (.text.DL_GPIO_setUpperPinsPolarity)
                  0000f664    00000018     IOI2C.o (.text.DL_I2C_clearInterruptStatus)
                  0000f67c    00000018     ti_msp_dl_config.o (.text.DL_I2C_enableAnalogGlitchFilter)
                  0000f694    00000018     ti_msp_dl_config.o (.text.DL_I2C_enableController)
                  0000f6ac    00000018     ti_msp_dl_config.o (.text.DL_I2C_enableControllerClockStretching)
                  0000f6c4    00000018     ti_msp_dl_config.o (.text.DL_I2C_enablePower)
                  0000f6dc    00000018     IOI2C.o (.text.DL_I2C_getRawInterruptStatus)
                  0000f6f4    00000018     ti_msp_dl_config.o (.text.DL_I2C_reset)
                  0000f70c    00000018     ti_msp_dl_config.o (.text.DL_I2C_setTimerPeriod)
                  0000f724    00000018     ti_msp_dl_config.o (.text.DL_SPI_enable)
                  0000f73c    00000018     ti_msp_dl_config.o (.text.DL_SPI_enablePower)
                  0000f754    00000018     OLED.o (.text.DL_SPI_isBusy)
                  0000f76c    00000018     icm42688.o (.text.DL_SPI_isBusy)
                  0000f784    00000018     ti_msp_dl_config.o (.text.DL_SPI_reset)
                  0000f79c    00000018     ti_msp_dl_config.o (.text.DL_SYSCTL_setBORThreshold)
                  0000f7b4    00000018     ti_msp_dl_config.o (.text.DL_Timer_enablePower)
                  0000f7cc    00000018     ti_msp_dl_config.o (.text.DL_Timer_reset)
                  0000f7e4    00000018     driverlib.a : dl_timer.o (.text.DL_Timer_setCaptureCompareOutCtl)
                  0000f7fc    00000018     main.o (.text.DL_Timer_startCounter)
                  0000f814    00000018     tb6612.o (.text.DL_Timer_startCounter)
                  0000f82c    00000018     ti_msp_dl_config.o (.text.DL_UART_enablePower)
                  0000f844    00000018     Usart.o (.text.DL_UART_isBusy)
                  0000f85c    00000018     ti_msp_dl_config.o (.text.DL_UART_reset)
                  0000f874    00000018     FusionAhrs.o (.text.FusionDegreesToRadians)
                  0000f88c    00000018     IMU.o (.text.FusionRadiansToDegrees)
                  0000f8a4    00000018     Key.o (.text.Key_Num_Get)
                  0000f8bc    00000018     Key.o (.text.SingleClickCallback)
                  0000f8d4    00000018     Interrupt.o (.text.TIMG8_IRQHandler)
                  0000f8ec    00000018     libc.a : snprintf.c.obj (.text._outc)
                  0000f904    00000018            : vsnprintf.c.obj (.text._outc)
                  0000f91c    00000018            : sprintf.c.obj (.text._outs)
                  0000f934    00000018     icm42688.o (.text.delay_ms)
                  0000f94c    00000016     Bat.o (.text.DL_ADC12_enableConversions)
                  0000f962    00000016     ti_msp_dl_config.o (.text.DL_ADC12_enableConversions)
                  0000f978    00000016     Encoder.o (.text.DL_GPIO_readPins)
                  0000f98e    00000016     Key.o (.text.DL_GPIO_readPins)
                  0000f9a4    00000016     icm42688.o (.text.DL_GPIO_readPins)
                  0000f9ba    00000016     tb6612.o (.text.DL_GPIO_readPins)
                  0000f9d0    00000016     OLED.o (.text.DL_SPI_transmitData8)
                  0000f9e6    00000016     icm42688.o (.text.DL_SPI_transmitData8)
                  0000f9fc    00000016     ti_msp_dl_config.o (.text.DL_UART_enable)
                  0000fa12    00000016     Usart.o (.text.DL_UART_transmitData)
                  0000fa28    00000016     libc.a : k_rem_pio2.c.obj (.text.OUTLINED_FUNCTION_0)
                  0000fa3e    00000002     --HOLE-- [fill = 0]
                  0000fa40    00000010     libclang_rt.builtins.a : adddf3.S.obj (.tramp.__aeabi_dadd.1)
                  0000fa50    00000014     ADC.o (.text.ADC_Read)
                  0000fa64    00000014     OLED.o (.text.DL_GPIO_clearPins)
                  0000fa78    00000014     spi.o (.text.DL_GPIO_clearPins)
                  0000fa8c    00000014     tb6612.o (.text.DL_GPIO_clearPins)
                  0000faa0    00000014     ti_msp_dl_config.o (.text.DL_GPIO_clearPins)
                  0000fab4    00000014     IOI2C.o (.text.DL_I2C_getControllerStatus)
                  0000fac8    00000014     IOI2C.o (.text.DL_I2C_receiveControllerData)
                  0000fadc    00000014     ti_msp_dl_config.o (.text.DL_I2C_resetControllerTransfer)
                  0000faf0    00000014     OLED.o (.text.DL_SPI_receiveData8)
                  0000fb04    00000014     icm42688.o (.text.DL_SPI_receiveData8)
                  0000fb18    00000014     ti_msp_dl_config.o (.text.DL_SYSCTL_disableSYSPLL)
                  0000fb2c    00000014     ti_msp_dl_config.o (.text.DL_SYSCTL_enableSYSPLL)
                  0000fb40    00000014     ti_msp_dl_config.o (.text.DL_Timer_enableClock)
                  0000fb54    00000014     ti_msp_dl_config.o (.text.DL_Timer_setCCPDirection)
                  0000fb68    00000014     Usart.o (.text.DL_UART_receiveData)
                  0000fb7c    00000014     TB6612_Test.o (.text.TB6612_Test1)
                  0000fb90    00000014     vl53l1_platform.o (.text.VL53L1_WaitMs)
                  0000fba4    00000014     libclang_rt.builtins.a : aeabi_uldivmod.S.obj (.text.__aeabi_uldivmod)
                  0000fbb8    00000014     libc.a : _printfi.c.obj (.text.strchr)
                  0000fbcc    00000012     Interrupt.o (.text.DL_ADC12_getPendingInterrupt)
                  0000fbde    00000012     driverlib.a : dl_spi.o (.text.DL_SPI_setClockConfig)
                  0000fbf0    00000012     Usart.o (.text.DL_UART_getPendingInterrupt)
                  0000fc02    00000012     driverlib.a : dl_uart.o (.text.DL_UART_setClockConfig)
                  0000fc14    00000012     multi_button.o (.text.button_read_level)
                  0000fc26    00000012     libc.a : memcpy16.S.obj (.text:TI_memcpy_small)
                  0000fc38    00000012            : copy_decompress_none.c.obj (.text:decompress:none)
                  0000fc4a    00000002     --HOLE-- [fill = 0]
                  0000fc4c    00000010     ti_msp_dl_config.o (.text.DL_SYSCTL_disableHFXT)
                  0000fc5c    00000010     ti_msp_dl_config.o (.text.DL_SYSCTL_isFCCDone)
                  0000fc6c    00000010     ti_msp_dl_config.o (.text.DL_SYSCTL_startFCC)
                  0000fc7c    00000010     driverlib.a : dl_timer.o (.text.DL_Timer_setCaptureCompareValue)
                  0000fc8c    00000010     IOI2C.o (.text.IIC_Delay_ms)
                  0000fc9c    00000010     libc.a : k_rem_pio2.c.obj (.text.OUTLINED_FUNCTION_2)
                  0000fcac    00000010     PID.o (.text.PID_SetGoal)
                  0000fcbc    00000010     ti_msp_dl_config.o (.text.SYSCFG_DL_SYSTICK_init)
                  0000fccc    00000010     Delay.o (.text.SysTick_Handler)
                  0000fcdc    00000010     libc.a : wcslen.c.obj (.text.wcslen)
                  0000fcec    00000010            : copy_zero_init.c.obj (.text:decompress:ZI)
                  0000fcfc    0000000e            : memory.c.obj (.text.OUTLINED_FUNCTION_0)
                  0000fd0a    00000002     --HOLE-- [fill = 0]
                  0000fd0c    0000000e     libclang_rt.builtins.a : aeabi_memset.S.obj (.text.__aeabi_memset)
                  0000fd1a    0000000e     libsysbm.a : hostrename.c.obj (.text.strcpy)
                  0000fd28    0000000e     libc.a : _printfi.c.obj (.text.strlen)
                  0000fd36    0000000e     libsysbm.a : hostrename.c.obj (.text.strlen)
                  0000fd44    0000000e     libc.a : memset16.S.obj (.text:TI_memset_small)
                  0000fd52    00000002     --HOLE-- [fill = 0]
                  0000fd54    0000000c     ti_msp_dl_config.o (.text.DL_SYSCTL_getClockStatus)
                  0000fd60    0000000c     ti_msp_dl_config.o (.text.DL_SYSCTL_readFCC)
                  0000fd6c    0000000c     Usart.o (.text.GetRemain)
                  0000fd78    0000000c     Delay.o (.text.Get_ms)
                  0000fd84    0000000c     libclang_rt.builtins.a : aeabi_memset.S.obj (.text.__aeabi_memclr)
                  0000fd90    0000000c     icm42688.o (.text.icm_cs_high)
                  0000fd9c    0000000c     icm42688.o (.text.icm_cs_low)
                  0000fda8    0000000c     libc.a : memory.c.obj (.text.malloc)
                  0000fdb4    0000000a     driverlib.a : dl_common.o (.text.DL_Common_delayCycles)
                  0000fdbe    0000000a     ICM_Test.o (.text.ICM42688_Test2)
                  0000fdc8    0000000a     libc.a : _printfi.c.obj (.text.OUTLINED_FUNCTION_0)
                  0000fdd2    00000002     --HOLE-- [fill = 0]
                  0000fdd4    00000010     libclang_rt.builtins.a : adddf3.S.obj (.tramp.__aeabi_dsub.1)
                  0000fde4    0000000a     libc.a : _printfi.c.obj (.text.OUTLINED_FUNCTION_1)
                  0000fdee    0000000a            : k_rem_pio2.c.obj (.text.OUTLINED_FUNCTION_1)
                  0000fdf8    0000000a            : s_cosf.c.obj (.text.OUTLINED_FUNCTION_3)
                  0000fe02    0000000a            : s_sinf.c.obj (.text.OUTLINED_FUNCTION_3)
                  0000fe0c    0000000a            : sprintf.c.obj (.text._outc)
                  0000fe16    00000008     Interrupt.o (.text.TIMG7_IRQHandler)
                  0000fe1e    00000002     --HOLE-- [fill = 0]
                  0000fe20    00000008     libc.a : aeabi_portable.c.obj (.text.__aeabi_errno_addr)
                  0000fe28    00000008     libclang_rt.builtins.a : aeabi_memcpy.S.obj (.text.__aeabi_memcpy)
                  0000fe30    00000008     libc.a : printf.c.obj (.text._outc)
                  0000fe38    00000008            : printf.c.obj (.text._outs)
                  0000fe40    00000008     icm42688.o (.text.bsp_Icm42688Init)
                  0000fe48    00000008     libc.a : fseek.c.obj (.text.fseek)
                  0000fe50    00000008     libsysbm.a : remove.c.obj (.text.remove)
                  0000fe58    00000006     libc.a : e_asinf.c.obj (.text.OUTLINED_FUNCTION_0)
                  0000fe5e    00000002     --HOLE-- [fill = 0]
                  0000fe60    00000010     libclang_rt.builtins.a : mulsf3.S.obj (.tramp.__aeabi_fmul.1)
                  0000fe70    00000006     libc.a : s_atanf.c.obj (.text.OUTLINED_FUNCTION_0)
                  0000fe76    00000002     --HOLE-- [fill = 0]
                  0000fe78    00000010     libclang_rt.builtins.a : divsf3.S.obj (.tramp.__aeabi_fdiv.1)
                  0000fe88    00000006     libc.a : s_cosf.c.obj (.text.OUTLINED_FUNCTION_0)
                  0000fe8e    00000002     --HOLE-- [fill = 0]
                  0000fe90    00000010     libclang_rt.builtins.a : muldf3.S.obj (.tramp.__aeabi_dmul.1)
                  0000fea0    00000006     libc.a : s_sinf.c.obj (.text.OUTLINED_FUNCTION_0)
                  0000fea6    00000006            : e_powf.c.obj (.text.OUTLINED_FUNCTION_1)
                  0000feac    00000006            : s_cosf.c.obj (.text.OUTLINED_FUNCTION_1)
                  0000feb2    00000006            : s_sinf.c.obj (.text.OUTLINED_FUNCTION_1)
                  0000feb8    00000006            : e_powf.c.obj (.text.OUTLINED_FUNCTION_3)
                  0000febe    00000002     --HOLE-- [fill = 0]
                  0000fec0    00000010     libclang_rt.builtins.a : addsf3.S.obj (.tramp.__aeabi_fadd.1)
                  0000fed0    00000006     libc.a : e_powf.c.obj (.text.OUTLINED_FUNCTION_4)
                  0000fed6    00000002     --HOLE-- [fill = 0]
                  0000fed8    00000010     libclang_rt.builtins.a : addsf3.S.obj (.tramp.__aeabi_fsub.1)
                  0000fee8    00000006     libc.a : e_powf.c.obj (.text.OUTLINED_FUNCTION_5)
                  0000feee    00000006            : e_powf.c.obj (.text.OUTLINED_FUNCTION_6)
                  0000fef4    00000006            : exit.c.obj (.text:abort)
                  0000fefa    00000004     startup_mspm0g350x_ticlang.o (.text.Default_Handler)
                  0000fefe    00000004     libsysbm.a : hostexit.c.obj (.text.HOSTexit)
                  0000ff02    00000004     libc.a : e_powf.c.obj (.text.OUTLINED_FUNCTION_0)
                  0000ff06    00000004            : s_atanf.c.obj (.text.OUTLINED_FUNCTION_1)
                  0000ff0a    00000004            : e_powf.c.obj (.text.OUTLINED_FUNCTION_2)
                  0000ff0e    00000004            : s_cosf.c.obj (.text.OUTLINED_FUNCTION_2)
                  0000ff12    00000002     --HOLE-- [fill = 0]
                  0000ff14    00000010     libclang_rt.builtins.a : extendsfdf2.S.obj (.tramp.__aeabi_f2d.1)
                  0000ff24    00000004     libc.a : s_sinf.c.obj (.text.OUTLINED_FUNCTION_2)
                  0000ff28    00000004            : e_powf.c.obj (.text.OUTLINED_FUNCTION_7)
                  0000ff2c    00000004            : e_powf.c.obj (.text.OUTLINED_FUNCTION_8)
                  0000ff30    00000004     startup_mspm0g350x_ticlang.o (.text.Reset_Handler)
                  0000ff34    00000010     libc.a : boot_cortex_m.c.obj (.tramp._c_int00_noargs.1)
                  0000ff44    00000004            : pre_init.c.obj (.text._system_pre_init)
                  0000ff48    00000008     --HOLE-- [fill = 0]

.cinit     0    00011fc0    000000e8     
                  00011fc0    000000be     (.cinit..data.load) [load image, compression = lzss]
                  0001207e    00000002     --HOLE-- [fill = 0]
                  00012080    0000000c     (__TI_handler_table)
                  0001208c    00000008     (.cinit..bss.load) [load image, compression = zero_init]
                  00012094    00000010     (__TI_cinit_table)
                  000120a4    00000004     --HOLE-- [fill = 0]

.rodata    0    0000ff50    00002070     
                  0000ff50    00000d5c     OLED.o (.rodata.asc2_2412)
                  00010cac    000005f0     OLED.o (.rodata.asc2_1608)
                  0001129c    00000474     OLED.o (.rodata.asc2_1206)
                  00011710    00000228     OLED.o (.rodata.asc2_0806)
                  00011938    00000108     libc.a : k_rem_pio2.c.obj (.rodata.ipio2)
                  00011a40    00000101            : aeabi_ctype.S.obj (.rodata:__aeabi_ctype_table_)
                  00011b41    00000007     ICM_Test.o (.rodata.str1.17706672905242088051.1)
                  00011b48    00000040     libc.a : k_rem_pio2.c.obj (.rodata.PIo2)
                  00011b88    0000003c     ICM_Test.o (.rodata.str1.3271256099631588847.1)
                  00011bc4    00000030     vl53l1x.o (.rodata.str1.8665556936548998902.1)
                  00011bf4    00000028     ti_msp_dl_config.o (.rodata.gSYSPLLConfig)
                  00011c1c    00000026     ICM_Test.o (.rodata.str1.17276630036601735024.1)
                  00011c42    00000002     ti_msp_dl_config.o (.rodata.gI2C_0ClockConfig)
                  00011c44    00000024     IMU.o (.rodata.accelerometerMisalignment)
                  00011c68    00000024     IMU.o (.rodata.gyroscopeMisalignment)
                  00011c8c    00000020     libc.a : s_atanf.c.obj (.rodata.cst16)
                  00011cac    0000001e     Encoder_Test.o (.rodata.str1.16162214016713503692.1)
                  00011cca    0000001c     vl53l1x.o (.rodata.str1.12793480914977007934.1)
                  00011ce6    0000001c     vl53l1x.o (.rodata.str1.9889896138451333030.1)
                  00011d02    0000001b     vl53l1x.o (.rodata.str1.3978240886075957214.1)
                  00011d1d    0000001a     ADC_Test.o (.rodata.str1.11396595870685173457.1)
                  00011d37    00000001     --HOLE-- [fill = 0]
                  00011d38    00000018     IMU.o (.rodata..L__const.IMU_init.settings)
                  00011d50    00000018     libc.a : e_powf.c.obj (.rodata.cst8)
                  00011d68    00000018     FusionAhrs.o (.rodata.fusionAhrsDefaultSettings)
                  00011d80    00000017     vl53l1x_Test.o (.rodata.str1.10952281665346510433.1)
                  00011d97    00000016     vl53l1x.o (.rodata.str1.6185141677119688064.1)
                  00011dad    00000003     ti_msp_dl_config.o (.rodata.gCAPTURE_0ClockConfig)
                  00011db0    00000014     ti_msp_dl_config.o (.rodata.gTIMER_10msTimerConfig)
                  00011dc4    00000014     ti_msp_dl_config.o (.rodata.gTIMER_2msTimerConfig)
                  00011dd8    00000014     ADC_Test.o (.rodata.str1.5154163100107501331.1)
                  00011dec    00000013     vl53l1x.o (.rodata.str1.18438805956943837306.1)
                  00011dff    00000013     Drive_Test.o (.rodata.str1.4921297581298374889.1)
                  00011e12    00000011     libc.a : _printfi.c.obj (.rodata.str1.10348868589481759720.1)
                  00011e23    00000011            : _printfi.c.obj (.rodata.str1.15363888844622738466.1)
                  00011e34    00000011     Key_Test.o (.rodata.str1.4766596590778294499.1)
                  00011e45    00000011     vl53l1x_Test.o (.rodata.str1.784680880869378880.1)
                  00011e56    00000002     ti_msp_dl_config.o (.rodata.gSPI_1_clockConfig)
                  00011e58    00000010     libc.a : k_rem_pio2.c.obj (.rodata.cst16)
                  00011e68    00000010     ti_msp_dl_config.o (.rodata.gCAPTURE_0CaptureConfig)
                  00011e78    0000000f     Drive_Test.o (.rodata.str1.13941598251634487449.1)
                  00011e87    0000000e     vl53l1x_Test.o (.rodata.str1.16621539580981254400.1)
                  00011e95    0000000d     OLED_Test.o (.rodata.str1.14401795109115830494.1)
                  00011ea2    0000000d     Drive_Test.o (.rodata.str1.6474464451721259006.1)
                  00011eaf    00000001     --HOLE-- [fill = 0]
                  00011eb0    0000000c     driverlib.a : dl_timer.o (.rodata..Lswitch.table.DL_Timer_initCompareMode)
                  00011ebc    0000000c     IMU.o (.rodata.accelerometerSensitivity)
                  00011ec8    0000000c     FusionBias.o (.rodata.fusionBiasDefaultSettings)
                  00011ed4    0000000c     IMU.o (.rodata.gyroscopeSensitivity)
                  00011ee0    0000000c     Uart_Test.o (.rodata.str1.14504840162625008916.1)
                  00011eec    0000000b     Drive_Test.o (.rodata.str1.7308894419571814608.1)
                  00011ef7    00000001     --HOLE-- [fill = 0]
                  00011ef8    0000000a     ti_msp_dl_config.o (.rodata.gSPI_1_config)
                  00011f02    0000000a     ti_msp_dl_config.o (.rodata.gUARTConfig)
                  00011f0c    0000000a     ti_msp_dl_config.o (.rodata.gUART_3Config)
                  00011f16    0000000a     ti_msp_dl_config.o (.rodata.gUART_CAMERAConfig)
                  00011f20    0000000a     ti_msp_dl_config.o (.rodata.gUART_WIRELESSConfig)
                  00011f2a    0000000a     Uart_Test.o (.rodata.str1.10152111140166146408.1)
                  00011f34    00000009     Drive_Test.o (.rodata.str1.13758461314776498097.1)
                  00011f3d    00000009     Drive_Test.o (.rodata.str1.4579990903436069613.1)
                  00011f46    00000009     Drive_Test.o (.rodata.str1.8827609664078628109.1)
                  00011f4f    00000001     --HOLE-- [fill = 0]
                  00011f50    00000008     ti_msp_dl_config.o (.rodata.gBAT_ADCClockConfig)
                  00011f58    00000008     ti_msp_dl_config.o (.rodata.gPWM_BUZZERConfig)
                  00011f60    00000008     ti_msp_dl_config.o (.rodata.gPWM_MotorConfig)
                  00011f68    00000008     ti_msp_dl_config.o (.rodata.gPWM_SERVOConfig)
                  00011f70    00000007     Encoder_Test.o (.rodata.str1.17708060195393170552.1)
                  00011f77    00000007     ICM_Test.o (.rodata.str1.3688686542177847137.1)
                  00011f7e    00000007     ICM_Test.o (.rodata.str1.5204249017274193600.1)
                  00011f85    00000006     ICM_Test.o (.rodata.str1.3203314161863016811.1)
                  00011f8b    00000005     Drive_Test.o (.rodata.str1.15896734989374709812.1)
                  00011f90    00000004     Drive_Test.o (.rodata.str1.2519219660703878989.1)
                  00011f94    00000003     ti_msp_dl_config.o (.rodata.gPWM_BUZZERClockConfig)
                  00011f97    00000003     ti_msp_dl_config.o (.rodata.gPWM_MotorClockConfig)
                  00011f9a    00000003     ti_msp_dl_config.o (.rodata.gPWM_SERVOClockConfig)
                  00011f9d    00000003     ti_msp_dl_config.o (.rodata.gTIMER_10msClockConfig)
                  00011fa0    00000003     ti_msp_dl_config.o (.rodata.gTIMER_2msClockConfig)
                  00011fa3    00000003     Drive_Test.o (.rodata.str1.10796991777907615066.1)
                  00011fa6    00000003     Drive_Test.o (.rodata.str1.14256352610165595184.1)
                  00011fa9    00000003     Drive_Test.o (.rodata.str1.6512950051259863809.1)
                  00011fac    00000003     ICM_Test.o (.rodata.str1.6734532910457900464.1)
                  00011faf    00000003     Drive_Test.o (.rodata.str1.7434867084307694284.1)
                  00011fb2    00000003     Drive_Test.o (.rodata.str1.8362744727703666087.1)
                  00011fb5    00000002     ti_msp_dl_config.o (.rodata.gUARTClockConfig)
                  00011fb7    00000002     ti_msp_dl_config.o (.rodata.gUART_3ClockConfig)
                  00011fb9    00000002     ti_msp_dl_config.o (.rodata.gUART_CAMERAClockConfig)
                  00011fbb    00000002     ti_msp_dl_config.o (.rodata.gUART_WIRELESSClockConfig)
                  00011fbd    00000002     ICM_Test.o (.rodata.str1.7996755858154344325.1)
                  00011fbf    00000001     --HOLE-- [fill = 0]

.init_array 
*          0    00000000    00000000     UNINITIALIZED

.binit     0    00000000    00000000     

.bss       0    20200000    00001ccf     UNINITIALIZED
                  20200000    00000aec     (.common:VL53_)
                  20200aec    00000480     (.common:OLED_GRAM)
                  20200f6c    000003a4     (.common:VL53)
                  20201310    00000190     (.common:FIFO_Buffer)
                  202014a0    00000120     libsysbm.a : trgmsg.c.obj (.bss:_CIOBUF_)
                  202015c0    00000100     (.common:Buffer)
                  202016c0    000000c0     Key.o (.bss.key)
                  20201780    000000bc     (.common:gPWM_BUZZERBackup)
                  2020183c    000000bc     (.common:gPWM_SERVOBackup)
                  202018f8    000000a0     libc.a : defs.c.obj (.bss.__TI_tmpnams)
                  20201998    000000a0     (.common:gPWM_MotorBackup)
                  20201a38    000000a0     (.common:gTIMER_2msBackup)
                  20201ad8    00000080     (.common:ahrs)
                  20201b58    00000038     (.common:pid_angle_drive)
                  20201b90    00000038     (.common:pid_left)
                  20201bc8    00000038     (.common:pid_right)
                  20201c00    00000038     (.common:pid_straight_drive)
                  20201c38    00000030     (.common:gUART_3Backup)
                  20201c68    00000028     (.common:gSPI_1Backup)
                  20201c90    00000024     (.common:bias)
                  20201cb4    0000000c     (.common:distance_)
                  20201cc0    00000008     libsysbm.a : hostopen.c.obj (.bss.parmbuf)
                  20201cc8    00000004     libc.a : memory.c.obj (.bss.sys_free)
                  20201ccc    00000002     (.common:ADC_RawValue)
                  20201cce    00000001     (.common:data)

.sysmem    0    20201cd0    00000800     UNINITIALIZED
                  20201cd0    00000010     libc.a : memory.c.obj (.sysmem)
                  20201ce0    000007f0     --HOLE--

.data      0    202024d0    000002f3     UNINITIALIZED
                  202024d0    000000f0     libc.a : defs.c.obj (.data._ftable)
                  202025c0    00000078     libsysbm.a : host_device.c.obj (.data._device)
                  20202638    00000050                : host_device.c.obj (.data._stream)
                  20202688    00000040     vl53l1x.o (.data.Mode_data)
                  202026c8    00000024     spi.o (.data.spi_devices)
                  202026ec    0000000c     IMU.o (.data.accelerometerOffset)
                  202026f8    0000000c     IMU.o (.data.gyroscopeOffset)
                  20202704    00000008     libc.a : exit.c.obj (.data..L_MergedGlobals)
                  2020270c    00000004     Bat.o (.data.Battery_Voltage)
                  20202710    00000008     Encoder.o (.data.duration_time)
                  20202718    00000008     Encoder.o (.data.encoder_count_l)
                  20202720    00000008     Encoder.o (.data.encoder_count_l_10ms)
                  20202728    00000008     Encoder.o (.data.encoder_count_l_last)
                  20202730    00000008     Encoder.o (.data.encoder_count_r)
                  20202738    00000008     Encoder.o (.data.encoder_count_r_10ms)
                  20202740    00000008     Encoder.o (.data.encoder_count_r_last)
                  20202748    00000008     Encoder.o (.data.last_10ms_update)
                  20202750    00000004     Drive_Test.o (.data.Drive_Test3.lastTick)
                  20202754    00000004     Drive_Test.o (.data.Drive_Test_Set.lastTick)
                  20202758    00000004     Drive_Test.o (.data.Goal_Angle)
                  2020275c    00000004     Motor.o (.data.Goal_Speed_Left)
                  20202760    00000004     Motor.o (.data.Goal_Speed_Right)
                  20202764    00000004     Drive.o (.data.Goal_Straight_Angle)
                  20202768    00000004     Drive.o (.data.Goal_Turn_Angle)
                  2020276c    00000004     Drive_Test.o (.data.Kd)
                  20202770    00000004     Drive_Test.o (.data.Kd_Step)
                  20202774    00000004     Drive_Test.o (.data.Ki)
                  20202778    00000004     Drive_Test.o (.data.Ki_Step)
                  2020277c    00000004     Drive_Test.o (.data.Kp)
                  20202780    00000004     Drive_Test.o (.data.Kp_Step)
                  20202784    00000004     Delay.o (.data.MS)
                  20202788    00000004     Delay.o (.data.US)
                  2020278c    00000004     libc.a : defs.c.obj (.data.__TI_ft_end)
                  20202790    00000004            : aeabi_portable.c.obj (.data.__aeabi_errno)
                  20202794    00000004            : _lock.c.obj (.data._lock)
                  20202798    00000004            : _lock.c.obj (.data._unlock)
                  2020279c    00000004     icm42688.o (.data.accSensitivity)
                  202027a0    00000004     icm42688.o (.data.gyroSensitivity)
                  202027a4    00000004     multi_button.o (.data.head_handle)
                  202027a8    00000004     Delay.o (.data.now_tick)
                  202027ac    00000004     Drive.o (.data.speed)
                  202027b0    00000002     icm42688.o (.data.data_length)
                  202027b2    00000001     Drive_Test.o (.data.Goal_Angle_Step)
                  202027b3    00000001     icm42688.o (.data.ICM42688_is_initialized)
                  202027b4    00000001     IMU.o (.data.IMU_initialized)
                  202027b5    00000001     Usart.o (.data.ReadIndex)
                  202027b6    00000001     Usart.o (.data.WriteIndex)
                  202027b7    00000001     Drive.o (.data.cmd_angle_drive)
                  202027b8    00000001     Bat.o (.data.cmd_bat)
                  202027b9    00000001     Motor.o (.data.cmd_left_speed)
                  202027ba    00000001     Motor.o (.data.cmd_right_speed)
                  202027bb    00000001     Drive.o (.data.cmd_straight_drive)
                  202027bc    00000001     Key.o (.data.key_num)
                  202027bd    00000001     Drive_Test.o (.data.menu_index)
                  202027be    00000001     Drive_Test.o (.data.pid_mode)
                  202027bf    00000001     Drive_Test.o (.data.set_state)
                  202027c0    00000001     libc.a : memory.c.obj (.data.memory_is_initialized)
                  202027c1    00000001     spi.o (.data.spi_cs_locked)
                  202027c2    00000001     spi.o (.data.spi_cs_locked_channel)

.stack     0    20207e00    00000200     UNINITIALIZED
                  20207e00    00000004     libc.a : boot_cortex_m.c.obj (.stack)
                  20207e04    000001fc     --HOLE--

__llvm_prf_cnts 
*          0    20200000    00000000     UNINITIALIZED

__llvm_prf_bits 
*          0    20200000    00000000     UNINITIALIZED

MODULE SUMMARY

       Module                         code    ro data   rw data
       ------                         ----    -------   -------
    .\
       ti_msp_dl_config.o             4888    208       784    
       main.o                         204     0         0      
       startup_mspm0g350x_ticlang.o   8       192       0      
    +--+------------------------------+-------+---------+---------+
       Total:                         5100    400       784    
                                                               
    .\APP\
       Drive.o                        648     0         126    
    +--+------------------------------+-------+---------+---------+
       Total:                         648     0         126    
                                                               
    .\HardWare\
       OLED.o                         1516    6632      1152   
       icm42688.o                     1814    0         411    
       Encoder.o                      1466    0         64     
       multi_button.o                 1366    0         4      
       Usart.o                        622     0         259    
       tb6612.o                       746     0         0      
       PID.o                          508     0         0      
       spi.o                          408     0         38     
       Interrupt.o                    380     0         0      
       ADC.o                          192     0         2      
       Delay.o                        168     0         12     
    +--+------------------------------+-------+---------+---------+
       Total:                         9186    6632      1942   
                                                               
    .\HardWare\vl53l1x\core\
       vl53l1_api_core.o              4710    0         0      
       vl53l1_api.o                   3010    0         0      
       vl53l1_register_funcs.o        2716    0         0      
       vl53l1_api_preset_modes.o      2376    0         0      
       vl53l1_core.o                  2372    0         0      
       vl53l1_core_support.o          138     0         0      
       vl53l1_wait.o                  98      0         0      
    +--+------------------------------+-------+---------+---------+
       Total:                         15420   0         0      
                                                               
    .\HardWare\vl53l1x\platform\
       vl53l1x.o                      758     172       996    
       IOI2C.o                        1422    0         0      
       vl53l1_platform.o              644     0         0      
    +--+------------------------------+-------+---------+---------+
       Total:                         2824    172       996    
                                                               
    .\Middle\
       my_vl53l1x.o                   48      0         2808   
       IMU.o                          1748    120       189    
       Motor.o                        700     0         122    
       Key.o                          322     0         193    
       Bat.o                          214     0         5      
    +--+------------------------------+-------+---------+---------+
       Total:                         3032    120       3317   
                                                               
    .\Middle\Fusion\
       FusionAhrs.o                   4564    24        0      
       FusionBias.o                   576     12        0      
    +--+------------------------------+-------+---------+---------+
       Total:                         5140    36        0      
                                                               
    .\Test\
       Drive_Test.o                   1760    109       40     
       ICM_Test.o                     410     130       0      
       vl53l1x_Test.o                 172     54        0      
       Encoder_Test.o                 180     37        0      
       ADC_Test.o                     92      46        0      
       Key_Test.o                     48      17        0      
       Uart_Test.o                    40      22        0      
       OLED_Test.o                    40      13        0      
       TB6612_Test.o                  20      0         0      
    +--+------------------------------+-------+---------+---------+
       Total:                         2762    428       40     
                                                               
    C:/TI/mspm0_sdk_2_10_00_04/source/ti/driverlib/lib/ticlang/m0p/mspm0g1x0x_g3x0x/driverlib.a
       dl_timer.o                     892     12        0      
       dl_sysctl_mspm0g1x0x_g3x0x.o   316     0         0      
       dl_i2c.o                       132     0         0      
       dl_uart.o                      90      0         0      
       dl_spi.o                       86      0         0      
       dl_adc12.o                     64      0         0      
       dl_common.o                    10      0         0      
    +--+------------------------------+-------+---------+---------+
       Total:                         1590    12        0      
                                                               
    D:\TI\ccs2041\ccs\tools\compiler\ti-cgt-armllvm_4.0.4.LTS\lib\armv6m-ti-none-eabi/c/libc.a
       _printfi.c.obj                 4510    34        0      
       k_rem_pio2.c.obj               1652    344       0      
       e_powf.c.obj                   1766    24        0      
       s_cosf.c.obj                   822     0         0      
       s_sinf.c.obj                   810     0         0      
       memory.c.obj                   702     0         5      
       s_atanf.c.obj                  466     32        0      
       defs.c.obj                     0       0         404    
       e_sqrt.c.obj                   368     0         0      
       e_asinf.c.obj                  358     0         0      
       s_floor.c.obj                  324     0         0      
       e_atan2f.c.obj                 280     0         0      
       aeabi_ctype.S.obj              0       257       0      
       fputs.c.obj                    248     0         0      
       setvbuf.c.obj                  224     0         0      
       s_scalbn.c.obj                 216     0         0      
       s_scalbnf.c.obj                176     0         0      
       e_sqrtf.c.obj                  160     0         0      
       getdevice.c.obj                160     0         0      
       fputc.c.obj                    156     0         0      
       snprintf.c.obj                 148     0         0      
       strcmp-armv6m.S.obj            136     0         0      
       vsnprintf.c.obj                136     0         0      
       copy_decompress_lzss.c.obj     124     0         0      
       fclose.c.obj                   124     0         0      
       fseek.c.obj                    116     0         0      
       printf.c.obj                   108     0         0      
       _io_perm.c.obj                 100     0         0      
       s_frexp.c.obj                  92      0         0      
       sprintf.c.obj                  90      0         0      
       _ltoa.c.obj                    88      0         0      
       fflush.c.obj                   82      0         0      
       exit.c.obj                     58      0         8      
       atoi.c.obj                     64      0         0      
       autoinit.c.obj                 60      0         0      
       boot_cortex_m.c.obj            56      0         0      
       fopen.c.obj                    52      0         0      
       memccpy.c.obj                  34      0         0      
       copy_decompress_none.c.obj     18      0         0      
       memcpy16.S.obj                 18      0         0      
       copy_zero_init.c.obj           16      0         0      
       wcslen.c.obj                   16      0         0      
       memset16.S.obj                 14      0         0      
       aeabi_portable.c.obj           8       0         4      
       _lock.c.obj                    2       0         8      
       pre_init.c.obj                 4       0         0      
    +--+------------------------------+-------+---------+---------+
       Total:                         15162   691       429    
                                                               
[...]
0000c49d  VL53L1_preset_mode_low_power_auto_long_ranging 
0000c4f7  VL53L1_preset_mode_low_power_auto_ranging      
0000c551  VL53L1_preset_mode_low_power_auto_short_ranging
0000c5ad  HOSTread                                       
0000c605  HOSTwrite                                      
0000c65d  OLED_Clear                                     
0000c6b5  SYSCFG_DL_I2C_0_init                           
0000c70d  VL53L1_StaticInit                              
0000c765  VL53L1_calc_macro_period_us                    
0000c7bd  __TI_ltoa                                      
0000c86d  VL53L1_get_inter_measurement_period_ms         
0000c8c3  VL53L1_i2c_encode_uint16_t                     
0000c919  VL53L1_preset_mode_standard_ranging_mm1_cal    
0000c96f  VL53L1_preset_mode_standard_ranging_mm2_cal    
0000c9c5  VL53L1_set_inter_measurement_period_ms         
0000ca1d  __aeabi_idiv                                   
0000ca1d  __aeabi_idivmod                                
0000ca75  Encoder_Speed_Get_LEFT                         
0000cac9  Encoder_Speed_Get_RIGHT                        
0000cb1d  VL53L1_i2c_decode_int16_t                      
0000cb71  VL53L1_encode_timeout                          
0000cbc3  VL53L1_i2c_encode_uint32_t                     
0000cc15  __TI_doflush                                   
0000cda9  ICM42688_Test4                                 
0000cdf9  IMU_GetOrientation                             
0000ce99  VL53L1_decode_row_col                          
0000cee9  VL53L1_get_nvm_copy_data                       
0000cf39  VL53L1_preset_mode_olt                         
0000cf89  close                                          
0000cfd9  VL53L1_get_customer_nvm_managed                
0000d027  VL53L1_get_static_nvm_managed                  
0000d075  __aeabi_l2f                                    
0000d075  __floatdisf                                    
0000d1a9  FusionBiasSetSettings                          
0000d241  VL53L1_calc_timeout_us                         
0000d28d  snprintf                                       
0000d323  VL53L1_ReadMulti                               
0000d36d  VL53L1_WriteMulti                              
0000d3b9  __aeabi_d2iz                                   
0000d3b9  __fixdfsi                                      
0000d405  DL_UART_init                                   
0000d44d  HOSTclose                                      
0000d495  HOSTunlink                                     
0000d4dd  SYSCFG_DL_UART_init                            
0000d70f  VL53L1_WrByte                                  
0000d755  DL_SPI_init                                    
0000d799  DL_SYSCTL_switchMCLKfromSYSOSCtoHSCLK          
0000d7dd  IMU_GetYaw                                     
0000d821  TB6612_Forward                                 
0000d865  VL53L1_GetInterMeasurementPeriodMilliSeconds   
0000d8a9  VL53L1_set_user_zone                           
0000d8ed  VL53L1_RdByte                                  
0000d92f  VL53L1_SetInterMeasurementPeriodMilliSeconds   
0000d971  VL53L1_get_user_zone                           
0000d9b5  DL_ADC12_setClockConfig                        
0000d9f5  Drive_Straight                                 
0000da35  Drive_Test2                                    
0000da75  Encoder_Init                                   
0000daf5  SPI_Init                                       
0000db35  SYSCFG_DL_SPI_1_init                           
0000db75  SYSCFG_DL_TIMER_2ms_init                       
0000dbb5  SYSCFG_DL_UART_3_init                          
0000dbf5  SYSCFG_DL_UART_CAMERA_init                     
0000dc35  SYSCFG_DL_UART_WIRELESS_init                   
0000dc75  VL53L1_init_offset_cal_config_struct           
0000dcb5  __aeabi_uidiv                                  
0000dcb5  __aeabi_uidivmod                               
0000dcf5  __aeabi_f2d                                    
0000dcf5  __extendsfdf2                                  
0000dd35  atoi                                           
0000dd75  vsnprintf                                      
0000ddb5  VL53L1_init_ll_driver_state                    
0000de31  Uart0_Send_String                              
0000de6d  VL53L1_encode_row_col                          
0000dea9  __aeabi_i2f                                    
0000dea9  __floatsisf                                    
0000dee5  __gesf2                                        
0000dee5  __gtsf2                                        
0000df21  button_attach                                  
0000df5d  __TI_auto_init_nobinit_nopinit                 
0000df99  VL53L1_RdWord                                  
0000dfd3  VL53L1_i2c_decode_uint16_t                     
0000e00d  VL53L1_init_refspadchar_config_struct          
0000e049  __cmpsf2                                       
0000e049  __eqsf2                                        
0000e049  __lesf2                                        
0000e049  __ltsf2                                        
0000e049  __nesf2                                        
0000e085  __muldsi3                                      
0000e0f9  VL53L1_init_ssc_config_struct                  
0000e131  __aeabi_f2iz                                   
0000e131  __fixsfsi                                      
0000e1a1  sprintf                                        
0000e245  __aeabi_ul2f                                   
0000e245  __floatundisf                                  
0000e2b1  Drive_Turn                                     
0000e319  SPI_Unlock                                     
0000e34d  SYSCFG_DL_TIMER_10ms_init                      
0000e381  VL53L1_GetSequenceStepEnable                   
0000e3b5  VL53L1_SetDeviceAddress                        
0000e41d  __TI_cleanup                                   
0000e451  __TI_readmsg                                   
0000e485  __TI_writemsg                                  
0000e4b1  C$$IO$$                                        
0000e4b9  exit                                           
0000e4ed  finddevice                                     
0000e521  Uart0_Printf                                   
0000e553  VL53L1_config_low_power_auto_mode              
0000e585  __aeabi_f2uiz                                  
0000e585  __fixunssfsi                                   
0000e5e9  ADC_Test1                                      
0000e6a9  Drive_Stop                                     
0000e6d9  FusionBiasInitialise                           
0000e709  Key_Test                                       
0000e739  TB6612_Init                                    
0000e769  UART0_IRQHandler                               
0000e829  button_ticks                                   
0000e889  my_vl53l1x_callback                            
0000e8e7  VL53L1_calc_encoded_timeout                    
0000e915  VL53L1_set_vhv_loopbound                       
0000e945  ADC_Test2                                      
0000e971  Encoder_Count_Get                              
0000e99d  Encoder_Test1                                  
0000e9c9  SYSCFG_DL_CAPTURE_0_init                       
0000e9f5  Uart0_Send_Char                                
0000ea21  VL53L1_init_version                            
0000eb29  __aeabi_i2d                                    
0000eb29  __floatsidf                                    
0000eb55  unlink                                         
0000ebab  PID_SetLimit                                   
0000ebd5  VL53L1_calc_decoded_timeout_us                 
0000ecc9  Delay_ms                                       
0000ecf1  OLED_Test1                                     
0000ed19  TB6612_SetRightMotor                           
0000ed41  Uart_Test2                                     
0000ed69  VL53L1_WaitDeviceBooted                        
0000ed91  __aeabi_ui2f                                   
0000ed91  __floatunsisf                                  
0000ede1  lseek                                          
0000ee09  write                                          
0000ee31  _c_int00_noargs                                
0000ee7f  DL_I2C_setClockConfig                          
0000eea5  VL53L1_WaitUs                                  
0000ef15  TB6612_SetLeftMotor                            
0000ef39  VL53L1_set_lite_min_count_rate                 
0000ef5d  VL53L1_set_lite_sigma_threshold                
0000ef81  __aeabi_ui2d                                   
0000ef81  __floatunsidf                                  
0000efa5  __aeabi_lmul                                   
0000efa5  __muldi3                                       
0000efc9  IICwriteByte                                   
0000efeb  PID_SetK                                       
0000f00d  VL53L1_calc_timeout_mclks                      
0000f02f  VL53L1_decode_zone_size                        
0000f051  memccpy                                        
0000f0b5  Drive_Straight_SetK                            
0000f0d5  Drive_Turn_SetK                                
0000f0f5  FusionAhrsGetQuaternion                        
0000f115  Uart_Init                                      
0000f135  VL53L1_calc_pll_period_us                      
0000f191  VL53L1_decode_timeout                          
0000f1b1  __aeabi_llsl                                   
0000f1b1  __ashldi3                                      
0000f1d1  ADC_Init                                       
0000f1ed  Bat_Init                                       
0000f375  DL_SYSCTL_configFCC                            
0000f401  DL_Timer_setCaptCompUpdateMethod               
0000f41d  DL_Timer_setClockConfig                        
0000f455  FusionAhrsInitialise                           
0000f4a9  VL53L1_encode_zone_size                        
0000f4e1  ADC0_IRQHandler                                
0000f4fb  VL53L1_decode_vcsel_period                     
0000f515  ADC_Callback                                   
0000f7e5  DL_Timer_setCaptureCompareOutCtl               
0000f8a5  Key_Num_Get                                    
0000f8d5  TIMG8_IRQHandler                               
0000f935  delay_ms                                       
0000fa51  ADC_Read                                       
0000fb7d  TB6612_Test1                                   
0000fb91  VL53L1_WaitMs                                  
0000fba5  __aeabi_uldivmod                               
0000fbdf  DL_SPI_setClockConfig                          
0000fc03  DL_UART_setClockConfig                         
0000fc27  TI_memcpy_small                                
0000fc39  __TI_decompress_none                           
0000fc7d  DL_Timer_setCaptureCompareValue                
0000fc8d  IIC_Delay_ms                                   
0000fcad  PID_SetGoal                                    
0000fcbd  SYSCFG_DL_SYSTICK_init                         
0000fccd  SysTick_Handler                                
0000fcdd  wcslen                                         
0000fced  __TI_zero_init                                 
0000fd0d  __aeabi_memset                                 
0000fd0d  __aeabi_memset4                                
0000fd0d  __aeabi_memset8                                
0000fd45  TI_memset_small                                
0000fd79  Get_ms                                         
0000fd85  __aeabi_memclr                                 
0000fd85  __aeabi_memclr4                                
0000fd85  __aeabi_memclr8                                
0000fda9  malloc                                         
0000fdb5  DL_Common_delayCycles                          
0000fdbf  ICM42688_Test2                                 
0000fe17  TIMG7_IRQHandler                               
0000fe21  __aeabi_errno_addr                             
0000fe29  __aeabi_memcpy                                 
0000fe29  __aeabi_memcpy4                                
0000fe29  __aeabi_memcpy8                                
0000fe41  bsp_Icm42688Init                               
0000fe49  fseek                                          
0000fe51  remove                                         
0000fef5  abort                                          
0000fefb  ADC1_IRQHandler                                
0000fefb  AES_IRQHandler                                 
0000fefb  CANFD0_IRQHandler                              
0000fefb  DAC0_IRQHandler                                
0000fefb  DMA_IRQHandler                                 
0000fefb  Default_Handler                                
0000fefb  GROUP0_IRQHandler                              
0000fefb  HardFault_Handler                              
0000fefb  I2C0_IRQHandler                                
0000fefb  I2C1_IRQHandler                                
0000fefb  NMI_Handler                                    
0000fefb  PendSV_Handler                                 
0000fefb  RTC_IRQHandler                                 
0000fefb  SPI0_IRQHandler                                
0000fefb  SPI1_IRQHandler                                
0000fefb  SVC_Handler                                    
0000fefb  TIMA0_IRQHandler                               
0000fefb  TIMA1_IRQHandler                               
0000fefb  TIMG0_IRQHandler                               
0000fefb  TIMG12_IRQHandler                              
0000fefb  TIMG6_IRQHandler                               
0000fefb  UART1_IRQHandler                               
0000fefb  UART2_IRQHandler                               
0000fefb  UART3_IRQHandler                               
0000fefe  C$$EXIT                                        
0000feff  HOSTexit                                       
0000ff31  Reset_Handler                                  
0000ff45  _system_pre_init                               
0000ff50  asc2_2412                                      
00010cac  asc2_1608                                      
0001129c  asc2_1206                                      
00011710  asc2_0806                                      
00011a40  __aeabi_ctype_table_                           
00011a40  __aeabi_ctype_table_C                          
00011c44  accelerometerMisalignment                      
00011c68  gyroscopeMisalignment                          
00011d68  fusionAhrsDefaultSettings                      
00011ebc  accelerometerSensitivity                       
00011ec8  fusionBiasDefaultSettings                      
00011ed4  gyroscopeSensitivity                           
00012080  __TI_Handler_Table_Base                        
0001208c  __TI_Handler_Table_Limit                       
00012094  __TI_CINIT_Base                                
000120a4  __TI_CINIT_Limit                               
000120a4  __TI_CINIT_Warm                                
20200000  VL53_                                          
20200000  __start___llvm_prf_bits                        
20200000  __start___llvm_prf_cnts                        
20200000  __stop___llvm_prf_bits                         
20200000  __stop___llvm_prf_cnts                         
20200aec  OLED_GRAM                                      
20200f6c  VL53                                           
20201310  FIFO_Buffer                                    
202014a0  _CIOBUF_                                       
202014a0  __CIOBUF_                                      
202015c0  Buffer                                         
20201780  gPWM_BUZZERBackup                              
2020183c  gPWM_SERVOBackup                               
202018f8  __TI_tmpnams                                   
20201998  gPWM_MotorBackup                               
20201a38  gTIMER_2msBackup                               
20201ad8  ahrs                                           
20201b58  pid_angle_drive                                
20201b90  pid_left                                       
20201bc8  pid_right                                      
20201c00  pid_straight_drive                             
20201c38  gUART_3Backup                                  
20201c68  gSPI_1Backup                                   
20201c90  bias                                           
20201cb4  distance_                                      
20201cc0  parmbuf                                        
20201ccc  ADC_RawValue                                   
20201cce  data                                           
20201cd0  _sys_memory                                    
202024d0  _ftable                                        
202025c0  _device                                        
20202638  _stream                                        
20202688  Mode_data                                      
202026ec  accelerometerOffset                            
202026f8  gyroscopeOffset                                
20202704  __TI_cleanup_ptr                               
20202708  __TI_dtors_ptr                                 
2020270c  Battery_Voltage                                
20202718  encoder_count_l                                
20202720  encoder_count_l_10ms                           
20202728  encoder_count_l_last                           
20202730  encoder_count_r                                
20202738  encoder_count_r_10ms                           
20202740  encoder_count_r_last                           
20202758  Goal_Angle                                     
2020275c  Goal_Speed_Left                                
20202760  Goal_Speed_Right                               
20202764  Goal_Straight_Angle                            
20202768  Goal_Turn_Angle                                
2020276c  Kd                                             
20202770  Kd_Step                                        
20202774  Ki                                             
20202778  Ki_Step                                        
2020277c  Kp                                             
20202780  Kp_Step                                        
20202784  MS                                             
20202788  US                                             
2020278c  __TI_ft_end                                    
20202790  __aeabi_errno                                  
20202794  _lock                                          
20202798  _unlock                                        
202027ac  speed                                          
202027b0  data_length                                    
202027b2  Goal_Angle_Step                                
202027b3  ICM42688_is_initialized                        
202027b4  IMU_initialized                                
202027b5  ReadIndex                                      
202027b6  WriteIndex                                     
202027b7  cmd_angle_drive                                
202027b8  cmd_bat                                        
202027b9  cmd_left_speed                                 
202027ba  cmd_right_speed                                
202027bb  cmd_straight_drive                             
202027bd  menu_index                                     
202027be  pid_mode                                       
202027bf  set_state                                      
202027c1  spi_cs_locked                                  
202027c2  spi_cs_locked_channel                          
20207e00  __stack                                        
20208000  __STACK_END                                    
ffffffff  __TI_pprof_out_hndl                            
ffffffff  __TI_prof_data_size                            
ffffffff  __TI_prof_data_start                           
ffffffff  __binit__                                      
ffffffff  binit                                          
UNDEFED   __mpu_init                                     
UNDEFED   _system_post_cinit                             

[548 symbols]
