******************************************************************************
            TI ARM Clang Linker PC v4.0.4                      
******************************************************************************
>> Linked Tue Jun  2 19:25:20 2026

OUTPUT FILE NAME:   <MSP_Car.out>
ENTRY POINT SYMBOL: "_c_int00_noargs"  address: 0000f1c1


MEMORY CONFIGURATION

         name            origin    length      used     unused   attr    fill
----------------------  --------  ---------  --------  --------  ----  --------
  FLASH                 00000000   00020000  000123d8  0000dc28  R  X
  SRAM                  20200000   00008000  00002671  0000598f  RW X
  BCR_CONFIG            41c00000   000000ff  00000000  000000ff  R   
  BSL_CONFIG            41c00100   00000080  00000000  00000080  R   


SEGMENT ALLOCATION MAP

run origin  load origin   length   init length attrs members
----------  ----------- ---------- ----------- ----- -------
00000000    00000000    000123d8   000123d8    r-x
  00000000    00000000    000000c0   000000c0    r-- .intvecs
  000000c0    000000c0    00010280   00010280    r-x .text
  00010340    00010340    00001fb0   00001fb0    r-- .rodata
  000122f0    000122f0    000000e8   000000e8    r-- .cinit
20200000    20200000    00002474   00000000    rw-
  20200000    20200000    00001955   00000000    rw- .bss
  20201958    20201958    00000800   00000000    rw- .sysmem
  20202158    20202158    0000031c   00000000    rw- .data
20207e00    20207e00    00000200   00000000    rw-
  20207e00    20207e00    00000200   00000000    rw- .stack


SECTION ALLOCATION MAP

 output                                  attributes/
section   page    origin      length       input sections
--------  ----  ----------  ----------   ----------------
.intvecs   0    00000000    000000c0     
                  00000000    000000c0     startup_mspm0g350x_ticlang.o (.intvecs)

.text      0    000000c0    00010280     
                  000000c0    000009d0     libc.a : _printfi.c.obj (.text:__TI_printfi)
                  00000a90    000006b8            : e_powf.c.obj (.text.powf)
                  00001148    00000644            : k_rem_pio2.c.obj (.text.__kernel_rem_pio2)
                  0000178c    000004ec     Encoder.o (.text.Encoder_Callback)
                  00001c78    00000414     FusionAhrs.o (.text.FusionAhrsUpdate)
                  0000208c    00000404     vl53l1_api_core.o (.text.VL53L1_get_tuning_parm)
                  00002490    000003f4     multi_button.o (.text.button_handler)
                  00002884    000003e8     Drive_Test.o (.text.Drive_Test_Set)
                  00002c6c    000003d8     vl53l1_api_core.o (.text.VL53L1_init_and_start_range)
                  00003044    00000344     Menu.o (.text.Menu2_Task1)
                  00003388    00000318     ti_msp_dl_config.o (.text.SYSCFG_DL_GPIO_init)
                  000036a0    000002f6     vl53l1_api_core.o (.text.VL53L1_set_preset_mode)
                  00003996    00000002     Menu.o (.text.Menu2_Task2)
                  00003998    000002e0     Drive_Test.o (.text.Drive_Test3)
                  00003c78    00000228     Encoder.o (.text.Encoder_10ms_Callback)
                  00003ea0    00000220     libc.a : _printfi.c.obj (.text._pconv_a)
                  000040c0    000001fc     vl53l1_register_funcs.o (.text.VL53L1_i2c_decode_nvm_copy_data)
                  000042bc    000001f0     IMU.o (.text.IMU_Callback)
                  000044ac    000001f0     vl53l1_api.o (.text.VL53L1_SetMeasurementTimingBudgetMicroSeconds)
                  0000469c    000001e4     vl53l1_api_preset_modes.o (.text.VL53L1_preset_mode_standard_ranging)
                  00004880    000001dc     Menu.o (.text.Menu_Pre)
                  00004a5c    000001dc     libc.a : _printfi.c.obj (.text._pconv_g)
                  00004c38    000001d4            : s_cosf.c.obj (.text.cosf)
                  00004e0c    000001d0     OLED.o (.text.OLED_ShowChar)
                  00004fdc    000001cc     IOI2C.o (.text.IICreadBytes)
                  000051a8    000001c8     libc.a : s_atanf.c.obj (.text.atanf)
                  00005370    000001c8            : s_sinf.c.obj (.text.sinf)
                  00005538    000001c4     FusionAhrs.o (.text.HalfMagnetic)
                  000056fc    0000019c     vl53l1x.o (.text.VL53InitParam)
                  00005898    00000192     libclang_rt.builtins.a : adddf3.S.obj (.text.adddf3_subdf3)
                  00005a2a    00000002     Menu.o (.text.Menu2_Task3)
                  00005a2c    00000178     Menu.o (.text.Menu1)
                  00005ba4    00000178     vl53l1_api.o (.text.VL53L1_GetMeasurementTimingBudgetMicroSeconds)
                  00005d1c    00000174     IOI2C.o (.text.IIC_ReadOneByte)
                  00005e90    00000170     libc.a : e_sqrt.c.obj (.text.sqrt)
                  00006000    00000164     vl53l1_api.o (.text.VL53L1_SetDistanceMode)
                  00006164    00000162     vl53l1_register_funcs.o (.text.VL53L1_i2c_encode_static_config)
                  000062c6    00000002     Menu.o (.text.Menu2_Task4)
                  000062c8    00000160     libc.a : e_asinf.c.obj (.text.asinf)
                  00006428    0000015c     vl53l1_api_core.o (.text.VL53L1_get_preset_mode_timing_cfg)
                  00006584    0000014e     FusionAhrs.o (.text.FusionQuaternionProduct)
                  000066d2    00000002     libclang_rt.builtins.a : aeabi_div0.c.obj (.text.__aeabi_idiv0)
                  000066d4    0000014c     icm42688.o (.text.bsp_Icm42688RegCfg)
                  00006820    00000144     PID.o (.text.PID_Compute)
                  00006964    00000144     libc.a : s_floor.c.obj (.text.floor)
                  00006aa8    0000013c            : _printfi.c.obj (.text.fcvt)
                  00006be4    00000134     FusionAhrs.o (.text.FusionAhrsSetSettings)
                  00006d18    00000134     vl53l1_api_core.o (.text.VL53L1_data_init)
                  00006e4c    00000132     FusionAhrs.o (.text.HalfGravity)
                  00006f7e    00000002     libclang_rt.builtins.a : aeabi_div0.c.obj (.text.__aeabi_ldiv0)
                  00006f80    00000130     IOI2C.o (.text.IICwriteBytes)
                  000070b0    0000012a     vl53l1_core.o (.text.VL53L1_copy_rtn_good_spads_to_buffer)
                  000071da    00000002     libc.a : _lock.c.obj (.text._nop)
                  000071dc    00000124     vl53l1_api_core.o (.text.VL53L1_read_p2p_data)
                  00007300    00000120     libc.a : _printfi.c.obj (.text._pconv_e)
                  00007420    0000011c     driverlib.a : dl_timer.o (.text.DL_Timer_initCaptureMode)
                  0000753c    0000011c     ti_msp_dl_config.o (.text.SYSCFG_DL_initPower)
                  00007658    00000118     vl53l1x.o (.text.VL53L1Init)
                  00007770    00000118     libc.a : e_atan2f.c.obj (.text.atan2f)
                  00007888    00000114     icm42688.o (.text.ICM42688_FIFO_Get_RealData)
                  0000799c    00000114     OLED.o (.text.OLED_Init)
                  00007ab0    00000114     libc.a : memory.c.obj (.text.aligned_alloc)
                  00007bc4    0000010e     vl53l1_core.o (.text.VL53L1_update_ll_driver_rd_state)
                  00007cd2    00000002     --HOLE-- [fill = 0]
                  00007cd4    0000010c     libclang_rt.builtins.a : divdf3.S.obj (.text.__divdf3)
                  00007de0    0000010a     FusionAhrs.o (.text.FusionQuaternionVectorProduct)
                  00007eea    00000002     --HOLE-- [fill = 0]
                  00007eec    00000108     tb6612.o (.text.__SetMotor)
                  00007ff4    00000104     driverlib.a : dl_timer.o (.text.DL_Timer_initFourCCPWMMode)
                  000080f8    00000104     vl53l1_register_funcs.o (.text.VL53L1_i2c_decode_customer_nvm_managed)
                  000081fc    00000102     FusionBias.o (.text.FusionBiasUpdate)
                  000082fe    00000002     --HOLE-- [fill = 0]
                  00008300    00000100     icm42688.o (.text.ICM42688_Getoffset)
                  00008400    000000fc     driverlib.a : dl_timer.o (.text.DL_Timer_initTimerMode)
                  000084fc    000000fc     Interrupt.o (.text.GROUP1_IRQHandler)
                  000085f8    000000fc     vl53l1_register_funcs.o (.text.VL53L1_i2c_encode_customer_nvm_managed)
                  000086f4    000000f8     libc.a : fputs.c.obj (.text.fputs)
                  000087ec    000000f6     IMU.o (.text.FusionQuaternionToEuler)
                  000088e2    00000002     --HOLE-- [fill = 0]
                  000088e4    000000f4     Drive.o (.text.Drive_Callback)
                  000089d8    000000f4     vl53l1_platform.o (.text.VL53L1_WaitValueMaskEx)
                  00008acc    000000f0     IMU.o (.text.FusionMatrixMultiply)
                  00008bbc    000000f0     vl53l1_api.o (.text.VL53L1_StartMeasurement)
                  00008cac    000000f0     vl53l1_register_funcs.o (.text.VL53L1_i2c_encode_general_config)
                  00008d9c    000000f0     vl53l1_api_preset_modes.o (.text.VL53L1_init_tuning_parm_storage_struct)
                  00008e8c    000000ec     ti_msp_dl_config.o (.text.SYSCFG_DL_SYSCTL_SYSPLL_init)
                  00008f78    000000ea     IMU.o (.text.FusionModelInertial)
                  00009062    00000002     --HOLE-- [fill = 0]
                  00009064    000000e8     libc.a : memory.c.obj (.text.free)
                  0000914c    000000e4     libclang_rt.builtins.a : muldf3.S.obj (.text.__muldf3)
                  00009230    000000e2     vl53l1_core.o (.text.VL53L1_calc_timeout_register_values)
                  00009312    000000e2     vl53l1_register_funcs.o (.text.VL53L1_i2c_encode_dynamic_config)
                  000093f4    000000e0     libc.a : setvbuf.c.obj (.text.setvbuf)
                  000094d4    000000de     vl53l1_api_core.o (.text.VL53L1_get_timeouts_us)
                  000095b2    00000002     --HOLE-- [fill = 0]
                  000095b4    000000dc     driverlib.a : dl_sysctl_mspm0g1x0x_g3x0x.o (.text.DL_SYSCTL_configSYSPLL)
                  00009690    000000dc     vl53l1_register_funcs.o (.text.VL53L1_i2c_encode_timing_config)
                  0000976c    000000d8     libc.a : s_scalbn.c.obj (.text.scalbn)
                  00009844    000000d8     libclang_rt.builtins.a : addsf3.S.obj (.text)
                  0000991c    000000d6     vl53l1_api.o (.text.SetPresetMode)
                  000099f2    000000d0     FusionAhrs.o (.text.FusionAhrsSetHeading)
                  00009ac2    000000cc     vl53l1_api.o (.text.VL53L1_DataInit)
                  00009b8e    00000002     --HOLE-- [fill = 0]
                  00009b90    000000cc     vl53l1_core.o (.text.VL53L1_calc_range_ignore_threshold)
                  00009c5c    000000c4     vl53l1_api.o (.text.ComputeDevicePresetMode)
                  00009d20    000000c0     vl53l1_api.o (.text.VL53L1_SetPresetMode)
                  00009de0    000000be     vl53l1_core.o (.text.VL53L1_update_ll_driver_cfg_state)
                  00009e9e    000000ba     vl53l1_api_preset_modes.o (.text.VL53L1_init_xtalk_config_struct)
                  00009f58    000000b8     IMU.o (.text.IMU_init)
                  0000a010    000000b0     FusionAhrs.o (.text.FusionAhrsRestart)
                  0000a0c0    000000b0     icm42688.o (.text.ICM42688_UnBlocking_CallBack)
                  0000a170    000000b0     ti_msp_dl_config.o (.text.SYSCFG_DL_PWM_SERVO_init)
                  0000a220    000000b0     Usart.o (.text.Write)
                  0000a2d0    000000b0     libc.a : s_scalbnf.c.obj (.text.scalbnf)
                  0000a380    000000ac     Motor.o (.text.Motor_Callback)
                  0000a42c    000000ac     libc.a : s_cosf.c.obj (.text.__kernel_sindf)
                  0000a4d8    000000ac            : s_sinf.c.obj (.text.__kernel_sindf)
                  0000a584    000000a8     Drive.o (.text.Drive_Init)
                  0000a62c    000000a8     icm42688.o (.text.bsp_Icm42688GetGres)
                  0000a6d4    000000a8     my_vl53l1x.o (.text.my_vl53l1x_init)
                  0000a77c    000000a2     libclang_rt.builtins.a : udivmoddi4.S.obj (.text)
                  0000a81e    00000002     --HOLE-- [fill = 0]
                  0000a820    000000a0     Motor.o (.text.Motor_Init)
                  0000a8c0    000000a0     vl53l1_register_funcs.o (.text.VL53L1_i2c_decode_static_nvm_managed)
                  0000a960    000000a0     libc.a : e_sqrtf.c.obj (.text.sqrtf)
                  0000aa00    0000009e     vl53l1_register_funcs.o (.text.VL53L1_i2c_encode_static_nvm_managed)
                  0000aa9e    00000002     --HOLE-- [fill = 0]
                  0000aaa0    0000009c     OLED.o (.text.OLED_WR_Byte)
                  0000ab3c    0000009c     libc.a : s_cosf.c.obj (.text.__kernel_cosdf)
                  0000abd8    0000009c            : s_sinf.c.obj (.text.__kernel_cosdf)
                  0000ac74    0000009c            : fputc.c.obj (.text.fputc)
                  0000ad10    0000009a     OLED.o (.text.OLED_ShowString)
                  0000adaa    00000094     FusionAhrs.o (.text.FusionVectorCross)
                  0000ae3e    00000002     --HOLE-- [fill = 0]
                  0000ae40    00000094     Key.o (.text.read_key_level)
                  0000aed4    00000090     OLED.o (.text.OLED_DrawPoint)
                  0000af64    0000008e     vl53l1_api.o (.text.VL53L1_SetLimitCheckValue)
                  0000aff2    00000002     --HOLE-- [fill = 0]
                  0000aff4    0000008c     spi.o (.text.SPI_CS)
                  0000b080    0000008c     ti_msp_dl_config.o (.text.SYSCFG_DL_PWM_Motor_init)
                  0000b10c    0000008c     libclang_rt.builtins.a : mulsf3.S.obj (.text.__mulsf3)
                  0000b198    0000008a     vl53l1_api.o (.text.VL53L1_SetLimitCheckEnable)
                  0000b222    0000008a     vl53l1_api_preset_modes.o (.text.VL53L1_preset_mode_standard_ranging_long_range)
                  0000b2ac    0000008a     vl53l1_api_preset_modes.o (.text.VL53L1_preset_mode_standard_ranging_short_range)
                  0000b336    00000002     --HOLE-- [fill = 0]
                  0000b338    00000088     multi_button.o (.text.button_init)
                  0000b3c0    00000088     libc.a : strcmp-armv6m.S.obj (.text:strcmp)
                  0000b448    00000084     ti_msp_dl_config.o (.text.SYSCFG_DL_init)
                  0000b4cc    00000084     ti_msp_dl_config.o (.text.__NVIC_SetPriority)
                  0000b550    00000082     FusionAhrs.o (.text.Feedback)
                  0000b5d2    00000002     --HOLE-- [fill = 0]
                  0000b5d4    00000082     libclang_rt.builtins.a : divsf3.S.obj (.text.__divsf3)
                  0000b656    00000002     --HOLE-- [fill = 0]
                  0000b658    00000080     Grayscale.o (.text.select_channel)
                  0000b6d8    0000007e     vl53l1_api_preset_modes.o (.text.VL53L1_preset_mode_timed_ranging_short_range)
                  0000b756    0000007e     vl53l1x.o (.text.getDistance_Simply)
                  0000b7d4    0000007c     Bat.o (.text.Bat_Callback)
                  0000b850    0000007c     FusionAhrs.o (.text.FusionAhrsUpdateNoMagnetometer)
                  0000b8cc    0000007c     OLED.o (.text.OLED_Refresh)
                  0000b948    0000007c     vl53l1_api_preset_modes.o (.text.VL53L1_preset_mode_timed_ranging)
                  0000b9c4    0000007c     vl53l1_api_preset_modes.o (.text.VL53L1_preset_mode_timed_ranging_long_range)
                  0000ba40    0000007c     vl53l1_api_core.o (.text.VL53L1_set_timeouts_us)
                  0000babc    0000007c     libc.a : fclose.c.obj (.text.__TI_closefile)
                  0000bb38    0000007c            : copy_decompress_lzss.c.obj (.text:decompress:lzss)
                  0000bbb4    00000076     vl53l1_api_core.o (.text.VL53L1_get_sequence_config_bit)
                  0000bc2a    00000074     vl53l1_api_preset_modes.o (.text.VL53L1_preset_mode_singleshot_ranging)
                  0000bc9e    00000002     --HOLE-- [fill = 0]
                  0000bca0    00000074     libclang_rt.builtins.a : comparedf2.c.obj (.text.__gedf2)
                  0000bd14    0000000c     Bat.o (.text.Bat_Read)
                  0000bd20    00000074     libclang_rt.builtins.a : truncdfsf2.S.obj (.text.__truncdfsf2)
                  0000bd94    00000074     my_vl53l1x.o (.text.my_vl53l1x_callback)
                  0000be08    00000070     Encoder.o (.text.Encoder_Init)
                  0000be78    00000070     ti_msp_dl_config.o (.text.SYSCFG_DL_BAT_ADC_init)
                  0000bee8    00000070     ti_msp_dl_config.o (.text.SYSCFG_DL_SYSCTL_init)
                  0000bf58    0000006c     Delay.o (.text.Get_us)
                  0000bfc4    0000006c     libsysbm.a : hostlseek.c.obj (.text.HOSTlseek)
                  0000c030    0000006c                : hostrename.c.obj (.text.HOSTrename)
                  0000c09c    0000006c     spi.o (.text.SPI_TryLock)
                  0000c108    0000006c     vl53l1_core.o (.text.VL53L1_low_power_auto_data_init)
                  0000c174    0000006c     libc.a : fseek.c.obj (.text.fseeko)
                  0000c1e0    0000006c            : getdevice.c.obj (.text.getdevice)
                  0000c24c    00000068     Key.o (.text.Key_Init)
                  0000c2b4    00000068     Motor.o (.text.Motor_SetSpeed)
                  0000c31c    00000068     ti_msp_dl_config.o (.text.SYSCFG_DL_PWM_BUZZER_init)
                  0000c384    00000068     vl53l1_api_core.o (.text.VL53L1_get_mode_mitigation_roi)
                  0000c3ec    00000068     libclang_rt.builtins.a : comparedf2.c.obj (.text.__ledf2)
                  0000c454    00000068     icm42688.o (.text.bsp_Icm42688GetAres)
                  0000c4bc    00000066     vl53l1_register_funcs.o (.text.VL53L1_i2c_encode_system_control)
                  0000c522    00000066     libc.a : _printfi.c.obj (.text._mcpy)
                  0000c588    00000064     tb6612.o (.text.TB6612_Brake)
                  0000c5ec    00000064     tb6612.o (.text.TB6612_Coast)
                  0000c650    00000064     libc.a : _io_perm.c.obj (.text.__TI_wrt_ok)
                  0000c6b4    00000064            : memory.c.obj (.text.split)
                  0000c718    00000062     vl53l1_wait.o (.text.VL53L1_poll_for_boot_completion)
                  0000c77a    00000002     --HOLE-- [fill = 0]
                  0000c77c    00000062     libclang_rt.builtins.a : aeabi_dcmp.S.obj (.text.__aeabi_dcmp)
                  0000c7de    00000002     --HOLE-- [fill = 0]
                  0000c7e0    00000062                            : aeabi_fcmp.S.obj (.text.__aeabi_fcmp)
                  0000c842    00000002     --HOLE-- [fill = 0]
                  0000c844    00000060     Drive.o (.text.CalculateAngleError)
                  0000c8a4    00000060     libsysbm.a : hostopen.c.obj (.text.HOSTopen)
                  0000c904    0000005e     driverlib.a : dl_i2c.o (.text.DL_I2C_fillControllerTXFIFO)
                  0000c962    0000005e     FusionAhrs.o (.text.FusionQuaternionAdd)
                  0000c9c0    0000005e     FusionAhrs.o (.text.FusionQuaternionHadamard)
                  0000ca1e    0000005e     Laser_Distance.o (.text.Laser_Distance_Get)
                  0000ca7c    0000005c     PID.o (.text.PID_Init)
                  0000cad8    0000005c     multi_button.o (.text.button_start)
                  0000cb34    0000005c     libc.a : s_frexp.c.obj (.text.frexp)
                  0000cb90    0000005c            : printf.c.obj (.text.printf)
                  0000cbec    0000005a     vl53l1_api.o (.text.SetLimitValue)
                  0000cc46    0000005a     vl53l1_core.o (.text.VL53L1_i2c_encode_int16_t)
                  0000cca0    0000005a     vl53l1_api_preset_modes.o (.text.VL53L1_preset_mode_low_power_auto_long_ranging)
                  0000ccfa    0000005a     vl53l1_api_preset_modes.o (.text.VL53L1_preset_mode_low_power_auto_ranging)
                  0000cd54    0000005a     vl53l1_api_preset_modes.o (.text.VL53L1_preset_mode_low_power_auto_short_ranging)
                  0000cdae    00000002     --HOLE-- [fill = 0]
                  0000cdb0    00000058     libsysbm.a : hostread.c.obj (.text.HOSTread)
                  0000ce08    00000058                : hostwrite.c.obj (.text.HOSTwrite)
                  0000ce60    00000058     OLED.o (.text.OLED_Clear)
                  0000ceb8    00000058     ti_msp_dl_config.o (.text.SYSCFG_DL_I2C_0_init)
                  0000cf10    00000058     vl53l1_api.o (.text.VL53L1_StaticInit)
                  0000cf68    00000058     vl53l1_core.o (.text.VL53L1_calc_macro_period_us)
                  0000cfc0    00000058     libc.a : _ltoa.c.obj (.text.__TI_ltoa)
                  0000d018    00000058            : _printfi.c.obj (.text._pconv_f)
                  0000d070    00000056     vl53l1_api_core.o (.text.VL53L1_get_inter_measurement_period_ms)
                  0000d0c6    00000056     vl53l1_core.o (.text.VL53L1_i2c_encode_uint16_t)
                  0000d11c    00000056     vl53l1_api_preset_modes.o (.text.VL53L1_preset_mode_standard_ranging_mm1_cal)
                  0000d172    00000056     vl53l1_api_preset_modes.o (.text.VL53L1_preset_mode_standard_ranging_mm2_cal)
                  0000d1c8    00000056     vl53l1_api_core.o (.text.VL53L1_set_inter_measurement_period_ms)
                  0000d21e    00000002     --HOLE-- [fill = 0]
                  0000d220    00000056     libclang_rt.builtins.a : aeabi_idivmod.S.obj (.text.__aeabi_idivmod)
                  0000d276    00000002     --HOLE-- [fill = 0]
                  0000d278    00000054     vl53l1_core.o (.text.VL53L1_i2c_decode_int16_t)
                  0000d2cc    00000054     main.o (.text.main)
                  0000d320    00000052     vl53l1_core.o (.text.VL53L1_encode_timeout)
                  0000d372    00000052     vl53l1_core.o (.text.VL53L1_i2c_encode_uint32_t)
                  0000d3c4    00000052     libc.a : fflush.c.obj (.text.__TI_doflush)
                  0000d416    00000052            : _printfi.c.obj (.text._ecpy)
                  0000d468    00000050     ti_msp_dl_config.o (.text.DL_GPIO_initPeripheralInputFunctionFeatures)
                  0000d4b8    00000050     IOI2C.o (.text.DL_I2C_startControllerTransfer)
                  0000d508    00000050     FusionAhrs.o (.text.FusionVectorIsZero)
                  0000d558    00000050     ti_msp_dl_config.o (.text.SysTick_Config)
                  0000d5a8    00000050     vl53l1_core_support.o (.text.VL53L1_decode_row_col)
                  0000d5f8    00000050     vl53l1_register_funcs.o (.text.VL53L1_get_nvm_copy_data)
                  0000d648    00000050     vl53l1_api_preset_modes.o (.text.VL53L1_preset_mode_olt)
                  0000d698    00000050     libsysbm.a : close.c.obj (.text.close)
                  0000d6e8    0000004e     vl53l1_register_funcs.o (.text.VL53L1_get_customer_nvm_managed)
                  0000d736    0000004e     vl53l1_register_funcs.o (.text.VL53L1_get_static_nvm_managed)
                  0000d784    0000004c     ti_msp_dl_config.o (.text.DL_GPIO_initDigitalInputFeatures)
                  0000d7d0    0000004c     ti_msp_dl_config.o (.text.DL_UART_setBaudRateDivisor)
                  0000d81c    0000004c     IMU.o (.text.FusionArcSin)
                  0000d868    0000004c     FusionBias.o (.text.FusionBiasSetSettings)
                  0000d8b4    0000004c     FusionAhrs.o (.text.FusionFastInverseSqrt)
                  0000d900    0000004c     vl53l1_core.o (.text.VL53L1_calc_timeout_us)
                  0000d94c    0000004a     ti_msp_dl_config.o (.text.DL_ADC12_configConversionMem)
                  0000d996    0000004a     vl53l1_platform.o (.text.VL53L1_ReadMulti)
                  0000d9e0    0000004a     vl53l1_platform.o (.text.VL53L1_WriteMulti)
                  0000da2a    00000002     --HOLE-- [fill = 0]
                  0000da2c    0000004a     libclang_rt.builtins.a : fixdfsi.S.obj (.text.__fixdfsi)
                  0000da76    00000002     --HOLE-- [fill = 0]
                  0000da78    00000048     driverlib.a : dl_uart.o (.text.DL_UART_init)
                  0000dac0    00000048     libsysbm.a : hostclose.c.obj (.text.HOSTclose)
                  0000db08    00000048                : hostunlink.c.obj (.text.HOSTunlink)
                  0000db50    00000048     ti_msp_dl_config.o (.text.SYSCFG_DL_UART_init)
                  0000db98    00000046     FusionAhrs.o (.text.FusionQuaternionScale)
                  0000dbde    00000046     FusionAhrs.o (.text.FusionVectorAdd)
                  0000dc24    00000046     FusionBias.o (.text.FusionVectorAdd)
                  0000dc6a    00000046     FusionAhrs.o (.text.FusionVectorHadamard)
                  0000dcb0    00000046     IMU.o (.text.FusionVectorHadamard)
                  0000dcf6    00000046     FusionBias.o (.text.FusionVectorSubtract)
                  0000dd3c    00000046     IMU.o (.text.FusionVectorSubtract)
                  0000dd82    00000046     Grayscale.o (.text.Grayscale_Sensor_Read_All)
                  0000ddc8    00000046     vl53l1_platform.o (.text.VL53L1_WrByte)
                  0000de0e    00000002     --HOLE-- [fill = 0]
                  0000de10    00000044     driverlib.a : dl_spi.o (.text.DL_SPI_init)
                  0000de54    00000044                 : dl_sysctl_mspm0g1x0x_g3x0x.o (.text.DL_SYSCTL_switchMCLKfromSYSOSCtoHSCLK)
                  0000de98    00000044     IMU.o (.text.IMU_GetYaw)
                  0000dedc    00000044     vl53l1_api.o (.text.VL53L1_GetInterMeasurementPeriodMilliSeconds)
                  0000df20    00000044     vl53l1_api_core.o (.text.VL53L1_set_user_zone)
                  0000df64    00000042     vl53l1_platform.o (.text.VL53L1_RdByte)
                  0000dfa6    00000042     vl53l1_api.o (.text.VL53L1_SetInterMeasurementPeriodMilliSeconds)
                  0000dfe8    00000042     vl53l1_api_core.o (.text.VL53L1_get_user_zone)
                  0000e02a    00000002     --HOLE-- [fill = 0]
                  0000e02c    00000040     driverlib.a : dl_adc12.o (.text.DL_ADC12_setClockConfig)
                  0000e06c    00000040     Drive.o (.text.Drive_Straight)
                  0000e0ac    00000040     FusionAhrs.o (.text.FusionVectorDot)
                  0000e0ec    00000040     spi.o (.text.SPI_Init)
                  0000e12c    00000040     ti_msp_dl_config.o (.text.SYSCFG_DL_SPI_1_init)
                  0000e16c    00000040     ti_msp_dl_config.o (.text.SYSCFG_DL_TIMER_2ms_init)
                  0000e1ac    00000040     ti_msp_dl_config.o (.text.SYSCFG_DL_UART_3_init)
                  0000e1ec    00000040     ti_msp_dl_config.o (.text.SYSCFG_DL_UART_CAMERA_init)
                  0000e22c    00000040     ti_msp_dl_config.o (.text.SYSCFG_DL_UART_WIRELESS_init)
                  0000e26c    00000040     vl53l1_api_preset_modes.o (.text.VL53L1_init_offset_cal_config_struct)
                  0000e2ac    00000040     libclang_rt.builtins.a : aeabi_uidivmod.S.obj (.text.__aeabi_uidivmod)
                  0000e2ec    00000040                            : extendsfdf2.S.obj (.text.__extendsfdf2)
                  0000e32c    00000040     libc.a : atoi.c.obj (.text.atoi)
                  0000e36c    00000040     my_vl53l1x.o (.text.my_vl53l1x_get_distance)
                  0000e3ac    0000003e     vl53l1_core.o (.text.VL53L1_init_ll_driver_state)
                  0000e3ea    00000002     --HOLE-- [fill = 0]
                  0000e3ec    0000003c     ti_msp_dl_config.o (.text.DL_Timer_setCounterControl)
                  0000e428    0000003c     vl53l1_core.o (.text.VL53L1_encode_row_col)
                  0000e464    0000003c     libclang_rt.builtins.a : floatsisf.S.obj (.text.__floatsisf)
                  0000e4a0    0000003c                            : comparesf2.S.obj (.text.__gtsf2)
                  0000e4dc    0000003c     multi_button.o (.text.button_attach)
                  0000e518    0000003c     libc.a : autoinit.c.obj (.text:__TI_auto_init_nobinit_nopinit)
                  0000e554    0000003a     vl53l1_platform.o (.text.VL53L1_RdWord)
                  0000e58e    0000003a     vl53l1_core.o (.text.VL53L1_i2c_decode_uint16_t)
                  0000e5c8    0000003a     vl53l1_api_preset_modes.o (.text.VL53L1_init_refspadchar_config_struct)
                  0000e602    00000002     --HOLE-- [fill = 0]
                  0000e604    0000003a     libclang_rt.builtins.a : comparesf2.S.obj (.text.__eqsf2)
                  0000e63e    00000002     --HOLE-- [fill = 0]
                  0000e640    0000003a                            : muldsi3.S.obj (.text.__muldsi3)
                  0000e67a    00000038     FusionAhrs.o (.text.FusionQuaternionNormalise)
                  0000e6b2    00000002     --HOLE-- [fill = 0]
                  0000e6b4    00000038     vl53l1_api_preset_modes.o (.text.VL53L1_init_ssc_config_struct)
                  0000e6ec    00000038     libclang_rt.builtins.a : fixsfsi.S.obj (.text.__fixsfsi)
                  0000e724    00000038     icm42688.o (.text.icm42688_read_reg)
                  0000e75c    00000038     libc.a : sprintf.c.obj (.text.sprintf)
                  0000e794    00000036     FusionAhrs.o (.text.FusionVectorScale)
                  0000e7ca    00000036     FusionBias.o (.text.FusionVectorScale)
                  0000e800    00000036     libclang_rt.builtins.a : floatundisf.S.obj (.text.__floatundisf)
                  0000e836    00000034     FusionAhrs.o (.text.Clamp)
                  0000e86a    00000002     --HOLE-- [fill = 0]
                  0000e86c    00000034     Drive.o (.text.Drive_Turn)
                  0000e8a0    00000034     FusionAhrs.o (.text.FusionQuaternionNormSquared)
                  0000e8d4    00000034     spi.o (.text.SPI_Unlock)
                  0000e908    00000034     ti_msp_dl_config.o (.text.SYSCFG_DL_TIMER_10ms_init)
                  0000e93c    00000034     vl53l1_api.o (.text.VL53L1_GetSequenceStepEnable)
                  0000e970    00000034     vl53l1_api.o (.text.VL53L1_SetDeviceAddress)
                  0000e9a4    00000034     libc.a : fopen.c.obj (.text.__TI_cleanup)
                  0000e9d8    00000034     libsysbm.a : trgmsg.c.obj (.text.__TI_readmsg)
                  0000ea0c    00000034                : trgmsg.c.obj (.text.__TI_writemsg)
                  0000ea40    00000034     libc.a : exit.c.obj (.text.exit)
                  0000ea74    00000034            : getdevice.c.obj (.text.finddevice)
                  0000eaa8    00000032     vl53l1_core.o (.text.VL53L1_config_low_power_auto_mode)
                  0000eada    00000002     --HOLE-- [fill = 0]
                  0000eadc    00000032     libclang_rt.builtins.a : fixunssfsi.S.obj (.text.__fixunssfsi)
                  0000eb0e    00000032     icm42688.o (.text.icm42688_write_reg)
                  0000eb40    00000030     ADC.o (.text.DL_ADC12_getMemResult)
                  0000eb70    00000030     ti_msp_dl_config.o (.text.DL_GPIO_initDigitalOutputFeatures)
                  0000eba0    00000030     ti_msp_dl_config.o (.text.DL_SPI_setFIFOThreshold)
                  0000ebd0    00000030     Drive.o (.text.Drive_Stop)
                  0000ec00    00000030     FusionBias.o (.text.FusionBiasInitialise)
                  0000ec30    00000030     tb6612.o (.text.TB6612_Init)
                  0000ec60    00000030     Usart.o (.text.UART0_IRQHandler)
                  0000ec90    00000030     libc.a : _printfi.c.obj (.text._fcpy)
                  0000ecc0    00000030     multi_button.o (.text.button_ticks)
                  0000ecf0    00000030     icm42688.o (.text.icm_spi_transfer_byte)
                  0000ed20    0000002e     FusionAhrs.o (.text.FusionVectorNormalise)
                  0000ed4e    0000002e     vl53l1_core.o (.text.VL53L1_calc_encoded_timeout)
                  0000ed7c    0000002e     vl53l1_api_core.o (.text.VL53L1_set_vhv_loopbound)
                  0000edaa    00000002     --HOLE-- [fill = 0]
                  0000edac    0000002c     ti_msp_dl_config.o (.text.SYSCFG_DL_CAPTURE_0_init)
                  0000edd8    0000002c     vl53l1_core.o (.text.VL53L1_init_version)
                  0000ee04    0000002c     Usart.o (.text.__NVIC_ClearPendingIRQ)
                  0000ee30    0000002c     ADC.o (.text.__NVIC_EnableIRQ)
                  0000ee5c    0000002c     Menu.o (.text.__NVIC_EnableIRQ)
                  0000ee88    0000002c     Usart.o (.text.__NVIC_EnableIRQ)
                  0000eeb4    0000002c     main.o (.text.__NVIC_EnableIRQ)
                  0000eee0    0000002c     libclang_rt.builtins.a : floatsidf.S.obj (.text.__floatsidf)
                  0000ef0c    0000002c     libsysbm.a : unlink.c.obj (.text.unlink)
                  0000ef38    0000002a     FusionAhrs.o (.text.FusionVectorNormSquared)
                  0000ef62    0000002a     PID.o (.text.PID_SetLimit)
                  0000ef8c    0000002a     vl53l1_core.o (.text.VL53L1_calc_decoded_timeout_us)
                  0000efb6    00000002     --HOLE-- [fill = 0]
                  0000efb8    00000028     ti_msp_dl_config.o (.text.DL_ADC12_configHwAverage)
                  0000efe0    00000028     IOI2C.o (.text.DL_Common_updateReg)
                  0000f008    00000028     ti_msp_dl_config.o (.text.DL_Common_updateReg)
                  0000f030    00000028     ti_msp_dl_config.o (.text.DL_I2C_setControllerRXFIFOThreshold)
                  0000f058    00000028     ti_msp_dl_config.o (.text.DL_I2C_setControllerTXFIFOThreshold)
                  0000f080    00000028     Delay.o (.text.Delay_ms)
                  0000f0a8    00000028     Delay.o (.text.Delay_us)
                  0000f0d0    00000028     tb6612.o (.text.TB6612_SetRightMotor)
                  0000f0f8    00000028     vl53l1_api.o (.text.VL53L1_WaitDeviceBooted)
                  0000f120    00000028     libclang_rt.builtins.a : floatunsisf.S.obj (.text.__floatunsisf)
                  0000f148    00000028     libc.a : memory.c.obj (.text.free_list_insert)
                  0000f170    00000028     libsysbm.a : lseek.c.obj (.text.lseek)
                  0000f198    00000028                : write.c.obj (.text.write)
                  0000f1c0    00000028     libc.a : boot_cortex_m.c.obj (.text:_c_int00_noargs)
                  0000f1e8    00000026     ti_msp_dl_config.o (.text.DL_I2C_setAnalogGlitchFilterPulseWidth)
                  0000f20e    00000026     driverlib.a : dl_i2c.o (.text.DL_I2C_setClockConfig)
                  0000f234    00000026     vl53l1_platform.o (.text.VL53L1_WaitUs)
                  0000f25a    00000002     --HOLE-- [fill = 0]
                  0000f25c    00000024     ti_msp_dl_config.o (.text.DL_SPI_setBitRateSerialClockDivider)
                  0000f280    00000024     FusionAhrs.o (.text.FusionQuaternionSum)
                  0000f2a4    00000024     tb6612.o (.text.TB6612_SetLeftMotor)
                  0000f2c8    00000024     vl53l1_api_core.o (.text.VL53L1_set_lite_min_count_rate)
                  0000f2ec    00000024     vl53l1_api_core.o (.text.VL53L1_set_lite_sigma_threshold)
                  0000f310    00000024     libclang_rt.builtins.a : floatunsidf.S.obj (.text.__floatunsidf)
                  0000f334    00000024                            : muldi3.S.obj (.text.__muldi3)
                  0000f358    00000022     IOI2C.o (.text.IICwriteByte)
                  0000f37a    00000022     PID.o (.text.PID_SetK)
                  0000f39c    00000022     vl53l1_core.o (.text.VL53L1_calc_timeout_mclks)
                  0000f3be    00000022     vl53l1_core.o (.text.VL53L1_decode_zone_size)
                  0000f3e0    00000022     libc.a : memccpy.c.obj (.text.memccpy)
                  0000f402    00000002     --HOLE-- [fill = 0]
                  0000f404    00000020     ti_msp_dl_config.o (.text.DL_GPIO_initPeripheralInputFunction)
                  0000f424    00000020     ti_msp_dl_config.o (.text.DL_SYSCTL_setFlashWaitState)
                  0000f444    00000020     Drive.o (.text.Drive_Straight_SetK)
                  0000f464    00000020     Drive.o (.text.Drive_Turn_SetK)
                  0000f484    00000020     FusionAhrs.o (.text.FusionAhrsGetQuaternion)
                  0000f4a4    00000020     Usart.o (.text.Uart_Init)
                  0000f4c4    00000020     vl53l1_core_support.o (.text.VL53L1_calc_pll_period_us)
                  0000f4e4    0000001e     ti_msp_dl_config.o (.text.DL_ADC12_setPowerDownMode)
                  0000f502    0000001e     ti_msp_dl_config.o (.text.DL_UART_setOversampling)
                  0000f520    0000001e     vl53l1_core.o (.text.VL53L1_decode_timeout)
                  0000f53e    00000002     --HOLE-- [fill = 0]
                  0000f540    0000001e     libclang_rt.builtins.a : ashldi3.S.obj (.text.__ashldi3)
                  0000f55e    00000002     --HOLE-- [fill = 0]
                  0000f560    0000001c     ADC.o (.text.ADC_Init)
                  0000f57c    0000001c     Bat.o (.text.Bat_Init)
                  0000f598    0000001c     ti_msp_dl_config.o (.text.DL_ADC12_clearInterruptStatus)
                  0000f5b4    0000001c     ti_msp_dl_config.o (.text.DL_ADC12_enableInterrupt)
                  0000f5d0    0000001c     ADC.o (.text.DL_ADC12_startConversion)
                  0000f5ec    0000001c     Bat.o (.text.DL_ADC12_startConversion)
                  0000f608    0000001c     Interrupt.o (.text.DL_GPIO_clearInterruptStatus)
                  0000f624    0000001c     ti_msp_dl_config.o (.text.DL_GPIO_clearInterruptStatus)
                  0000f640    0000001c     ti_msp_dl_config.o (.text.DL_GPIO_enableHiZ)
                  0000f65c    0000001c     ti_msp_dl_config.o (.text.DL_GPIO_enableInterrupt)
                  0000f678    0000001c     ti_msp_dl_config.o (.text.DL_GPIO_initPeripheralOutputFunction)
                  0000f694    0000001c     ti_msp_dl_config.o (.text.DL_GPIO_setLowerPinsInputFilter)
                  0000f6b0    0000001c     ti_msp_dl_config.o (.text.DL_GPIO_setLowerPinsPolarity)
                  0000f6cc    0000001c     ti_msp_dl_config.o (.text.DL_GPIO_setUpperPinsInputFilter)
                  0000f6e8    0000001c     IOI2C.o (.text.DL_I2C_isControllerRXFIFOEmpty)
                  0000f704    0000001c     driverlib.a : dl_sysctl_mspm0g1x0x_g3x0x.o (.text.DL_SYSCTL_configFCC)
                  0000f720    0000001c     ti_msp_dl_config.o (.text.DL_SYSCTL_setFCCPeriods)
                  0000f73c    0000001c     ti_msp_dl_config.o (.text.DL_SYSCTL_setSYSOSCFreq)
                  0000f758    0000001c     ti_msp_dl_config.o (.text.DL_SYSCTL_setULPCLKDivider)
                  0000f774    0000001c     ti_msp_dl_config.o (.text.DL_Timer_enableInterrupt)
                  0000f790    0000001c     driverlib.a : dl_timer.o (.text.DL_Timer_setCaptCompUpdateMethod)
                  0000f7ac    0000001c                 : dl_timer.o (.text.DL_Timer_setClockConfig)
                  0000f7c8    0000001c     ti_msp_dl_config.o (.text.DL_UART_enableInterrupt)
                  0000f7e4    0000001c     FusionAhrs.o (.text.FusionAhrsInitialise)
                  0000f800    0000001c     FusionAhrs.o (.text.FusionVectorSum)
                  0000f81c    0000001c     Usart.o (.text.GetLength)
                  0000f838    0000001c     vl53l1_core.o (.text.VL53L1_encode_zone_size)
                  0000f854    0000001c     libc.a : memory.c.obj (.text.free_list_remove)
                  0000f870    0000001a     Interrupt.o (.text.ADC0_IRQHandler)
                  0000f88a    0000001a     vl53l1_core_support.o (.text.VL53L1_decode_vcsel_period)
                  0000f8a4    00000018     ADC.o (.text.ADC_Callback)
                  0000f8bc    00000018     ti_msp_dl_config.o (.text.DL_ADC12_enablePower)
                  0000f8d4    00000018     ti_msp_dl_config.o (.text.DL_ADC12_reset)
                  0000f8ec    00000018     ti_msp_dl_config.o (.text.DL_ADC12_setSampleTime0)
                  0000f904    00000018     ti_msp_dl_config.o (.text.DL_GPIO_enableOutput)
                  0000f91c    00000018     ti_msp_dl_config.o (.text.DL_GPIO_enablePower)
                  0000f934    00000018     Interrupt.o (.text.DL_GPIO_getEnabledInterruptStatus)
                  0000f94c    00000018     ti_msp_dl_config.o (.text.DL_GPIO_initDigitalOutput)
                  0000f964    00000018     ti_msp_dl_config.o (.text.DL_GPIO_reset)
                  0000f97c    00000018     Grayscale.o (.text.DL_GPIO_setPins)
                  0000f994    00000018     OLED.o (.text.DL_GPIO_setPins)
                  0000f9ac    00000018     my_vl53l1x.o (.text.DL_GPIO_setPins)
                  0000f9c4    00000018     spi.o (.text.DL_GPIO_setPins)
                  0000f9dc    00000018     tb6612.o (.text.DL_GPIO_setPins)
                  0000f9f4    00000018     ti_msp_dl_config.o (.text.DL_GPIO_setPins)
                  0000fa0c    00000018     ti_msp_dl_config.o (.text.DL_GPIO_setUpperPinsPolarity)
                  0000fa24    00000018     IOI2C.o (.text.DL_I2C_clearInterruptStatus)
                  0000fa3c    00000018     ti_msp_dl_config.o (.text.DL_I2C_enableAnalogGlitchFilter)
                  0000fa54    00000018     ti_msp_dl_config.o (.text.DL_I2C_enableController)
                  0000fa6c    00000018     ti_msp_dl_config.o (.text.DL_I2C_enableControllerClockStretching)
                  0000fa84    00000018     ti_msp_dl_config.o (.text.DL_I2C_enablePower)
                  0000fa9c    00000018     IOI2C.o (.text.DL_I2C_getRawInterruptStatus)
                  0000fab4    00000018     ti_msp_dl_config.o (.text.DL_I2C_reset)
                  0000facc    00000018     ti_msp_dl_config.o (.text.DL_I2C_setTimerPeriod)
                  0000fae4    00000018     ti_msp_dl_config.o (.text.DL_SPI_enable)
                  0000fafc    00000018     ti_msp_dl_config.o (.text.DL_SPI_enablePower)
                  0000fb14    00000018     OLED.o (.text.DL_SPI_isBusy)
                  0000fb2c    00000018     icm42688.o (.text.DL_SPI_isBusy)
                  0000fb44    00000018     ti_msp_dl_config.o (.text.DL_SPI_reset)
                  0000fb5c    00000018     ti_msp_dl_config.o (.text.DL_SYSCTL_setBORThreshold)
                  0000fb74    00000018     ti_msp_dl_config.o (.text.DL_Timer_enablePower)
                  0000fb8c    00000018     ti_msp_dl_config.o (.text.DL_Timer_reset)
                  0000fba4    00000018     driverlib.a : dl_timer.o (.text.DL_Timer_setCaptureCompareOutCtl)
                  0000fbbc    00000018     Menu.o (.text.DL_Timer_startCounter)
                  0000fbd4    00000018     main.o (.text.DL_Timer_startCounter)
                  0000fbec    00000018     tb6612.o (.text.DL_Timer_startCounter)
                  0000fc04    00000018     ti_msp_dl_config.o (.text.DL_UART_enablePower)
                  0000fc1c    00000018     ti_msp_dl_config.o (.text.DL_UART_reset)
                  0000fc34    00000018     FusionAhrs.o (.text.FusionDegreesToRadians)
                  0000fc4c    00000018     IMU.o (.text.FusionRadiansToDegrees)
                  0000fc64    00000018     Key.o (.text.Key_Num_Get)
                  0000fc7c    00000018     Grayscale.o (.text.Read_OUT_value)
                  0000fc94    00000018     Key.o (.text.SingleClickCallback)
                  0000fcac    00000018     Interrupt.o (.text.TIMG0_IRQHandler)
                  0000fcc4    00000018     libc.a : sprintf.c.obj (.text._outs)
                  0000fcdc    00000018     icm42688.o (.text.delay_ms)
                  0000fcf4    00000016     Bat.o (.text.DL_ADC12_enableConversions)
                  0000fd0a    00000016     ti_msp_dl_config.o (.text.DL_ADC12_enableConversions)
                  0000fd20    00000016     Encoder.o (.text.DL_GPIO_readPins)
                  0000fd36    00000016     Grayscale.o (.text.DL_GPIO_readPins)
                  0000fd4c    00000016     Key.o (.text.DL_GPIO_readPins)
                  0000fd62    00000016     icm42688.o (.text.DL_GPIO_readPins)
                  0000fd78    00000016     tb6612.o (.text.DL_GPIO_readPins)
                  0000fd8e    00000016     OLED.o (.text.DL_SPI_transmitData8)
                  0000fda4    00000016     icm42688.o (.text.DL_SPI_transmitData8)
                  0000fdba    00000016     ti_msp_dl_config.o (.text.DL_UART_enable)
                  0000fdd0    00000016     libc.a : k_rem_pio2.c.obj (.text.OUTLINED_FUNCTION_0)
                  0000fde6    00000002     --HOLE-- [fill = 0]
                  0000fde8    00000010     libclang_rt.builtins.a : adddf3.S.obj (.tramp.__aeabi_dadd.1)
                  0000fdf8    00000014     ADC.o (.text.ADC_Read)
                  0000fe0c    00000014     Grayscale.o (.text.DL_GPIO_clearPins)
                  0000fe20    00000014     OLED.o (.text.DL_GPIO_clearPins)
                  0000fe34    00000014     my_vl53l1x.o (.text.DL_GPIO_clearPins)
                  0000fe48    00000014     spi.o (.text.DL_GPIO_clearPins)
                  0000fe5c    00000014     tb6612.o (.text.DL_GPIO_clearPins)
                  0000fe70    00000014     ti_msp_dl_config.o (.text.DL_GPIO_clearPins)
                  0000fe84    00000014     IOI2C.o (.text.DL_I2C_getControllerStatus)
                  0000fe98    00000014     IOI2C.o (.text.DL_I2C_receiveControllerData)
                  0000feac    00000014     ti_msp_dl_config.o (.text.DL_I2C_resetControllerTransfer)
                  0000fec0    00000014     OLED.o (.text.DL_SPI_receiveData8)
                  0000fed4    00000014     icm42688.o (.text.DL_SPI_receiveData8)
                  0000fee8    00000014     ti_msp_dl_config.o (.text.DL_SYSCTL_disableSYSPLL)
                  0000fefc    00000014     ti_msp_dl_config.o (.text.DL_SYSCTL_enableSYSPLL)
                  0000ff10    00000014     ti_msp_dl_config.o (.text.DL_Timer_enableClock)
                  0000ff24    00000014     ti_msp_dl_config.o (.text.DL_Timer_setCCPDirection)
                  0000ff38    00000014     Usart.o (.text.DL_UART_receiveData)
                  0000ff4c    00000014     Encoder.o (.text.Encoder_Speed_Get_LEFT)
                  0000ff60    00000014     Encoder.o (.text.Encoder_Speed_Get_RIGHT)
                  0000ff74    00000014     vl53l1_platform.o (.text.VL53L1_WaitMs)
                  0000ff88    00000014     libclang_rt.builtins.a : aeabi_uldivmod.S.obj (.text.__aeabi_uldivmod)
                  0000ff9c    00000014     libc.a : _printfi.c.obj (.text.strchr)
                  0000ffb0    00000012     Interrupt.o (.text.DL_ADC12_getPendingInterrupt)
                  0000ffc2    00000012     driverlib.a : dl_spi.o (.text.DL_SPI_setClockConfig)
                  0000ffd4    00000012     Usart.o (.text.DL_UART_getPendingInterrupt)
                  0000ffe6    00000012     driverlib.a : dl_uart.o (.text.DL_UART_setClockConfig)
                  0000fff8    00000012     multi_button.o (.text.button_read_level)
                  0001000a    00000012     libc.a : memcpy16.S.obj (.text:TI_memcpy_small)
                  0001001c    00000012            : copy_decompress_none.c.obj (.text:decompress:none)
                  0001002e    00000002     --HOLE-- [fill = 0]
                  00010030    00000010     ti_msp_dl_config.o (.text.DL_SYSCTL_disableHFXT)
                  00010040    00000010     ti_msp_dl_config.o (.text.DL_SYSCTL_isFCCDone)
                  00010050    00000010     ti_msp_dl_config.o (.text.DL_SYSCTL_startFCC)
                  00010060    00000010     driverlib.a : dl_timer.o (.text.DL_Timer_setCaptureCompareValue)
                  00010070    00000010     IOI2C.o (.text.IIC_Delay_ms)
                  00010080    00000010     libc.a : k_rem_pio2.c.obj (.text.OUTLINED_FUNCTION_2)
                  00010090    00000010     PID.o (.text.PID_SetGoal)
                  000100a0    00000010     ti_msp_dl_config.o (.text.SYSCFG_DL_SYSTICK_init)
                  000100b0    00000010     Delay.o (.text.SysTick_Handler)
                  000100c0    00000010     Grayscale.o (.text.delay_us)
                  000100d0    00000010     libc.a : wcslen.c.obj (.text.wcslen)
                  000100e0    00000010            : copy_zero_init.c.obj (.text:decompress:ZI)
                  000100f0    0000000e            : memory.c.obj (.text.OUTLINED_FUNCTION_0)
                  000100fe    00000002     --HOLE-- [fill = 0]
                  00010100    0000000e     libclang_rt.builtins.a : aeabi_memset.S.obj (.text.__aeabi_memset)
                  0001010e    0000000e     libsysbm.a : hostrename.c.obj (.text.strcpy)
                  0001011c    0000000e     libc.a : _printfi.c.obj (.text.strlen)
                  0001012a    0000000e     libsysbm.a : hostrename.c.obj (.text.strlen)
                  00010138    0000000e     libc.a : memset16.S.obj (.text:TI_memset_small)
                  00010146    00000002     --HOLE-- [fill = 0]
                  00010148    0000000c     ti_msp_dl_config.o (.text.DL_SYSCTL_getClockStatus)
                  00010154    0000000c     ti_msp_dl_config.o (.text.DL_SYSCTL_readFCC)
                  00010160    0000000c     Usart.o (.text.GetRemain)
                  0001016c    0000000c     Delay.o (.text.Get_ms)
                  00010178    0000000c     libclang_rt.builtins.a : aeabi_memset.S.obj (.text.__aeabi_memclr)
                  00010184    0000000c     icm42688.o (.text.icm_cs_high)
                  00010190    0000000c     icm42688.o (.text.icm_cs_low)
                  0001019c    0000000c     libc.a : memory.c.obj (.text.malloc)
                  000101a8    0000000a     driverlib.a : dl_common.o (.text.DL_Common_delayCycles)
                  000101b2    0000000a     libc.a : _printfi.c.obj (.text.OUTLINED_FUNCTION_0)
                  000101bc    00000010     libclang_rt.builtins.a : adddf3.S.obj (.tramp.__aeabi_dsub.1)
                  000101cc    0000000a     libc.a : _printfi.c.obj (.text.OUTLINED_FUNCTION_1)
                  000101d6    0000000a            : k_rem_pio2.c.obj (.text.OUTLINED_FUNCTION_1)
                  000101e0    0000000a            : s_cosf.c.obj (.text.OUTLINED_FUNCTION_3)
                  000101ea    0000000a            : s_sinf.c.obj (.text.OUTLINED_FUNCTION_3)
                  000101f4    0000000a            : sprintf.c.obj (.text._outc)
                  000101fe    00000008     Laser_Distance.o (.text.Laser_Distance_Init)
                  00010206    00000008     Interrupt.o (.text.TIMG7_IRQHandler)
                  0001020e    00000002     --HOLE-- [fill = 0]
                  00010210    00000008     libc.a : aeabi_portable.c.obj (.text.__aeabi_errno_addr)
                  00010218    00000008     libclang_rt.builtins.a : aeabi_memcpy.S.obj (.text.__aeabi_memcpy)
                  00010220    00000008     libc.a : printf.c.obj (.text._outc)
                  00010228    00000008            : printf.c.obj (.text._outs)
                  00010230    00000008     icm42688.o (.text.bsp_Icm42688Init)
                  00010238    00000008     libc.a : fseek.c.obj (.text.fseek)
                  00010240    00000008     libsysbm.a : remove.c.obj (.text.remove)
                  00010248    00000006     libc.a : e_asinf.c.obj (.text.OUTLINED_FUNCTION_0)
                  0001024e    00000002     --HOLE-- [fill = 0]
                  00010250    00000010     libclang_rt.builtins.a : mulsf3.S.obj (.tramp.__aeabi_fmul.1)
                  00010260    00000006     libc.a : s_atanf.c.obj (.text.OUTLINED_FUNCTION_0)
                  00010266    00000002     --HOLE-- [fill = 0]
                  00010268    00000010     libclang_rt.builtins.a : divsf3.S.obj (.tramp.__aeabi_fdiv.1)
                  00010278    00000006     libc.a : s_cosf.c.obj (.text.OUTLINED_FUNCTION_0)
                  0001027e    00000002     --HOLE-- [fill = 0]
                  00010280    00000010     libclang_rt.builtins.a : muldf3.S.obj (.tramp.__aeabi_dmul.1)
                  00010290    00000006     libc.a : s_sinf.c.obj (.text.OUTLINED_FUNCTION_0)
                  00010296    00000006            : e_powf.c.obj (.text.OUTLINED_FUNCTION_1)
                  0001029c    00000006            : s_cosf.c.obj (.text.OUTLINED_FUNCTION_1)
                  000102a2    00000006            : s_sinf.c.obj (.text.OUTLINED_FUNCTION_1)
                  000102a8    00000006            : e_powf.c.obj (.text.OUTLINED_FUNCTION_3)
                  000102ae    00000002     --HOLE-- [fill = 0]
                  000102b0    00000010     libclang_rt.builtins.a : addsf3.S.obj (.tramp.__aeabi_fadd.1)
                  000102c0    00000006     libc.a : e_powf.c.obj (.text.OUTLINED_FUNCTION_4)
                  000102c6    00000002     --HOLE-- [fill = 0]
                  000102c8    00000010     libclang_rt.builtins.a : addsf3.S.obj (.tramp.__aeabi_fsub.1)
                  000102d8    00000006     libc.a : e_powf.c.obj (.text.OUTLINED_FUNCTION_5)
                  000102de    00000006            : e_powf.c.obj (.text.OUTLINED_FUNCTION_6)
                  000102e4    00000006            : exit.c.obj (.text:abort)
                  000102ea    00000004     startup_mspm0g350x_ticlang.o (.text.Default_Handler)
                  000102ee    00000004     libsysbm.a : hostexit.c.obj (.text.HOSTexit)
                  000102f2    00000004     libc.a : e_powf.c.obj (.text.OUTLINED_FUNCTION_0)
                  000102f6    00000004            : s_atanf.c.obj (.text.OUTLINED_FUNCTION_1)
                  000102fa    00000004            : e_powf.c.obj (.text.OUTLINED_FUNCTION_2)
                  000102fe    00000004            : s_cosf.c.obj (.text.OUTLINED_FUNCTION_2)
                  00010302    00000002     --HOLE-- [fill = 0]
                  00010304    00000010     libclang_rt.builtins.a : extendsfdf2.S.obj (.tramp.__aeabi_f2d.1)
                  00010314    00000004     libc.a : s_sinf.c.obj (.text.OUTLINED_FUNCTION_2)
                  00010318    00000004            : e_powf.c.obj (.text.OUTLINED_FUNCTION_7)
                  0001031c    00000004            : e_powf.c.obj (.text.OUTLINED_FUNCTION_8)
                  00010320    00000004     startup_mspm0g350x_ticlang.o (.text.Reset_Handler)
                  00010324    00000010     libc.a : boot_cortex_m.c.obj (.tramp._c_int00_noargs.1)
                  00010334    00000004            : pre_init.c.obj (.text._system_pre_init)
                  00010338    00000008     --HOLE-- [fill = 0]

.cinit     0    000122f0    000000e8     
                  000122f0    000000c2     (.cinit..data.load) [load image, compression = lzss]
                  000123b2    00000002     --HOLE-- [fill = 0]
                  000123b4    0000000c     (__TI_handler_table)
                  000123c0    00000008     (.cinit..bss.load) [load image, compression = zero_init]
                  000123c8    00000010     (__TI_cinit_table)

.rodata    0    00010340    00001fb0     
                  00010340    00000d5c     OLED.o (.rodata.asc2_2412)
                  0001109c    000005f0     OLED.o (.rodata.asc2_1608)
                  0001168c    00000474     OLED.o (.rodata.asc2_1206)
                  00011b00    00000228     OLED.o (.rodata.asc2_0806)
                  00011d28    00000108     libc.a : k_rem_pio2.c.obj (.rodata.ipio2)
                  00011e30    00000101            : aeabi_ctype.S.obj (.rodata:__aeabi_ctype_table_)
                  00011f31    00000064     Menu.o (.rodata..L__const.Menu1.Oled_str)
                  00011f95    00000003     ti_msp_dl_config.o (.rodata.gCAPTURE_0ClockConfig)
                  00011f98    00000040     libc.a : k_rem_pio2.c.obj (.rodata.PIo2)
                  00011fd8    00000030     vl53l1x.o (.rodata.str1.8665556936548998902.1)
                  00012008    00000028     ti_msp_dl_config.o (.rodata.gSYSPLLConfig)
                  00012030    00000024     IMU.o (.rodata.accelerometerMisalignment)
                  00012054    00000024     IMU.o (.rodata.gyroscopeMisalignment)
                  00012078    00000020     libc.a : s_atanf.c.obj (.rodata.cst16)
                  00012098    0000001c     vl53l1x.o (.rodata.str1.12793480914977007934.1)
                  000120b4    0000001c     vl53l1x.o (.rodata.str1.9889896138451333030.1)
                  000120d0    0000001b     vl53l1x.o (.rodata.str1.3978240886075957214.1)
                  000120eb    00000001     --HOLE-- [fill = 0]
                  000120ec    00000018     IMU.o (.rodata..L__const.IMU_init.settings)
                  00012104    00000018     libc.a : e_powf.c.obj (.rodata.cst8)
                  0001211c    00000018     FusionAhrs.o (.rodata.fusionAhrsDefaultSettings)
                  00012134    00000016     vl53l1x.o (.rodata.str1.6185141677119688064.1)
                  0001214a    00000002     ti_msp_dl_config.o (.rodata.gI2C_0ClockConfig)
                  0001214c    00000014     ti_msp_dl_config.o (.rodata.gTIMER_10msTimerConfig)
                  00012160    00000014     ti_msp_dl_config.o (.rodata.gTIMER_2msTimerConfig)
                  00012174    00000013     vl53l1x.o (.rodata.str1.18438805956943837306.1)
                  00012187    00000011     libc.a : _printfi.c.obj (.rodata.str1.10348868589481759720.1)
                  00012198    00000011            : _printfi.c.obj (.rodata.str1.15363888844622738466.1)
                  000121a9    00000003     ti_msp_dl_config.o (.rodata.gPWM_BUZZERClockConfig)
                  000121ac    00000010     libc.a : k_rem_pio2.c.obj (.rodata.cst16)
                  000121bc    00000010     ti_msp_dl_config.o (.rodata.gCAPTURE_0CaptureConfig)
                  000121cc    0000000f     Drive_Test.o (.rodata.str1.13941598251634487449.1)
                  000121db    00000001     --HOLE-- [fill = 0]
                  000121dc    0000000c     driverlib.a : dl_timer.o (.rodata..Lswitch.table.DL_Timer_initCompareMode)
                  000121e8    0000000c     IMU.o (.rodata.accelerometerSensitivity)
                  000121f4    0000000c     FusionBias.o (.rodata.fusionBiasDefaultSettings)
                  00012200    0000000c     IMU.o (.rodata.gyroscopeSensitivity)
                  0001220c    0000000c     Menu.o (.rodata.str1.8721527077261019176.1)
                  00012218    0000000b     Menu.o (.rodata.str1.6861178536336447274.1)
                  00012223    0000000b     Drive_Test.o (.rodata.str1.7308894419571814608.1)
                  0001222e    0000000a     ti_msp_dl_config.o (.rodata.gSPI_1_config)
                  00012238    0000000a     ti_msp_dl_config.o (.rodata.gUARTConfig)
                  00012242    0000000a     ti_msp_dl_config.o (.rodata.gUART_3Config)
                  0001224c    0000000a     ti_msp_dl_config.o (.rodata.gUART_CAMERAConfig)
                  00012256    0000000a     ti_msp_dl_config.o (.rodata.gUART_WIRELESSConfig)
                  00012260    00000009     Drive_Test.o (.rodata.str1.13758461314776498097.1)
                  00012269    00000009     Drive_Test.o (.rodata.str1.4579990903436069613.1)
                  00012272    00000009     Menu.o (.rodata.str1.7966588199421351382.1)
                  0001227b    00000009     Drive_Test.o (.rodata.str1.8827609664078628109.1)
                  00012284    00000008     ti_msp_dl_config.o (.rodata.gBAT_ADCClockConfig)
                  0001228c    00000008     ti_msp_dl_config.o (.rodata.gPWM_BUZZERConfig)
                  00012294    00000008     ti_msp_dl_config.o (.rodata.gPWM_MotorConfig)
                  0001229c    00000008     ti_msp_dl_config.o (.rodata.gPWM_SERVOConfig)
                  000122a4    00000005     Menu.o (.rodata.str1.1098091462982422289.1)
                  000122a9    00000005     Drive_Test.o (.rodata.str1.15896734989374709812.1)
                  000122ae    00000005     Menu.o (.rodata.str1.18115416190144698338.1)
                  000122b3    00000005     Menu.o (.rodata.str1.1935486371266507067.1)
                  000122b8    00000005     Menu.o (.rodata.str1.9841660847886513821.1)
                  000122bd    00000004     Drive_Test.o (.rodata.str1.2519219660703878989.1)
                  000122c1    00000004     Menu.o (.rodata.str1.6820664590745422330.1)
                  000122c5    00000003     ti_msp_dl_config.o (.rodata.gPWM_MotorClockConfig)
                  000122c8    00000003     ti_msp_dl_config.o (.rodata.gPWM_SERVOClockConfig)
                  000122cb    00000003     ti_msp_dl_config.o (.rodata.gTIMER_10msClockConfig)
                  000122ce    00000003     ti_msp_dl_config.o (.rodata.gTIMER_2msClockConfig)
                  000122d1    00000003     Drive_Test.o (.rodata.str1.10796991777907615066.1)
                  000122d4    00000003     Drive_Test.o (.rodata.str1.14256352610165595184.1)
                  000122d7    00000003     Menu.o (.rodata.str1.4806154545314587828.1)
                  000122da    00000003     Drive_Test.o (.rodata.str1.6512950051259863809.1)
                  000122dd    00000003     Drive_Test.o (.rodata.str1.7434867084307694284.1)
                  000122e0    00000003     Drive_Test.o (.rodata.str1.8362744727703666087.1)
                  000122e3    00000002     ti_msp_dl_config.o (.rodata.gSPI_1_clockConfig)
                  000122e5    00000002     ti_msp_dl_config.o (.rodata.gUARTClockConfig)
                  000122e7    00000002     ti_msp_dl_config.o (.rodata.gUART_3ClockConfig)
                  000122e9    00000002     ti_msp_dl_config.o (.rodata.gUART_CAMERAClockConfig)
                  000122eb    00000002     ti_msp_dl_config.o (.rodata.gUART_WIRELESSClockConfig)
                  000122ed    00000003     --HOLE-- [fill = 0]

.init_array 
*          0    00000000    00000000     UNINITIALIZED

.binit     0    00000000    00000000     

.bss       0    20200000    00001955     UNINITIALIZED
                  20200000    00000aec     (.common:VL53_)
                  20200aec    00000480     (.common:OLED_GRAM)
                  20200f6c    00000190     (.common:FIFO_Buffer)
                  202010fc    00000120     libsysbm.a : trgmsg.c.obj (.bss:_CIOBUF_)
                  2020121c    00000100     (.common:Buffer)
                  2020131c    000000c0     Key.o (.bss.key)
                  202013dc    000000bc     (.common:gPWM_BUZZERBackup)
                  20201498    000000bc     (.common:gPWM_SERVOBackup)
                  20201554    000000a0     libc.a : defs.c.obj (.bss.__TI_tmpnams)
                  202015f4    000000a0     (.common:gPWM_MotorBackup)
                  20201694    000000a0     (.common:gTIMER_2msBackup)
                  20201734    00000080     (.common:ahrs)
                  202017b4    00000004            : memory.c.obj (.bss.sys_free)
                  202017b8    00000038     (.common:pid_angle_drive)
                  202017f0    00000038     (.common:pid_left)
                  20201828    00000038     (.common:pid_right)
                  20201860    00000038     (.common:pid_straight_drive)
                  20201898    00000030     (.common:gUART_3Backup)
                  202018c8    00000028     (.common:gSPI_1Backup)
                  202018f0    00000024     (.common:bias)
                  20201914    0000001e     (.common:str)
                  20201932    00000002     (.common:ADC_RawValue)
                  20201934    0000000c     my_vl53l1x.o (.bss.filtered_distance_)
                  20201940    0000000c     (.common:distance_)
                  2020194c    00000008     libsysbm.a : hostopen.c.obj (.bss.parmbuf)
                  20201954    00000001     (.common:data)

.sysmem    0    20201958    00000800     UNINITIALIZED
                  20201958    00000010     libc.a : memory.c.obj (.sysmem)
                  20201968    000007f0     --HOLE--

.data      0    20202158    0000031c     UNINITIALIZED
                  20202158    000000f0     libc.a : defs.c.obj (.data._ftable)
                  20202248    00000078     libsysbm.a : host_device.c.obj (.data._device)
                  202022c0    00000050                : host_device.c.obj (.data._stream)
                  20202310    00000038     vl53l1x.o (.data.Mode_data)
                  20202348    00000024     spi.o (.data.spi_devices)
                  2020236c    0000000c     IMU.o (.data.accelerometerOffset)
                  20202378    0000000c     IMU.o (.data.gyroscopeOffset)
                  20202384    00000008     libc.a : exit.c.obj (.data..L_MergedGlobals)
                  2020238c    00000004     Bat.o (.data.Battery_Voltage)
                  20202390    00000008     Encoder.o (.data.duration_time)
                  20202398    00000008     Encoder.o (.data.encoder_count_l)
                  202023a0    00000008     Encoder.o (.data.encoder_count_l_10ms)
                  202023a8    00000008     Encoder.o (.data.encoder_count_l_last)
                  202023b0    00000008     Encoder.o (.data.encoder_count_r)
                  202023b8    00000008     Encoder.o (.data.encoder_count_r_10ms)
                  202023c0    00000008     Encoder.o (.data.encoder_count_r_last)
                  202023c8    00000008     Encoder.o (.data.last_10ms_update)
                  202023d0    00000004     Drive_Test.o (.data.Drive_Test3.lastTick)
                  202023d4    00000004     Drive_Test.o (.data.Drive_Test_Set.lastTick)
                  202023d8    00000004     Drive_Test.o (.data.Goal_Angle)
                  202023dc    00000004     Motor.o (.data.Goal_Speed_Left)
                  202023e0    00000004     Motor.o (.data.Goal_Speed_Right)
                  202023e4    00000004     Drive.o (.data.Goal_Straight_Angle)
                  202023e8    00000004     Drive.o (.data.Goal_Turn_Angle)
                  202023ec    00000004     Drive_Test.o (.data.Kd)
                  202023f0    00000004     Drive_Test.o (.data.Kd_Step)
                  202023f4    00000004     Drive_Test.o (.data.Ki)
                  202023f8    00000004     Drive_Test.o (.data.Ki_Step)
                  202023fc    00000004     Drive_Test.o (.data.Kp)
                  20202400    00000004     Drive_Test.o (.data.Kp_Step)
                  20202404    00000004     Delay.o (.data.MS)
                  20202408    00000004     Menu.o (.data.Menu1.lastTick)
                  2020240c    00000004     Menu.o (.data.Menu2_Task1.lastTick)
                  20202410    00000004     Menu.o (.data.Menu_Pre.lastTick)
                  20202414    00000004     Delay.o (.data.US)
                  20202418    00000004     libc.a : defs.c.obj (.data.__TI_ft_end)
                  2020241c    00000004            : aeabi_portable.c.obj (.data.__aeabi_errno)
                  20202420    00000004            : _lock.c.obj (.data._lock)
                  20202424    00000004            : _lock.c.obj (.data._unlock)
                  20202428    00000004     icm42688.o (.data.accSensitivity)
                  2020242c    00000004     Encoder.o (.data.direction_l)
                  20202430    00000004     Encoder.o (.data.direction_r)
                  20202434    00000004     Encoder.o (.data.filtered_speed_l)
                  20202438    00000004     Encoder.o (.data.filtered_speed_r)
                  2020243c    00000004     icm42688.o (.data.gyroSensitivity)
                  20202440    00000004     multi_button.o (.data.head_handle)
                  20202444    00000004     Encoder.o (.data.last_edge_l)
                  20202448    00000004     Encoder.o (.data.last_edge_r)
                  2020244c    00000004     Delay.o (.data.now_tick)
                  20202450    00000004     Encoder.o (.data.raw_speed_cap_l)
                  20202454    00000004     Encoder.o (.data.raw_speed_cap_r)
                  20202458    00000004     Drive.o (.data.speed)
                  2020245c    00000002     icm42688.o (.data.data_length)
                  2020245e    00000001     Drive_Test.o (.data.Goal_Angle_Step)
                  2020245f    00000001     icm42688.o (.data.ICM42688_is_initialized)
                  20202460    00000001     IMU.o (.data.IMU_initialized)
                  20202461    00000001     Menu.o (.data.Key)
                  20202462    00000001     Usart.o (.data.ReadIndex)
                  20202463    00000001     Usart.o (.data.WriteIndex)
                  20202464    00000001     Drive.o (.data.angle_tick)
                  20202465    00000001     Drive.o (.data.cmd_angle_drive)
                  20202466    00000001     Bat.o (.data.cmd_bat)
                  20202467    00000001     Motor.o (.data.cmd_left_speed)
                  20202468    00000001     Motor.o (.data.cmd_right_speed)
                  20202469    00000001     Drive.o (.data.cmd_straight_drive)
                  2020246a    00000001     Key.o (.data.key_num)
                  2020246b    00000001     Drive_Test.o (.data.menu_index)
                  2020246c    00000001     libc.a : memory.c.obj (.data.memory_is_initialized)
                  2020246d    00000001     Encoder.o (.data.new_edge_l)
                  2020246e    00000001     Encoder.o (.data.new_edge_r)
                  2020246f    00000001     Drive_Test.o (.data.pid_mode)
                  20202470    00000001     Drive_Test.o (.data.set_state)
                  20202471    00000001     spi.o (.data.spi_cs_locked)
                  20202472    00000001     spi.o (.data.spi_cs_locked_channel)
                  20202473    00000001     Drive.o (.data.straight_tick)

.stack     0    20207e00    00000200     UNINITIALIZED
                  20207e00    00000004     libc.a : boot_cortex_m.c.obj (.stack)
                  20207e04    000001fc     --HOLE--

__llvm_prf_cnts 
*          0    20200000    00000000     UNINITIALIZED

__llvm_prf_bits 
*          0    20200000    00000000     UNINITIALIZED

MODULE SUMMARY

       Module                         code    ro data   rw data
       ------                         ----    -------   -------
    .\
       ti_msp_dl_config.o             4892    208       784    
       startup_mspm0g350x_ticlang.o   8       192       0      
       main.o                         152     0         0      
    +--+------------------------------+-------+---------+---------+
       Total:                         5052    400       784    
                                                               
    .\APP\
       Drive.o                        736     0         128    
       Laser_Distance.o               102     0         0      
    +--+------------------------------+-------+---------+---------+
       Total:                         838     0         128    
                                                               
    .\HardWare\
       OLED.o                         1516    6632      1152   
       Encoder.o                      1986    0         98     
       icm42688.o                     1610    0         411    
       multi_button.o                 1366    0         4      
       Usart.o                        422     0         259    
       tb6612.o                       678     0         0      
       PID.o                          508     0         0      
       spi.o                          408     0         38     
       Interrupt.o                    380     0         0      
       Grayscale.o                    304     0         0      
       Delay.o                        216     0         12     
       ADC.o                          192     0         2      
    +--+------------------------------+-------+---------+---------+
       Total:                         9586    6632      1976   
                                                               
    .\HardWare\vl53l1x\core\
       vl53l1_api_core.o              4710    0         0      
       vl53l1_api.o                   3010    0         0      
       vl53l1_register_funcs.o        2716    0         0      
       vl53l1_api_preset_modes.o      2376    0         0      
       vl53l1_core.o                  2372    0         0      
       vl53l1_core_support.o          138     0         0      
       vl53l1_wait.o                  98      0         0      
    +--+------------------------------+-------+---------+---------+
       Total:                         15420   0         0      
                                                               
    .\HardWare\vl53l1x\platform\
       IOI2C.o                        1422    0         0      
       vl53l1x.o                      818     172       56     
       vl53l1_platform.o              644     0         0      
    +--+------------------------------+-------+---------+---------+
       Total:                         2884    172       56     
                                                               
    .\Middle\
       my_vl53l1x.o                   392     0         2820   
       IMU.o                          1708    120       189    
       Motor.o                        436     0         122    
       Key.o                          322     0         193    
       Bat.o                          214     0         5      
    +--+------------------------------+-------+---------+---------+
       Total:                         3072    120       3329   
                                                               
    .\Middle\Fusion\
       FusionAhrs.o                   4564    24        0      
       FusionBias.o                   576     12        0      
    +--+------------------------------+-------+---------+---------+
       Total:                         5140    36        0      
                                                               
    .\Task\
       Menu.o                         1762    159       43     
    +--+------------------------------+-------+---------+---------+
       Total:                         1762    159       43     
                                                               
    .\Test\
       Drive_Test.o                   1736    77        40     
    +--+------------------------------+-------+---------+---------+
       Total:                         1736    77        40     
                                                               
    C:/TI/mspm0_sdk_2_10_00_04/source/ti/driverlib/lib/ticlang/m0p/mspm0g1x0x_g3x0x/driverlib.a
       dl_timer.o                     892     12        0      
       dl_sysctl_mspm0g1x0x_g3x0x.o   316     0         0      
       dl_i2c.o                       132     0         0      
       dl_uart.o                      90      0         0      
       dl_spi.o                       86      0         0      
       dl_adc12.o                     64      0         0      
       dl_common.o                    10      0         0      
    +--+------------------------------+-------+---------+---------+
       Total:                         1590    12        0      
                                                               
    D:\TI\ccs2041\ccs\tools\compiler\ti-cgt-armllvm_4.0.4.LTS\lib\armv6m-ti-none-eabi/c/libc.a
       _printfi.c.obj                 4510    34        0      
       k_rem_pio2.c.obj               1652    344       0      
       e_powf.c.obj                   1766    24        0      
       s_cosf.c.obj                   822     0         0      
       s_sinf.c.obj                   810     0         0      
       memory.c.obj                   702     0         5      
       s_atanf.c.obj                  466     32        0      
       defs.c.obj                     0       0         404    
       e_sqrt.c.obj                   368     0         0      
       e_asinf.c.obj                  358     0         0      
       s_floor.c.obj                  324     0         0      
       e_atan2f.c.obj                 280     0         0      
       aeabi_ctype.S.obj              0       257       0      
       fputs.c.obj                    248     0         0      
       setvbuf.c.obj                  224     0         0      
       s_scalbn.c.obj                 216     0         0      
       s_scalbnf.c.obj                176     0         0      
       e_sqrtf.c.obj                  160     0         0      
       getdevice.c.obj                160     0         0      
       fputc.c.obj                    156     0         0      
       strcmp-armv6m.S.obj            136     0         0      
       copy_decompress_lzss.c.obj     124     0         0      
       fclose.c.obj                   124     0         0      
       fseek.c.obj                    116     0         0      
       printf.c.obj                   108     0         0      
       _io_perm.c.obj                 100     0         0      
       s_frexp.c.obj                  92      0         0      
       sprintf.c.obj                  90      0         0      
       _ltoa.c.obj                    88      0         0      
       fflush.c.obj                   82      0         0      
       exit.c.obj                     58      0         8      
       atoi.c.obj                     64      0         0      
       autoinit.c.obj                 60      0         0      
       boot_cortex_m.c.obj            56      0         0      
       fopen.c.obj                    52      0         0      
       memccpy.c.obj                  34      0         0      
       copy_decompress_none.c.obj     18      0         0      
       memcpy16.S.obj                 18      0         0      
       copy_zero_init.c.obj           16      0         0      
       wcslen.c.obj                   16      0         0      
       memset16.S.obj                 14      0         0      
       aeabi_portable.c.obj           8       0         4      
       _lock.c.obj                    2       0         8      
       pre_init.c.obj                 4       0         0      
    +--+------------------------------+-------+---------+---------+
       Total:                         14878   691       429    
                                                               
    D:\TI\ccs2041\ccs\tools\compiler\ti-cgt-armllvm_4.0.4.LTS\lib\armv6m-ti-none-eabi/c/libsysbm.a
       trgmsg.c.obj                   104     0         288    
       host_device.c.obj              0       0         200    
       hostrename.c.obj               136     0         0      
       hostlseek.c.obj                108     0         0      
       hostopen.c.obj                 96      0         8      
       hostread.c.obj                 88      0         0      
       hostwrite.c.obj                88      0         0      
       close.c.obj                    80      0         0      
       hostclose.c.obj                72      0         0      
       hostunlink.c.obj               72      0         0      
       unlink.c.obj                   44      0         0      
       lseek.c.obj                    40      0         0      
       write.c.obj                    40      0         0      
       remove.c.obj                   8       0         0      
       hostexit.c.obj                 4       0         0      
    +--+------------------------------+-------+---------+---------+
       Total:                         980     0         496    
                                                               
    D:\TI\ccs2041\ccs\tools\compiler\ti-cgt-armllvm_4.0.4.LTS\lib\armv6m-ti-none-eabi/libclang_rt.builtins.a
       adddf3.S.obj                   434     0         0      
       divdf3.S.obj                   268     0         0      
[...]
0000c7e1  __aeabi_fcmpeq                                 
0000c7f5  __aeabi_fcmplt                                 
0000c809  __aeabi_fcmple                                 
0000c81d  __aeabi_fcmpge                                 
0000c831  __aeabi_fcmpgt                                 
0000c8a5  HOSTopen                                       
0000c905  DL_I2C_fillControllerTXFIFO                    
0000ca1f  Laser_Distance_Get                             
0000ca7d  PID_Init                                       
0000cad9  button_start                                   
0000cb35  frexp                                          
0000cb35  frexpl                                         
0000cb91  printf                                         
0000cc47  VL53L1_i2c_encode_int16_t                      
0000cca1  VL53L1_preset_mode_low_power_auto_long_ranging 
0000ccfb  VL53L1_preset_mode_low_power_auto_ranging      
0000cd55  VL53L1_preset_mode_low_power_auto_short_ranging
0000cdb1  HOSTread                                       
0000ce09  HOSTwrite                                      
0000ce61  OLED_Clear                                     
0000ceb9  SYSCFG_DL_I2C_0_init                           
0000cf11  VL53L1_StaticInit                              
0000cf69  VL53L1_calc_macro_period_us                    
0000cfc1  __TI_ltoa                                      
0000d071  VL53L1_get_inter_measurement_period_ms         
0000d0c7  VL53L1_i2c_encode_uint16_t                     
0000d11d  VL53L1_preset_mode_standard_ranging_mm1_cal    
0000d173  VL53L1_preset_mode_standard_ranging_mm2_cal    
0000d1c9  VL53L1_set_inter_measurement_period_ms         
0000d221  __aeabi_idiv                                   
0000d221  __aeabi_idivmod                                
0000d279  VL53L1_i2c_decode_int16_t                      
0000d2cd  main                                           
0000d321  VL53L1_encode_timeout                          
0000d373  VL53L1_i2c_encode_uint32_t                     
0000d3c5  __TI_doflush                                   
0000d5a9  VL53L1_decode_row_col                          
0000d5f9  VL53L1_get_nvm_copy_data                       
0000d649  VL53L1_preset_mode_olt                         
0000d699  close                                          
0000d6e9  VL53L1_get_customer_nvm_managed                
0000d737  VL53L1_get_static_nvm_managed                  
0000d869  FusionBiasSetSettings                          
0000d901  VL53L1_calc_timeout_us                         
0000d997  VL53L1_ReadMulti                               
0000d9e1  VL53L1_WriteMulti                              
0000da2d  __aeabi_d2iz                                   
0000da2d  __fixdfsi                                      
0000da79  DL_UART_init                                   
0000dac1  HOSTclose                                      
0000db09  HOSTunlink                                     
0000db51  SYSCFG_DL_UART_init                            
0000dd83  Grayscale_Sensor_Read_All                      
0000ddc9  VL53L1_WrByte                                  
0000de11  DL_SPI_init                                    
0000de55  DL_SYSCTL_switchMCLKfromSYSOSCtoHSCLK          
0000de99  IMU_GetYaw                                     
0000dedd  VL53L1_GetInterMeasurementPeriodMilliSeconds   
0000df21  VL53L1_set_user_zone                           
0000df65  VL53L1_RdByte                                  
0000dfa7  VL53L1_SetInterMeasurementPeriodMilliSeconds   
0000dfe9  VL53L1_get_user_zone                           
0000e02d  DL_ADC12_setClockConfig                        
0000e06d  Drive_Straight                                 
0000e0ed  SPI_Init                                       
0000e12d  SYSCFG_DL_SPI_1_init                           
0000e16d  SYSCFG_DL_TIMER_2ms_init                       
0000e1ad  SYSCFG_DL_UART_3_init                          
0000e1ed  SYSCFG_DL_UART_CAMERA_init                     
0000e22d  SYSCFG_DL_UART_WIRELESS_init                   
0000e26d  VL53L1_init_offset_cal_config_struct           
0000e2ad  __aeabi_uidiv                                  
0000e2ad  __aeabi_uidivmod                               
0000e2ed  __aeabi_f2d                                    
0000e2ed  __extendsfdf2                                  
0000e32d  atoi                                           
0000e36d  my_vl53l1x_get_distance                        
0000e3ad  VL53L1_init_ll_driver_state                    
0000e429  VL53L1_encode_row_col                          
0000e465  __aeabi_i2f                                    
0000e465  __floatsisf                                    
0000e4a1  __gesf2                                        
0000e4a1  __gtsf2                                        
0000e4dd  button_attach                                  
0000e519  __TI_auto_init_nobinit_nopinit                 
0000e555  VL53L1_RdWord                                  
0000e58f  VL53L1_i2c_decode_uint16_t                     
0000e5c9  VL53L1_init_refspadchar_config_struct          
0000e605  __cmpsf2                                       
0000e605  __eqsf2                                        
0000e605  __lesf2                                        
0000e605  __ltsf2                                        
0000e605  __nesf2                                        
0000e641  __muldsi3                                      
0000e6b5  VL53L1_init_ssc_config_struct                  
0000e6ed  __aeabi_f2iz                                   
0000e6ed  __fixsfsi                                      
0000e75d  sprintf                                        
0000e801  __aeabi_ul2f                                   
0000e801  __floatundisf                                  
0000e86d  Drive_Turn                                     
0000e8d5  SPI_Unlock                                     
0000e909  SYSCFG_DL_TIMER_10ms_init                      
0000e93d  VL53L1_GetSequenceStepEnable                   
0000e971  VL53L1_SetDeviceAddress                        
0000e9a5  __TI_cleanup                                   
0000e9d9  __TI_readmsg                                   
0000ea0d  __TI_writemsg                                  
0000ea39  C$$IO$$                                        
0000ea41  exit                                           
0000ea75  finddevice                                     
0000eaa9  VL53L1_config_low_power_auto_mode              
0000eadd  __aeabi_f2uiz                                  
0000eadd  __fixunssfsi                                   
0000ebd1  Drive_Stop                                     
0000ec01  FusionBiasInitialise                           
0000ec31  TB6612_Init                                    
0000ec61  UART0_IRQHandler                               
0000ecc1  button_ticks                                   
0000ed4f  VL53L1_calc_encoded_timeout                    
0000ed7d  VL53L1_set_vhv_loopbound                       
0000edad  SYSCFG_DL_CAPTURE_0_init                       
0000edd9  VL53L1_init_version                            
0000eee1  __aeabi_i2d                                    
0000eee1  __floatsidf                                    
0000ef0d  unlink                                         
0000ef63  PID_SetLimit                                   
0000ef8d  VL53L1_calc_decoded_timeout_us                 
0000f081  Delay_ms                                       
0000f0a9  Delay_us                                       
0000f0d1  TB6612_SetRightMotor                           
0000f0f9  VL53L1_WaitDeviceBooted                        
0000f121  __aeabi_ui2f                                   
0000f121  __floatunsisf                                  
0000f171  lseek                                          
0000f199  write                                          
0000f1c1  _c_int00_noargs                                
0000f20f  DL_I2C_setClockConfig                          
0000f235  VL53L1_WaitUs                                  
0000f2a5  TB6612_SetLeftMotor                            
0000f2c9  VL53L1_set_lite_min_count_rate                 
0000f2ed  VL53L1_set_lite_sigma_threshold                
0000f311  __aeabi_ui2d                                   
0000f311  __floatunsidf                                  
0000f335  __aeabi_lmul                                   
0000f335  __muldi3                                       
0000f359  IICwriteByte                                   
0000f37b  PID_SetK                                       
0000f39d  VL53L1_calc_timeout_mclks                      
0000f3bf  VL53L1_decode_zone_size                        
0000f3e1  memccpy                                        
0000f445  Drive_Straight_SetK                            
0000f465  Drive_Turn_SetK                                
0000f485  FusionAhrsGetQuaternion                        
0000f4a5  Uart_Init                                      
0000f4c5  VL53L1_calc_pll_period_us                      
0000f521  VL53L1_decode_timeout                          
0000f541  __aeabi_llsl                                   
0000f541  __ashldi3                                      
0000f561  ADC_Init                                       
0000f57d  Bat_Init                                       
0000f705  DL_SYSCTL_configFCC                            
0000f791  DL_Timer_setCaptCompUpdateMethod               
0000f7ad  DL_Timer_setClockConfig                        
0000f7e5  FusionAhrsInitialise                           
0000f839  VL53L1_encode_zone_size                        
0000f871  ADC0_IRQHandler                                
0000f88b  VL53L1_decode_vcsel_period                     
0000f8a5  ADC_Callback                                   
0000fba5  DL_Timer_setCaptureCompareOutCtl               
0000fc65  Key_Num_Get                                    
0000fcad  TIMG0_IRQHandler                               
0000fcdd  delay_ms                                       
0000fdf9  ADC_Read                                       
0000ff4d  Encoder_Speed_Get_LEFT                         
0000ff61  Encoder_Speed_Get_RIGHT                        
0000ff75  VL53L1_WaitMs                                  
0000ff89  __aeabi_uldivmod                               
0000ffc3  DL_SPI_setClockConfig                          
0000ffe7  DL_UART_setClockConfig                         
0001000b  TI_memcpy_small                                
0001001d  __TI_decompress_none                           
00010061  DL_Timer_setCaptureCompareValue                
00010071  IIC_Delay_ms                                   
00010091  PID_SetGoal                                    
000100a1  SYSCFG_DL_SYSTICK_init                         
000100b1  SysTick_Handler                                
000100d1  wcslen                                         
000100e1  __TI_zero_init                                 
00010101  __aeabi_memset                                 
00010101  __aeabi_memset4                                
00010101  __aeabi_memset8                                
00010139  TI_memset_small                                
0001016d  Get_ms                                         
00010179  __aeabi_memclr                                 
00010179  __aeabi_memclr4                                
00010179  __aeabi_memclr8                                
0001019d  malloc                                         
000101a9  DL_Common_delayCycles                          
000101ff  Laser_Distance_Init                            
00010207  TIMG7_IRQHandler                               
00010211  __aeabi_errno_addr                             
00010219  __aeabi_memcpy                                 
00010219  __aeabi_memcpy4                                
00010219  __aeabi_memcpy8                                
00010231  bsp_Icm42688Init                               
00010239  fseek                                          
00010241  remove                                         
000102e5  abort                                          
000102eb  ADC1_IRQHandler                                
000102eb  AES_IRQHandler                                 
000102eb  CANFD0_IRQHandler                              
000102eb  DAC0_IRQHandler                                
000102eb  DMA_IRQHandler                                 
000102eb  Default_Handler                                
000102eb  GROUP0_IRQHandler                              
000102eb  HardFault_Handler                              
000102eb  I2C0_IRQHandler                                
000102eb  I2C1_IRQHandler                                
000102eb  NMI_Handler                                    
000102eb  PendSV_Handler                                 
000102eb  RTC_IRQHandler                                 
000102eb  SPI0_IRQHandler                                
000102eb  SPI1_IRQHandler                                
000102eb  SVC_Handler                                    
000102eb  TIMA0_IRQHandler                               
000102eb  TIMA1_IRQHandler                               
000102eb  TIMG12_IRQHandler                              
000102eb  TIMG6_IRQHandler                               
000102eb  TIMG8_IRQHandler                               
000102eb  UART1_IRQHandler                               
000102eb  UART2_IRQHandler                               
000102eb  UART3_IRQHandler                               
000102ee  C$$EXIT                                        
000102ef  HOSTexit                                       
00010321  Reset_Handler                                  
00010335  _system_pre_init                               
00010340  asc2_2412                                      
0001109c  asc2_1608                                      
0001168c  asc2_1206                                      
00011b00  asc2_0806                                      
00011e30  __aeabi_ctype_table_                           
00011e30  __aeabi_ctype_table_C                          
00012030  accelerometerMisalignment                      
00012054  gyroscopeMisalignment                          
0001211c  fusionAhrsDefaultSettings                      
000121e8  accelerometerSensitivity                       
000121f4  fusionBiasDefaultSettings                      
00012200  gyroscopeSensitivity                           
000123b4  __TI_Handler_Table_Base                        
000123c0  __TI_Handler_Table_Limit                       
000123c8  __TI_CINIT_Base                                
000123d8  __TI_CINIT_Limit                               
000123d8  __TI_CINIT_Warm                                
20200000  VL53_                                          
20200000  __start___llvm_prf_bits                        
20200000  __start___llvm_prf_cnts                        
20200000  __stop___llvm_prf_bits                         
20200000  __stop___llvm_prf_cnts                         
20200aec  OLED_GRAM                                      
20200f6c  FIFO_Buffer                                    
202010fc  _CIOBUF_                                       
202010fc  __CIOBUF_                                      
2020121c  Buffer                                         
202013dc  gPWM_BUZZERBackup                              
20201498  gPWM_SERVOBackup                               
20201554  __TI_tmpnams                                   
202015f4  gPWM_MotorBackup                               
20201694  gTIMER_2msBackup                               
20201734  ahrs                                           
202017b8  pid_angle_drive                                
202017f0  pid_left                                       
20201828  pid_right                                      
20201860  pid_straight_drive                             
20201898  gUART_3Backup                                  
202018c8  gSPI_1Backup                                   
202018f0  bias                                           
20201914  str                                            
20201932  ADC_RawValue                                   
20201940  distance_                                      
2020194c  parmbuf                                        
20201954  data                                           
20201958  _sys_memory                                    
20202158  _ftable                                        
20202248  _device                                        
202022c0  _stream                                        
20202310  Mode_data                                      
2020236c  accelerometerOffset                            
20202378  gyroscopeOffset                                
20202384  __TI_cleanup_ptr                               
20202388  __TI_dtors_ptr                                 
2020238c  Battery_Voltage                                
20202398  encoder_count_l                                
202023a0  encoder_count_l_10ms                           
202023a8  encoder_count_l_last                           
202023b0  encoder_count_r                                
202023b8  encoder_count_r_10ms                           
202023c0  encoder_count_r_last                           
202023d8  Goal_Angle                                     
202023dc  Goal_Speed_Left                                
202023e0  Goal_Speed_Right                               
202023e4  Goal_Straight_Angle                            
202023e8  Goal_Turn_Angle                                
202023ec  Kd                                             
202023f0  Kd_Step                                        
202023f4  Ki                                             
202023f8  Ki_Step                                        
202023fc  Kp                                             
20202400  Kp_Step                                        
20202404  MS                                             
20202414  US                                             
20202418  __TI_ft_end                                    
2020241c  __aeabi_errno                                  
20202420  _lock                                          
20202424  _unlock                                        
20202458  speed                                          
2020245c  data_length                                    
2020245e  Goal_Angle_Step                                
2020245f  ICM42688_is_initialized                        
20202460  IMU_initialized                                
20202461  Key                                            
20202462  ReadIndex                                      
20202463  WriteIndex                                     
20202464  angle_tick                                     
20202465  cmd_angle_drive                                
20202466  cmd_bat                                        
20202467  cmd_left_speed                                 
20202468  cmd_right_speed                                
20202469  cmd_straight_drive                             
2020246b  menu_index                                     
2020246f  pid_mode                                       
20202470  set_state                                      
20202471  spi_cs_locked                                  
20202472  spi_cs_locked_channel                          
20202473  straight_tick                                  
20207e00  __stack                                        
20208000  __STACK_END                                    
ffffffff  __TI_pprof_out_hndl                            
ffffffff  __TI_prof_data_size                            
ffffffff  __TI_prof_data_start                           
ffffffff  __binit__                                      
ffffffff  binit                                          
UNDEFED   __mpu_init                                     
UNDEFED   _system_post_cinit                             

[536 symbols]
