******************************************************************************
            TI ARM Clang Linker PC v4.0.4                      
******************************************************************************
>> Linked Mon Jun  1 20:42:34 2026

OUTPUT FILE NAME:   <MSP_Car.out>
ENTRY POINT SYMBOL: "_c_int00_noargs"  address: 0000f121


MEMORY CONFIGURATION

         name            origin    length      used     unused   attr    fill
----------------------  --------  ---------  --------  --------  ----  --------
  FLASH                 00000000   00020000  00012328  0000dcd8  R  X
  SRAM                  20200000   00008000  00002671  0000598f  RW X
  BCR_CONFIG            41c00000   000000ff  00000000  000000ff  R   
  BSL_CONFIG            41c00100   00000080  00000000  00000080  R   


SEGMENT ALLOCATION MAP

run origin  load origin   length   init length attrs members
----------  ----------- ---------- ----------- ----- -------
00000000    00000000    00012328   00012328    r-x
  00000000    00000000    000000c0   000000c0    r-- .intvecs
  000000c0    000000c0    000101d0   000101d0    r-x .text
  00010290    00010290    00001fb0   00001fb0    r-- .rodata
  00012240    00012240    000000e8   000000e8    r-- .cinit
20200000    20200000    00002474   00000000    rw-
  20200000    20200000    00001955   00000000    rw- .bss
  20201958    20201958    00000800   00000000    rw- .sysmem
  20202158    20202158    0000031c   00000000    rw- .data
20207e00    20207e00    00000200   00000000    rw-
  20207e00    20207e00    00000200   00000000    rw- .stack


SECTION ALLOCATION MAP

 output                                  attributes/
section   page    origin      length       input sections
--------  ----  ----------  ----------   ----------------
.intvecs   0    00000000    000000c0     
                  00000000    000000c0     startup_mspm0g350x_ticlang.o (.intvecs)

.text      0    000000c0    000101d0     
                  000000c0    000009d0     libc.a : _printfi.c.obj (.text:__TI_printfi)
                  00000a90    000006b8            : e_powf.c.obj (.text.powf)
                  00001148    00000644            : k_rem_pio2.c.obj (.text.__kernel_rem_pio2)
                  0000178c    000004ec     Encoder.o (.text.Encoder_Callback)
                  00001c78    00000414     FusionAhrs.o (.text.FusionAhrsUpdate)
                  0000208c    00000404     vl53l1_api_core.o (.text.VL53L1_get_tuning_parm)
                  00002490    000003f4     multi_button.o (.text.button_handler)
                  00002884    000003e8     Drive_Test.o (.text.Drive_Test_Set)
                  00002c6c    000003d8     vl53l1_api_core.o (.text.VL53L1_init_and_start_range)
                  00003044    00000318     ti_msp_dl_config.o (.text.SYSCFG_DL_GPIO_init)
                  0000335c    000002f6     vl53l1_api_core.o (.text.VL53L1_set_preset_mode)
                  00003652    00000002     Menu.o (.text.Menu2_Task2)
                  00003654    000002e0     Drive_Test.o (.text.Drive_Test3)
                  00003934    00000298     Menu.o (.text.Menu2_Task1)
                  00003bcc    00000228     Encoder.o (.text.Encoder_10ms_Callback)
                  00003df4    00000220     libc.a : _printfi.c.obj (.text._pconv_a)
                  00004014    000001fc     vl53l1_register_funcs.o (.text.VL53L1_i2c_decode_nvm_copy_data)
                  00004210    000001f0     IMU.o (.text.IMU_Callback)
                  00004400    000001f0     vl53l1_api.o (.text.VL53L1_SetMeasurementTimingBudgetMicroSeconds)
                  000045f0    000001e4     vl53l1_api_preset_modes.o (.text.VL53L1_preset_mode_standard_ranging)
                  000047d4    000001dc     Menu.o (.text.Menu_Pre)
                  000049b0    000001dc     libc.a : _printfi.c.obj (.text._pconv_g)
                  00004b8c    000001d4            : s_cosf.c.obj (.text.cosf)
                  00004d60    000001d0     OLED.o (.text.OLED_ShowChar)
                  00004f30    000001cc     IOI2C.o (.text.IICreadBytes)
                  000050fc    000001c8     libc.a : s_atanf.c.obj (.text.atanf)
                  000052c4    000001c8            : s_sinf.c.obj (.text.sinf)
                  0000548c    000001c4     FusionAhrs.o (.text.HalfMagnetic)
                  00005650    0000019c     vl53l1x.o (.text.VL53InitParam)
                  000057ec    00000192     libclang_rt.builtins.a : adddf3.S.obj (.text.adddf3_subdf3)
                  0000597e    00000002     Menu.o (.text.Menu2_Task3)
                  00005980    00000178     Menu.o (.text.Menu1)
                  00005af8    00000178     vl53l1_api.o (.text.VL53L1_GetMeasurementTimingBudgetMicroSeconds)
                  00005c70    00000174     IOI2C.o (.text.IIC_ReadOneByte)
                  00005de4    00000170     libc.a : e_sqrt.c.obj (.text.sqrt)
                  00005f54    00000164     vl53l1_api.o (.text.VL53L1_SetDistanceMode)
                  000060b8    00000162     vl53l1_register_funcs.o (.text.VL53L1_i2c_encode_static_config)
                  0000621a    00000002     Menu.o (.text.Menu2_Task4)
                  0000621c    00000160     libc.a : e_asinf.c.obj (.text.asinf)
                  0000637c    0000015c     vl53l1_api_core.o (.text.VL53L1_get_preset_mode_timing_cfg)
                  000064d8    0000014e     FusionAhrs.o (.text.FusionQuaternionProduct)
                  00006626    00000002     libclang_rt.builtins.a : aeabi_div0.c.obj (.text.__aeabi_idiv0)
                  00006628    0000014c     icm42688.o (.text.bsp_Icm42688RegCfg)
                  00006774    00000144     PID.o (.text.PID_Compute)
                  000068b8    00000144     libc.a : s_floor.c.obj (.text.floor)
                  000069fc    0000013c            : _printfi.c.obj (.text.fcvt)
                  00006b38    00000134     FusionAhrs.o (.text.FusionAhrsSetSettings)
                  00006c6c    00000134     vl53l1_api_core.o (.text.VL53L1_data_init)
                  00006da0    00000132     FusionAhrs.o (.text.HalfGravity)
                  00006ed2    00000002     libclang_rt.builtins.a : aeabi_div0.c.obj (.text.__aeabi_ldiv0)
                  00006ed4    00000130     IOI2C.o (.text.IICwriteBytes)
                  00007004    0000012a     vl53l1_core.o (.text.VL53L1_copy_rtn_good_spads_to_buffer)
                  0000712e    00000002     libc.a : _lock.c.obj (.text._nop)
                  00007130    00000124     vl53l1_api_core.o (.text.VL53L1_read_p2p_data)
                  00007254    00000120     libc.a : _printfi.c.obj (.text._pconv_e)
                  00007374    0000011c     driverlib.a : dl_timer.o (.text.DL_Timer_initCaptureMode)
                  00007490    0000011c     ti_msp_dl_config.o (.text.SYSCFG_DL_initPower)
                  000075ac    00000118     vl53l1x.o (.text.VL53L1Init)
                  000076c4    00000118     libc.a : e_atan2f.c.obj (.text.atan2f)
                  000077dc    00000114     icm42688.o (.text.ICM42688_FIFO_Get_RealData)
                  000078f0    00000114     OLED.o (.text.OLED_Init)
                  00007a04    00000114     libc.a : memory.c.obj (.text.aligned_alloc)
                  00007b18    0000010e     vl53l1_core.o (.text.VL53L1_update_ll_driver_rd_state)
                  00007c26    00000002     --HOLE-- [fill = 0]
                  00007c28    0000010c     libclang_rt.builtins.a : divdf3.S.obj (.text.__divdf3)
                  00007d34    0000010a     FusionAhrs.o (.text.FusionQuaternionVectorProduct)
                  00007e3e    00000002     --HOLE-- [fill = 0]
                  00007e40    00000108     tb6612.o (.text.__SetMotor)
                  00007f48    00000104     driverlib.a : dl_timer.o (.text.DL_Timer_initFourCCPWMMode)
                  0000804c    00000104     vl53l1_register_funcs.o (.text.VL53L1_i2c_decode_customer_nvm_managed)
                  00008150    00000102     FusionBias.o (.text.FusionBiasUpdate)
                  00008252    00000002     --HOLE-- [fill = 0]
                  00008254    00000100     icm42688.o (.text.ICM42688_Getoffset)
                  00008354    000000fc     driverlib.a : dl_timer.o (.text.DL_Timer_initTimerMode)
                  00008450    000000fc     Interrupt.o (.text.GROUP1_IRQHandler)
                  0000854c    000000fc     vl53l1_register_funcs.o (.text.VL53L1_i2c_encode_customer_nvm_managed)
                  00008648    000000f8     libc.a : fputs.c.obj (.text.fputs)
                  00008740    000000f6     IMU.o (.text.FusionQuaternionToEuler)
                  00008836    00000002     --HOLE-- [fill = 0]
                  00008838    000000f4     Drive.o (.text.Drive_Callback)
                  0000892c    000000f4     vl53l1_platform.o (.text.VL53L1_WaitValueMaskEx)
                  00008a20    000000f0     IMU.o (.text.FusionMatrixMultiply)
                  00008b10    000000f0     vl53l1_api.o (.text.VL53L1_StartMeasurement)
                  00008c00    000000f0     vl53l1_register_funcs.o (.text.VL53L1_i2c_encode_general_config)
                  00008cf0    000000f0     vl53l1_api_preset_modes.o (.text.VL53L1_init_tuning_parm_storage_struct)
                  00008de0    000000ec     ti_msp_dl_config.o (.text.SYSCFG_DL_SYSCTL_SYSPLL_init)
                  00008ecc    000000ea     IMU.o (.text.FusionModelInertial)
                  00008fb6    00000002     --HOLE-- [fill = 0]
                  00008fb8    000000e8     libc.a : memory.c.obj (.text.free)
                  000090a0    000000e4     libclang_rt.builtins.a : muldf3.S.obj (.text.__muldf3)
                  00009184    000000e2     vl53l1_core.o (.text.VL53L1_calc_timeout_register_values)
                  00009266    000000e2     vl53l1_register_funcs.o (.text.VL53L1_i2c_encode_dynamic_config)
                  00009348    000000e0     libc.a : setvbuf.c.obj (.text.setvbuf)
                  00009428    000000de     vl53l1_api_core.o (.text.VL53L1_get_timeouts_us)
                  00009506    00000002     --HOLE-- [fill = 0]
                  00009508    000000dc     driverlib.a : dl_sysctl_mspm0g1x0x_g3x0x.o (.text.DL_SYSCTL_configSYSPLL)
                  000095e4    000000dc     vl53l1_register_funcs.o (.text.VL53L1_i2c_encode_timing_config)
                  000096c0    000000d8     libc.a : s_scalbn.c.obj (.text.scalbn)
                  00009798    000000d8     libclang_rt.builtins.a : addsf3.S.obj (.text)
                  00009870    000000d6     vl53l1_api.o (.text.SetPresetMode)
                  00009946    000000d0     FusionAhrs.o (.text.FusionAhrsSetHeading)
                  00009a16    000000cc     vl53l1_api.o (.text.VL53L1_DataInit)
                  00009ae2    00000002     --HOLE-- [fill = 0]
                  00009ae4    000000cc     vl53l1_core.o (.text.VL53L1_calc_range_ignore_threshold)
                  00009bb0    000000c4     vl53l1_api.o (.text.ComputeDevicePresetMode)
                  00009c74    000000c0     vl53l1_api.o (.text.VL53L1_SetPresetMode)
                  00009d34    000000be     vl53l1_core.o (.text.VL53L1_update_ll_driver_cfg_state)
                  00009df2    000000ba     vl53l1_api_preset_modes.o (.text.VL53L1_init_xtalk_config_struct)
                  00009eac    000000b8     IMU.o (.text.IMU_init)
                  00009f64    000000b0     FusionAhrs.o (.text.FusionAhrsRestart)
                  0000a014    000000b0     icm42688.o (.text.ICM42688_UnBlocking_CallBack)
                  0000a0c4    000000b0     ti_msp_dl_config.o (.text.SYSCFG_DL_PWM_SERVO_init)
                  0000a174    000000b0     Usart.o (.text.Write)
                  0000a224    000000b0     libc.a : s_scalbnf.c.obj (.text.scalbnf)
                  0000a2d4    000000ac     Motor.o (.text.Motor_Callback)
                  0000a380    000000ac     libc.a : s_cosf.c.obj (.text.__kernel_sindf)
                  0000a42c    000000ac            : s_sinf.c.obj (.text.__kernel_sindf)
                  0000a4d8    000000a8     Drive.o (.text.Drive_Init)
                  0000a580    000000a8     icm42688.o (.text.bsp_Icm42688GetGres)
                  0000a628    000000a8     my_vl53l1x.o (.text.my_vl53l1x_init)
                  0000a6d0    000000a2     libclang_rt.builtins.a : udivmoddi4.S.obj (.text)
                  0000a772    00000002     --HOLE-- [fill = 0]
                  0000a774    000000a0     Motor.o (.text.Motor_Init)
                  0000a814    000000a0     vl53l1_register_funcs.o (.text.VL53L1_i2c_decode_static_nvm_managed)
                  0000a8b4    000000a0     libc.a : e_sqrtf.c.obj (.text.sqrtf)
                  0000a954    0000009e     vl53l1_register_funcs.o (.text.VL53L1_i2c_encode_static_nvm_managed)
                  0000a9f2    00000002     --HOLE-- [fill = 0]
                  0000a9f4    0000009c     OLED.o (.text.OLED_WR_Byte)
                  0000aa90    0000009c     libc.a : s_cosf.c.obj (.text.__kernel_cosdf)
                  0000ab2c    0000009c            : s_sinf.c.obj (.text.__kernel_cosdf)
                  0000abc8    0000009c            : fputc.c.obj (.text.fputc)
                  0000ac64    0000009a     OLED.o (.text.OLED_ShowString)
                  0000acfe    00000094     FusionAhrs.o (.text.FusionVectorCross)
                  0000ad92    00000002     --HOLE-- [fill = 0]
                  0000ad94    00000094     Key.o (.text.read_key_level)
                  0000ae28    00000090     OLED.o (.text.OLED_DrawPoint)
                  0000aeb8    0000008e     vl53l1_api.o (.text.VL53L1_SetLimitCheckValue)
                  0000af46    00000002     --HOLE-- [fill = 0]
                  0000af48    0000008c     spi.o (.text.SPI_CS)
                  0000afd4    0000008c     ti_msp_dl_config.o (.text.SYSCFG_DL_PWM_Motor_init)
                  0000b060    0000008c     libclang_rt.builtins.a : mulsf3.S.obj (.text.__mulsf3)
                  0000b0ec    0000008a     vl53l1_api.o (.text.VL53L1_SetLimitCheckEnable)
                  0000b176    0000008a     vl53l1_api_preset_modes.o (.text.VL53L1_preset_mode_standard_ranging_long_range)
                  0000b200    0000008a     vl53l1_api_preset_modes.o (.text.VL53L1_preset_mode_standard_ranging_short_range)
                  0000b28a    00000002     --HOLE-- [fill = 0]
                  0000b28c    00000088     multi_button.o (.text.button_init)
                  0000b314    0000000c     Bat.o (.text.Bat_Read)
                  0000b320    00000088     libc.a : strcmp-armv6m.S.obj (.text:strcmp)
                  0000b3a8    00000084     ti_msp_dl_config.o (.text.SYSCFG_DL_init)
                  0000b42c    00000084     ti_msp_dl_config.o (.text.__NVIC_SetPriority)
                  0000b4b0    00000082     FusionAhrs.o (.text.Feedback)
                  0000b532    00000002     --HOLE-- [fill = 0]
                  0000b534    00000082     libclang_rt.builtins.a : divsf3.S.obj (.text.__divsf3)
                  0000b5b6    00000002     --HOLE-- [fill = 0]
                  0000b5b8    00000080     Grayscale.o (.text.select_channel)
                  0000b638    0000007e     vl53l1_api_preset_modes.o (.text.VL53L1_preset_mode_timed_ranging_short_range)
                  0000b6b6    0000007e     vl53l1x.o (.text.getDistance_Simply)
                  0000b734    0000007c     Bat.o (.text.Bat_Callback)
                  0000b7b0    0000007c     FusionAhrs.o (.text.FusionAhrsUpdateNoMagnetometer)
                  0000b82c    0000007c     OLED.o (.text.OLED_Refresh)
                  0000b8a8    0000007c     vl53l1_api_preset_modes.o (.text.VL53L1_preset_mode_timed_ranging)
                  0000b924    0000007c     vl53l1_api_preset_modes.o (.text.VL53L1_preset_mode_timed_ranging_long_range)
                  0000b9a0    0000007c     vl53l1_api_core.o (.text.VL53L1_set_timeouts_us)
                  0000ba1c    0000007c     libc.a : fclose.c.obj (.text.__TI_closefile)
                  0000ba98    0000007c            : copy_decompress_lzss.c.obj (.text:decompress:lzss)
                  0000bb14    00000076     vl53l1_api_core.o (.text.VL53L1_get_sequence_config_bit)
                  0000bb8a    00000074     vl53l1_api_preset_modes.o (.text.VL53L1_preset_mode_singleshot_ranging)
                  0000bbfe    00000002     --HOLE-- [fill = 0]
                  0000bc00    00000074     libclang_rt.builtins.a : comparedf2.c.obj (.text.__gedf2)
                  0000bc74    0000000c     ti_msp_dl_config.o (.text.DL_SYSCTL_getClockStatus)
                  0000bc80    00000074     libclang_rt.builtins.a : truncdfsf2.S.obj (.text.__truncdfsf2)
                  0000bcf4    00000074     my_vl53l1x.o (.text.my_vl53l1x_callback)
                  0000bd68    00000070     Encoder.o (.text.Encoder_Init)
                  0000bdd8    00000070     ti_msp_dl_config.o (.text.SYSCFG_DL_BAT_ADC_init)
                  0000be48    00000070     ti_msp_dl_config.o (.text.SYSCFG_DL_SYSCTL_init)
                  0000beb8    0000006c     Delay.o (.text.Get_us)
                  0000bf24    0000006c     libsysbm.a : hostlseek.c.obj (.text.HOSTlseek)
                  0000bf90    0000006c                : hostrename.c.obj (.text.HOSTrename)
                  0000bffc    0000006c     spi.o (.text.SPI_TryLock)
                  0000c068    0000006c     vl53l1_core.o (.text.VL53L1_low_power_auto_data_init)
                  0000c0d4    0000006c     libc.a : fseek.c.obj (.text.fseeko)
                  0000c140    0000006c            : getdevice.c.obj (.text.getdevice)
                  0000c1ac    00000068     Key.o (.text.Key_Init)
                  0000c214    00000068     Motor.o (.text.Motor_SetSpeed)
                  0000c27c    00000068     ti_msp_dl_config.o (.text.SYSCFG_DL_PWM_BUZZER_init)
                  0000c2e4    00000068     vl53l1_api_core.o (.text.VL53L1_get_mode_mitigation_roi)
                  0000c34c    00000068     libclang_rt.builtins.a : comparedf2.c.obj (.text.__ledf2)
                  0000c3b4    00000068     icm42688.o (.text.bsp_Icm42688GetAres)
                  0000c41c    00000066     vl53l1_register_funcs.o (.text.VL53L1_i2c_encode_system_control)
                  0000c482    00000066     libc.a : _printfi.c.obj (.text._mcpy)
                  0000c4e8    00000064     tb6612.o (.text.TB6612_Brake)
                  0000c54c    00000064     tb6612.o (.text.TB6612_Coast)
                  0000c5b0    00000064     libc.a : _io_perm.c.obj (.text.__TI_wrt_ok)
                  0000c614    00000064            : memory.c.obj (.text.split)
                  0000c678    00000062     vl53l1_wait.o (.text.VL53L1_poll_for_boot_completion)
                  0000c6da    00000002     --HOLE-- [fill = 0]
                  0000c6dc    00000062     libclang_rt.builtins.a : aeabi_dcmp.S.obj (.text.__aeabi_dcmp)
                  0000c73e    00000002     --HOLE-- [fill = 0]
                  0000c740    00000062                            : aeabi_fcmp.S.obj (.text.__aeabi_fcmp)
                  0000c7a2    00000002     --HOLE-- [fill = 0]
                  0000c7a4    00000060     Drive.o (.text.CalculateAngleError)
                  0000c804    00000060     libsysbm.a : hostopen.c.obj (.text.HOSTopen)
                  0000c864    0000005e     driverlib.a : dl_i2c.o (.text.DL_I2C_fillControllerTXFIFO)
                  0000c8c2    0000005e     FusionAhrs.o (.text.FusionQuaternionAdd)
                  0000c920    0000005e     FusionAhrs.o (.text.FusionQuaternionHadamard)
                  0000c97e    0000005e     Laser_Distance.o (.text.Laser_Distance_Get)
                  0000c9dc    0000005c     PID.o (.text.PID_Init)
                  0000ca38    0000005c     multi_button.o (.text.button_start)
                  0000ca94    0000005c     libc.a : s_frexp.c.obj (.text.frexp)
                  0000caf0    0000005c            : printf.c.obj (.text.printf)
                  0000cb4c    0000005a     vl53l1_api.o (.text.SetLimitValue)
                  0000cba6    0000005a     vl53l1_core.o (.text.VL53L1_i2c_encode_int16_t)
                  0000cc00    0000005a     vl53l1_api_preset_modes.o (.text.VL53L1_preset_mode_low_power_auto_long_ranging)
                  0000cc5a    0000005a     vl53l1_api_preset_modes.o (.text.VL53L1_preset_mode_low_power_auto_ranging)
                  0000ccb4    0000005a     vl53l1_api_preset_modes.o (.text.VL53L1_preset_mode_low_power_auto_short_ranging)
                  0000cd0e    00000002     --HOLE-- [fill = 0]
                  0000cd10    00000058     libsysbm.a : hostread.c.obj (.text.HOSTread)
                  0000cd68    00000058                : hostwrite.c.obj (.text.HOSTwrite)
                  0000cdc0    00000058     OLED.o (.text.OLED_Clear)
                  0000ce18    00000058     ti_msp_dl_config.o (.text.SYSCFG_DL_I2C_0_init)
                  0000ce70    00000058     vl53l1_api.o (.text.VL53L1_StaticInit)
                  0000cec8    00000058     vl53l1_core.o (.text.VL53L1_calc_macro_period_us)
                  0000cf20    00000058     libc.a : _ltoa.c.obj (.text.__TI_ltoa)
                  0000cf78    00000058            : _printfi.c.obj (.text._pconv_f)
                  0000cfd0    00000056     vl53l1_api_core.o (.text.VL53L1_get_inter_measurement_period_ms)
                  0000d026    00000056     vl53l1_core.o (.text.VL53L1_i2c_encode_uint16_t)
                  0000d07c    00000056     vl53l1_api_preset_modes.o (.text.VL53L1_preset_mode_standard_ranging_mm1_cal)
                  0000d0d2    00000056     vl53l1_api_preset_modes.o (.text.VL53L1_preset_mode_standard_ranging_mm2_cal)
                  0000d128    00000056     vl53l1_api_core.o (.text.VL53L1_set_inter_measurement_period_ms)
                  0000d17e    00000002     --HOLE-- [fill = 0]
                  0000d180    00000056     libclang_rt.builtins.a : aeabi_idivmod.S.obj (.text.__aeabi_idivmod)
                  0000d1d6    00000002     --HOLE-- [fill = 0]
                  0000d1d8    00000054     vl53l1_core.o (.text.VL53L1_i2c_decode_int16_t)
                  0000d22c    00000054     main.o (.text.main)
                  0000d280    00000052     vl53l1_core.o (.text.VL53L1_encode_timeout)
                  0000d2d2    00000052     vl53l1_core.o (.text.VL53L1_i2c_encode_uint32_t)
                  0000d324    00000052     libc.a : fflush.c.obj (.text.__TI_doflush)
                  0000d376    00000052            : _printfi.c.obj (.text._ecpy)
                  0000d3c8    00000050     ti_msp_dl_config.o (.text.DL_GPIO_initPeripheralInputFunctionFeatures)
                  0000d418    00000050     IOI2C.o (.text.DL_I2C_startControllerTransfer)
                  0000d468    00000050     FusionAhrs.o (.text.FusionVectorIsZero)
                  0000d4b8    00000050     ti_msp_dl_config.o (.text.SysTick_Config)
                  0000d508    00000050     vl53l1_core_support.o (.text.VL53L1_decode_row_col)
                  0000d558    00000050     vl53l1_register_funcs.o (.text.VL53L1_get_nvm_copy_data)
                  0000d5a8    00000050     vl53l1_api_preset_modes.o (.text.VL53L1_preset_mode_olt)
                  0000d5f8    00000050     libsysbm.a : close.c.obj (.text.close)
                  0000d648    0000004e     vl53l1_register_funcs.o (.text.VL53L1_get_customer_nvm_managed)
                  0000d696    0000004e     vl53l1_register_funcs.o (.text.VL53L1_get_static_nvm_managed)
                  0000d6e4    0000004c     ti_msp_dl_config.o (.text.DL_GPIO_initDigitalInputFeatures)
                  0000d730    0000004c     ti_msp_dl_config.o (.text.DL_UART_setBaudRateDivisor)
                  0000d77c    0000004c     IMU.o (.text.FusionArcSin)
                  0000d7c8    0000004c     FusionBias.o (.text.FusionBiasSetSettings)
                  0000d814    0000004c     FusionAhrs.o (.text.FusionFastInverseSqrt)
                  0000d860    0000004c     vl53l1_core.o (.text.VL53L1_calc_timeout_us)
                  0000d8ac    0000004a     ti_msp_dl_config.o (.text.DL_ADC12_configConversionMem)
                  0000d8f6    0000004a     vl53l1_platform.o (.text.VL53L1_ReadMulti)
                  0000d940    0000004a     vl53l1_platform.o (.text.VL53L1_WriteMulti)
                  0000d98a    00000002     --HOLE-- [fill = 0]
                  0000d98c    0000004a     libclang_rt.builtins.a : fixdfsi.S.obj (.text.__fixdfsi)
                  0000d9d6    00000002     --HOLE-- [fill = 0]
                  0000d9d8    00000048     driverlib.a : dl_uart.o (.text.DL_UART_init)
                  0000da20    00000048     libsysbm.a : hostclose.c.obj (.text.HOSTclose)
                  0000da68    00000048                : hostunlink.c.obj (.text.HOSTunlink)
                  0000dab0    00000048     ti_msp_dl_config.o (.text.SYSCFG_DL_UART_init)
                  0000daf8    00000046     FusionAhrs.o (.text.FusionQuaternionScale)
                  0000db3e    00000046     FusionAhrs.o (.text.FusionVectorAdd)
                  0000db84    00000046     FusionBias.o (.text.FusionVectorAdd)
                  0000dbca    00000046     FusionAhrs.o (.text.FusionVectorHadamard)
                  0000dc10    00000046     IMU.o (.text.FusionVectorHadamard)
                  0000dc56    00000046     FusionBias.o (.text.FusionVectorSubtract)
                  0000dc9c    00000046     IMU.o (.text.FusionVectorSubtract)
                  0000dce2    00000046     Grayscale.o (.text.Grayscale_Sensor_Read_All)
                  0000dd28    00000046     vl53l1_platform.o (.text.VL53L1_WrByte)
                  0000dd6e    00000002     --HOLE-- [fill = 0]
                  0000dd70    00000044     driverlib.a : dl_spi.o (.text.DL_SPI_init)
                  0000ddb4    00000044                 : dl_sysctl_mspm0g1x0x_g3x0x.o (.text.DL_SYSCTL_switchMCLKfromSYSOSCtoHSCLK)
                  0000ddf8    00000044     IMU.o (.text.IMU_GetYaw)
                  0000de3c    00000044     vl53l1_api.o (.text.VL53L1_GetInterMeasurementPeriodMilliSeconds)
                  0000de80    00000044     vl53l1_api_core.o (.text.VL53L1_set_user_zone)
                  0000dec4    00000042     vl53l1_platform.o (.text.VL53L1_RdByte)
                  0000df06    00000042     vl53l1_api.o (.text.VL53L1_SetInterMeasurementPeriodMilliSeconds)
                  0000df48    00000042     vl53l1_api_core.o (.text.VL53L1_get_user_zone)
                  0000df8a    00000002     --HOLE-- [fill = 0]
                  0000df8c    00000040     driverlib.a : dl_adc12.o (.text.DL_ADC12_setClockConfig)
                  0000dfcc    00000040     Drive.o (.text.Drive_Straight)
                  0000e00c    00000040     FusionAhrs.o (.text.FusionVectorDot)
                  0000e04c    00000040     spi.o (.text.SPI_Init)
                  0000e08c    00000040     ti_msp_dl_config.o (.text.SYSCFG_DL_SPI_1_init)
                  0000e0cc    00000040     ti_msp_dl_config.o (.text.SYSCFG_DL_TIMER_2ms_init)
                  0000e10c    00000040     ti_msp_dl_config.o (.text.SYSCFG_DL_UART_3_init)
                  0000e14c    00000040     ti_msp_dl_config.o (.text.SYSCFG_DL_UART_CAMERA_init)
                  0000e18c    00000040     ti_msp_dl_config.o (.text.SYSCFG_DL_UART_WIRELESS_init)
                  0000e1cc    00000040     vl53l1_api_preset_modes.o (.text.VL53L1_init_offset_cal_config_struct)
                  0000e20c    00000040     libclang_rt.builtins.a : aeabi_uidivmod.S.obj (.text.__aeabi_uidivmod)
                  0000e24c    00000040                            : extendsfdf2.S.obj (.text.__extendsfdf2)
                  0000e28c    00000040     libc.a : atoi.c.obj (.text.atoi)
                  0000e2cc    00000040     my_vl53l1x.o (.text.my_vl53l1x_get_distance)
                  0000e30c    0000003e     vl53l1_core.o (.text.VL53L1_init_ll_driver_state)
                  0000e34a    00000002     --HOLE-- [fill = 0]
                  0000e34c    0000003c     ti_msp_dl_config.o (.text.DL_Timer_setCounterControl)
                  0000e388    0000003c     vl53l1_core.o (.text.VL53L1_encode_row_col)
                  0000e3c4    0000003c     libclang_rt.builtins.a : floatsisf.S.obj (.text.__floatsisf)
                  0000e400    0000003c                            : comparesf2.S.obj (.text.__gtsf2)
                  0000e43c    0000003c     multi_button.o (.text.button_attach)
                  0000e478    0000003c     libc.a : autoinit.c.obj (.text:__TI_auto_init_nobinit_nopinit)
                  0000e4b4    0000003a     vl53l1_platform.o (.text.VL53L1_RdWord)
                  0000e4ee    0000003a     vl53l1_core.o (.text.VL53L1_i2c_decode_uint16_t)
                  0000e528    0000003a     vl53l1_api_preset_modes.o (.text.VL53L1_init_refspadchar_config_struct)
                  0000e562    00000002     --HOLE-- [fill = 0]
                  0000e564    0000003a     libclang_rt.builtins.a : comparesf2.S.obj (.text.__eqsf2)
                  0000e59e    00000002     --HOLE-- [fill = 0]
                  0000e5a0    0000003a                            : muldsi3.S.obj (.text.__muldsi3)
                  0000e5da    00000038     FusionAhrs.o (.text.FusionQuaternionNormalise)
                  0000e612    00000002     --HOLE-- [fill = 0]
                  0000e614    00000038     vl53l1_api_preset_modes.o (.text.VL53L1_init_ssc_config_struct)
                  0000e64c    00000038     libclang_rt.builtins.a : fixsfsi.S.obj (.text.__fixsfsi)
                  0000e684    00000038     icm42688.o (.text.icm42688_read_reg)
                  0000e6bc    00000038     libc.a : sprintf.c.obj (.text.sprintf)
                  0000e6f4    00000036     FusionAhrs.o (.text.FusionVectorScale)
                  0000e72a    00000036     FusionBias.o (.text.FusionVectorScale)
                  0000e760    00000036     libclang_rt.builtins.a : floatundisf.S.obj (.text.__floatundisf)
                  0000e796    00000034     FusionAhrs.o (.text.Clamp)
                  0000e7ca    00000002     --HOLE-- [fill = 0]
                  0000e7cc    00000034     Drive.o (.text.Drive_Turn)
                  0000e800    00000034     FusionAhrs.o (.text.FusionQuaternionNormSquared)
                  0000e834    00000034     spi.o (.text.SPI_Unlock)
                  0000e868    00000034     ti_msp_dl_config.o (.text.SYSCFG_DL_TIMER_10ms_init)
                  0000e89c    00000034     vl53l1_api.o (.text.VL53L1_GetSequenceStepEnable)
                  0000e8d0    00000034     vl53l1_api.o (.text.VL53L1_SetDeviceAddress)
                  0000e904    00000034     libc.a : fopen.c.obj (.text.__TI_cleanup)
                  0000e938    00000034     libsysbm.a : trgmsg.c.obj (.text.__TI_readmsg)
                  0000e96c    00000034                : trgmsg.c.obj (.text.__TI_writemsg)
                  0000e9a0    00000034     libc.a : exit.c.obj (.text.exit)
                  0000e9d4    00000034            : getdevice.c.obj (.text.finddevice)
                  0000ea08    00000032     vl53l1_core.o (.text.VL53L1_config_low_power_auto_mode)
                  0000ea3a    00000002     --HOLE-- [fill = 0]
                  0000ea3c    00000032     libclang_rt.builtins.a : fixunssfsi.S.obj (.text.__fixunssfsi)
                  0000ea6e    00000032     icm42688.o (.text.icm42688_write_reg)
                  0000eaa0    00000030     ADC.o (.text.DL_ADC12_getMemResult)
                  0000ead0    00000030     ti_msp_dl_config.o (.text.DL_GPIO_initDigitalOutputFeatures)
                  0000eb00    00000030     ti_msp_dl_config.o (.text.DL_SPI_setFIFOThreshold)
                  0000eb30    00000030     Drive.o (.text.Drive_Stop)
                  0000eb60    00000030     FusionBias.o (.text.FusionBiasInitialise)
                  0000eb90    00000030     tb6612.o (.text.TB6612_Init)
                  0000ebc0    00000030     Usart.o (.text.UART0_IRQHandler)
                  0000ebf0    00000030     libc.a : _printfi.c.obj (.text._fcpy)
                  0000ec20    00000030     multi_button.o (.text.button_ticks)
                  0000ec50    00000030     icm42688.o (.text.icm_spi_transfer_byte)
                  0000ec80    0000002e     FusionAhrs.o (.text.FusionVectorNormalise)
                  0000ecae    0000002e     vl53l1_core.o (.text.VL53L1_calc_encoded_timeout)
                  0000ecdc    0000002e     vl53l1_api_core.o (.text.VL53L1_set_vhv_loopbound)
                  0000ed0a    00000002     --HOLE-- [fill = 0]
                  0000ed0c    0000002c     ti_msp_dl_config.o (.text.SYSCFG_DL_CAPTURE_0_init)
                  0000ed38    0000002c     vl53l1_core.o (.text.VL53L1_init_version)
                  0000ed64    0000002c     Usart.o (.text.__NVIC_ClearPendingIRQ)
                  0000ed90    0000002c     ADC.o (.text.__NVIC_EnableIRQ)
                  0000edbc    0000002c     Menu.o (.text.__NVIC_EnableIRQ)
                  0000ede8    0000002c     Usart.o (.text.__NVIC_EnableIRQ)
                  0000ee14    0000002c     main.o (.text.__NVIC_EnableIRQ)
                  0000ee40    0000002c     libclang_rt.builtins.a : floatsidf.S.obj (.text.__floatsidf)
                  0000ee6c    0000002c     libsysbm.a : unlink.c.obj (.text.unlink)
                  0000ee98    0000002a     FusionAhrs.o (.text.FusionVectorNormSquared)
                  0000eec2    0000002a     PID.o (.text.PID_SetLimit)
                  0000eeec    0000002a     vl53l1_core.o (.text.VL53L1_calc_decoded_timeout_us)
                  0000ef16    00000002     --HOLE-- [fill = 0]
                  0000ef18    00000028     ti_msp_dl_config.o (.text.DL_ADC12_configHwAverage)
                  0000ef40    00000028     IOI2C.o (.text.DL_Common_updateReg)
                  0000ef68    00000028     ti_msp_dl_config.o (.text.DL_Common_updateReg)
                  0000ef90    00000028     ti_msp_dl_config.o (.text.DL_I2C_setControllerRXFIFOThreshold)
                  0000efb8    00000028     ti_msp_dl_config.o (.text.DL_I2C_setControllerTXFIFOThreshold)
                  0000efe0    00000028     Delay.o (.text.Delay_ms)
                  0000f008    00000028     Delay.o (.text.Delay_us)
                  0000f030    00000028     tb6612.o (.text.TB6612_SetRightMotor)
                  0000f058    00000028     vl53l1_api.o (.text.VL53L1_WaitDeviceBooted)
                  0000f080    00000028     libclang_rt.builtins.a : floatunsisf.S.obj (.text.__floatunsisf)
                  0000f0a8    00000028     libc.a : memory.c.obj (.text.free_list_insert)
                  0000f0d0    00000028     libsysbm.a : lseek.c.obj (.text.lseek)
                  0000f0f8    00000028                : write.c.obj (.text.write)
                  0000f120    00000028     libc.a : boot_cortex_m.c.obj (.text:_c_int00_noargs)
                  0000f148    00000026     ti_msp_dl_config.o (.text.DL_I2C_setAnalogGlitchFilterPulseWidth)
                  0000f16e    00000026     driverlib.a : dl_i2c.o (.text.DL_I2C_setClockConfig)
                  0000f194    00000026     vl53l1_platform.o (.text.VL53L1_WaitUs)
                  0000f1ba    00000002     --HOLE-- [fill = 0]
                  0000f1bc    00000024     ti_msp_dl_config.o (.text.DL_SPI_setBitRateSerialClockDivider)
                  0000f1e0    00000024     FusionAhrs.o (.text.FusionQuaternionSum)
                  0000f204    00000024     tb6612.o (.text.TB6612_SetLeftMotor)
                  0000f228    00000024     vl53l1_api_core.o (.text.VL53L1_set_lite_min_count_rate)
                  0000f24c    00000024     vl53l1_api_core.o (.text.VL53L1_set_lite_sigma_threshold)
                  0000f270    00000024     libclang_rt.builtins.a : floatunsidf.S.obj (.text.__floatunsidf)
                  0000f294    00000024                            : muldi3.S.obj (.text.__muldi3)
                  0000f2b8    00000022     IOI2C.o (.text.IICwriteByte)
                  0000f2da    00000022     PID.o (.text.PID_SetK)
                  0000f2fc    00000022     vl53l1_core.o (.text.VL53L1_calc_timeout_mclks)
                  0000f31e    00000022     vl53l1_core.o (.text.VL53L1_decode_zone_size)
                  0000f340    00000022     libc.a : memccpy.c.obj (.text.memccpy)
                  0000f362    00000002     --HOLE-- [fill = 0]
                  0000f364    00000020     ti_msp_dl_config.o (.text.DL_GPIO_initPeripheralInputFunction)
                  0000f384    00000020     ti_msp_dl_config.o (.text.DL_SYSCTL_setFlashWaitState)
                  0000f3a4    00000020     Drive.o (.text.Drive_Straight_SetK)
                  0000f3c4    00000020     Drive.o (.text.Drive_Turn_SetK)
                  0000f3e4    00000020     FusionAhrs.o (.text.FusionAhrsGetQuaternion)
                  0000f404    00000020     Usart.o (.text.Uart_Init)
                  0000f424    00000020     vl53l1_core_support.o (.text.VL53L1_calc_pll_period_us)
                  0000f444    0000001e     ti_msp_dl_config.o (.text.DL_ADC12_setPowerDownMode)
                  0000f462    0000001e     ti_msp_dl_config.o (.text.DL_UART_setOversampling)
                  0000f480    0000001e     vl53l1_core.o (.text.VL53L1_decode_timeout)
                  0000f49e    00000002     --HOLE-- [fill = 0]
                  0000f4a0    0000001e     libclang_rt.builtins.a : ashldi3.S.obj (.text.__ashldi3)
                  0000f4be    00000002     --HOLE-- [fill = 0]
                  0000f4c0    0000001c     ADC.o (.text.ADC_Init)
                  0000f4dc    0000001c     Bat.o (.text.Bat_Init)
                  0000f4f8    0000001c     ti_msp_dl_config.o (.text.DL_ADC12_clearInterruptStatus)
                  0000f514    0000001c     ti_msp_dl_config.o (.text.DL_ADC12_enableInterrupt)
                  0000f530    0000001c     ADC.o (.text.DL_ADC12_startConversion)
                  0000f54c    0000001c     Bat.o (.text.DL_ADC12_startConversion)
                  0000f568    0000001c     Interrupt.o (.text.DL_GPIO_clearInterruptStatus)
                  0000f584    0000001c     ti_msp_dl_config.o (.text.DL_GPIO_clearInterruptStatus)
                  0000f5a0    0000001c     ti_msp_dl_config.o (.text.DL_GPIO_enableHiZ)
                  0000f5bc    0000001c     ti_msp_dl_config.o (.text.DL_GPIO_enableInterrupt)
                  0000f5d8    0000001c     ti_msp_dl_config.o (.text.DL_GPIO_initPeripheralOutputFunction)
                  0000f5f4    0000001c     ti_msp_dl_config.o (.text.DL_GPIO_setLowerPinsInputFilter)
                  0000f610    0000001c     ti_msp_dl_config.o (.text.DL_GPIO_setLowerPinsPolarity)
                  0000f62c    0000001c     ti_msp_dl_config.o (.text.DL_GPIO_setUpperPinsInputFilter)
                  0000f648    0000001c     IOI2C.o (.text.DL_I2C_isControllerRXFIFOEmpty)
                  0000f664    0000001c     driverlib.a : dl_sysctl_mspm0g1x0x_g3x0x.o (.text.DL_SYSCTL_configFCC)
                  0000f680    0000001c     ti_msp_dl_config.o (.text.DL_SYSCTL_setFCCPeriods)
                  0000f69c    0000001c     ti_msp_dl_config.o (.text.DL_SYSCTL_setSYSOSCFreq)
                  0000f6b8    0000001c     ti_msp_dl_config.o (.text.DL_SYSCTL_setULPCLKDivider)
                  0000f6d4    0000001c     ti_msp_dl_config.o (.text.DL_Timer_enableInterrupt)
                  0000f6f0    0000001c     driverlib.a : dl_timer.o (.text.DL_Timer_setCaptCompUpdateMethod)
                  0000f70c    0000001c                 : dl_timer.o (.text.DL_Timer_setClockConfig)
                  0000f728    0000001c     ti_msp_dl_config.o (.text.DL_UART_enableInterrupt)
                  0000f744    0000001c     FusionAhrs.o (.text.FusionAhrsInitialise)
                  0000f760    0000001c     FusionAhrs.o (.text.FusionVectorSum)
                  0000f77c    0000001c     Usart.o (.text.GetLength)
                  0000f798    0000001c     vl53l1_core.o (.text.VL53L1_encode_zone_size)
                  0000f7b4    0000001c     libc.a : memory.c.obj (.text.free_list_remove)
                  0000f7d0    0000001a     Interrupt.o (.text.ADC0_IRQHandler)
                  0000f7ea    0000001a     vl53l1_core_support.o (.text.VL53L1_decode_vcsel_period)
                  0000f804    00000018     ADC.o (.text.ADC_Callback)
                  0000f81c    00000018     ti_msp_dl_config.o (.text.DL_ADC12_enablePower)
                  0000f834    00000018     ti_msp_dl_config.o (.text.DL_ADC12_reset)
                  0000f84c    00000018     ti_msp_dl_config.o (.text.DL_ADC12_setSampleTime0)
                  0000f864    00000018     ti_msp_dl_config.o (.text.DL_GPIO_enableOutput)
                  0000f87c    00000018     ti_msp_dl_config.o (.text.DL_GPIO_enablePower)
                  0000f894    00000018     Interrupt.o (.text.DL_GPIO_getEnabledInterruptStatus)
                  0000f8ac    00000018     ti_msp_dl_config.o (.text.DL_GPIO_initDigitalOutput)
                  0000f8c4    00000018     ti_msp_dl_config.o (.text.DL_GPIO_reset)
                  0000f8dc    00000018     Grayscale.o (.text.DL_GPIO_setPins)
                  0000f8f4    00000018     OLED.o (.text.DL_GPIO_setPins)
                  0000f90c    00000018     my_vl53l1x.o (.text.DL_GPIO_setPins)
                  0000f924    00000018     spi.o (.text.DL_GPIO_setPins)
                  0000f93c    00000018     tb6612.o (.text.DL_GPIO_setPins)
                  0000f954    00000018     ti_msp_dl_config.o (.text.DL_GPIO_setPins)
                  0000f96c    00000018     ti_msp_dl_config.o (.text.DL_GPIO_setUpperPinsPolarity)
                  0000f984    00000018     IOI2C.o (.text.DL_I2C_clearInterruptStatus)
                  0000f99c    00000018     ti_msp_dl_config.o (.text.DL_I2C_enableAnalogGlitchFilter)
                  0000f9b4    00000018     ti_msp_dl_config.o (.text.DL_I2C_enableController)
                  0000f9cc    00000018     ti_msp_dl_config.o (.text.DL_I2C_enableControllerClockStretching)
                  0000f9e4    00000018     ti_msp_dl_config.o (.text.DL_I2C_enablePower)
                  0000f9fc    00000018     IOI2C.o (.text.DL_I2C_getRawInterruptStatus)
                  0000fa14    00000018     ti_msp_dl_config.o (.text.DL_I2C_reset)
                  0000fa2c    00000018     ti_msp_dl_config.o (.text.DL_I2C_setTimerPeriod)
                  0000fa44    00000018     ti_msp_dl_config.o (.text.DL_SPI_enable)
                  0000fa5c    00000018     ti_msp_dl_config.o (.text.DL_SPI_enablePower)
                  0000fa74    00000018     OLED.o (.text.DL_SPI_isBusy)
                  0000fa8c    00000018     icm42688.o (.text.DL_SPI_isBusy)
                  0000faa4    00000018     ti_msp_dl_config.o (.text.DL_SPI_reset)
                  0000fabc    00000018     ti_msp_dl_config.o (.text.DL_SYSCTL_setBORThreshold)
                  0000fad4    00000018     ti_msp_dl_config.o (.text.DL_Timer_enablePower)
                  0000faec    00000018     ti_msp_dl_config.o (.text.DL_Timer_reset)
                  0000fb04    00000018     driverlib.a : dl_timer.o (.text.DL_Timer_setCaptureCompareOutCtl)
                  0000fb1c    00000018     Menu.o (.text.DL_Timer_startCounter)
                  0000fb34    00000018     main.o (.text.DL_Timer_startCounter)
                  0000fb4c    00000018     tb6612.o (.text.DL_Timer_startCounter)
                  0000fb64    00000018     ti_msp_dl_config.o (.text.DL_UART_enablePower)
                  0000fb7c    00000018     ti_msp_dl_config.o (.text.DL_UART_reset)
                  0000fb94    00000018     FusionAhrs.o (.text.FusionDegreesToRadians)
                  0000fbac    00000018     IMU.o (.text.FusionRadiansToDegrees)
                  0000fbc4    00000018     Key.o (.text.Key_Num_Get)
                  0000fbdc    00000018     Grayscale.o (.text.Read_OUT_value)
                  0000fbf4    00000018     Key.o (.text.SingleClickCallback)
                  0000fc0c    00000018     Interrupt.o (.text.TIMG0_IRQHandler)
                  0000fc24    00000018     libc.a : sprintf.c.obj (.text._outs)
                  0000fc3c    00000018     icm42688.o (.text.delay_ms)
                  0000fc54    00000016     Bat.o (.text.DL_ADC12_enableConversions)
                  0000fc6a    00000016     ti_msp_dl_config.o (.text.DL_ADC12_enableConversions)
                  0000fc80    00000016     Encoder.o (.text.DL_GPIO_readPins)
                  0000fc96    00000016     Grayscale.o (.text.DL_GPIO_readPins)
                  0000fcac    00000016     Key.o (.text.DL_GPIO_readPins)
                  0000fcc2    00000016     icm42688.o (.text.DL_GPIO_readPins)
                  0000fcd8    00000016     tb6612.o (.text.DL_GPIO_readPins)
                  0000fcee    00000016     OLED.o (.text.DL_SPI_transmitData8)
                  0000fd04    00000016     icm42688.o (.text.DL_SPI_transmitData8)
                  0000fd1a    00000016     ti_msp_dl_config.o (.text.DL_UART_enable)
                  0000fd30    00000016     libc.a : k_rem_pio2.c.obj (.text.OUTLINED_FUNCTION_0)
                  0000fd46    00000002     --HOLE-- [fill = 0]
                  0000fd48    00000010     libclang_rt.builtins.a : adddf3.S.obj (.tramp.__aeabi_dadd.1)
                  0000fd58    00000014     ADC.o (.text.ADC_Read)
                  0000fd6c    00000014     Grayscale.o (.text.DL_GPIO_clearPins)
                  0000fd80    00000014     OLED.o (.text.DL_GPIO_clearPins)
                  0000fd94    00000014     my_vl53l1x.o (.text.DL_GPIO_clearPins)
                  0000fda8    00000014     spi.o (.text.DL_GPIO_clearPins)
                  0000fdbc    00000014     tb6612.o (.text.DL_GPIO_clearPins)
                  0000fdd0    00000014     ti_msp_dl_config.o (.text.DL_GPIO_clearPins)
                  0000fde4    00000014     IOI2C.o (.text.DL_I2C_getControllerStatus)
                  0000fdf8    00000014     IOI2C.o (.text.DL_I2C_receiveControllerData)
                  0000fe0c    00000014     ti_msp_dl_config.o (.text.DL_I2C_resetControllerTransfer)
                  0000fe20    00000014     OLED.o (.text.DL_SPI_receiveData8)
                  0000fe34    00000014     icm42688.o (.text.DL_SPI_receiveData8)
                  0000fe48    00000014     ti_msp_dl_config.o (.text.DL_SYSCTL_disableSYSPLL)
                  0000fe5c    00000014     ti_msp_dl_config.o (.text.DL_SYSCTL_enableSYSPLL)
                  0000fe70    00000014     ti_msp_dl_config.o (.text.DL_Timer_enableClock)
                  0000fe84    00000014     ti_msp_dl_config.o (.text.DL_Timer_setCCPDirection)
                  0000fe98    00000014     Usart.o (.text.DL_UART_receiveData)
                  0000feac    00000014     Encoder.o (.text.Encoder_Speed_Get_LEFT)
                  0000fec0    00000014     Encoder.o (.text.Encoder_Speed_Get_RIGHT)
                  0000fed4    00000014     vl53l1_platform.o (.text.VL53L1_WaitMs)
                  0000fee8    00000014     libclang_rt.builtins.a : aeabi_uldivmod.S.obj (.text.__aeabi_uldivmod)
                  0000fefc    00000014     libc.a : _printfi.c.obj (.text.strchr)
                  0000ff10    00000012     Interrupt.o (.text.DL_ADC12_getPendingInterrupt)
                  0000ff22    00000012     driverlib.a : dl_spi.o (.text.DL_SPI_setClockConfig)
                  0000ff34    00000012     Usart.o (.text.DL_UART_getPendingInterrupt)
                  0000ff46    00000012     driverlib.a : dl_uart.o (.text.DL_UART_setClockConfig)
                  0000ff58    00000012     multi_button.o (.text.button_read_level)
                  0000ff6a    00000012     libc.a : memcpy16.S.obj (.text:TI_memcpy_small)
                  0000ff7c    00000012            : copy_decompress_none.c.obj (.text:decompress:none)
                  0000ff8e    00000002     --HOLE-- [fill = 0]
                  0000ff90    00000010     ti_msp_dl_config.o (.text.DL_SYSCTL_disableHFXT)
                  0000ffa0    00000010     ti_msp_dl_config.o (.text.DL_SYSCTL_isFCCDone)
                  0000ffb0    00000010     ti_msp_dl_config.o (.text.DL_SYSCTL_startFCC)
                  0000ffc0    00000010     driverlib.a : dl_timer.o (.text.DL_Timer_setCaptureCompareValue)
                  0000ffd0    00000010     IOI2C.o (.text.IIC_Delay_ms)
                  0000ffe0    00000010     libc.a : k_rem_pio2.c.obj (.text.OUTLINED_FUNCTION_2)
                  0000fff0    00000010     PID.o (.text.PID_SetGoal)
                  00010000    00000010     ti_msp_dl_config.o (.text.SYSCFG_DL_SYSTICK_init)
                  00010010    00000010     Delay.o (.text.SysTick_Handler)
                  00010020    00000010     Grayscale.o (.text.delay_us)
                  00010030    00000010     libc.a : wcslen.c.obj (.text.wcslen)
                  00010040    00000010            : copy_zero_init.c.obj (.text:decompress:ZI)
                  00010050    0000000e            : memory.c.obj (.text.OUTLINED_FUNCTION_0)
                  0001005e    00000002     --HOLE-- [fill = 0]
                  00010060    0000000e     libclang_rt.builtins.a : aeabi_memset.S.obj (.text.__aeabi_memset)
                  0001006e    0000000e     libsysbm.a : hostrename.c.obj (.text.strcpy)
                  0001007c    0000000e     libc.a : _printfi.c.obj (.text.strlen)
                  0001008a    0000000e     libsysbm.a : hostrename.c.obj (.text.strlen)
                  00010098    0000000e     libc.a : memset16.S.obj (.text:TI_memset_small)
                  000100a6    00000002     --HOLE-- [fill = 0]
                  000100a8    0000000c     ti_msp_dl_config.o (.text.DL_SYSCTL_readFCC)
                  000100b4    0000000c     Usart.o (.text.GetRemain)
                  000100c0    0000000c     Delay.o (.text.Get_ms)
                  000100cc    0000000c     libclang_rt.builtins.a : aeabi_memset.S.obj (.text.__aeabi_memclr)
                  000100d8    0000000c     icm42688.o (.text.icm_cs_high)
                  000100e4    0000000c     icm42688.o (.text.icm_cs_low)
                  000100f0    0000000c     libc.a : memory.c.obj (.text.malloc)
                  000100fc    0000000a     driverlib.a : dl_common.o (.text.DL_Common_delayCycles)
                  00010106    0000000a     libc.a : _printfi.c.obj (.text.OUTLINED_FUNCTION_0)
                  00010110    00000010     libclang_rt.builtins.a : adddf3.S.obj (.tramp.__aeabi_dsub.1)
                  00010120    0000000a     libc.a : _printfi.c.obj (.text.OUTLINED_FUNCTION_1)
                  0001012a    0000000a            : k_rem_pio2.c.obj (.text.OUTLINED_FUNCTION_1)
                  00010134    0000000a            : s_cosf.c.obj (.text.OUTLINED_FUNCTION_3)
                  0001013e    0000000a            : s_sinf.c.obj (.text.OUTLINED_FUNCTION_3)
                  00010148    0000000a            : sprintf.c.obj (.text._outc)
                  00010152    00000008     Laser_Distance.o (.text.Laser_Distance_Init)
                  0001015a    00000008     Interrupt.o (.text.TIMG7_IRQHandler)
                  00010162    00000002     --HOLE-- [fill = 0]
                  00010164    00000008     libc.a : aeabi_portable.c.obj (.text.__aeabi_errno_addr)
                  0001016c    00000008     libclang_rt.builtins.a : aeabi_memcpy.S.obj (.text.__aeabi_memcpy)
                  00010174    00000008     libc.a : printf.c.obj (.text._outc)
                  0001017c    00000008            : printf.c.obj (.text._outs)
                  00010184    00000008     icm42688.o (.text.bsp_Icm42688Init)
                  0001018c    00000008     libc.a : fseek.c.obj (.text.fseek)
                  00010194    00000008     libsysbm.a : remove.c.obj (.text.remove)
                  0001019c    00000006     libc.a : e_asinf.c.obj (.text.OUTLINED_FUNCTION_0)
                  000101a2    00000002     --HOLE-- [fill = 0]
                  000101a4    00000010     libclang_rt.builtins.a : mulsf3.S.obj (.tramp.__aeabi_fmul.1)
                  000101b4    00000006     libc.a : s_atanf.c.obj (.text.OUTLINED_FUNCTION_0)
                  000101ba    00000002     --HOLE-- [fill = 0]
                  000101bc    00000010     libclang_rt.builtins.a : divsf3.S.obj (.tramp.__aeabi_fdiv.1)
                  000101cc    00000006     libc.a : s_cosf.c.obj (.text.OUTLINED_FUNCTION_0)
                  000101d2    00000002     --HOLE-- [fill = 0]
                  000101d4    00000010     libclang_rt.builtins.a : muldf3.S.obj (.tramp.__aeabi_dmul.1)
                  000101e4    00000006     libc.a : s_sinf.c.obj (.text.OUTLINED_FUNCTION_0)
                  000101ea    00000006            : e_powf.c.obj (.text.OUTLINED_FUNCTION_1)
                  000101f0    00000006            : s_cosf.c.obj (.text.OUTLINED_FUNCTION_1)
                  000101f6    00000006            : s_sinf.c.obj (.text.OUTLINED_FUNCTION_1)
                  000101fc    00000006            : e_powf.c.obj (.text.OUTLINED_FUNCTION_3)
                  00010202    00000002     --HOLE-- [fill = 0]
                  00010204    00000010     libclang_rt.builtins.a : addsf3.S.obj (.tramp.__aeabi_fadd.1)
                  00010214    00000006     libc.a : e_powf.c.obj (.text.OUTLINED_FUNCTION_4)
                  0001021a    00000002     --HOLE-- [fill = 0]
                  0001021c    00000010     libclang_rt.builtins.a : addsf3.S.obj (.tramp.__aeabi_fsub.1)
                  0001022c    00000006     libc.a : e_powf.c.obj (.text.OUTLINED_FUNCTION_5)
                  00010232    00000006            : e_powf.c.obj (.text.OUTLINED_FUNCTION_6)
                  00010238    00000006            : exit.c.obj (.text:abort)
                  0001023e    00000004     startup_mspm0g350x_ticlang.o (.text.Default_Handler)
                  00010242    00000004     libsysbm.a : hostexit.c.obj (.text.HOSTexit)
                  00010246    00000004     libc.a : e_powf.c.obj (.text.OUTLINED_FUNCTION_0)
                  0001024a    00000004            : s_atanf.c.obj (.text.OUTLINED_FUNCTION_1)
                  0001024e    00000004            : e_powf.c.obj (.text.OUTLINED_FUNCTION_2)
                  00010252    00000004            : s_cosf.c.obj (.text.OUTLINED_FUNCTION_2)
                  00010256    00000002     --HOLE-- [fill = 0]
                  00010258    00000010     libclang_rt.builtins.a : extendsfdf2.S.obj (.tramp.__aeabi_f2d.1)
                  00010268    00000004     libc.a : s_sinf.c.obj (.text.OUTLINED_FUNCTION_2)
                  0001026c    00000004            : e_powf.c.obj (.text.OUTLINED_FUNCTION_7)
                  00010270    00000004            : e_powf.c.obj (.text.OUTLINED_FUNCTION_8)
                  00010274    00000004     startup_mspm0g350x_ticlang.o (.text.Reset_Handler)
                  00010278    00000010     libc.a : boot_cortex_m.c.obj (.tramp._c_int00_noargs.1)
                  00010288    00000004            : pre_init.c.obj (.text._system_pre_init)
                  0001028c    00000004     --HOLE-- [fill = 0]

.cinit     0    00012240    000000e8     
                  00012240    000000bd     (.cinit..data.load) [load image, compression = lzss]
                  000122fd    00000003     --HOLE-- [fill = 0]
                  00012300    0000000c     (__TI_handler_table)
                  0001230c    00000008     (.cinit..bss.load) [load image, compression = zero_init]
                  00012314    00000010     (__TI_cinit_table)
                  00012324    00000004     --HOLE-- [fill = 0]

.rodata    0    00010290    00001fb0     
                  00010290    00000d5c     OLED.o (.rodata.asc2_2412)
                  00010fec    000005f0     OLED.o (.rodata.asc2_1608)
                  000115dc    00000474     OLED.o (.rodata.asc2_1206)
                  00011a50    00000228     OLED.o (.rodata.asc2_0806)
                  00011c78    00000108     libc.a : k_rem_pio2.c.obj (.rodata.ipio2)
                  00011d80    00000101            : aeabi_ctype.S.obj (.rodata:__aeabi_ctype_table_)
                  00011e81    00000064     Menu.o (.rodata..L__const.Menu1.Oled_str)
                  00011ee5    00000003     ti_msp_dl_config.o (.rodata.gCAPTURE_0ClockConfig)
                  00011ee8    00000040     libc.a : k_rem_pio2.c.obj (.rodata.PIo2)
                  00011f28    00000030     vl53l1x.o (.rodata.str1.8665556936548998902.1)
                  00011f58    00000028     ti_msp_dl_config.o (.rodata.gSYSPLLConfig)
                  00011f80    00000024     IMU.o (.rodata.accelerometerMisalignment)
                  00011fa4    00000024     IMU.o (.rodata.gyroscopeMisalignment)
                  00011fc8    00000020     libc.a : s_atanf.c.obj (.rodata.cst16)
                  00011fe8    0000001c     vl53l1x.o (.rodata.str1.12793480914977007934.1)
                  00012004    0000001c     vl53l1x.o (.rodata.str1.9889896138451333030.1)
                  00012020    0000001b     vl53l1x.o (.rodata.str1.3978240886075957214.1)
                  0001203b    00000001     --HOLE-- [fill = 0]
                  0001203c    00000018     IMU.o (.rodata..L__const.IMU_init.settings)
                  00012054    00000018     libc.a : e_powf.c.obj (.rodata.cst8)
                  0001206c    00000018     FusionAhrs.o (.rodata.fusionAhrsDefaultSettings)
                  00012084    00000016     vl53l1x.o (.rodata.str1.6185141677119688064.1)
                  0001209a    00000002     ti_msp_dl_config.o (.rodata.gI2C_0ClockConfig)
                  0001209c    00000014     ti_msp_dl_config.o (.rodata.gTIMER_10msTimerConfig)
                  000120b0    00000014     ti_msp_dl_config.o (.rodata.gTIMER_2msTimerConfig)
                  000120c4    00000013     vl53l1x.o (.rodata.str1.18438805956943837306.1)
                  000120d7    00000011     libc.a : _printfi.c.obj (.rodata.str1.10348868589481759720.1)
                  000120e8    00000011            : _printfi.c.obj (.rodata.str1.15363888844622738466.1)
                  000120f9    00000003     ti_msp_dl_config.o (.rodata.gPWM_BUZZERClockConfig)
                  000120fc    00000010     libc.a : k_rem_pio2.c.obj (.rodata.cst16)
                  0001210c    00000010     ti_msp_dl_config.o (.rodata.gCAPTURE_0CaptureConfig)
                  0001211c    0000000f     Drive_Test.o (.rodata.str1.13941598251634487449.1)
                  0001212b    00000001     --HOLE-- [fill = 0]
                  0001212c    0000000c     driverlib.a : dl_timer.o (.rodata..Lswitch.table.DL_Timer_initCompareMode)
                  00012138    0000000c     IMU.o (.rodata.accelerometerSensitivity)
                  00012144    0000000c     FusionBias.o (.rodata.fusionBiasDefaultSettings)
                  00012150    0000000c     IMU.o (.rodata.gyroscopeSensitivity)
                  0001215c    0000000c     Menu.o (.rodata.str1.8721527077261019176.1)
                  00012168    0000000b     Menu.o (.rodata.str1.6861178536336447274.1)
                  00012173    0000000b     Drive_Test.o (.rodata.str1.7308894419571814608.1)
                  0001217e    0000000a     ti_msp_dl_config.o (.rodata.gSPI_1_config)
                  00012188    0000000a     ti_msp_dl_config.o (.rodata.gUARTConfig)
                  00012192    0000000a     ti_msp_dl_config.o (.rodata.gUART_3Config)
                  0001219c    0000000a     ti_msp_dl_config.o (.rodata.gUART_CAMERAConfig)
                  000121a6    0000000a     ti_msp_dl_config.o (.rodata.gUART_WIRELESSConfig)
                  000121b0    00000009     Drive_Test.o (.rodata.str1.13758461314776498097.1)
                  000121b9    00000009     Drive_Test.o (.rodata.str1.4579990903436069613.1)
                  000121c2    00000009     Menu.o (.rodata.str1.7966588199421351382.1)
                  000121cb    00000009     Drive_Test.o (.rodata.str1.8827609664078628109.1)
                  000121d4    00000008     ti_msp_dl_config.o (.rodata.gBAT_ADCClockConfig)
                  000121dc    00000008     ti_msp_dl_config.o (.rodata.gPWM_BUZZERConfig)
                  000121e4    00000008     ti_msp_dl_config.o (.rodata.gPWM_MotorConfig)
                  000121ec    00000008     ti_msp_dl_config.o (.rodata.gPWM_SERVOConfig)
                  000121f4    00000005     Menu.o (.rodata.str1.1098091462982422289.1)
                  000121f9    00000005     Drive_Test.o (.rodata.str1.15896734989374709812.1)
                  000121fe    00000005     Menu.o (.rodata.str1.18115416190144698338.1)
                  00012203    00000005     Menu.o (.rodata.str1.1935486371266507067.1)
                  00012208    00000005     Menu.o (.rodata.str1.9841660847886513821.1)
                  0001220d    00000004     Drive_Test.o (.rodata.str1.2519219660703878989.1)
                  00012211    00000004     Menu.o (.rodata.str1.6820664590745422330.1)
                  00012215    00000003     ti_msp_dl_config.o (.rodata.gPWM_MotorClockConfig)
                  00012218    00000003     ti_msp_dl_config.o (.rodata.gPWM_SERVOClockConfig)
                  0001221b    00000003     ti_msp_dl_config.o (.rodata.gTIMER_10msClockConfig)
                  0001221e    00000003     ti_msp_dl_config.o (.rodata.gTIMER_2msClockConfig)
                  00012221    00000003     Drive_Test.o (.rodata.str1.10796991777907615066.1)
                  00012224    00000003     Drive_Test.o (.rodata.str1.14256352610165595184.1)
                  00012227    00000003     Menu.o (.rodata.str1.4806154545314587828.1)
                  0001222a    00000003     Drive_Test.o (.rodata.str1.6512950051259863809.1)
                  0001222d    00000003     Drive_Test.o (.rodata.str1.7434867084307694284.1)
                  00012230    00000003     Drive_Test.o (.rodata.str1.8362744727703666087.1)
                  00012233    00000002     ti_msp_dl_config.o (.rodata.gSPI_1_clockConfig)
                  00012235    00000002     ti_msp_dl_config.o (.rodata.gUARTClockConfig)
                  00012237    00000002     ti_msp_dl_config.o (.rodata.gUART_3ClockConfig)
                  00012239    00000002     ti_msp_dl_config.o (.rodata.gUART_CAMERAClockConfig)
                  0001223b    00000002     ti_msp_dl_config.o (.rodata.gUART_WIRELESSClockConfig)
                  0001223d    00000003     --HOLE-- [fill = 0]

.init_array 
*          0    00000000    00000000     UNINITIALIZED

.binit     0    00000000    00000000     

.bss       0    20200000    00001955     UNINITIALIZED
                  20200000    00000aec     (.common:VL53_)
                  20200aec    00000480     (.common:OLED_GRAM)
                  20200f6c    00000190     (.common:FIFO_Buffer)
                  202010fc    00000120     libsysbm.a : trgmsg.c.obj (.bss:_CIOBUF_)
                  2020121c    00000100     (.common:Buffer)
                  2020131c    000000c0     Key.o (.bss.key)
                  202013dc    000000bc     (.common:gPWM_BUZZERBackup)
                  20201498    000000bc     (.common:gPWM_SERVOBackup)
                  20201554    000000a0     libc.a : defs.c.obj (.bss.__TI_tmpnams)
                  202015f4    000000a0     (.common:gPWM_MotorBackup)
                  20201694    000000a0     (.common:gTIMER_2msBackup)
                  20201734    00000080     (.common:ahrs)
                  202017b4    00000004            : memory.c.obj (.bss.sys_free)
                  202017b8    00000038     (.common:pid_angle_drive)
                  202017f0    00000038     (.common:pid_left)
                  20201828    00000038     (.common:pid_right)
                  20201860    00000038     (.common:pid_straight_drive)
                  20201898    00000030     (.common:gUART_3Backup)
                  202018c8    00000028     (.common:gSPI_1Backup)
                  202018f0    00000024     (.common:bias)
                  20201914    0000001e     (.common:str)
                  20201932    00000002     (.common:ADC_RawValue)
                  20201934    0000000c     my_vl53l1x.o (.bss.filtered_distance_)
                  20201940    0000000c     (.common:distance_)
                  2020194c    00000008     libsysbm.a : hostopen.c.obj (.bss.parmbuf)
                  20201954    00000001     (.common:data)

.sysmem    0    20201958    00000800     UNINITIALIZED
                  20201958    00000010     libc.a : memory.c.obj (.sysmem)
                  20201968    000007f0     --HOLE--

.data      0    20202158    0000031c     UNINITIALIZED
                  20202158    000000f0     libc.a : defs.c.obj (.data._ftable)
                  20202248    00000078     libsysbm.a : host_device.c.obj (.data._device)
                  202022c0    00000050                : host_device.c.obj (.data._stream)
                  20202310    00000038     vl53l1x.o (.data.Mode_data)
                  20202348    00000024     spi.o (.data.spi_devices)
                  2020236c    0000000c     IMU.o (.data.accelerometerOffset)
                  20202378    0000000c     IMU.o (.data.gyroscopeOffset)
                  20202384    00000008     libc.a : exit.c.obj (.data..L_MergedGlobals)
                  2020238c    00000004     Bat.o (.data.Battery_Voltage)
                  20202390    00000008     Encoder.o (.data.duration_time)
                  20202398    00000008     Encoder.o (.data.encoder_count_l)
                  202023a0    00000008     Encoder.o (.data.encoder_count_l_10ms)
                  202023a8    00000008     Encoder.o (.data.encoder_count_l_last)
                  202023b0    00000008     Encoder.o (.data.encoder_count_r)
                  202023b8    00000008     Encoder.o (.data.encoder_count_r_10ms)
                  202023c0    00000008     Encoder.o (.data.encoder_count_r_last)
                  202023c8    00000008     Encoder.o (.data.last_10ms_update)
                  202023d0    00000004     Drive_Test.o (.data.Drive_Test3.lastTick)
                  202023d4    00000004     Drive_Test.o (.data.Drive_Test_Set.lastTick)
                  202023d8    00000004     Drive_Test.o (.data.Goal_Angle)
                  202023dc    00000004     Motor.o (.data.Goal_Speed_Left)
                  202023e0    00000004     Motor.o (.data.Goal_Speed_Right)
                  202023e4    00000004     Drive.o (.data.Goal_Straight_Angle)
                  202023e8    00000004     Drive.o (.data.Goal_Turn_Angle)
                  202023ec    00000004     Drive_Test.o (.data.Kd)
                  202023f0    00000004     Drive_Test.o (.data.Kd_Step)
                  202023f4    00000004     Drive_Test.o (.data.Ki)
                  202023f8    00000004     Drive_Test.o (.data.Ki_Step)
                  202023fc    00000004     Drive_Test.o (.data.Kp)
                  20202400    00000004     Drive_Test.o (.data.Kp_Step)
                  20202404    00000004     Delay.o (.data.MS)
                  20202408    00000004     Menu.o (.data.Menu1.lastTick)
                  2020240c    00000004     Menu.o (.data.Menu2_Task1.lastTick)
                  20202410    00000004     Menu.o (.data.Menu_Pre.lastTick)
                  20202414    00000004     Delay.o (.data.US)
                  20202418    00000004     libc.a : defs.c.obj (.data.__TI_ft_end)
                  2020241c    00000004            : aeabi_portable.c.obj (.data.__aeabi_errno)
                  20202420    00000004            : _lock.c.obj (.data._lock)
                  20202424    00000004            : _lock.c.obj (.data._unlock)
                  20202428    00000004     icm42688.o (.data.accSensitivity)
                  2020242c    00000004     Encoder.o (.data.direction_l)
                  20202430    00000004     Encoder.o (.data.direction_r)
                  20202434    00000004     Encoder.o (.data.filtered_speed_l)
                  20202438    00000004     Encoder.o (.data.filtered_speed_r)
                  2020243c    00000004     icm42688.o (.data.gyroSensitivity)
                  20202440    00000004     multi_button.o (.data.head_handle)
                  20202444    00000004     Encoder.o (.data.last_edge_l)
                  20202448    00000004     Encoder.o (.data.last_edge_r)
                  2020244c    00000004     Delay.o (.data.now_tick)
                  20202450    00000004     Encoder.o (.data.raw_speed_cap_l)
                  20202454    00000004     Encoder.o (.data.raw_speed_cap_r)
                  20202458    00000004     Drive.o (.data.speed)
                  2020245c    00000002     icm42688.o (.data.data_length)
                  2020245e    00000001     Drive_Test.o (.data.Goal_Angle_Step)
                  2020245f    00000001     icm42688.o (.data.ICM42688_is_initialized)
                  20202460    00000001     IMU.o (.data.IMU_initialized)
                  20202461    00000001     Menu.o (.data.Key)
                  20202462    00000001     Usart.o (.data.ReadIndex)
                  20202463    00000001     Usart.o (.data.WriteIndex)
                  20202464    00000001     Drive.o (.data.angle_tick)
                  20202465    00000001     Drive.o (.data.cmd_angle_drive)
                  20202466    00000001     Bat.o (.data.cmd_bat)
                  20202467    00000001     Motor.o (.data.cmd_left_speed)
                  20202468    00000001     Motor.o (.data.cmd_right_speed)
                  20202469    00000001     Drive.o (.data.cmd_straight_drive)
                  2020246a    00000001     Key.o (.data.key_num)
                  2020246b    00000001     Drive_Test.o (.data.menu_index)
                  2020246c    00000001     libc.a : memory.c.obj (.data.memory_is_initialized)
                  2020246d    00000001     Encoder.o (.data.new_edge_l)
                  2020246e    00000001     Encoder.o (.data.new_edge_r)
                  2020246f    00000001     Drive_Test.o (.data.pid_mode)
                  20202470    00000001     Drive_Test.o (.data.set_state)
                  20202471    00000001     spi.o (.data.spi_cs_locked)
                  20202472    00000001     spi.o (.data.spi_cs_locked_channel)
                  20202473    00000001     Drive.o (.data.straight_tick)

.stack     0    20207e00    00000200     UNINITIALIZED
                  20207e00    00000004     libc.a : boot_cortex_m.c.obj (.stack)
                  20207e04    000001fc     --HOLE--

__llvm_prf_cnts 
*          0    20200000    00000000     UNINITIALIZED

__llvm_prf_bits 
*          0    20200000    00000000     UNINITIALIZED

MODULE SUMMARY

       Module                         code    ro data   rw data
       ------                         ----    -------   -------
    .\
       ti_msp_dl_config.o             4892    208       784    
       startup_mspm0g350x_ticlang.o   8       192       0      
       main.o                         152     0         0      
    +--+------------------------------+-------+---------+---------+
       Total:                         5052    400       784    
                                                               
    .\APP\
       Drive.o                        736     0         128    
       Laser_Distance.o               102     0         0      
    +--+------------------------------+-------+---------+---------+
       Total:                         838     0         128    
                                                               
    .\HardWare\
       OLED.o                         1516    6632      1152   
       Encoder.o                      1986    0         98     
       icm42688.o                     1610    0         411    
       multi_button.o                 1366    0         4      
       Usart.o                        422     0         259    
       tb6612.o                       678     0         0      
       PID.o                          508     0         0      
       spi.o                          408     0         38     
       Interrupt.o                    380     0         0      
       Grayscale.o                    304     0         0      
       Delay.o                        216     0         12     
       ADC.o                          192     0         2      
    +--+------------------------------+-------+---------+---------+
       Total:                         9586    6632      1976   
                                                               
    .\HardWare\vl53l1x\core\
       vl53l1_api_core.o              4710    0         0      
       vl53l1_api.o                   3010    0         0      
       vl53l1_register_funcs.o        2716    0         0      
       vl53l1_api_preset_modes.o      2376    0         0      
       vl53l1_core.o                  2372    0         0      
       vl53l1_core_support.o          138     0         0      
       vl53l1_wait.o                  98      0         0      
    +--+------------------------------+-------+---------+---------+
       Total:                         15420   0         0      
                                                               
    .\HardWare\vl53l1x\platform\
       IOI2C.o                        1422    0         0      
       vl53l1x.o                      818     172       56     
       vl53l1_platform.o              644     0         0      
    +--+------------------------------+-------+---------+---------+
       Total:                         2884    172       56     
                                                               
    .\Middle\
       my_vl53l1x.o                   392     0         2820   
       IMU.o                          1708    120       189    
       Motor.o                        436     0         122    
       Key.o                          322     0         193    
       Bat.o                          214     0         5      
    +--+------------------------------+-------+---------+---------+
       Total:                         3072    120       3329   
                                                               
    .\Middle\Fusion\
       FusionAhrs.o                   4564    24        0      
       FusionBias.o                   576     12        0      
    +--+------------------------------+-------+---------+---------+
       Total:                         5140    36        0      
                                                               
    .\Task\
       Menu.o                         1590    159       43     
    +--+------------------------------+-------+---------+---------+
       Total:                         1590    159       43     
                                                               
    .\Test\
       Drive_Test.o                   1736    77        40     
    +--+------------------------------+-------+---------+---------+
       Total:                         1736    77        40     
                                                               
    C:/TI/mspm0_sdk_2_10_00_04/source/ti/driverlib/lib/ticlang/m0p/mspm0g1x0x_g3x0x/driverlib.a
       dl_timer.o                     892     12        0      
       dl_sysctl_mspm0g1x0x_g3x0x.o   316     0         0      
       dl_i2c.o                       132     0         0      
       dl_uart.o                      90      0         0      
       dl_spi.o                       86      0         0      
       dl_adc12.o                     64      0         0      
       dl_common.o                    10      0         0      
    +--+------------------------------+-------+---------+---------+
       Total:                         1590    12        0      
                                                               
    D:\TI\ccs2041\ccs\tools\compiler\ti-cgt-armllvm_4.0.4.LTS\lib\armv6m-ti-none-eabi/c/libc.a
       _printfi.c.obj                 4510    34        0      
       k_rem_pio2.c.obj               1652    344       0      
       e_powf.c.obj                   1766    24        0      
       s_cosf.c.obj                   822     0         0      
       s_sinf.c.obj                   810     0         0      
       memory.c.obj                   702     0         5      
       s_atanf.c.obj                  466     32        0      
       defs.c.obj                     0       0         404    
       e_sqrt.c.obj                   368     0         0      
       e_asinf.c.obj                  358     0         0      
       s_floor.c.obj                  324     0         0      
       e_atan2f.c.obj                 280     0         0      
       aeabi_ctype.S.obj              0       257       0      
       fputs.c.obj                    248     0         0      
       setvbuf.c.obj                  224     0         0      
       s_scalbn.c.obj                 216     0         0      
       s_scalbnf.c.obj                176     0         0      
       e_sqrtf.c.obj                  160     0         0      
       getdevice.c.obj                160     0         0      
       fputc.c.obj                    156     0         0      
       strcmp-armv6m.S.obj            136     0         0      
       copy_decompress_lzss.c.obj     124     0         0      
       fclose.c.obj                   124     0         0      
       fseek.c.obj                    116     0         0      
       printf.c.obj                   108     0         0      
       _io_perm.c.obj                 100     0         0      
       s_frexp.c.obj                  92      0         0      
       sprintf.c.obj                  90      0         0      
       _ltoa.c.obj                    88      0         0      
       fflush.c.obj                   82      0         0      
       exit.c.obj                     58      0         8      
       atoi.c.obj                     64      0         0      
       autoinit.c.obj                 60      0         0      
       boot_cortex_m.c.obj            56      0         0      
       fopen.c.obj                    52      0         0      
       memccpy.c.obj                  34      0         0      
       copy_decompress_none.c.obj     18      0         0      
       memcpy16.S.obj                 18      0         0      
       copy_zero_init.c.obj           16      0         0      
       wcslen.c.obj                   16      0         0      
       memset16.S.obj                 14      0         0      
       aeabi_portable.c.obj           8       0         4      
       _lock.c.obj                    2       0         8      
       pre_init.c.obj                 4       0         0      
    +--+------------------------------+-------+---------+---------+
       Total:                         14878   691       429    
                                                               
    D:\TI\ccs2041\ccs\tools\compiler\ti-cgt-armllvm_4.0.4.LTS\lib\armv6m-ti-none-eabi/c/libsysbm.a
       trgmsg.c.obj                   104     0         288    
       host_device.c.obj              0       0         200    
       hostrename.c.obj               136     0         0      
       hostlseek.c.obj                108     0         0      
       hostopen.c.obj                 96      0         8      
       hostread.c.obj                 88      0         0      
       hostwrite.c.obj                88      0         0      
       close.c.obj                    80      0         0      
       hostclose.c.obj                72      0         0      
       hostunlink.c.obj               72      0         0      
       unlink.c.obj                   44      0         0      
       lseek.c.obj                    40      0         0      
       write.c.obj                    40      0         0      
       remove.c.obj                   8       0         0      
       hostexit.c.obj                 4       0         0      
    +--+------------------------------+-------+---------+---------+
       Total:                         980     0         496    
                                                               
    D:\TI\ccs2041\ccs\tools\compiler\ti-cgt-armllvm_4.0.4.LTS\lib\armv6m-ti-none-eabi/libclang_rt.builtins.a
       adddf3.S.obj                   434     0         0      
[...]
0000c741  __aeabi_fcmpeq                                 
0000c755  __aeabi_fcmplt                                 
0000c769  __aeabi_fcmple                                 
0000c77d  __aeabi_fcmpge                                 
0000c791  __aeabi_fcmpgt                                 
0000c805  HOSTopen                                       
0000c865  DL_I2C_fillControllerTXFIFO                    
0000c97f  Laser_Distance_Get                             
0000c9dd  PID_Init                                       
0000ca39  button_start                                   
0000ca95  frexp                                          
0000ca95  frexpl                                         
0000caf1  printf                                         
0000cba7  VL53L1_i2c_encode_int16_t                      
0000cc01  VL53L1_preset_mode_low_power_auto_long_ranging 
0000cc5b  VL53L1_preset_mode_low_power_auto_ranging      
0000ccb5  VL53L1_preset_mode_low_power_auto_short_ranging
0000cd11  HOSTread                                       
0000cd69  HOSTwrite                                      
0000cdc1  OLED_Clear                                     
0000ce19  SYSCFG_DL_I2C_0_init                           
0000ce71  VL53L1_StaticInit                              
0000cec9  VL53L1_calc_macro_period_us                    
0000cf21  __TI_ltoa                                      
0000cfd1  VL53L1_get_inter_measurement_period_ms         
0000d027  VL53L1_i2c_encode_uint16_t                     
0000d07d  VL53L1_preset_mode_standard_ranging_mm1_cal    
0000d0d3  VL53L1_preset_mode_standard_ranging_mm2_cal    
0000d129  VL53L1_set_inter_measurement_period_ms         
0000d181  __aeabi_idiv                                   
0000d181  __aeabi_idivmod                                
0000d1d9  VL53L1_i2c_decode_int16_t                      
0000d22d  main                                           
0000d281  VL53L1_encode_timeout                          
0000d2d3  VL53L1_i2c_encode_uint32_t                     
0000d325  __TI_doflush                                   
0000d509  VL53L1_decode_row_col                          
0000d559  VL53L1_get_nvm_copy_data                       
0000d5a9  VL53L1_preset_mode_olt                         
0000d5f9  close                                          
0000d649  VL53L1_get_customer_nvm_managed                
0000d697  VL53L1_get_static_nvm_managed                  
0000d7c9  FusionBiasSetSettings                          
0000d861  VL53L1_calc_timeout_us                         
0000d8f7  VL53L1_ReadMulti                               
0000d941  VL53L1_WriteMulti                              
0000d98d  __aeabi_d2iz                                   
0000d98d  __fixdfsi                                      
0000d9d9  DL_UART_init                                   
0000da21  HOSTclose                                      
0000da69  HOSTunlink                                     
0000dab1  SYSCFG_DL_UART_init                            
0000dce3  Grayscale_Sensor_Read_All                      
0000dd29  VL53L1_WrByte                                  
0000dd71  DL_SPI_init                                    
0000ddb5  DL_SYSCTL_switchMCLKfromSYSOSCtoHSCLK          
0000ddf9  IMU_GetYaw                                     
0000de3d  VL53L1_GetInterMeasurementPeriodMilliSeconds   
0000de81  VL53L1_set_user_zone                           
0000dec5  VL53L1_RdByte                                  
0000df07  VL53L1_SetInterMeasurementPeriodMilliSeconds   
0000df49  VL53L1_get_user_zone                           
0000df8d  DL_ADC12_setClockConfig                        
0000dfcd  Drive_Straight                                 
0000e04d  SPI_Init                                       
0000e08d  SYSCFG_DL_SPI_1_init                           
0000e0cd  SYSCFG_DL_TIMER_2ms_init                       
0000e10d  SYSCFG_DL_UART_3_init                          
0000e14d  SYSCFG_DL_UART_CAMERA_init                     
0000e18d  SYSCFG_DL_UART_WIRELESS_init                   
0000e1cd  VL53L1_init_offset_cal_config_struct           
0000e20d  __aeabi_uidiv                                  
0000e20d  __aeabi_uidivmod                               
0000e24d  __aeabi_f2d                                    
0000e24d  __extendsfdf2                                  
0000e28d  atoi                                           
0000e2cd  my_vl53l1x_get_distance                        
0000e30d  VL53L1_init_ll_driver_state                    
0000e389  VL53L1_encode_row_col                          
0000e3c5  __aeabi_i2f                                    
0000e3c5  __floatsisf                                    
0000e401  __gesf2                                        
0000e401  __gtsf2                                        
0000e43d  button_attach                                  
0000e479  __TI_auto_init_nobinit_nopinit                 
0000e4b5  VL53L1_RdWord                                  
0000e4ef  VL53L1_i2c_decode_uint16_t                     
0000e529  VL53L1_init_refspadchar_config_struct          
0000e565  __cmpsf2                                       
0000e565  __eqsf2                                        
0000e565  __lesf2                                        
0000e565  __ltsf2                                        
0000e565  __nesf2                                        
0000e5a1  __muldsi3                                      
0000e615  VL53L1_init_ssc_config_struct                  
0000e64d  __aeabi_f2iz                                   
0000e64d  __fixsfsi                                      
0000e6bd  sprintf                                        
0000e761  __aeabi_ul2f                                   
0000e761  __floatundisf                                  
0000e7cd  Drive_Turn                                     
0000e835  SPI_Unlock                                     
0000e869  SYSCFG_DL_TIMER_10ms_init                      
0000e89d  VL53L1_GetSequenceStepEnable                   
0000e8d1  VL53L1_SetDeviceAddress                        
0000e905  __TI_cleanup                                   
0000e939  __TI_readmsg                                   
0000e96d  __TI_writemsg                                  
0000e999  C$$IO$$                                        
0000e9a1  exit                                           
0000e9d5  finddevice                                     
0000ea09  VL53L1_config_low_power_auto_mode              
0000ea3d  __aeabi_f2uiz                                  
0000ea3d  __fixunssfsi                                   
0000eb31  Drive_Stop                                     
0000eb61  FusionBiasInitialise                           
0000eb91  TB6612_Init                                    
0000ebc1  UART0_IRQHandler                               
0000ec21  button_ticks                                   
0000ecaf  VL53L1_calc_encoded_timeout                    
0000ecdd  VL53L1_set_vhv_loopbound                       
0000ed0d  SYSCFG_DL_CAPTURE_0_init                       
0000ed39  VL53L1_init_version                            
0000ee41  __aeabi_i2d                                    
0000ee41  __floatsidf                                    
0000ee6d  unlink                                         
0000eec3  PID_SetLimit                                   
0000eeed  VL53L1_calc_decoded_timeout_us                 
0000efe1  Delay_ms                                       
0000f009  Delay_us                                       
0000f031  TB6612_SetRightMotor                           
0000f059  VL53L1_WaitDeviceBooted                        
0000f081  __aeabi_ui2f                                   
0000f081  __floatunsisf                                  
0000f0d1  lseek                                          
0000f0f9  write                                          
0000f121  _c_int00_noargs                                
0000f16f  DL_I2C_setClockConfig                          
0000f195  VL53L1_WaitUs                                  
0000f205  TB6612_SetLeftMotor                            
0000f229  VL53L1_set_lite_min_count_rate                 
0000f24d  VL53L1_set_lite_sigma_threshold                
0000f271  __aeabi_ui2d                                   
0000f271  __floatunsidf                                  
0000f295  __aeabi_lmul                                   
0000f295  __muldi3                                       
0000f2b9  IICwriteByte                                   
0000f2db  PID_SetK                                       
0000f2fd  VL53L1_calc_timeout_mclks                      
0000f31f  VL53L1_decode_zone_size                        
0000f341  memccpy                                        
0000f3a5  Drive_Straight_SetK                            
0000f3c5  Drive_Turn_SetK                                
0000f3e5  FusionAhrsGetQuaternion                        
0000f405  Uart_Init                                      
0000f425  VL53L1_calc_pll_period_us                      
0000f481  VL53L1_decode_timeout                          
0000f4a1  __aeabi_llsl                                   
0000f4a1  __ashldi3                                      
0000f4c1  ADC_Init                                       
0000f4dd  Bat_Init                                       
0000f665  DL_SYSCTL_configFCC                            
0000f6f1  DL_Timer_setCaptCompUpdateMethod               
0000f70d  DL_Timer_setClockConfig                        
0000f745  FusionAhrsInitialise                           
0000f799  VL53L1_encode_zone_size                        
0000f7d1  ADC0_IRQHandler                                
0000f7eb  VL53L1_decode_vcsel_period                     
0000f805  ADC_Callback                                   
0000fb05  DL_Timer_setCaptureCompareOutCtl               
0000fbc5  Key_Num_Get                                    
0000fc0d  TIMG0_IRQHandler                               
0000fc3d  delay_ms                                       
0000fd59  ADC_Read                                       
0000fead  Encoder_Speed_Get_LEFT                         
0000fec1  Encoder_Speed_Get_RIGHT                        
0000fed5  VL53L1_WaitMs                                  
0000fee9  __aeabi_uldivmod                               
0000ff23  DL_SPI_setClockConfig                          
0000ff47  DL_UART_setClockConfig                         
0000ff6b  TI_memcpy_small                                
0000ff7d  __TI_decompress_none                           
0000ffc1  DL_Timer_setCaptureCompareValue                
0000ffd1  IIC_Delay_ms                                   
0000fff1  PID_SetGoal                                    
00010001  SYSCFG_DL_SYSTICK_init                         
00010011  SysTick_Handler                                
00010031  wcslen                                         
00010041  __TI_zero_init                                 
00010061  __aeabi_memset                                 
00010061  __aeabi_memset4                                
00010061  __aeabi_memset8                                
00010099  TI_memset_small                                
000100c1  Get_ms                                         
000100cd  __aeabi_memclr                                 
000100cd  __aeabi_memclr4                                
000100cd  __aeabi_memclr8                                
000100f1  malloc                                         
000100fd  DL_Common_delayCycles                          
00010153  Laser_Distance_Init                            
0001015b  TIMG7_IRQHandler                               
00010165  __aeabi_errno_addr                             
0001016d  __aeabi_memcpy                                 
0001016d  __aeabi_memcpy4                                
0001016d  __aeabi_memcpy8                                
00010185  bsp_Icm42688Init                               
0001018d  fseek                                          
00010195  remove                                         
00010239  abort                                          
0001023f  ADC1_IRQHandler                                
0001023f  AES_IRQHandler                                 
0001023f  CANFD0_IRQHandler                              
0001023f  DAC0_IRQHandler                                
0001023f  DMA_IRQHandler                                 
0001023f  Default_Handler                                
0001023f  GROUP0_IRQHandler                              
0001023f  HardFault_Handler                              
0001023f  I2C0_IRQHandler                                
0001023f  I2C1_IRQHandler                                
0001023f  NMI_Handler                                    
0001023f  PendSV_Handler                                 
0001023f  RTC_IRQHandler                                 
0001023f  SPI0_IRQHandler                                
0001023f  SPI1_IRQHandler                                
0001023f  SVC_Handler                                    
0001023f  TIMA0_IRQHandler                               
0001023f  TIMA1_IRQHandler                               
0001023f  TIMG12_IRQHandler                              
0001023f  TIMG6_IRQHandler                               
0001023f  TIMG8_IRQHandler                               
0001023f  UART1_IRQHandler                               
0001023f  UART2_IRQHandler                               
0001023f  UART3_IRQHandler                               
00010242  C$$EXIT                                        
00010243  HOSTexit                                       
00010275  Reset_Handler                                  
00010289  _system_pre_init                               
00010290  asc2_2412                                      
00010fec  asc2_1608                                      
000115dc  asc2_1206                                      
00011a50  asc2_0806                                      
00011d80  __aeabi_ctype_table_                           
00011d80  __aeabi_ctype_table_C                          
00011f80  accelerometerMisalignment                      
00011fa4  gyroscopeMisalignment                          
0001206c  fusionAhrsDefaultSettings                      
00012138  accelerometerSensitivity                       
00012144  fusionBiasDefaultSettings                      
00012150  gyroscopeSensitivity                           
00012300  __TI_Handler_Table_Base                        
0001230c  __TI_Handler_Table_Limit                       
00012314  __TI_CINIT_Base                                
00012324  __TI_CINIT_Limit                               
00012324  __TI_CINIT_Warm                                
20200000  VL53_                                          
20200000  __start___llvm_prf_bits                        
20200000  __start___llvm_prf_cnts                        
20200000  __stop___llvm_prf_bits                         
20200000  __stop___llvm_prf_cnts                         
20200aec  OLED_GRAM                                      
20200f6c  FIFO_Buffer                                    
202010fc  _CIOBUF_                                       
202010fc  __CIOBUF_                                      
2020121c  Buffer                                         
202013dc  gPWM_BUZZERBackup                              
20201498  gPWM_SERVOBackup                               
20201554  __TI_tmpnams                                   
202015f4  gPWM_MotorBackup                               
20201694  gTIMER_2msBackup                               
20201734  ahrs                                           
202017b8  pid_angle_drive                                
202017f0  pid_left                                       
20201828  pid_right                                      
20201860  pid_straight_drive                             
20201898  gUART_3Backup                                  
202018c8  gSPI_1Backup                                   
202018f0  bias                                           
20201914  str                                            
20201932  ADC_RawValue                                   
20201940  distance_                                      
2020194c  parmbuf                                        
20201954  data                                           
20201958  _sys_memory                                    
20202158  _ftable                                        
20202248  _device                                        
202022c0  _stream                                        
20202310  Mode_data                                      
2020236c  accelerometerOffset                            
20202378  gyroscopeOffset                                
20202384  __TI_cleanup_ptr                               
20202388  __TI_dtors_ptr                                 
2020238c  Battery_Voltage                                
20202398  encoder_count_l                                
202023a0  encoder_count_l_10ms                           
202023a8  encoder_count_l_last                           
202023b0  encoder_count_r                                
202023b8  encoder_count_r_10ms                           
202023c0  encoder_count_r_last                           
202023d8  Goal_Angle                                     
202023dc  Goal_Speed_Left                                
202023e0  Goal_Speed_Right                               
202023e4  Goal_Straight_Angle                            
202023e8  Goal_Turn_Angle                                
202023ec  Kd                                             
202023f0  Kd_Step                                        
202023f4  Ki                                             
202023f8  Ki_Step                                        
202023fc  Kp                                             
20202400  Kp_Step                                        
20202404  MS                                             
20202414  US                                             
20202418  __TI_ft_end                                    
2020241c  __aeabi_errno                                  
20202420  _lock                                          
20202424  _unlock                                        
20202458  speed                                          
2020245c  data_length                                    
2020245e  Goal_Angle_Step                                
2020245f  ICM42688_is_initialized                        
20202460  IMU_initialized                                
20202461  Key                                            
20202462  ReadIndex                                      
20202463  WriteIndex                                     
20202464  angle_tick                                     
20202465  cmd_angle_drive                                
20202466  cmd_bat                                        
20202467  cmd_left_speed                                 
20202468  cmd_right_speed                                
20202469  cmd_straight_drive                             
2020246b  menu_index                                     
2020246f  pid_mode                                       
20202470  set_state                                      
20202471  spi_cs_locked                                  
20202472  spi_cs_locked_channel                          
20202473  straight_tick                                  
20207e00  __stack                                        
20208000  __STACK_END                                    
ffffffff  __TI_pprof_out_hndl                            
ffffffff  __TI_prof_data_size                            
ffffffff  __TI_prof_data_start                           
ffffffff  __binit__                                      
ffffffff  binit                                          
UNDEFED   __mpu_init                                     
UNDEFED   _system_post_cinit                             

[536 symbols]
