******************************************************************************
            TI ARM Clang Linker PC v4.0.4                      
******************************************************************************
>> Linked Sun May 24 13:23:17 2026

OUTPUT FILE NAME:   <MSP_Car.out>
ENTRY POINT SYMBOL: "_c_int00_noargs"  address: 0000b0d1


MEMORY CONFIGURATION

         name            origin    length      used     unused   attr    fill
----------------------  --------  ---------  --------  --------  ----  --------
  FLASH                 00000000   00020000  0000de50  000121b0  R  X
  SRAM                  20200000   00008000  000040ab  00003f55  RW X
  BCR_CONFIG            41c00000   000000ff  00000000  000000ff  R   
  BSL_CONFIG            41c00100   00000080  00000000  00000080  R   


SEGMENT ALLOCATION MAP

run origin  load origin   length   init length attrs members
----------  ----------- ---------- ----------- ----- -------
00000000    00000000    0000de50   0000de50    r-x
  00000000    00000000    000000c0   000000c0    r-- .intvecs
  000000c0    000000c0    0000be00   0000be00    r-x .text
  0000bec0    0000bec0    00001eb0   00001eb0    r-- .rodata
  0000dd70    0000dd70    000000e0   000000e0    r-- .cinit
20200000    20200000    00003eb1   00000000    rw-
  20200000    20200000    000033fa   00000000    rw- .bss
  20203400    20203400    00000800   00000000    rw- .sysmem
  20203c00    20203c00    000002b1   00000000    rw- .data
20207e00    20207e00    00000200   00000000    rw-
  20207e00    20207e00    00000200   00000000    rw- .stack


SECTION ALLOCATION MAP

 output                                  attributes/
section   page    origin      length       input sections
--------  ----  ----------  ----------   ----------------
.intvecs   0    00000000    000000c0     
                  00000000    000000c0     startup_mspm0g350x_ticlang.o (.intvecs)

.text      0    000000c0    0000be00     
                  000000c0    000009d0     libc.a : _printfi.c.obj (.text:__TI_printfi)
                  00000a90    00000668     IMU.o (.text.IMU_AHRSupdate)
                  000010f8    00000404     vl53l1_api_core.o (.text.VL53L1_get_tuning_parm)
                  000014fc    000003d8     vl53l1_api_core.o (.text.VL53L1_init_and_start_range)
                  000018d4    00000364     libc.a : e_asin.c.obj (.text.asin)
                  00001c38    000002f8            : s_atan.c.obj (.text.atan)
                  00001f30    000002f6     vl53l1_api_core.o (.text.VL53L1_set_preset_mode)
                  00002226    00000002     libclang_rt.builtins.a : aeabi_div0.c.obj (.text.__aeabi_idiv0)
                  00002228    000002f0     Encoder.o (.text.Encoder_Callback)
                  00002518    000002e0     IMU.o (.text.calGyroVariance)
                  000027f8    000002b8     ti_msp_dl_config.o (.text.SYSCFG_DL_GPIO_init)
                  00002ab0    00000220     libc.a : _printfi.c.obj (.text._pconv_a)
                  00002cd0    000001fc     vl53l1_register_funcs.o (.text.VL53L1_i2c_decode_nvm_copy_data)
                  00002ecc    000001f0     vl53l1_api.o (.text.VL53L1_SetMeasurementTimingBudgetMicroSeconds)
                  000030bc    000001ec     IMU.o (.text.IMU_getYawPitchRoll)
                  000032a8    000001e4     vl53l1_api_preset_modes.o (.text.VL53L1_preset_mode_standard_ranging)
                  0000348c    000001dc     libc.a : _printfi.c.obj (.text._pconv_g)
                  00003668    000001d0     OLED.o (.text.OLED_ShowChar)
                  00003838    000001cc     IOI2C.o (.text.IICreadBytes)
                  00003a04    00000192     libclang_rt.builtins.a : adddf3.S.obj (.text.adddf3_subdf3)
                  00003b96    00000002                            : aeabi_div0.c.obj (.text.__aeabi_ldiv0)
                  00003b98    00000188     libc.a : e_atan2.c.obj (.text.atan2)
                  00003d20    00000178     vl53l1_api.o (.text.VL53L1_GetMeasurementTimingBudgetMicroSeconds)
                  00003e98    00000174     IOI2C.o (.text.IIC_ReadOneByte)
                  0000400c    00000170     libc.a : e_sqrt.c.obj (.text.sqrt)
                  0000417c    00000164     IMU.o (.text.IMU_getValues)
                  000042e0    00000164     vl53l1_api.o (.text.VL53L1_SetDistanceMode)
                  00004444    00000162     vl53l1_register_funcs.o (.text.VL53L1_i2c_encode_static_config)
                  000045a6    00000002     libc.a : _lock.c.obj (.text._nop)
                  000045a8    00000160     vl53l1x.o (.text.VL53InitParam)
                  00004708    0000015c     vl53l1_api_core.o (.text.VL53L1_get_preset_mode_timing_cfg)
                  00004864    00000144     ICM_Test.o (.text.ICM42688_Test1)
                  000049a8    0000013c     libc.a : _printfi.c.obj (.text.fcvt)
                  00004ae4    00000134     vl53l1_api_core.o (.text.VL53L1_data_init)
                  00004c18    00000130     IOI2C.o (.text.IICwriteBytes)
                  00004d48    0000012a     vl53l1_core.o (.text.VL53L1_copy_rtn_good_spads_to_buffer)
                  00004e72    00000002     --HOLE-- [fill = 0]
                  00004e74    00000124     vl53l1_api_core.o (.text.VL53L1_read_p2p_data)
                  00004f98    00000120     libc.a : _printfi.c.obj (.text._pconv_e)
                  000050b8    00000118     vl53l1x.o (.text.VL53L1Init)
                  000051d0    00000114     OLED.o (.text.OLED_Init)
                  000052e4    00000114     libc.a : memory.c.obj (.text.aligned_alloc)
                  000053f8    0000010e     vl53l1_core.o (.text.VL53L1_update_ll_driver_rd_state)
                  00005506    00000002     --HOLE-- [fill = 0]
                  00005508    0000010c     libclang_rt.builtins.a : divdf3.S.obj (.text.__divdf3)
                  00005614    00000108     icm42688.o (.text.bsp_IcmGetRawData)
                  0000571c    00000104     driverlib.a : dl_timer.o (.text.DL_Timer_initFourCCPWMMode)
                  00005820    00000104     vl53l1_register_funcs.o (.text.VL53L1_i2c_decode_customer_nvm_managed)
                  00005924    000000fc     driverlib.a : dl_timer.o (.text.DL_Timer_initTimerMode)
                  00005a20    000000fc     Interrupt.o (.text.GROUP1_IRQHandler)
                  00005b1c    000000fc     vl53l1_register_funcs.o (.text.VL53L1_i2c_encode_customer_nvm_managed)
                  00005c18    000000f8     ti_msp_dl_config.o (.text.SYSCFG_DL_initPower)
                  00005d10    000000f8     libc.a : fputs.c.obj (.text.fputs)
                  00005e08    000000f4     vl53l1_platform.o (.text.VL53L1_WaitValueMaskEx)
                  00005efc    000000f0     vl53l1_api.o (.text.VL53L1_StartMeasurement)
                  00005fec    000000f0     vl53l1_register_funcs.o (.text.VL53L1_i2c_encode_general_config)
                  000060dc    000000f0     vl53l1_api_preset_modes.o (.text.VL53L1_init_tuning_parm_storage_struct)
                  000061cc    000000ec     ti_msp_dl_config.o (.text.SYSCFG_DL_SYSCTL_SYSPLL_init)
                  000062b8    000000e8     libc.a : memory.c.obj (.text.free)
                  000063a0    000000e4     libclang_rt.builtins.a : muldf3.S.obj (.text.__muldf3)
                  00006484    000000e2     vl53l1_core.o (.text.VL53L1_calc_timeout_register_values)
                  00006566    000000e2     vl53l1_register_funcs.o (.text.VL53L1_i2c_encode_dynamic_config)
                  00006648    000000e0     libc.a : setvbuf.c.obj (.text.setvbuf)
                  00006728    000000de     vl53l1_api_core.o (.text.VL53L1_get_timeouts_us)
                  00006806    00000002     --HOLE-- [fill = 0]
                  00006808    000000dc     driverlib.a : dl_sysctl_mspm0g1x0x_g3x0x.o (.text.DL_SYSCTL_configSYSPLL)
                  000068e4    000000dc     vl53l1_register_funcs.o (.text.VL53L1_i2c_encode_timing_config)
                  000069c0    000000d8     libc.a : s_scalbn.c.obj (.text.scalbn)
                  00006a98    000000d8     libclang_rt.builtins.a : addsf3.S.obj (.text)
                  00006b70    000000d6     vl53l1_api.o (.text.SetPresetMode)
                  00006c46    000000cc     vl53l1_api.o (.text.VL53L1_DataInit)
                  00006d12    00000002     --HOLE-- [fill = 0]
                  00006d14    000000cc     vl53l1_core.o (.text.VL53L1_calc_range_ignore_threshold)
                  00006de0    000000c4     vl53l1_api.o (.text.ComputeDevicePresetMode)
                  00006ea4    000000c0     vl53l1_api.o (.text.VL53L1_SetPresetMode)
                  00006f64    000000c0     icm42688.o (.text.bsp_Icm42688RegCfg)
                  00007024    000000be     vl53l1_core.o (.text.VL53L1_update_ll_driver_cfg_state)
                  000070e2    000000ba     vl53l1_api_preset_modes.o (.text.VL53L1_init_xtalk_config_struct)
                  0000719c    000000b4     ti_msp_dl_config.o (.text.SYSCFG_DL_PWM_SERVO_init)
                  00007250    000000ac     vl53l1x_Test.o (.text.VL53L1X_Test1)
                  000072fc    000000a8     icm42688.o (.text.bsp_Icm42688GetGres)
                  000073a4    000000a8     my_vl53l1x.o (.text.my_vl53l1x_init)
                  0000744c    000000a4     icm42688.o (.text.bsp_IcmGetAccelerometer)
                  000074f0    000000a4     icm42688.o (.text.bsp_IcmGetGyroscope)
                  00007594    000000a2     libclang_rt.builtins.a : udivmoddi4.S.obj (.text)
                  00007636    000000a0     vl53l1_register_funcs.o (.text.VL53L1_i2c_decode_static_nvm_managed)
                  000076d6    0000009e     vl53l1_register_funcs.o (.text.VL53L1_i2c_encode_static_nvm_managed)
                  00007774    0000009c     libc.a : fputc.c.obj (.text.fputc)
                  00007810    0000009a     OLED.o (.text.OLED_ShowString)
                  000078aa    00000002     --HOLE-- [fill = 0]
                  000078ac    00000090     IMU.o (.text.IMU_Callback)
                  0000793c    00000090     OLED.o (.text.OLED_DrawPoint)
                  000079cc    00000090     OLED.o (.text.OLED_WR_Byte)
                  00007a5c    0000008e     vl53l1_api.o (.text.VL53L1_SetLimitCheckValue)
                  00007aea    00000002     --HOLE-- [fill = 0]
                  00007aec    0000008c     spi.o (.text.SPI_CS)
                  00007b78    0000008c     ti_msp_dl_config.o (.text.SYSCFG_DL_PWM_Motor_init)
                  00007c04    0000008c     libclang_rt.builtins.a : mulsf3.S.obj (.text.__mulsf3)
                  00007c90    0000008a     vl53l1_api.o (.text.VL53L1_SetLimitCheckEnable)
                  00007d1a    0000008a     vl53l1_api_preset_modes.o (.text.VL53L1_preset_mode_standard_ranging_long_range)
                  00007da4    0000008a     vl53l1_api_preset_modes.o (.text.VL53L1_preset_mode_standard_ranging_short_range)
                  00007e2e    00000002     --HOLE-- [fill = 0]
                  00007e30    00000088     libc.a : strcmp-armv6m.S.obj (.text:strcmp)
                  00007eb8    00000084     ti_msp_dl_config.o (.text.__NVIC_SetPriority)
                  00007f3c    00000082     libclang_rt.builtins.a : divsf3.S.obj (.text.__divsf3)
                  00007fbe    0000007e     vl53l1_api_preset_modes.o (.text.VL53L1_preset_mode_timed_ranging_short_range)
                  0000803c    0000007e     vl53l1x.o (.text.getDistance_Simply)
                  000080ba    00000002     --HOLE-- [fill = 0]
                  000080bc    0000007c     Bat.o (.text.Bat_Callback)
                  00008138    0000007c     OLED.o (.text.OLED_Refresh)
                  000081b4    0000007c     vl53l1_api_preset_modes.o (.text.VL53L1_preset_mode_timed_ranging)
                  00008230    0000007c     vl53l1_api_preset_modes.o (.text.VL53L1_preset_mode_timed_ranging_long_range)
                  000082ac    0000007c     vl53l1_api_core.o (.text.VL53L1_set_timeouts_us)
                  00008328    0000007c     libc.a : fclose.c.obj (.text.__TI_closefile)
                  000083a4    0000007c            : copy_decompress_lzss.c.obj (.text:decompress:lzss)
                  00008420    00000076     vl53l1_api_core.o (.text.VL53L1_get_sequence_config_bit)
                  00008496    00000002     --HOLE-- [fill = 0]
                  00008498    00000074     ti_msp_dl_config.o (.text.SYSCFG_DL_init)
                  0000850c    00000074     vl53l1_api_preset_modes.o (.text.VL53L1_preset_mode_singleshot_ranging)
                  00008580    00000074     libclang_rt.builtins.a : comparedf2.c.obj (.text.__gedf2)
                  000085f4    0000000c     Bat.o (.text.Bat_Read)
                  00008600    00000074     libclang_rt.builtins.a : truncdfsf2.S.obj (.text.__truncdfsf2)
                  00008674    00000070     ti_msp_dl_config.o (.text.SYSCFG_DL_BAT_ADC_init)
                  000086e4    00000070     ti_msp_dl_config.o (.text.SYSCFG_DL_SYSCTL_init)
                  00008754    0000006c     libsysbm.a : hostlseek.c.obj (.text.HOSTlseek)
                  000087c0    0000006c                : hostrename.c.obj (.text.HOSTrename)
                  0000882c    0000006c     vl53l1_core.o (.text.VL53L1_low_power_auto_data_init)
                  00008898    0000006c     libc.a : fseek.c.obj (.text.fseeko)
                  00008904    0000006c            : getdevice.c.obj (.text.getdevice)
                  00008970    00000068     ti_msp_dl_config.o (.text.SYSCFG_DL_PWM_BUZZER_init)
                  000089d8    00000068     vl53l1_api_core.o (.text.VL53L1_get_mode_mitigation_roi)
                  00008a40    00000068     libclang_rt.builtins.a : comparedf2.c.obj (.text.__ledf2)
                  00008aa8    00000068     icm42688.o (.text.bsp_Icm42688GetAres)
                  00008b10    00000066     vl53l1_register_funcs.o (.text.VL53L1_i2c_encode_system_control)
                  00008b76    00000066     libc.a : _printfi.c.obj (.text._mcpy)
                  00008bdc    00000064     Delay.o (.text.Get_us)
                  00008c40    00000064     libc.a : _io_perm.c.obj (.text.__TI_wrt_ok)
                  00008ca4    00000064            : memory.c.obj (.text.split)
                  00008d08    00000062     vl53l1_wait.o (.text.VL53L1_poll_for_boot_completion)
                  00008d6a    00000002     --HOLE-- [fill = 0]
                  00008d6c    00000062     libclang_rt.builtins.a : aeabi_dcmp.S.obj (.text.__aeabi_dcmp)
                  00008dce    00000002     --HOLE-- [fill = 0]
                  00008dd0    00000062                            : aeabi_fcmp.S.obj (.text.__aeabi_fcmp)
                  00008e32    00000002     --HOLE-- [fill = 0]
                  00008e34    00000060     libsysbm.a : hostopen.c.obj (.text.HOSTopen)
                  00008e94    0000005e     driverlib.a : dl_i2c.o (.text.DL_I2C_fillControllerTXFIFO)
                  00008ef2    00000002     --HOLE-- [fill = 0]
                  00008ef4    0000005c     libc.a : s_frexp.c.obj (.text.frexp)
                  00008f50    0000005c     main.o (.text.main)
                  00008fac    0000005c     libc.a : printf.c.obj (.text.printf)
                  00009008    0000005a     vl53l1_api.o (.text.SetLimitValue)
                  00009062    0000005a     vl53l1_core.o (.text.VL53L1_i2c_encode_int16_t)
                  000090bc    0000005a     vl53l1_api_preset_modes.o (.text.VL53L1_preset_mode_low_power_auto_long_ranging)
                  00009116    0000005a     vl53l1_api_preset_modes.o (.text.VL53L1_preset_mode_low_power_auto_ranging)
                  00009170    0000005a     vl53l1_api_preset_modes.o (.text.VL53L1_preset_mode_low_power_auto_short_ranging)
                  000091ca    00000002     --HOLE-- [fill = 0]
                  000091cc    00000058     libsysbm.a : hostread.c.obj (.text.HOSTread)
                  00009224    00000058                : hostwrite.c.obj (.text.HOSTwrite)
                  0000927c    00000058     IMU.o (.text.IMU_init)
                  000092d4    00000058     OLED.o (.text.OLED_Clear)
                  0000932c    00000058     ti_msp_dl_config.o (.text.SYSCFG_DL_I2C_0_init)
                  00009384    00000058     vl53l1_api.o (.text.VL53L1_StaticInit)
                  000093dc    00000058     vl53l1_core.o (.text.VL53L1_calc_macro_period_us)
                  00009434    00000058     libc.a : _ltoa.c.obj (.text.__TI_ltoa)
                  0000948c    00000058            : _printfi.c.obj (.text._pconv_f)
                  000094e4    00000058     IMU.o (.text.invSqrt1)
                  0000953c    00000056     vl53l1_api_core.o (.text.VL53L1_get_inter_measurement_period_ms)
                  00009592    00000056     vl53l1_core.o (.text.VL53L1_i2c_encode_uint16_t)
                  000095e8    00000056     vl53l1_api_preset_modes.o (.text.VL53L1_preset_mode_standard_ranging_mm1_cal)
                  0000963e    00000056     vl53l1_api_preset_modes.o (.text.VL53L1_preset_mode_standard_ranging_mm2_cal)
                  00009694    00000056     vl53l1_api_core.o (.text.VL53L1_set_inter_measurement_period_ms)
                  000096ea    00000002     --HOLE-- [fill = 0]
                  000096ec    00000056     libclang_rt.builtins.a : aeabi_idivmod.S.obj (.text.__aeabi_idivmod)
                  00009742    00000002     --HOLE-- [fill = 0]
                  00009744    00000054     vl53l1_core.o (.text.VL53L1_i2c_decode_int16_t)
                  00009798    00000054     icm42688.o (.text.bsp_IcmGetTemperature)
                  000097ec    00000052     vl53l1_core.o (.text.VL53L1_encode_timeout)
                  0000983e    00000052     vl53l1_core.o (.text.VL53L1_i2c_encode_uint32_t)
                  00009890    00000052     libc.a : fflush.c.obj (.text.__TI_doflush)
                  000098e2    00000052            : _printfi.c.obj (.text._ecpy)
                  00009934    00000050     ti_msp_dl_config.o (.text.DL_GPIO_initPeripheralInputFunctionFeatures)
                  00009984    00000050     IOI2C.o (.text.DL_I2C_startControllerTransfer)
                  000099d4    00000050     ICM_Test.o (.text.ICM42688_Test2)
                  00009a24    00000050     ti_msp_dl_config.o (.text.SysTick_Config)
                  00009a74    00000050     vl53l1x_Test.o (.text.Uart0_Send)
                  00009ac4    00000050     vl53l1_core_support.o (.text.VL53L1_decode_row_col)
                  00009b14    00000050     vl53l1_register_funcs.o (.text.VL53L1_get_nvm_copy_data)
                  00009b64    00000050     vl53l1_api_preset_modes.o (.text.VL53L1_preset_mode_olt)
                  00009bb4    00000050     libsysbm.a : close.c.obj (.text.close)
                  00009c04    0000004e     vl53l1_register_funcs.o (.text.VL53L1_get_customer_nvm_managed)
                  00009c52    0000004e     vl53l1_register_funcs.o (.text.VL53L1_get_static_nvm_managed)
                  00009ca0    0000004e     icm42688.o (.text.icm42688_read_regs)
                  00009cee    00000002     --HOLE-- [fill = 0]
                  00009cf0    0000004c     ti_msp_dl_config.o (.text.DL_GPIO_initDigitalInputFeatures)
                  00009d3c    0000004c     ti_msp_dl_config.o (.text.DL_UART_setBaudRateDivisor)
                  00009d88    0000004c     vl53l1_core.o (.text.VL53L1_calc_timeout_us)
                  00009dd4    0000004a     ti_msp_dl_config.o (.text.DL_ADC12_configConversionMem)
                  00009e1e    0000004a     vl53l1_platform.o (.text.VL53L1_ReadMulti)
                  00009e68    0000004a     vl53l1_platform.o (.text.VL53L1_WriteMulti)
                  00009eb2    00000002     --HOLE-- [fill = 0]
                  00009eb4    0000004a     libclang_rt.builtins.a : fixdfsi.S.obj (.text.__fixdfsi)
                  00009efe    00000002     --HOLE-- [fill = 0]
                  00009f00    00000048     driverlib.a : dl_uart.o (.text.DL_UART_init)
                  00009f48    00000048     libsysbm.a : hostclose.c.obj (.text.HOSTclose)
                  00009f90    00000048                : hostunlink.c.obj (.text.HOSTunlink)
                  00009fd8    00000046     vl53l1_platform.o (.text.VL53L1_WrByte)
                  0000a01e    00000002     --HOLE-- [fill = 0]
                  0000a020    00000044     driverlib.a : dl_spi.o (.text.DL_SPI_init)
                  0000a064    00000044                 : dl_sysctl_mspm0g1x0x_g3x0x.o (.text.DL_SYSCTL_switchMCLKfromSYSOSCtoHSCLK)
                  0000a0a8    00000044     vl53l1_api.o (.text.VL53L1_GetInterMeasurementPeriodMilliSeconds)
                  0000a0ec    00000044     vl53l1_api_core.o (.text.VL53L1_set_user_zone)
                  0000a130    00000042     vl53l1_platform.o (.text.VL53L1_RdByte)
                  0000a172    00000042     vl53l1_api.o (.text.VL53L1_SetInterMeasurementPeriodMilliSeconds)
                  0000a1b4    00000042     vl53l1_api_core.o (.text.VL53L1_get_user_zone)
                  0000a1f6    00000002     --HOLE-- [fill = 0]
                  0000a1f8    00000040     driverlib.a : dl_adc12.o (.text.DL_ADC12_setClockConfig)
                  0000a238    00000040     spi.o (.text.SPI_Init)
                  0000a278    00000040     ti_msp_dl_config.o (.text.SYSCFG_DL_SPI_1_init)
                  0000a2b8    00000040     ti_msp_dl_config.o (.text.SYSCFG_DL_UART_3_init)
                  0000a2f8    00000040     ti_msp_dl_config.o (.text.SYSCFG_DL_UART_CAMERA_init)
                  0000a338    00000040     ti_msp_dl_config.o (.text.SYSCFG_DL_UART_WIRELESS_init)
                  0000a378    00000040     ti_msp_dl_config.o (.text.SYSCFG_DL_UART_init)
                  0000a3b8    00000040     vl53l1_api_preset_modes.o (.text.VL53L1_init_offset_cal_config_struct)
                  0000a3f8    00000040     libclang_rt.builtins.a : aeabi_uidivmod.S.obj (.text.__aeabi_uidivmod)
                  0000a438    00000040                            : extendsfdf2.S.obj (.text.__extendsfdf2)
                  0000a478    00000040     libc.a : atoi.c.obj (.text.atoi)
                  0000a4b8    00000040            : vsnprintf.c.obj (.text.vsnprintf)
                  0000a4f8    0000003e     vl53l1_core.o (.text.VL53L1_init_ll_driver_state)
                  0000a536    00000002     --HOLE-- [fill = 0]
                  0000a538    0000003c     ti_msp_dl_config.o (.text.DL_Timer_setCounterControl)
                  0000a574    0000003c     Usart.o (.text.Uart0_Send_String)
                  0000a5b0    0000003c     vl53l1_core.o (.text.VL53L1_encode_row_col)
                  0000a5ec    0000003c     libclang_rt.builtins.a : floatsisf.S.obj (.text.__floatsisf)
                  0000a628    0000003c                            : comparesf2.S.obj (.text.__gtsf2)
                  0000a664    0000003c     libc.a : autoinit.c.obj (.text:__TI_auto_init_nobinit_nopinit)
                  0000a6a0    0000003a     vl53l1_platform.o (.text.VL53L1_RdWord)
                  0000a6da    0000003a     vl53l1_core.o (.text.VL53L1_i2c_decode_uint16_t)
                  0000a714    0000003a     vl53l1_api_preset_modes.o (.text.VL53L1_init_refspadchar_config_struct)
                  0000a74e    00000002     --HOLE-- [fill = 0]
                  0000a750    0000003a     libclang_rt.builtins.a : comparesf2.S.obj (.text.__eqsf2)
                  0000a78a    00000002     --HOLE-- [fill = 0]
                  0000a78c    0000003a                            : muldsi3.S.obj (.text.__muldsi3)
                  0000a7c6    00000002     --HOLE-- [fill = 0]
                  0000a7c8    00000038     vl53l1_api_preset_modes.o (.text.VL53L1_init_ssc_config_struct)
                  0000a800    00000038     libclang_rt.builtins.a : fixsfsi.S.obj (.text.__fixsfsi)
                  0000a838    00000038     icm42688.o (.text.icm42688_read_reg)
                  0000a870    00000034     ti_msp_dl_config.o (.text.SYSCFG_DL_TIMER_10ms_init)
                  0000a8a4    00000034     vl53l1x_Test.o (.text.VL53L1X_Test2)
                  0000a8d8    00000034     vl53l1_api.o (.text.VL53L1_GetSequenceStepEnable)
                  0000a90c    00000034     vl53l1_api.o (.text.VL53L1_SetDeviceAddress)
                  0000a940    00000034     libc.a : fopen.c.obj (.text.__TI_cleanup)
                  0000a974    00000034     libsysbm.a : trgmsg.c.obj (.text.__TI_readmsg)
                  0000a9a8    00000034                : trgmsg.c.obj (.text.__TI_writemsg)
                  0000a9dc    00000034     libc.a : exit.c.obj (.text.exit)
                  0000aa10    00000034            : getdevice.c.obj (.text.finddevice)
                  0000aa44    00000032     Usart.o (.text.Uart0_Printf)
                  0000aa76    00000032     vl53l1_core.o (.text.VL53L1_config_low_power_auto_mode)
                  0000aaa8    00000032     icm42688.o (.text.icm42688_write_reg)
                  0000aada    00000002     --HOLE-- [fill = 0]
                  0000aadc    00000030     ADC_Test.o (.text.ADC_Test1)
                  0000ab0c    00000030     ADC.o (.text.DL_ADC12_getMemResult)
                  0000ab3c    00000030     ti_msp_dl_config.o (.text.DL_GPIO_initDigitalOutputFeatures)
                  0000ab6c    00000030     ti_msp_dl_config.o (.text.DL_SPI_setFIFOThreshold)
                  0000ab9c    00000030     libc.a : _printfi.c.obj (.text._fcpy)
                  0000abcc    00000030            : vsnprintf.c.obj (.text._outs)
                  0000abfc    00000030     icm42688.o (.text.icm_spi_transfer_byte)
                  0000ac2c    00000030     my_vl53l1x.o (.text.my_vl53l1x_callback)
                  0000ac5c    0000002e     vl53l1_core.o (.text.VL53L1_calc_encoded_timeout)
                  0000ac8a    0000002e     vl53l1_api_core.o (.text.VL53L1_set_vhv_loopbound)
                  0000acb8    0000002c     ADC_Test.o (.text.ADC_Test2)
                  0000ace4    0000002c     Encoder.o (.text.Encoder_Count_Get)
                  0000ad10    0000002c     Encoder_Test.o (.text.Encoder_Test1)
                  0000ad3c    0000002c     Usart.o (.text.Uart0_Send_Char)
                  0000ad68    0000002c     vl53l1_core.o (.text.VL53L1_init_version)
                  0000ad94    0000002c     Usart.o (.text.__NVIC_ClearPendingIRQ)
                  0000adc0    0000002c     ADC.o (.text.__NVIC_EnableIRQ)
                  0000adec    0000002c     Usart.o (.text.__NVIC_EnableIRQ)
                  0000ae18    0000002c     main.o (.text.__NVIC_EnableIRQ)
                  0000ae44    0000002c     libclang_rt.builtins.a : floatsidf.S.obj (.text.__floatsidf)
                  0000ae70    0000002c     libsysbm.a : unlink.c.obj (.text.unlink)
                  0000ae9c    0000002a     vl53l1_core.o (.text.VL53L1_calc_decoded_timeout_us)
                  0000aec6    00000002     --HOLE-- [fill = 0]
                  0000aec8    00000028     ti_msp_dl_config.o (.text.DL_ADC12_configHwAverage)
                  0000aef0    00000028     IOI2C.o (.text.DL_Common_updateReg)
                  0000af18    00000028     ti_msp_dl_config.o (.text.DL_Common_updateReg)
                  0000af40    00000028     ti_msp_dl_config.o (.text.DL_I2C_setControllerRXFIFOThreshold)
                  0000af68    00000028     ti_msp_dl_config.o (.text.DL_I2C_setControllerTXFIFOThreshold)
                  0000af90    00000028     Delay.o (.text.Delay_ms)
                  0000afb8    00000028     OLED_Test.o (.text.OLED_Test1)
                  0000afe0    00000028     Uart_Test.o (.text.Uart_Test2)
                  0000b008    00000028     vl53l1_api.o (.text.VL53L1_WaitDeviceBooted)
                  0000b030    00000028     libclang_rt.builtins.a : floatunsisf.S.obj (.text.__floatunsisf)
                  0000b058    00000028     libc.a : memory.c.obj (.text.free_list_insert)
                  0000b080    00000028     libsysbm.a : lseek.c.obj (.text.lseek)
                  0000b0a8    00000028                : write.c.obj (.text.write)
                  0000b0d0    00000028     libc.a : boot_cortex_m.c.obj (.text:_c_int00_noargs)
                  0000b0f8    00000026     ti_msp_dl_config.o (.text.DL_I2C_setAnalogGlitchFilterPulseWidth)
                  0000b11e    00000026     driverlib.a : dl_i2c.o (.text.DL_I2C_setClockConfig)
                  0000b144    00000026     vl53l1_platform.o (.text.VL53L1_WaitUs)
                  0000b16a    00000002     --HOLE-- [fill = 0]
                  0000b16c    00000024     ti_msp_dl_config.o (.text.DL_SPI_setBitRateSerialClockDivider)
                  0000b190    00000024     vl53l1_api_core.o (.text.VL53L1_set_lite_min_count_rate)
                  0000b1b4    00000024     vl53l1_api_core.o (.text.VL53L1_set_lite_sigma_threshold)
                  0000b1d8    00000024     libclang_rt.builtins.a : floatunsidf.S.obj (.text.__floatunsidf)
                  0000b1fc    00000024                            : muldi3.S.obj (.text.__muldi3)
                  0000b220    00000022     IOI2C.o (.text.IICwriteByte)
                  0000b242    00000022     vl53l1_core.o (.text.VL53L1_calc_timeout_mclks)
                  0000b264    00000022     vl53l1_core.o (.text.VL53L1_decode_zone_size)
                  0000b286    00000022     libc.a : memccpy.c.obj (.text.memccpy)
                  0000b2a8    00000020     ti_msp_dl_config.o (.text.DL_GPIO_initPeripheralInputFunction)
                  0000b2c8    00000020     ti_msp_dl_config.o (.text.DL_SYSCTL_setFlashWaitState)
                  0000b2e8    00000020     Usart.o (.text.Uart_Init)
                  0000b308    00000020     vl53l1_core_support.o (.text.VL53L1_calc_pll_period_us)
                  0000b328    00000020     my_vl53l1x.o (.text.my_vl53l1x_get_distance)
                  0000b348    0000001e     ti_msp_dl_config.o (.text.DL_ADC12_setPowerDownMode)
                  0000b366    0000001e     ti_msp_dl_config.o (.text.DL_UART_setOversampling)
                  0000b384    0000001e     vl53l1_core.o (.text.VL53L1_decode_timeout)
                  0000b3a2    00000002     --HOLE-- [fill = 0]
                  0000b3a4    0000001e     libclang_rt.builtins.a : ashldi3.S.obj (.text.__ashldi3)
                  0000b3c2    0000001e     icm42688.o (.text.bsp_IcmGetWhoAmI)
                  0000b3e0    0000001c     ADC.o (.text.ADC_Init)
                  0000b3fc    0000001c     Bat.o (.text.Bat_Init)
                  0000b418    0000001c     ti_msp_dl_config.o (.text.DL_ADC12_clearInterruptStatus)
                  0000b434    0000001c     ti_msp_dl_config.o (.text.DL_ADC12_enableInterrupt)
                  0000b450    0000001c     ADC.o (.text.DL_ADC12_startConversion)
                  0000b46c    0000001c     Bat.o (.text.DL_ADC12_startConversion)
                  0000b488    0000001c     Interrupt.o (.text.DL_GPIO_clearInterruptStatus)
                  0000b4a4    0000001c     ti_msp_dl_config.o (.text.DL_GPIO_clearInterruptStatus)
                  0000b4c0    0000001c     ti_msp_dl_config.o (.text.DL_GPIO_enableHiZ)
                  0000b4dc    0000001c     ti_msp_dl_config.o (.text.DL_GPIO_enableInterrupt)
                  0000b4f8    0000001c     ti_msp_dl_config.o (.text.DL_GPIO_initPeripheralOutputFunction)
                  0000b514    0000001c     ti_msp_dl_config.o (.text.DL_GPIO_setLowerPinsPolarity)
                  0000b530    0000001c     IOI2C.o (.text.DL_I2C_isControllerRXFIFOEmpty)
                  0000b54c    0000001c     driverlib.a : dl_sysctl_mspm0g1x0x_g3x0x.o (.text.DL_SYSCTL_configFCC)
                  0000b568    0000001c     ti_msp_dl_config.o (.text.DL_SYSCTL_setFCCPeriods)
                  0000b584    0000001c     ti_msp_dl_config.o (.text.DL_SYSCTL_setSYSOSCFreq)
                  0000b5a0    0000001c     ti_msp_dl_config.o (.text.DL_SYSCTL_setULPCLKDivider)
                  0000b5bc    0000001c     ti_msp_dl_config.o (.text.DL_Timer_enableInterrupt)
                  0000b5d8    0000001c     driverlib.a : dl_timer.o (.text.DL_Timer_setCaptCompUpdateMethod)
                  0000b5f4    0000001c                 : dl_timer.o (.text.DL_Timer_setClockConfig)
                  0000b610    0000001c     vl53l1_core.o (.text.VL53L1_encode_zone_size)
                  0000b62c    0000001c     libc.a : memory.c.obj (.text.free_list_remove)
                  0000b648    0000001a     Interrupt.o (.text.ADC0_IRQHandler)
                  0000b662    0000001a     vl53l1_core_support.o (.text.VL53L1_decode_vcsel_period)
                  0000b67c    00000018     ADC.o (.text.ADC_Callback)
                  0000b694    00000018     ti_msp_dl_config.o (.text.DL_ADC12_enablePower)
                  0000b6ac    00000018     ti_msp_dl_config.o (.text.DL_ADC12_reset)
                  0000b6c4    00000018     ti_msp_dl_config.o (.text.DL_ADC12_setSampleTime0)
                  0000b6dc    00000018     ti_msp_dl_config.o (.text.DL_GPIO_enableOutput)
                  0000b6f4    00000018     ti_msp_dl_config.o (.text.DL_GPIO_enablePower)
                  0000b70c    00000018     Interrupt.o (.text.DL_GPIO_getEnabledInterruptStatus)
                  0000b724    00000018     ti_msp_dl_config.o (.text.DL_GPIO_initDigitalOutput)
                  0000b73c    00000018     ti_msp_dl_config.o (.text.DL_GPIO_reset)
                  0000b754    00000018     OLED.o (.text.DL_GPIO_setPins)
                  0000b76c    00000018     my_vl53l1x.o (.text.DL_GPIO_setPins)
                  0000b784    00000018     spi.o (.text.DL_GPIO_setPins)
                  0000b79c    00000018     ti_msp_dl_config.o (.text.DL_GPIO_setPins)
                  0000b7b4    00000018     ti_msp_dl_config.o (.text.DL_GPIO_setUpperPinsPolarity)
                  0000b7cc    00000018     IOI2C.o (.text.DL_I2C_clearInterruptStatus)
                  0000b7e4    00000018     ti_msp_dl_config.o (.text.DL_I2C_enableAnalogGlitchFilter)
                  0000b7fc    00000018     ti_msp_dl_config.o (.text.DL_I2C_enableController)
                  0000b814    00000018     ti_msp_dl_config.o (.text.DL_I2C_enableControllerClockStretching)
                  0000b82c    00000018     ti_msp_dl_config.o (.text.DL_I2C_enablePower)
                  0000b844    00000018     IOI2C.o (.text.DL_I2C_getRawInterruptStatus)
                  0000b85c    00000018     ti_msp_dl_config.o (.text.DL_I2C_reset)
                  0000b874    00000018     ti_msp_dl_config.o (.text.DL_I2C_setTimerPeriod)
                  0000b88c    00000018     ti_msp_dl_config.o (.text.DL_SPI_enable)
                  0000b8a4    00000018     ti_msp_dl_config.o (.text.DL_SPI_enablePower)
                  0000b8bc    00000018     OLED.o (.text.DL_SPI_isBusy)
                  0000b8d4    00000018     icm42688.o (.text.DL_SPI_isBusy)
                  0000b8ec    00000018     ti_msp_dl_config.o (.text.DL_SPI_reset)
                  0000b904    00000018     ti_msp_dl_config.o (.text.DL_SYSCTL_setBORThreshold)
                  0000b91c    00000018     ti_msp_dl_config.o (.text.DL_Timer_enablePower)
                  0000b934    00000018     ti_msp_dl_config.o (.text.DL_Timer_reset)
                  0000b94c    00000018     driverlib.a : dl_timer.o (.text.DL_Timer_setCaptureCompareOutCtl)
                  0000b964    00000018     main.o (.text.DL_Timer_startCounter)
                  0000b97c    00000018     ti_msp_dl_config.o (.text.DL_UART_enablePower)
                  0000b994    00000018     Usart.o (.text.DL_UART_isBusy)
                  0000b9ac    00000018     ti_msp_dl_config.o (.text.DL_UART_reset)
                  0000b9c4    00000018     Encoder.o (.text.Encoder_Init)
                  0000b9dc    00000018     libc.a : vsnprintf.c.obj (.text._outc)
                  0000b9f4    00000018     icm42688.o (.text.delay_ms)
                  0000ba0c    00000016     Bat.o (.text.DL_ADC12_enableConversions)
                  0000ba22    00000016     ti_msp_dl_config.o (.text.DL_ADC12_enableConversions)
                  0000ba38    00000016     Encoder.o (.text.DL_GPIO_readPins)
                  0000ba4e    00000016     OLED.o (.text.DL_SPI_transmitData8)
                  0000ba64    00000016     icm42688.o (.text.DL_SPI_transmitData8)
                  0000ba7a    00000016     ti_msp_dl_config.o (.text.DL_UART_enable)
                  0000ba90    00000016     Usart.o (.text.DL_UART_transmitData)
                  0000baa6    00000002     --HOLE-- [fill = 0]
                  0000baa8    00000014     ADC.o (.text.ADC_Read)
                  0000babc    00000014     OLED.o (.text.DL_GPIO_clearPins)
                  0000bad0    00000014     my_vl53l1x.o (.text.DL_GPIO_clearPins)
                  0000bae4    00000014     spi.o (.text.DL_GPIO_clearPins)
                  0000baf8    00000014     ti_msp_dl_config.o (.text.DL_GPIO_clearPins)
                  0000bb0c    00000014     IOI2C.o (.text.DL_I2C_getControllerStatus)
                  0000bb20    00000014     IOI2C.o (.text.DL_I2C_receiveControllerData)
                  0000bb34    00000014     ti_msp_dl_config.o (.text.DL_I2C_resetControllerTransfer)
                  0000bb48    00000014     OLED.o (.text.DL_SPI_receiveData8)
                  0000bb5c    00000014     icm42688.o (.text.DL_SPI_receiveData8)
                  0000bb70    00000014     ti_msp_dl_config.o (.text.DL_SYSCTL_disableSYSPLL)
                  0000bb84    00000014     ti_msp_dl_config.o (.text.DL_SYSCTL_enableSYSPLL)
                  0000bb98    00000014     ti_msp_dl_config.o (.text.DL_Timer_enableClock)
                  0000bbac    00000014     ti_msp_dl_config.o (.text.DL_Timer_setCCPDirection)
                  0000bbc0    00000014     Usart.o (.text.DL_UART_receiveData)
                  0000bbd4    00000014     vl53l1_platform.o (.text.VL53L1_WaitMs)
                  0000bbe8    00000014     libclang_rt.builtins.a : aeabi_uldivmod.S.obj (.text.__aeabi_uldivmod)
                  0000bbfc    00000014     libc.a : _printfi.c.obj (.text.strchr)
                  0000bc10    00000012     Interrupt.o (.text.DL_ADC12_getPendingInterrupt)
                  0000bc22    00000012     driverlib.a : dl_spi.o (.text.DL_SPI_setClockConfig)
                  0000bc34    00000012                 : dl_uart.o (.text.DL_UART_setClockConfig)
                  0000bc46    00000012     libc.a : memcpy16.S.obj (.text:TI_memcpy_small)
                  0000bc58    00000012            : copy_decompress_none.c.obj (.text:decompress:none)
                  0000bc6a    00000002     --HOLE-- [fill = 0]
                  0000bc6c    00000010     ti_msp_dl_config.o (.text.DL_SYSCTL_disableHFXT)
                  0000bc7c    00000010     ti_msp_dl_config.o (.text.DL_SYSCTL_isFCCDone)
                  0000bc8c    00000010     ti_msp_dl_config.o (.text.DL_SYSCTL_startFCC)
                  0000bc9c    00000010     driverlib.a : dl_timer.o (.text.DL_Timer_setCaptureCompareValue)
                  0000bcac    00000010     IOI2C.o (.text.IIC_Delay_ms)
                  0000bcbc    00000010     ti_msp_dl_config.o (.text.SYSCFG_DL_SYSTICK_init)
                  0000bccc    00000010     Delay.o (.text.SysTick_Handler)
                  0000bcdc    00000010     libc.a : wcslen.c.obj (.text.wcslen)
                  0000bcec    00000010            : copy_zero_init.c.obj (.text:decompress:ZI)
                  0000bcfc    0000000e            : memory.c.obj (.text.OUTLINED_FUNCTION_0)
                  0000bd0a    00000002     --HOLE-- [fill = 0]
                  0000bd0c    0000000e     libclang_rt.builtins.a : aeabi_memset.S.obj (.text.__aeabi_memset)
                  0000bd1a    0000000e     libsysbm.a : hostrename.c.obj (.text.strcpy)
                  0000bd28    0000000e     libc.a : _printfi.c.obj (.text.strlen)
                  0000bd36    0000000e     libsysbm.a : hostrename.c.obj (.text.strlen)
                  0000bd44    0000000e     libc.a : memset16.S.obj (.text:TI_memset_small)
                  0000bd52    00000002     --HOLE-- [fill = 0]
                  0000bd54    0000000c     ti_msp_dl_config.o (.text.DL_SYSCTL_getClockStatus)
                  0000bd60    0000000c     ti_msp_dl_config.o (.text.DL_SYSCTL_readFCC)
                  0000bd6c    0000000c     Delay.o (.text.Get_ms)
                  0000bd78    0000000c     Interrupt.o (.text.TIMG0_IRQHandler)
                  0000bd84    0000000c     libclang_rt.builtins.a : aeabi_memset.S.obj (.text.__aeabi_memclr)
                  0000bd90    0000000c     icm42688.o (.text.icm_cs_high)
                  0000bd9c    0000000c     icm42688.o (.text.icm_cs_low)
                  0000bda8    0000000c     libc.a : memory.c.obj (.text.malloc)
                  0000bdb4    0000000a     driverlib.a : dl_common.o (.text.DL_Common_delayCycles)
                  0000bdbe    0000000a     libc.a : _printfi.c.obj (.text.OUTLINED_FUNCTION_0)
                  0000bdc8    00000010     libclang_rt.builtins.a : adddf3.S.obj (.tramp.__aeabi_dsub.1)
                  0000bdd8    0000000a     libc.a : e_asin.c.obj (.text.OUTLINED_FUNCTION_0)
                  0000bde2    00000002     --HOLE-- [fill = 0]
                  0000bde4    00000010     libclang_rt.builtins.a : muldf3.S.obj (.tramp.__aeabi_dmul.1)
                  0000bdf4    0000000a     libc.a : s_atan.c.obj (.text.OUTLINED_FUNCTION_0)
                  0000bdfe    0000000a            : _printfi.c.obj (.text.OUTLINED_FUNCTION_1)
                  0000be08    0000000a            : e_asin.c.obj (.text.OUTLINED_FUNCTION_1)
                  0000be12    0000000a            : e_asin.c.obj (.text.OUTLINED_FUNCTION_3)
                  0000be1c    00000010     libclang_rt.builtins.a : divdf3.S.obj (.tramp.__aeabi_ddiv.1)
                  0000be2c    00000008     libc.a : s_atan.c.obj (.text.OUTLINED_FUNCTION_2)
                  0000be34    00000008            : aeabi_portable.c.obj (.text.__aeabi_errno_addr)
                  0000be3c    00000008     libclang_rt.builtins.a : aeabi_memcpy.S.obj (.text.__aeabi_memcpy)
                  0000be44    00000008     libc.a : printf.c.obj (.text._outc)
                  0000be4c    00000008            : printf.c.obj (.text._outs)
                  0000be54    00000008     icm42688.o (.text.bsp_Icm42688Init)
                  0000be5c    00000008     libc.a : fseek.c.obj (.text.fseek)
                  0000be64    00000008     libsysbm.a : remove.c.obj (.text.remove)
                  0000be6c    00000006     libc.a : s_atan.c.obj (.text.OUTLINED_FUNCTION_1)
                  0000be72    00000002     --HOLE-- [fill = 0]
                  0000be74    00000010     libclang_rt.builtins.a : adddf3.S.obj (.tramp.__aeabi_dadd.1)
                  0000be84    00000006     libc.a : e_asin.c.obj (.text.OUTLINED_FUNCTION_2)
                  0000be8a    00000006            : exit.c.obj (.text:abort)
                  0000be90    00000004     startup_mspm0g350x_ticlang.o (.text.Default_Handler)
                  0000be94    00000004     libsysbm.a : hostexit.c.obj (.text.HOSTexit)
                  0000be98    00000004     libc.a : e_asin.c.obj (.text.OUTLINED_FUNCTION_4)
                  0000be9c    00000004     startup_mspm0g350x_ticlang.o (.text.Reset_Handler)
                  0000bea0    00000010     libc.a : boot_cortex_m.c.obj (.tramp._c_int00_noargs.1)
                  0000beb0    00000004            : pre_init.c.obj (.text._system_pre_init)
                  0000beb4    0000000c     --HOLE-- [fill = 0]

.cinit     0    0000dd70    000000e0     
                  0000dd70    000000b7     (.cinit..data.load) [load image, compression = lzss]
                  0000de27    00000001     --HOLE-- [fill = 0]
                  0000de28    0000000c     (__TI_handler_table)
                  0000de34    00000008     (.cinit..bss.load) [load image, compression = zero_init]
                  0000de3c    00000010     (__TI_cinit_table)
                  0000de4c    00000004     --HOLE-- [fill = 0]

.rodata    0    0000bec0    00001eb0     
                  0000bec0    00000d5c     OLED.o (.rodata.asc2_2412)
                  0000cc1c    000005f0     OLED.o (.rodata.asc2_1608)
                  0000d20c    00000474     OLED.o (.rodata.asc2_1206)
                  0000d680    00000228     OLED.o (.rodata.asc2_0806)
                  0000d8a8    00000008     ti_msp_dl_config.o (.rodata.gBAT_ADCClockConfig)
                  0000d8b0    00000101     libc.a : aeabi_ctype.S.obj (.rodata:__aeabi_ctype_table_)
                  0000d9b1    00000007     Encoder_Test.o (.rodata.str1.17708060195393170552.1)
                  0000d9b8    00000040     libc.a : s_atan.c.obj (.rodata.cst32)
                  0000d9f8    0000003e     ICM_Test.o (.rodata.str1.3318929658856415440.1)
                  0000da36    0000003d     ICM_Test.o (.rodata.str1.14508133981236302045.1)
                  0000da73    00000035     ICM_Test.o (.rodata.str1.9102904528692852946.1)
                  0000daa8    00000032     vl53l1x_Test.o (.rodata.str1.15819855695198313757.1)
                  0000dada    00000030     vl53l1x.o (.rodata.str1.8665556936548998902.1)
                  0000db0a    0000002f     ICM_Test.o (.rodata.str1.3668019700171052297.1)
                  0000db39    00000029     ICM_Test.o (.rodata.str1.17276630036601735024.1)
                  0000db62    00000002     ti_msp_dl_config.o (.rodata.gI2C_0ClockConfig)
                  0000db64    00000028     ti_msp_dl_config.o (.rodata.gSYSPLLConfig)
                  0000db8c    00000025     ICM_Test.o (.rodata.str1.13094285626225783814.1)
                  0000dbb1    00000021     ICM_Test.o (.rodata.str1.13739229678662884612.1)
                  0000dbd2    0000001c     vl53l1x.o (.rodata.str1.12793480914977007934.1)
                  0000dbee    0000001c     vl53l1x.o (.rodata.str1.9889896138451333030.1)
                  0000dc0a    0000001b     vl53l1x.o (.rodata.str1.3978240886075957214.1)
                  0000dc25    0000001a     ADC_Test.o (.rodata.str1.11396595870685173457.1)
                  0000dc3f    00000017     vl53l1x_Test.o (.rodata.str1.10952281665346510433.1)
                  0000dc56    00000016     vl53l1x.o (.rodata.str1.6185141677119688064.1)
                  0000dc6c    00000014     ti_msp_dl_config.o (.rodata.gTIMER_10msTimerConfig)
                  0000dc80    00000014     ADC_Test.o (.rodata.str1.5154163100107501331.1)
                  0000dc94    00000013     vl53l1x.o (.rodata.str1.18438805956943837306.1)
                  0000dca7    00000011     libc.a : _printfi.c.obj (.rodata.str1.10348868589481759720.1)
                  0000dcb8    00000011            : _printfi.c.obj (.rodata.str1.15363888844622738466.1)
                  0000dcc9    00000011     vl53l1x_Test.o (.rodata.str1.784680880869378880.1)
                  0000dcda    0000000e     vl53l1x_Test.o (.rodata.str1.16621539580981254400.1)
                  0000dce8    0000000d     OLED_Test.o (.rodata.str1.14401795109115830494.1)
                  0000dcf5    0000000c     Uart_Test.o (.rodata.str1.14504840162625008916.1)
                  0000dd01    00000001     --HOLE-- [fill = 0]
                  0000dd02    0000000a     ti_msp_dl_config.o (.rodata.gSPI_1_config)
                  0000dd0c    0000000a     ti_msp_dl_config.o (.rodata.gUARTConfig)
                  0000dd16    0000000a     ti_msp_dl_config.o (.rodata.gUART_3Config)
                  0000dd20    0000000a     ti_msp_dl_config.o (.rodata.gUART_CAMERAConfig)
                  0000dd2a    0000000a     ti_msp_dl_config.o (.rodata.gUART_WIRELESSConfig)
                  0000dd34    0000000a     Uart_Test.o (.rodata.str1.10152111140166146408.1)
                  0000dd3e    00000002     ti_msp_dl_config.o (.rodata.gSPI_1_clockConfig)
                  0000dd40    00000008     ti_msp_dl_config.o (.rodata.gPWM_BUZZERConfig)
                  0000dd48    00000008     ti_msp_dl_config.o (.rodata.gPWM_MotorConfig)
                  0000dd50    00000008     ti_msp_dl_config.o (.rodata.gPWM_SERVOConfig)
                  0000dd58    00000003     ti_msp_dl_config.o (.rodata.gPWM_BUZZERClockConfig)
                  0000dd5b    00000003     ti_msp_dl_config.o (.rodata.gPWM_MotorClockConfig)
                  0000dd5e    00000003     ti_msp_dl_config.o (.rodata.gPWM_SERVOClockConfig)
                  0000dd61    00000003     ti_msp_dl_config.o (.rodata.gTIMER_10msClockConfig)
                  0000dd64    00000002     ti_msp_dl_config.o (.rodata.gUARTClockConfig)
                  0000dd66    00000002     ti_msp_dl_config.o (.rodata.gUART_3ClockConfig)
                  0000dd68    00000002     ti_msp_dl_config.o (.rodata.gUART_CAMERAClockConfig)
                  0000dd6a    00000002     ti_msp_dl_config.o (.rodata.gUART_WIRELESSClockConfig)
                  0000dd6c    00000004     --HOLE-- [fill = 0]

.init_array 
*          0    00000000    00000000     UNINITIALIZED

.binit     0    00000000    00000000     

.bss       0    20200000    000033fa     UNINITIALIZED
                  20200000    00001c20     IMU.o (.bss.Gyro_fill)
                  20201c20    00000aec     (.common:VL53_)
                  2020270c    00000480     (.common:OLED_GRAM)
                  20202b8c    000003a4     (.common:VL53)
                  20202f30    00000120     libsysbm.a : trgmsg.c.obj (.bss:_CIOBUF_)
                  20203050    000000bc     (.common:gPWM_BUZZERBackup)
                  2020310c    000000bc     (.common:gPWM_SERVOBackup)
                  202031c8    000000a0     libc.a : defs.c.obj (.bss.__TI_tmpnams)
                  20203268    000000a0     (.common:gPWM_MotorBackup)
                  20203308    00000030     (.common:gUART_3Backup)
                  20203338    00000028     (.common:gSPI_1Backup)
                  20203360    0000001c     (.common:TTangles_gyro)
                  2020337c    00000004            : memory.c.obj (.bss.sys_free)
                  20203380    00000018     IMU.o (.bss.Gyro_total)
                  20203398    00000018     IMU.o (.bss.sqrGyro_total)
                  202033b0    0000000c     (.common:distance_)
                  202033bc    0000000c     (.common:north)
                  202033c8    0000000c     (.common:west)
                  202033d4    00000008     libsysbm.a : hostopen.c.obj (.bss.parmbuf)
                  202033dc    00000004     (.common:exInt)
                  202033e0    00000004     (.common:eyInt)
                  202033e4    00000004     (.common:ezInt)
                  202033e8    00000004     (.common:q0)
                  202033ec    00000004     (.common:q1)
                  202033f0    00000004     (.common:q2)
                  202033f4    00000004     (.common:q3)
                  202033f8    00000002     (.common:ADC_RawValue)

.sysmem    0    20203400    00000800     UNINITIALIZED
                  20203400    00000010     libc.a : memory.c.obj (.sysmem)
                  20203410    000007f0     --HOLE--

.data      0    20203c00    000002b1     UNINITIALIZED
                  20203c00    000000f0     libc.a : defs.c.obj (.data._ftable)
                  20203cf0    00000078     libsysbm.a : host_device.c.obj (.data._device)
                  20203d68    00000050                : host_device.c.obj (.data._stream)
                  20203db8    00000040     vl53l1x.o (.data.Mode_data)
                  20203df8    00000024     IMU.o (.data.mygetqval_1)
                  20203e1c    00000024     spi.o (.data.spi_devices)
                  20203e40    0000000c     IMU.o (.data.gyro_offset)
                  20203e4c    00000008     libc.a : exit.c.obj (.data..L_MergedGlobals)
                  20203e54    00000004     Bat.o (.data.Battery_Voltage)
                  20203e58    00000008     Encoder.o (.data.encoder_count_l)
                  20203e60    00000008     Encoder.o (.data.encoder_count_r)
                  20203e68    00000004     IMU.o (.data.CalCount)
                  20203e6c    00000004     IMU.o (.data.GyroCount)
                  20203e70    00000004     IMU.o (.data.GyroinitFlag)
                  20203e74    00000004     IMU.o (.data.Kp)
                  20203e78    00000004     Delay.o (.data.MS)
                  20203e7c    00000004     Delay.o (.data.US)
                  20203e80    00000004     vl53l1x_Test.o (.data.Uart0_Send.lastTick)
                  20203e84    00000004     libc.a : defs.c.obj (.data.__TI_ft_end)
                  20203e88    00000004            : aeabi_portable.c.obj (.data.__aeabi_errno)
                  20203e8c    00000004            : _lock.c.obj (.data._lock)
                  20203e90    00000004            : _lock.c.obj (.data._unlock)
                  20203e94    00000004     icm42688.o (.data.accSensitivity)
                  20203e98    00000004     vl53l1x_Test.o (.data.distance1)
                  20203e9c    00000004     vl53l1x_Test.o (.data.distance2)
                  20203ea0    00000004     vl53l1x_Test.o (.data.distance3)
                  20203ea4    00000004     icm42688.o (.data.gyroSensitivity)
                  20203ea8    00000004     Delay.o (.data.now_tick)
                  20203eac    00000001     Bat.o (.data.cmd_bat)
                  20203ead    00000001     IMU.o (.data.cmd_imu)
                  20203eae    00000001     spi.o (.data.spi_cs_locked)
                  20203eaf    00000001     spi.o (.data.spi_cs_locked_channel)
                  20203eb0    00000001     libc.a : memory.c.obj (.data.memory_is_initialized)

.stack     0    20207e00    00000200     UNINITIALIZED
                  20207e00    00000004     libc.a : boot_cortex_m.c.obj (.stack)
                  20207e04    000001fc     --HOLE--

__llvm_prf_cnts 
*          0    20200000    00000000     UNINITIALIZED

__llvm_prf_bits 
*          0    20200000    00000000     UNINITIALIZED

MODULE SUMMARY

       Module                         code    ro data   rw data
       ------                         ----    -------   -------
    .\
       ti_msp_dl_config.o             4548    166       624    
       startup_mspm0g350x_ticlang.o   8       192       0      
       main.o                         160     0         0      
    +--+------------------------------+-------+---------+---------+
       Total:                         4716    358       624    
                                                               
    .\HardWare\
       OLED.o                         1504    6632      1152   
       icm42688.o                     1524    0         8      
       Encoder.o                      842     0         16     
       Interrupt.o                    360     0         0      
       Usart.o                        340     0         0      
       spi.o                          248     0         38     
       ADC.o                          192     0         2      
       Delay.o                        168     0         12     
    +--+------------------------------+-------+---------+---------+
       Total:                         5178    6632      1228   
                                                               
    .\HardWare\vl53l1x\core\
       vl53l1_api_core.o              4710    0         0      
       vl53l1_api.o                   3010    0         0      
       vl53l1_register_funcs.o        2716    0         0      
       vl53l1_api_preset_modes.o      2376    0         0      
       vl53l1_core.o                  2372    0         0      
       vl53l1_core_support.o          138     0         0      
       vl53l1_wait.o                  98      0         0      
    +--+------------------------------+-------+---------+---------+
       Total:                         15420   0         0      
                                                               
    .\HardWare\vl53l1x\platform\
       vl53l1x.o                      758     172       996    
       IOI2C.o                        1422    0         0      
       vl53l1_platform.o              644     0         0      
    +--+------------------------------+-------+---------+---------+
       Total:                         2824    172       996    
                                                               
    .\Middle\
       IMU.o                          3544    0         7393   
       my_vl53l1x.o                   292     0         2808   
       Bat.o                          214     0         5      
    +--+------------------------------+-------+---------+---------+
       Total:                         4050    0         10206  
                                                               
    .\Test\
       ICM_Test.o                     404     334       0      
       vl53l1x_Test.o                 304     104       16     
       ADC_Test.o                     92      46        0      
       Uart_Test.o                    40      22        0      
       OLED_Test.o                    40      13        0      
       Encoder_Test.o                 44      7         0      
    +--+------------------------------+-------+---------+---------+
       Total:                         924     526       16     
                                                               
    C:/TI/mspm0_sdk_2_10_00_04/source/ti/driverlib/lib/ticlang/m0p/mspm0g1x0x_g3x0x/driverlib.a
       dl_timer.o                     608     0         0      
       dl_sysctl_mspm0g1x0x_g3x0x.o   316     0         0      
       dl_i2c.o                       132     0         0      
       dl_uart.o                      90      0         0      
       dl_spi.o                       86      0         0      
       dl_adc12.o                     64      0         0      
       dl_common.o                    10      0         0      
    +--+------------------------------+-------+---------+---------+
       Total:                         1306    0         0      
                                                               
    D:\TI\ccs2041\ccs\tools\compiler\ti-cgt-armllvm_4.0.4.LTS\lib\armv6m-ti-none-eabi/c/libc.a
       _printfi.c.obj                 4510    34        0      
       e_asin.c.obj                   908     0         0      
       s_atan.c.obj                   784     64        0      
       memory.c.obj                   702     0         5      
       defs.c.obj                     0       0         404    
       e_atan2.c.obj                  392     0         0      
       e_sqrt.c.obj                   368     0         0      
       aeabi_ctype.S.obj              0       257       0      
       fputs.c.obj                    248     0         0      
       setvbuf.c.obj                  224     0         0      
       s_scalbn.c.obj                 216     0         0      
       getdevice.c.obj                160     0         0      
       fputc.c.obj                    156     0         0      
       strcmp-armv6m.S.obj            136     0         0      
       vsnprintf.c.obj                136     0         0      
       copy_decompress_lzss.c.obj     124     0         0      
       fclose.c.obj                   124     0         0      
       fseek.c.obj                    116     0         0      
       printf.c.obj                   108     0         0      
       _io_perm.c.obj                 100     0         0      
       s_frexp.c.obj                  92      0         0      
       _ltoa.c.obj                    88      0         0      
       fflush.c.obj                   82      0         0      
       exit.c.obj                     58      0         8      
       atoi.c.obj                     64      0         0      
       autoinit.c.obj                 60      0         0      
       boot_cortex_m.c.obj            56      0         0      
       fopen.c.obj                    52      0         0      
       memccpy.c.obj                  34      0         0      
       copy_decompress_none.c.obj     18      0         0      
       memcpy16.S.obj                 18      0         0      
       copy_zero_init.c.obj           16      0         0      
       wcslen.c.obj                   16      0         0      
       memset16.S.obj                 14      0         0      
       aeabi_portable.c.obj           8       0         4      
       _lock.c.obj                    2       0         8      
       pre_init.c.obj                 4       0         0      
    +--+------------------------------+-------+---------+---------+
       Total:                         10194   355       429    
                                                               
    D:\TI\ccs2041\ccs\tools\compiler\ti-cgt-armllvm_4.0.4.LTS\lib\armv6m-ti-none-eabi/c/libsysbm.a
       trgmsg.c.obj                   104     0         288    
       host_device.c.obj              0       0         200    
       hostrename.c.obj               136     0         0      
       hostlseek.c.obj                108     0         0      
       hostopen.c.obj                 96      0         8      
       hostread.c.obj                 88      0         0      
       hostwrite.c.obj                88      0         0      
       close.c.obj                    80      0         0      
       hostclose.c.obj                72      0         0      
       hostunlink.c.obj               72      0         0      
       unlink.c.obj                   44      0         0      
       lseek.c.obj                    40      0         0      
       write.c.obj                    40      0         0      
       remove.c.obj                   8       0         0      
       hostexit.c.obj                 4       0         0      
    +--+------------------------------+-------+---------+---------+
       Total:                         980     0         496    
                                                               
    D:\TI\ccs2041\ccs\tools\compiler\ti-cgt-armllvm_4.0.4.LTS\lib\armv6m-ti-none-eabi/libclang_rt.builtins.a
       adddf3.S.obj                   434     0         0      
       divdf3.S.obj                   284     0         0      
       muldf3.S.obj                   244     0         0      
       comparedf2.c.obj               220     0         0      
       addsf3.S.obj                   216     0         0      
       udivmoddi4.S.obj               162     0         0      
       mulsf3.S.obj                   140     0         0      
       divsf3.S.obj                   130     0         0      
       comparesf2.S.obj               118     0         0      
       truncdfsf2.S.obj               116     0         0      
       aeabi_dcmp.S.obj               98      0         0      
       aeabi_fcmp.S.obj               98      0         0      
       aeabi_idivmod.S.obj            86      0         0      
       fixdfsi.S.obj                  74      0         0      
       aeabi_uidivmod.S.obj           64      0         0      
       extendsfdf2.S.obj              64      0         0      
       floatsisf.S.obj                60      0         0      
       muldsi3.S.obj                  58      0         0      
       fixsfsi.S.obj                  56      0         0      
       floatsidf.S.obj                44      0         0      
       floatunsisf.S.obj              40      0         0      
       floatunsidf.S.obj              36      0         0      
       muldi3.S.obj                   36      0         0      
       ashldi3.S.obj                  30      0         0      
       aeabi_memset.S.obj             26      0         0      
       aeabi_uldivmod.S.obj           20      0         0      
       aeabi_memcpy.S.obj             8       0         0      
       aeabi_div0.c.obj               4       0         0      
    +--+------------------------------+-------+---------+---------+
       Total:                         2966    0         0      
                                                               
       Heap:                          0       0         2048   
       Stack:                         0       0         512    
       Linker Generated:              0       219       0      
    +--+------------------------------+-------+---------+---------+
       Grand Total:                   48558   8262      16555  


LINKER GENERATED COPY TABLES

__TI_cinit_table @ 0000de3c records: 2, size/record: 8, table size: 16
	.data: load addr=0000dd70, load size=000000b7 bytes, run addr=20203c00, run size=000002b1 bytes, compression=lzss
	.bss: load addr=0000de34, load size=00000008 bytes, run addr=20200000, run size=000033fa bytes, compression=zero_init


LINKER GENERATED HANDLER TABLE

__TI_handler_table @ 0000de28 records: 3, size/record: 4, table size: 12
	index: 0, handler: __TI_decompress_lzss
	index: 1, handler: __TI_decompress_none
	index: 2, handler: __TI_zero_init


FAR CALL TRAMPOLINES

callee name               trampoline name
   callee addr  tramp addr   call addr  call info
--------------  -----------  ---------  ----------------
__aeabi_dsub              $Tramp$TT$L$PI$$__aeabi_dsub
   00003a05     0000bdc8     0000bdc6   libc.a : _printfi.c.obj (.text.OUTLINED_FUNCTION_0)
__aeabi_dmul              $Tramp$TT$L$PI$$__aeabi_dmul
   000063a1     0000bde4     0000bde0   libc.a : e_asin.c.obj (.text.OUTLINED_FUNCTION_0)
                             0000bdfc          : s_atan.c.obj (.text.OUTLINED_FUNCTION_0)
                             0000be10          : e_asin.c.obj (.text.OUTLINED_FUNCTION_1)
                             0000be32          : s_atan.c.obj (.text.OUTLINED_FUNCTION_2)
                             0000be88          : e_asin.c.obj (.text.OUTLINED_FUNCTION_2)
__aeabi_ddiv              $Tramp$TT$L$PI$$__aeabi_ddiv
   00005509     0000be1c     0000be1a   libc.a : e_asin.c.obj (.text.OUTLINED_FUNCTION_3)
__aeabi_dadd              $Tramp$TT$L$PI$$__aeabi_dadd
   00003a0f     0000be74     0000be70   libc.a : s_atan.c.obj (.text.OUTLINED_FUNCTION_1)
                             0000be9a          : e_asin.c.obj (.text.OUTLINED_FUNCTION_4)
_c_int00_noargs           $Tramp$TT$L$PI$$_c_int00_noargs
   0000b0d1     0000bea0     0000be9c   startup_mspm0g350x_ticlang.o (.text.Reset_Handler)

[5 trampolines]
[10 trampoline calls]


GLOBAL SYMBOLS: SORTED ALPHABETICALLY BY Name 

address   name                                           
-------   ----                                           
0000b649  ADC0_IRQHandler                                
0000be91  ADC1_IRQHandler                                
0000b67d  ADC_Callback                                   
0000b3e1  ADC_Init                                       
202033f8  ADC_RawValue                                   
0000baa9  ADC_Read                                       
0000aadd  ADC_Test1                                      
0000acb9  ADC_Test2                                      
0000be91  AES_IRQHandler                                 
000080bd  Bat_Callback                                   
0000b3fd  Bat_Init                                       
000085f5  Bat_Read                                       
20203e54  Battery_Voltage                                
0000be94  C$$EXIT                                        
0000a9d5  C$$IO$$                                        
0000be91  CANFD0_IRQHandler                              
20203e68  CalCount                                       
0000be91  DAC0_IRQHandler                                
0000a1f9  DL_ADC12_setClockConfig                        
0000bdb5  DL_Common_delayCycles                          
00008e95  DL_I2C_fillControllerTXFIFO                    
0000b11f  DL_I2C_setClockConfig                          
0000a021  DL_SPI_init                                    
0000bc23  DL_SPI_setClockConfig                          
0000b54d  DL_SYSCTL_configFCC                            
00006809  DL_SYSCTL_configSYSPLL                         
0000a065  DL_SYSCTL_switchMCLKfromSYSOSCtoHSCLK          
0000571d  DL_Timer_initFourCCPWMMode                     
00005925  DL_Timer_initTimerMode                         
0000b5d9  DL_Timer_setCaptCompUpdateMethod               
0000b94d  DL_Timer_setCaptureCompareOutCtl               
0000bc9d  DL_Timer_setCaptureCompareValue                
0000b5f5  DL_Timer_setClockConfig                        
00009f01  DL_UART_init                                   
0000bc35  DL_UART_setClockConfig                         
0000be91  DMA_IRQHandler                                 
0000be91  Default_Handler                                
0000af91  Delay_ms                                       
00002229  Encoder_Callback                               
0000ace5  Encoder_Count_Get                              
0000b9c5  Encoder_Init                                   
0000ad11  Encoder_Test1                                  
0000be91  GROUP0_IRQHandler                              
00005a21  GROUP1_IRQHandler                              
0000bd6d  Get_ms                                         
00008bdd  Get_us                                         
00009f49  HOSTclose                                      
0000be95  HOSTexit                                       
00008755  HOSTlseek                                      
00008e35  HOSTopen                                       
000091cd  HOSTread                                       
000087c1  HOSTrename                                     
00009f91  HOSTunlink                                     
00009225  HOSTwrite                                      
0000be91  HardFault_Handler                              
0000be91  I2C0_IRQHandler                                
0000be91  I2C1_IRQHandler                                
00004865  ICM42688_Test1                                 
000099d5  ICM42688_Test2                                 
0000bcad  IIC_Delay_ms                                   
00003e99  IIC_ReadOneByte                                
00003839  IICreadBytes                                   
0000b221  IICwriteByte                                   
00004c19  IICwriteBytes                                  
00000a91  IMU_AHRSupdate                                 
000078ad  IMU_Callback                                   
0000417d  IMU_getValues                                  
000030bd  IMU_getYawPitchRoll                            
0000927d  IMU_init                                       
20203e74  Kp                                             
20203e78  MS                                             
20203db8  Mode_data                                      
0000be91  NMI_Handler                                    
000092d5  OLED_Clear                                     
0000793d  OLED_DrawPoint                                 
2020270c  OLED_GRAM                                      
000051d1  OLED_Init                                      
00008139  OLED_Refresh                                   
00003669  OLED_ShowChar                                  
00007811  OLED_ShowString                                
0000afb9  OLED_Test1                                     
000079cd  OLED_WR_Byte                                   
0000be91  PendSV_Handler                                 
0000be91  RTC_IRQHandler                                 
0000be9d  Reset_Handler                                  
0000be91  SPI0_IRQHandler                                
0000be91  SPI1_IRQHandler                                
00007aed  SPI_CS                                         
0000a239  SPI_Init                                       
0000be91  SVC_Handler                                    
00008675  SYSCFG_DL_BAT_ADC_init                         
000027f9  SYSCFG_DL_GPIO_init                            
0000932d  SYSCFG_DL_I2C_0_init                           
00008971  SYSCFG_DL_PWM_BUZZER_init                      
00007b79  SYSCFG_DL_PWM_Motor_init                       
0000719d  SYSCFG_DL_PWM_SERVO_init                       
0000a279  SYSCFG_DL_SPI_1_init                           
000061cd  SYSCFG_DL_SYSCTL_SYSPLL_init                   
000086e5  SYSCFG_DL_SYSCTL_init                          
0000bcbd  SYSCFG_DL_SYSTICK_init                         
0000a871  SYSCFG_DL_TIMER_10ms_init                      
0000a2b9  SYSCFG_DL_UART_3_init                          
0000a2f9  SYSCFG_DL_UART_CAMERA_init                     
0000a339  SYSCFG_DL_UART_WIRELESS_init                   
0000a379  SYSCFG_DL_UART_init                            
00008499  SYSCFG_DL_init                                 
00005c19  SYSCFG_DL_initPower                            
0000bccd  SysTick_Handler                                
0000be91  TIMA0_IRQHandler                               
0000be91  TIMA1_IRQHandler                               
0000bd79  TIMG0_IRQHandler                               
0000be91  TIMG12_IRQHandler                              
0000be91  TIMG6_IRQHandler                               
0000be91  TIMG7_IRQHandler                               
0000be91  TIMG8_IRQHandler                               
0000bc47  TI_memcpy_small                                
0000bd45  TI_memset_small                                
20203360  TTangles_gyro                                  
0000be91  UART0_IRQHandler                               
0000be91  UART1_IRQHandler                               
0000be91  UART2_IRQHandler                               
0000be91  UART3_IRQHandler                               
20203e7c  US                                             
0000aa45  Uart0_Printf                                   
0000ad3d  Uart0_Send_Char                                
0000a575  Uart0_Send_String                              
0000b2e9  Uart_Init                                      
0000afe1  Uart_Test2                                     
20202b8c  VL53                                           
000045a9  VL53InitParam                                  
000050b9  VL53L1Init                                     
00007251  VL53L1X_Test1                                  
0000a8a5  VL53L1X_Test2                                  
00006c47  VL53L1_DataInit                                
0000a0a9  VL53L1_GetInterMeasurementPeriodMilliSeconds   
00003d21  VL53L1_GetMeasurementTimingBudgetMicroSeconds  
0000a8d9  VL53L1_GetSequenceStepEnable                   
0000a131  VL53L1_RdByte                                  
0000a6a1  VL53L1_RdWord                                  
00009e1f  VL53L1_ReadMulti                               
0000a90d  VL53L1_SetDeviceAddress                        
000042e1  VL53L1_SetDistanceMode                         
0000a173  VL53L1_SetInterMeasurementPeriodMilliSeconds   
00007c91  VL53L1_SetLimitCheckEnable                     
00007a5d  VL53L1_SetLimitCheckValue                      
00002ecd  VL53L1_SetMeasurementTimingBudgetMicroSeconds  
00006ea5  VL53L1_SetPresetMode                           
00005efd  VL53L1_StartMeasurement                        
00009385  VL53L1_StaticInit                              
0000b009  VL53L1_WaitDeviceBooted                        
0000bbd5  VL53L1_WaitMs                                  
0000b145  VL53L1_WaitUs                                  
00005e09  VL53L1_WaitValueMaskEx                         
00009fd9  VL53L1_WrByte                                  
00009e69  VL53L1_WriteMulti                              
0000ae9d  VL53L1_calc_decoded_timeout_us                 
0000ac5d  VL53L1_calc_encoded_timeout                    
000093dd  VL53L1_calc_macro_period_us                    
0000b309  VL53L1_calc_pll_period_us                      
00006d15  VL53L1_calc_range_ignore_threshold             
0000b243  VL53L1_calc_timeout_mclks                      
00006485  VL53L1_calc_timeout_register_values            
00009d89  VL53L1_calc_timeout_us                         
0000aa77  VL53L1_config_low_power_auto_mode              
00004d49  VL53L1_copy_rtn_good_spads_to_buffer           
00004ae5  VL53L1_data_init                               
00009ac5  VL53L1_decode_row_col                          
0000b385  VL53L1_decode_timeout                          
0000b663  VL53L1_decode_vcsel_period                     
0000b265  VL53L1_decode_zone_size                        
0000a5b1  VL53L1_encode_row_col                          
000097ed  VL53L1_encode_timeout                          
0000b611  VL53L1_encode_zone_size                        
00009c05  VL53L1_get_customer_nvm_managed                
0000953d  VL53L1_get_inter_measurement_period_ms         
000089d9  VL53L1_get_mode_mitigation_roi                 
00009b15  VL53L1_get_nvm_copy_data                       
00004709  VL53L1_get_preset_mode_timing_cfg              
00008421  VL53L1_get_sequence_config_bit                 
00009c53  VL53L1_get_static_nvm_managed                  
00006729  VL53L1_get_timeouts_us                         
000010f9  VL53L1_get_tuning_parm                         
0000a1b5  VL53L1_get_user_zone                           
00005821  VL53L1_i2c_decode_customer_nvm_managed         
00009745  VL53L1_i2c_decode_int16_t                      
00002cd1  VL53L1_i2c_decode_nvm_copy_data                
00007637  VL53L1_i2c_decode_static_nvm_managed           
0000a6db  VL53L1_i2c_decode_uint16_t                     
00005b1d  VL53L1_i2c_encode_customer_nvm_managed         
00006567  VL53L1_i2c_encode_dynamic_config               
00005fed  VL53L1_i2c_encode_general_config               
00009063  VL53L1_i2c_encode_int16_t                      
00004445  VL53L1_i2c_encode_static_config                
000076d7  VL53L1_i2c_encode_static_nvm_managed           
00008b11  VL53L1_i2c_encode_system_control               
000068e5  VL53L1_i2c_encode_timing_config                
00009593  VL53L1_i2c_encode_uint16_t                     
0000983f  VL53L1_i2c_encode_uint32_t                     
000014fd  VL53L1_init_and_start_range                    
0000a4f9  VL53L1_init_ll_driver_state                    
0000a3b9  VL53L1_init_offset_cal_config_struct           
0000a715  VL53L1_init_refspadchar_config_struct          
0000a7c9  VL53L1_init_ssc_config_struct                  
000060dd  VL53L1_init_tuning_parm_storage_struct         
0000ad69  VL53L1_init_version                            
000070e3  VL53L1_init_xtalk_config_struct                
0000882d  VL53L1_low_power_auto_data_init                
00008d09  VL53L1_poll_for_boot_completion                
000090bd  VL53L1_preset_mode_low_power_auto_long_ranging 
00009117  VL53L1_preset_mode_low_power_auto_ranging      
00009171  VL53L1_preset_mode_low_power_auto_short_ranging
00009b65  VL53L1_preset_mode_olt                         
0000850d  VL53L1_preset_mode_singleshot_ranging          
000032a9  VL53L1_preset_mode_standard_ranging            
00007d1b  VL53L1_preset_mode_standard_ranging_long_range 
000095e9  VL53L1_preset_mode_standard_ranging_mm1_cal    
0000963f  VL53L1_preset_mode_standard_ranging_mm2_cal    
00007da5  VL53L1_preset_mode_standard_ranging_short_range
000081b5  VL53L1_preset_mode_timed_ranging               
00008231  VL53L1_preset_mode_timed_ranging_long_range    
00007fbf  VL53L1_preset_mode_timed_ranging_short_range   
00004e75  VL53L1_read_p2p_data                           
00009695  VL53L1_set_inter_measurement_period_ms         
0000b191  VL53L1_set_lite_min_count_rate                 
0000b1b5  VL53L1_set_lite_sigma_threshold                
00001f31  VL53L1_set_preset_mode                         
000082ad  VL53L1_set_timeouts_us                         
0000a0ed  VL53L1_set_user_zone                           
0000ac8b  VL53L1_set_vhv_loopbound                       
00007025  VL53L1_update_ll_driver_cfg_state              
000053f9  VL53L1_update_ll_driver_rd_state               
20201c20  VL53_                                          
20202f30  _CIOBUF_                                       
20202f30  __CIOBUF_                                      
[...]
00007c05  __aeabi_fmul                                   
00007c05  __mulsf3                                       
00007c91  VL53L1_SetLimitCheckEnable                     
00007d1b  VL53L1_preset_mode_standard_ranging_long_range 
00007da5  VL53L1_preset_mode_standard_ranging_short_range
00007e31  strcmp                                         
00007f3d  __aeabi_fdiv                                   
00007f3d  __divsf3                                       
00007fbf  VL53L1_preset_mode_timed_ranging_short_range   
0000803d  getDistance_Simply                             
000080bd  Bat_Callback                                   
00008139  OLED_Refresh                                   
000081b5  VL53L1_preset_mode_timed_ranging               
00008231  VL53L1_preset_mode_timed_ranging_long_range    
000082ad  VL53L1_set_timeouts_us                         
00008329  __TI_closefile                                 
000083a5  __TI_decompress_lzss                           
00008421  VL53L1_get_sequence_config_bit                 
00008499  SYSCFG_DL_init                                 
0000850d  VL53L1_preset_mode_singleshot_ranging          
00008581  __gedf2                                        
00008581  __gtdf2                                        
000085f5  Bat_Read                                       
00008601  __aeabi_d2f                                    
00008601  __truncdfsf2                                   
00008675  SYSCFG_DL_BAT_ADC_init                         
000086e5  SYSCFG_DL_SYSCTL_init                          
00008755  HOSTlseek                                      
000087c1  HOSTrename                                     
0000882d  VL53L1_low_power_auto_data_init                
00008899  fseeko                                         
00008905  getdevice                                      
00008971  SYSCFG_DL_PWM_BUZZER_init                      
000089d9  VL53L1_get_mode_mitigation_roi                 
00008a41  __cmpdf2                                       
00008a41  __eqdf2                                        
00008a41  __ledf2                                        
00008a41  __ltdf2                                        
00008a41  __nedf2                                        
00008aa9  bsp_Icm42688GetAres                            
00008b11  VL53L1_i2c_encode_system_control               
00008bdd  Get_us                                         
00008c41  __TI_wrt_ok                                    
00008d09  VL53L1_poll_for_boot_completion                
00008d6d  __aeabi_dcmpeq                                 
00008d81  __aeabi_dcmplt                                 
00008d95  __aeabi_dcmple                                 
00008da9  __aeabi_dcmpge                                 
00008dbd  __aeabi_dcmpgt                                 
00008dd1  __aeabi_fcmpeq                                 
00008de5  __aeabi_fcmplt                                 
00008df9  __aeabi_fcmple                                 
00008e0d  __aeabi_fcmpge                                 
00008e21  __aeabi_fcmpgt                                 
00008e35  HOSTopen                                       
00008e95  DL_I2C_fillControllerTXFIFO                    
00008ef5  frexp                                          
00008ef5  frexpl                                         
00008f51  main                                           
00008fad  printf                                         
00009063  VL53L1_i2c_encode_int16_t                      
000090bd  VL53L1_preset_mode_low_power_auto_long_ranging 
00009117  VL53L1_preset_mode_low_power_auto_ranging      
00009171  VL53L1_preset_mode_low_power_auto_short_ranging
000091cd  HOSTread                                       
00009225  HOSTwrite                                      
0000927d  IMU_init                                       
000092d5  OLED_Clear                                     
0000932d  SYSCFG_DL_I2C_0_init                           
00009385  VL53L1_StaticInit                              
000093dd  VL53L1_calc_macro_period_us                    
00009435  __TI_ltoa                                      
000094e5  invSqrt1                                       
0000953d  VL53L1_get_inter_measurement_period_ms         
00009593  VL53L1_i2c_encode_uint16_t                     
000095e9  VL53L1_preset_mode_standard_ranging_mm1_cal    
0000963f  VL53L1_preset_mode_standard_ranging_mm2_cal    
00009695  VL53L1_set_inter_measurement_period_ms         
000096ed  __aeabi_idiv                                   
000096ed  __aeabi_idivmod                                
00009745  VL53L1_i2c_decode_int16_t                      
00009799  bsp_IcmGetTemperature                          
000097ed  VL53L1_encode_timeout                          
0000983f  VL53L1_i2c_encode_uint32_t                     
00009891  __TI_doflush                                   
000099d5  ICM42688_Test2                                 
00009ac5  VL53L1_decode_row_col                          
00009b15  VL53L1_get_nvm_copy_data                       
00009b65  VL53L1_preset_mode_olt                         
00009bb5  close                                          
00009c05  VL53L1_get_customer_nvm_managed                
00009c53  VL53L1_get_static_nvm_managed                  
00009d89  VL53L1_calc_timeout_us                         
00009e1f  VL53L1_ReadMulti                               
00009e69  VL53L1_WriteMulti                              
00009eb5  __aeabi_d2iz                                   
00009eb5  __fixdfsi                                      
00009f01  DL_UART_init                                   
00009f49  HOSTclose                                      
00009f91  HOSTunlink                                     
00009fd9  VL53L1_WrByte                                  
0000a021  DL_SPI_init                                    
0000a065  DL_SYSCTL_switchMCLKfromSYSOSCtoHSCLK          
0000a0a9  VL53L1_GetInterMeasurementPeriodMilliSeconds   
0000a0ed  VL53L1_set_user_zone                           
0000a131  VL53L1_RdByte                                  
0000a173  VL53L1_SetInterMeasurementPeriodMilliSeconds   
0000a1b5  VL53L1_get_user_zone                           
0000a1f9  DL_ADC12_setClockConfig                        
0000a239  SPI_Init                                       
0000a279  SYSCFG_DL_SPI_1_init                           
0000a2b9  SYSCFG_DL_UART_3_init                          
0000a2f9  SYSCFG_DL_UART_CAMERA_init                     
0000a339  SYSCFG_DL_UART_WIRELESS_init                   
0000a379  SYSCFG_DL_UART_init                            
0000a3b9  VL53L1_init_offset_cal_config_struct           
0000a3f9  __aeabi_uidiv                                  
0000a3f9  __aeabi_uidivmod                               
0000a439  __aeabi_f2d                                    
0000a439  __extendsfdf2                                  
0000a479  atoi                                           
0000a4b9  vsnprintf                                      
0000a4f9  VL53L1_init_ll_driver_state                    
0000a575  Uart0_Send_String                              
0000a5b1  VL53L1_encode_row_col                          
0000a5ed  __aeabi_i2f                                    
0000a5ed  __floatsisf                                    
0000a629  __gesf2                                        
0000a629  __gtsf2                                        
0000a665  __TI_auto_init_nobinit_nopinit                 
0000a6a1  VL53L1_RdWord                                  
0000a6db  VL53L1_i2c_decode_uint16_t                     
0000a715  VL53L1_init_refspadchar_config_struct          
0000a751  __cmpsf2                                       
0000a751  __eqsf2                                        
0000a751  __lesf2                                        
0000a751  __ltsf2                                        
0000a751  __nesf2                                        
0000a78d  __muldsi3                                      
0000a7c9  VL53L1_init_ssc_config_struct                  
0000a801  __aeabi_f2iz                                   
0000a801  __fixsfsi                                      
0000a871  SYSCFG_DL_TIMER_10ms_init                      
0000a8a5  VL53L1X_Test2                                  
0000a8d9  VL53L1_GetSequenceStepEnable                   
0000a90d  VL53L1_SetDeviceAddress                        
0000a941  __TI_cleanup                                   
0000a975  __TI_readmsg                                   
0000a9a9  __TI_writemsg                                  
0000a9d5  C$$IO$$                                        
0000a9dd  exit                                           
0000aa11  finddevice                                     
0000aa45  Uart0_Printf                                   
0000aa77  VL53L1_config_low_power_auto_mode              
0000aadd  ADC_Test1                                      
0000ac2d  my_vl53l1x_callback                            
0000ac5d  VL53L1_calc_encoded_timeout                    
0000ac8b  VL53L1_set_vhv_loopbound                       
0000acb9  ADC_Test2                                      
0000ace5  Encoder_Count_Get                              
0000ad11  Encoder_Test1                                  
0000ad3d  Uart0_Send_Char                                
0000ad69  VL53L1_init_version                            
0000ae45  __aeabi_i2d                                    
0000ae45  __floatsidf                                    
0000ae71  unlink                                         
0000ae9d  VL53L1_calc_decoded_timeout_us                 
0000af91  Delay_ms                                       
0000afb9  OLED_Test1                                     
0000afe1  Uart_Test2                                     
0000b009  VL53L1_WaitDeviceBooted                        
0000b031  __aeabi_ui2f                                   
0000b031  __floatunsisf                                  
0000b081  lseek                                          
0000b0a9  write                                          
0000b0d1  _c_int00_noargs                                
0000b11f  DL_I2C_setClockConfig                          
0000b145  VL53L1_WaitUs                                  
0000b191  VL53L1_set_lite_min_count_rate                 
0000b1b5  VL53L1_set_lite_sigma_threshold                
0000b1d9  __aeabi_ui2d                                   
0000b1d9  __floatunsidf                                  
0000b1fd  __aeabi_lmul                                   
0000b1fd  __muldi3                                       
0000b221  IICwriteByte                                   
0000b243  VL53L1_calc_timeout_mclks                      
0000b265  VL53L1_decode_zone_size                        
0000b287  memccpy                                        
0000b2e9  Uart_Init                                      
0000b309  VL53L1_calc_pll_period_us                      
0000b329  my_vl53l1x_get_distance                        
0000b385  VL53L1_decode_timeout                          
0000b3a5  __aeabi_llsl                                   
0000b3a5  __ashldi3                                      
0000b3c3  bsp_IcmGetWhoAmI                               
0000b3e1  ADC_Init                                       
0000b3fd  Bat_Init                                       
0000b54d  DL_SYSCTL_configFCC                            
0000b5d9  DL_Timer_setCaptCompUpdateMethod               
0000b5f5  DL_Timer_setClockConfig                        
0000b611  VL53L1_encode_zone_size                        
0000b649  ADC0_IRQHandler                                
0000b663  VL53L1_decode_vcsel_period                     
0000b67d  ADC_Callback                                   
0000b94d  DL_Timer_setCaptureCompareOutCtl               
0000b9c5  Encoder_Init                                   
0000b9f5  delay_ms                                       
0000baa9  ADC_Read                                       
0000bbd5  VL53L1_WaitMs                                  
0000bbe9  __aeabi_uldivmod                               
0000bc23  DL_SPI_setClockConfig                          
0000bc35  DL_UART_setClockConfig                         
0000bc47  TI_memcpy_small                                
0000bc59  __TI_decompress_none                           
0000bc9d  DL_Timer_setCaptureCompareValue                
0000bcad  IIC_Delay_ms                                   
0000bcbd  SYSCFG_DL_SYSTICK_init                         
0000bccd  SysTick_Handler                                
0000bcdd  wcslen                                         
0000bced  __TI_zero_init                                 
0000bd0d  __aeabi_memset                                 
0000bd0d  __aeabi_memset4                                
0000bd0d  __aeabi_memset8                                
0000bd45  TI_memset_small                                
0000bd6d  Get_ms                                         
0000bd79  TIMG0_IRQHandler                               
0000bd85  __aeabi_memclr                                 
0000bd85  __aeabi_memclr4                                
0000bd85  __aeabi_memclr8                                
0000bda9  malloc                                         
0000bdb5  DL_Common_delayCycles                          
0000be35  __aeabi_errno_addr                             
0000be3d  __aeabi_memcpy                                 
0000be3d  __aeabi_memcpy4                                
0000be3d  __aeabi_memcpy8                                
0000be55  bsp_Icm42688Init                               
0000be5d  fseek                                          
0000be65  remove                                         
0000be8b  abort                                          
0000be91  ADC1_IRQHandler                                
0000be91  AES_IRQHandler                                 
0000be91  CANFD0_IRQHandler                              
0000be91  DAC0_IRQHandler                                
0000be91  DMA_IRQHandler                                 
0000be91  Default_Handler                                
0000be91  GROUP0_IRQHandler                              
0000be91  HardFault_Handler                              
0000be91  I2C0_IRQHandler                                
0000be91  I2C1_IRQHandler                                
0000be91  NMI_Handler                                    
0000be91  PendSV_Handler                                 
0000be91  RTC_IRQHandler                                 
0000be91  SPI0_IRQHandler                                
0000be91  SPI1_IRQHandler                                
0000be91  SVC_Handler                                    
0000be91  TIMA0_IRQHandler                               
0000be91  TIMA1_IRQHandler                               
0000be91  TIMG12_IRQHandler                              
0000be91  TIMG6_IRQHandler                               
0000be91  TIMG7_IRQHandler                               
0000be91  TIMG8_IRQHandler                               
0000be91  UART0_IRQHandler                               
0000be91  UART1_IRQHandler                               
0000be91  UART2_IRQHandler                               
0000be91  UART3_IRQHandler                               
0000be94  C$$EXIT                                        
0000be95  HOSTexit                                       
0000be9d  Reset_Handler                                  
0000beb1  _system_pre_init                               
0000bec0  asc2_2412                                      
0000cc1c  asc2_1608                                      
0000d20c  asc2_1206                                      
0000d680  asc2_0806                                      
0000d8b0  __aeabi_ctype_table_                           
0000d8b0  __aeabi_ctype_table_C                          
0000de28  __TI_Handler_Table_Base                        
0000de34  __TI_Handler_Table_Limit                       
0000de3c  __TI_CINIT_Base                                
0000de4c  __TI_CINIT_Limit                               
0000de4c  __TI_CINIT_Warm                                
20200000  __start___llvm_prf_bits                        
20200000  __start___llvm_prf_cnts                        
20200000  __stop___llvm_prf_bits                         
20200000  __stop___llvm_prf_cnts                         
20201c20  VL53_                                          
2020270c  OLED_GRAM                                      
20202b8c  VL53                                           
20202f30  _CIOBUF_                                       
20202f30  __CIOBUF_                                      
20203050  gPWM_BUZZERBackup                              
2020310c  gPWM_SERVOBackup                               
202031c8  __TI_tmpnams                                   
20203268  gPWM_MotorBackup                               
20203308  gUART_3Backup                                  
20203338  gSPI_1Backup                                   
20203360  TTangles_gyro                                  
202033b0  distance_                                      
202033bc  north                                          
202033c8  west                                           
202033d4  parmbuf                                        
202033dc  exInt                                          
202033e0  eyInt                                          
202033e4  ezInt                                          
202033e8  q0                                             
202033ec  q1                                             
202033f0  q2                                             
202033f4  q3                                             
202033f8  ADC_RawValue                                   
20203400  _sys_memory                                    
20203c00  _ftable                                        
20203cf0  _device                                        
20203d68  _stream                                        
20203db8  Mode_data                                      
20203df8  mygetqval_1                                    
20203e40  gyro_offset                                    
20203e4c  __TI_cleanup_ptr                               
20203e50  __TI_dtors_ptr                                 
20203e54  Battery_Voltage                                
20203e58  encoder_count_l                                
20203e60  encoder_count_r                                
20203e68  CalCount                                       
20203e74  Kp                                             
20203e78  MS                                             
20203e7c  US                                             
20203e84  __TI_ft_end                                    
20203e88  __aeabi_errno                                  
20203e8c  _lock                                          
20203e90  _unlock                                        
20203e98  distance1                                      
20203e9c  distance2                                      
20203ea0  distance3                                      
20203eac  cmd_bat                                        
20203ead  cmd_imu                                        
20203eae  spi_cs_locked                                  
20203eaf  spi_cs_locked_channel                          
20207e00  __stack                                        
20208000  __STACK_END                                    
ffffffff  __TI_pprof_out_hndl                            
ffffffff  __TI_prof_data_size                            
ffffffff  __TI_prof_data_start                           
ffffffff  __binit__                                      
ffffffff  binit                                          
UNDEFED   __mpu_init                                     
UNDEFED   _system_post_cinit                             

[458 symbols]
