******************************************************************************
            TI ARM Clang Linker PC v4.0.4                      
******************************************************************************
>> Linked Sun May 31 23:25:43 2026

OUTPUT FILE NAME:   <MSP_Car.out>
ENTRY POINT SYMBOL: "_c_int00_noargs"  address: 0000a8c5


MEMORY CONFIGURATION

         name            origin    length      used     unused   attr    fill
----------------------  --------  ---------  --------  --------  ----  --------
  FLASH                 00000000   00020000  0000d680  00012980  R  X
  SRAM                  20200000   00008000  00001a84  0000657c  RW X
  BCR_CONFIG            41c00000   000000ff  00000000  000000ff  R   
  BSL_CONFIG            41c00100   00000080  00000000  00000080  R   


SEGMENT ALLOCATION MAP

run origin  load origin   length   init length attrs members
----------  ----------- ---------- ----------- ----- -------
00000000    00000000    0000d680   0000d680    r-x
  00000000    00000000    000000c0   000000c0    r-- .intvecs
  000000c0    000000c0    0000b6e0   0000b6e0    r-x .text
  0000b7a0    0000b7a0    00001e70   00001e70    r-- .rodata
  0000d610    0000d610    00000070   00000070    r-- .cinit
20200000    20200000    00001888   00000000    rw-
  20200000    20200000    0000176c   00000000    rw- .bss
  20201770    20201770    00000118   00000000    rw- .data
20207e00    20207e00    00000200   00000000    rw-
  20207e00    20207e00    00000200   00000000    rw- .stack


SECTION ALLOCATION MAP

 output                                  attributes/
section   page    origin      length       input sections
--------  ----  ----------  ----------   ----------------
.intvecs   0    00000000    000000c0     
                  00000000    000000c0     startup_mspm0g350x_ticlang.o (.intvecs)

.text      0    000000c0    0000b6e0     
                  000000c0    000009d0     libc.a : _printfi.c.obj (.text:__TI_printfi)
                  00000a90    000006b8            : e_powf.c.obj (.text.powf)
                  00001148    00000644            : k_rem_pio2.c.obj (.text.__kernel_rem_pio2)
                  0000178c    00000414     FusionAhrs.o (.text.FusionAhrsUpdate)
                  00001ba0    000003f4     multi_button.o (.text.button_handler)
                  00001f94    000003e8     Drive_Test.o (.text.Drive_Test_Set)
                  0000237c    000003d8     vl53l1_api_core.o (.text.VL53L1_init_and_start_range)
                  00002754    000003a8     Encoder.o (.text.Encoder_Callback)
                  00002afc    00000318     ti_msp_dl_config.o (.text.SYSCFG_DL_GPIO_init)
                  00002e14    000002e0     Drive_Test.o (.text.Drive_Test3)
                  000030f4    0000026c     Motor.o (.text.Motor_SetSpeed)
                  00003360    00000220     libc.a : _printfi.c.obj (.text._pconv_a)
                  00003580    00000208     Encoder.o (.text.Encoder_10ms_Callback)
                  00003788    000001f0     IMU.o (.text.IMU_Callback)
                  00003978    000001dc     libc.a : _printfi.c.obj (.text._pconv_g)
                  00003b54    000001d4            : s_cosf.c.obj (.text.cosf)
                  00003d28    000001d0     OLED.o (.text.OLED_ShowChar)
                  00003ef8    000001cc     IOI2C.o (.text.IICreadBytes)
                  000040c4    000001c8     libc.a : s_atanf.c.obj (.text.atanf)
                  0000428c    000001c8            : s_sinf.c.obj (.text.sinf)
                  00004454    000001c4     FusionAhrs.o (.text.HalfMagnetic)
                  00004618    00000192     libclang_rt.builtins.a : adddf3.S.obj (.text.adddf3_subdf3)
                  000047aa    00000002                            : aeabi_div0.c.obj (.text.__aeabi_idiv0)
                  000047ac    00000170     libc.a : e_sqrt.c.obj (.text.sqrt)
                  0000491c    00000162     vl53l1_register_funcs.o (.text.VL53L1_i2c_encode_static_config)
                  00004a7e    00000002     libclang_rt.builtins.a : aeabi_div0.c.obj (.text.__aeabi_ldiv0)
                  00004a80    00000160     libc.a : e_asinf.c.obj (.text.asinf)
                  00004be0    0000014e     FusionAhrs.o (.text.FusionQuaternionProduct)
                  00004d2e    00000002     --HOLE-- [fill = 0]
                  00004d30    0000014c     icm42688.o (.text.bsp_Icm42688RegCfg)
                  00004e7c    00000144     PID.o (.text.PID_Compute)
                  00004fc0    00000144     libc.a : s_floor.c.obj (.text.floor)
                  00005104    0000013c            : _printfi.c.obj (.text.fcvt)
                  00005240    00000134     FusionAhrs.o (.text.FusionAhrsSetSettings)
                  00005374    00000132     FusionAhrs.o (.text.HalfGravity)
                  000054a6    00000002     --HOLE-- [fill = 0]
                  000054a8    00000130     IOI2C.o (.text.IICwriteBytes)
                  000055d8    00000120     libc.a : _printfi.c.obj (.text._pconv_e)
                  000056f8    0000011c     driverlib.a : dl_timer.o (.text.DL_Timer_initCaptureMode)
                  00005814    0000011c     ti_msp_dl_config.o (.text.SYSCFG_DL_initPower)
                  00005930    00000118     libc.a : e_atan2f.c.obj (.text.atan2f)
                  00005a48    00000114     icm42688.o (.text.ICM42688_FIFO_Get_RealData)
                  00005b5c    00000114     OLED.o (.text.OLED_Init)
                  00005c70    0000010e     vl53l1_core.o (.text.VL53L1_update_ll_driver_rd_state)
                  00005d7e    00000002     --HOLE-- [fill = 0]
                  00005d80    0000010c     libclang_rt.builtins.a : divdf3.S.obj (.text.__divdf3)
                  00005e8c    0000010a     FusionAhrs.o (.text.FusionQuaternionVectorProduct)
                  00005f96    00000002     --HOLE-- [fill = 0]
                  00005f98    00000108     tb6612.o (.text.__SetMotor)
                  000060a0    00000104     driverlib.a : dl_timer.o (.text.DL_Timer_initFourCCPWMMode)
                  000061a4    00000102     FusionBias.o (.text.FusionBiasUpdate)
                  000062a6    00000002     --HOLE-- [fill = 0]
                  000062a8    00000100     icm42688.o (.text.ICM42688_Getoffset)
                  000063a8    000000fc     driverlib.a : dl_timer.o (.text.DL_Timer_initTimerMode)
                  000064a4    000000fc     Interrupt.o (.text.GROUP1_IRQHandler)
                  000065a0    000000fc     vl53l1_register_funcs.o (.text.VL53L1_i2c_encode_customer_nvm_managed)
                  0000669c    000000f6     IMU.o (.text.FusionQuaternionToEuler)
                  00006792    00000002     --HOLE-- [fill = 0]
                  00006794    000000f4     Drive.o (.text.Drive_Callback)
                  00006888    000000f0     IMU.o (.text.FusionMatrixMultiply)
                  00006978    000000f0     vl53l1_register_funcs.o (.text.VL53L1_i2c_encode_general_config)
                  00006a68    000000ec     ti_msp_dl_config.o (.text.SYSCFG_DL_SYSCTL_SYSPLL_init)
                  00006b54    000000ea     IMU.o (.text.FusionModelInertial)
                  00006c3e    00000002     --HOLE-- [fill = 0]
                  00006c40    000000e4     libclang_rt.builtins.a : muldf3.S.obj (.text.__muldf3)
                  00006d24    000000e2     vl53l1_register_funcs.o (.text.VL53L1_i2c_encode_dynamic_config)
                  00006e06    00000002     --HOLE-- [fill = 0]
                  00006e08    000000dc     driverlib.a : dl_sysctl_mspm0g1x0x_g3x0x.o (.text.DL_SYSCTL_configSYSPLL)
                  00006ee4    000000dc     vl53l1_register_funcs.o (.text.VL53L1_i2c_encode_timing_config)
                  00006fc0    000000d8     libc.a : s_scalbn.c.obj (.text.scalbn)
                  00007098    000000d8     libclang_rt.builtins.a : addsf3.S.obj (.text)
                  00007170    000000d0     FusionAhrs.o (.text.FusionAhrsSetHeading)
                  00007240    000000be     vl53l1_core.o (.text.VL53L1_update_ll_driver_cfg_state)
                  000072fe    00000002     --HOLE-- [fill = 0]
                  00007300    000000b8     IMU.o (.text.IMU_init)
                  000073b8    000000b0     FusionAhrs.o (.text.FusionAhrsRestart)
                  00007468    000000b0     icm42688.o (.text.ICM42688_UnBlocking_CallBack)
                  00007518    000000b0     ti_msp_dl_config.o (.text.SYSCFG_DL_PWM_SERVO_init)
                  000075c8    000000b0     Usart.o (.text.Write)
                  00007678    000000b0     libc.a : s_scalbnf.c.obj (.text.scalbnf)
                  00007728    000000ac            : s_cosf.c.obj (.text.__kernel_sindf)
                  000077d4    000000ac            : s_sinf.c.obj (.text.__kernel_sindf)
                  00007880    000000a8     Drive.o (.text.Drive_Init)
                  00007928    000000a8     icm42688.o (.text.bsp_Icm42688GetGres)
                  000079d0    000000a4     Motor.o (.text.Motor_Callback)
                  00007a74    000000a2     libclang_rt.builtins.a : udivmoddi4.S.obj (.text)
                  00007b16    00000002     --HOLE-- [fill = 0]
                  00007b18    000000a0     libc.a : e_sqrtf.c.obj (.text.sqrtf)
                  00007bb8    0000009e     vl53l1_register_funcs.o (.text.VL53L1_i2c_encode_static_nvm_managed)
                  00007c56    00000002     --HOLE-- [fill = 0]
                  00007c58    0000009c     OLED.o (.text.OLED_WR_Byte)
                  00007cf4    0000009c     libc.a : s_cosf.c.obj (.text.__kernel_cosdf)
                  00007d90    0000009c            : s_sinf.c.obj (.text.__kernel_cosdf)
                  00007e2c    0000009a     OLED.o (.text.OLED_ShowString)
                  00007ec6    00000002     --HOLE-- [fill = 0]
                  00007ec8    00000098     Motor.o (.text.Motor_Init)
                  00007f60    00000094     FusionAhrs.o (.text.FusionVectorCross)
                  00007ff4    00000094     Key.o (.text.read_key_level)
                  00008088    00000090     OLED.o (.text.OLED_DrawPoint)
                  00008118    0000008c     spi.o (.text.SPI_CS)
                  000081a4    0000008c     ti_msp_dl_config.o (.text.SYSCFG_DL_PWM_Motor_init)
                  00008230    0000008c     libclang_rt.builtins.a : mulsf3.S.obj (.text.__mulsf3)
                  000082bc    00000088     multi_button.o (.text.button_init)
                  00008344    00000084     ti_msp_dl_config.o (.text.SYSCFG_DL_init)
                  000083c8    00000084     ti_msp_dl_config.o (.text.__NVIC_SetPriority)
                  0000844c    00000082     FusionAhrs.o (.text.Feedback)
                  000084ce    00000002     --HOLE-- [fill = 0]
                  000084d0    00000082     libclang_rt.builtins.a : divsf3.S.obj (.text.__divsf3)
                  00008552    0000007e     vl53l1x.o (.text.getDistance_Simply)
                  000085d0    0000007c     Bat.o (.text.Bat_Callback)
                  0000864c    0000007c     FusionAhrs.o (.text.FusionAhrsUpdateNoMagnetometer)
                  000086c8    0000007c     OLED.o (.text.OLED_Refresh)
                  00008744    0000007c     libc.a : copy_decompress_lzss.c.obj (.text:decompress:lzss)
                  000087c0    00000074     libclang_rt.builtins.a : comparedf2.c.obj (.text.__gedf2)
                  00008834    0000000c     Bat.o (.text.Bat_Read)
                  00008840    00000074     libclang_rt.builtins.a : truncdfsf2.S.obj (.text.__truncdfsf2)
                  000088b4    00000074     my_vl53l1x.o (.text.my_vl53l1x_callback)
                  00008928    00000070     ti_msp_dl_config.o (.text.SYSCFG_DL_BAT_ADC_init)
                  00008998    00000070     ti_msp_dl_config.o (.text.SYSCFG_DL_SYSCTL_init)
                  00008a08    0000006c     Delay.o (.text.Get_us)
                  00008a74    0000006c     spi.o (.text.SPI_TryLock)
                  00008ae0    00000068     Key.o (.text.Key_Init)
                  00008b48    00000068     ti_msp_dl_config.o (.text.SYSCFG_DL_PWM_BUZZER_init)
                  00008bb0    00000068     libclang_rt.builtins.a : comparedf2.c.obj (.text.__ledf2)
                  00008c18    00000068     icm42688.o (.text.bsp_Icm42688GetAres)
                  00008c80    00000066     vl53l1_register_funcs.o (.text.VL53L1_i2c_encode_system_control)
                  00008ce6    00000066     libc.a : _printfi.c.obj (.text._mcpy)
                  00008d4c    00000064     tb6612.o (.text.TB6612_Brake)
                  00008db0    00000064     tb6612.o (.text.TB6612_Coast)
                  00008e14    00000062     libclang_rt.builtins.a : aeabi_dcmp.S.obj (.text.__aeabi_dcmp)
                  00008e76    00000002     --HOLE-- [fill = 0]
                  00008e78    00000062                            : aeabi_fcmp.S.obj (.text.__aeabi_fcmp)
                  00008eda    00000002     --HOLE-- [fill = 0]
                  00008edc    00000060     Drive.o (.text.CalculateAngleError)
                  00008f3c    0000005e     driverlib.a : dl_i2c.o (.text.DL_I2C_fillControllerTXFIFO)
                  00008f9a    0000005e     FusionAhrs.o (.text.FusionQuaternionAdd)
                  00008ff8    0000005e     FusionAhrs.o (.text.FusionQuaternionHadamard)
                  00009056    00000002     --HOLE-- [fill = 0]
                  00009058    0000005c     PID.o (.text.PID_Init)
                  000090b4    0000005c     multi_button.o (.text.button_start)
                  00009110    0000005c     libc.a : s_frexp.c.obj (.text.frexp)
                  0000916c    0000005a     vl53l1_core.o (.text.VL53L1_i2c_encode_int16_t)
                  000091c6    00000002     --HOLE-- [fill = 0]
                  000091c8    00000058     OLED.o (.text.OLED_Clear)
                  00009220    00000058     ti_msp_dl_config.o (.text.SYSCFG_DL_I2C_0_init)
                  00009278    00000058     libc.a : _ltoa.c.obj (.text.__TI_ltoa)
                  000092d0    00000058            : _printfi.c.obj (.text._pconv_f)
                  00009328    00000056     vl53l1_core.o (.text.VL53L1_i2c_encode_uint16_t)
                  0000937e    00000002     --HOLE-- [fill = 0]
                  00009380    00000056     libclang_rt.builtins.a : aeabi_idivmod.S.obj (.text.__aeabi_idivmod)
                  000093d6    00000052     vl53l1_core.o (.text.VL53L1_i2c_encode_uint32_t)
                  00009428    00000052     libc.a : _printfi.c.obj (.text._ecpy)
                  0000947a    00000002     --HOLE-- [fill = 0]
                  0000947c    00000050     ti_msp_dl_config.o (.text.DL_GPIO_initPeripheralInputFunctionFeatures)
                  000094cc    00000050     IOI2C.o (.text.DL_I2C_startControllerTransfer)
                  0000951c    00000050     Encoder.o (.text.Encoder_Init)
                  0000956c    00000050     FusionAhrs.o (.text.FusionVectorIsZero)
                  000095bc    00000050     ti_msp_dl_config.o (.text.SysTick_Config)
                  0000960c    00000050     main.o (.text.main)
                  0000965c    0000004c     ti_msp_dl_config.o (.text.DL_GPIO_initDigitalInputFeatures)
                  000096a8    0000004c     ti_msp_dl_config.o (.text.DL_UART_setBaudRateDivisor)
                  000096f4    0000004c     IMU.o (.text.FusionArcSin)
                  00009740    0000004c     FusionBias.o (.text.FusionBiasSetSettings)
                  0000978c    0000004c     FusionAhrs.o (.text.FusionFastInverseSqrt)
                  000097d8    0000004a     ti_msp_dl_config.o (.text.DL_ADC12_configConversionMem)
                  00009822    0000004a     vl53l1_platform.o (.text.VL53L1_ReadMulti)
                  0000986c    0000004a     vl53l1_platform.o (.text.VL53L1_WriteMulti)
                  000098b6    00000002     --HOLE-- [fill = 0]
                  000098b8    0000004a     libclang_rt.builtins.a : fixdfsi.S.obj (.text.__fixdfsi)
                  00009902    00000002     --HOLE-- [fill = 0]
                  00009904    00000048     driverlib.a : dl_uart.o (.text.DL_UART_init)
                  0000994c    00000048     ti_msp_dl_config.o (.text.SYSCFG_DL_UART_init)
                  00009994    00000046     FusionAhrs.o (.text.FusionQuaternionScale)
                  000099da    00000046     FusionAhrs.o (.text.FusionVectorAdd)
                  00009a20    00000046     FusionBias.o (.text.FusionVectorAdd)
                  00009a66    00000046     FusionAhrs.o (.text.FusionVectorHadamard)
                  00009aac    00000046     IMU.o (.text.FusionVectorHadamard)
                  00009af2    00000046     FusionBias.o (.text.FusionVectorSubtract)
                  00009b38    00000046     IMU.o (.text.FusionVectorSubtract)
                  00009b7e    00000002     --HOLE-- [fill = 0]
                  00009b80    00000044     driverlib.a : dl_spi.o (.text.DL_SPI_init)
                  00009bc4    00000044                 : dl_sysctl_mspm0g1x0x_g3x0x.o (.text.DL_SYSCTL_switchMCLKfromSYSOSCtoHSCLK)
                  00009c08    00000044     IMU.o (.text.IMU_GetYaw)
                  00009c4c    00000040     driverlib.a : dl_adc12.o (.text.DL_ADC12_setClockConfig)
                  00009c8c    00000040     Drive.o (.text.Drive_Straight)
                  00009ccc    00000040     FusionAhrs.o (.text.FusionVectorDot)
                  00009d0c    00000040     spi.o (.text.SPI_Init)
                  00009d4c    00000040     ti_msp_dl_config.o (.text.SYSCFG_DL_SPI_1_init)
                  00009d8c    00000040     ti_msp_dl_config.o (.text.SYSCFG_DL_TIMER_2ms_init)
                  00009dcc    00000040     ti_msp_dl_config.o (.text.SYSCFG_DL_UART_3_init)
                  00009e0c    00000040     ti_msp_dl_config.o (.text.SYSCFG_DL_UART_CAMERA_init)
                  00009e4c    00000040     ti_msp_dl_config.o (.text.SYSCFG_DL_UART_WIRELESS_init)
                  00009e8c    00000040     libclang_rt.builtins.a : aeabi_uidivmod.S.obj (.text.__aeabi_uidivmod)
                  00009ecc    00000040                            : extendsfdf2.S.obj (.text.__extendsfdf2)
                  00009f0c    00000040     libc.a : atoi.c.obj (.text.atoi)
                  00009f4c    0000003c     ti_msp_dl_config.o (.text.DL_Timer_setCounterControl)
                  00009f88    0000003c     libclang_rt.builtins.a : floatsisf.S.obj (.text.__floatsisf)
                  00009fc4    0000003c                            : comparesf2.S.obj (.text.__gtsf2)
                  0000a000    0000003c     multi_button.o (.text.button_attach)
                  0000a03c    0000003c     libc.a : autoinit.c.obj (.text:__TI_auto_init_nobinit_nopinit)
                  0000a078    0000003a     vl53l1_core.o (.text.VL53L1_i2c_decode_uint16_t)
                  0000a0b2    00000002     --HOLE-- [fill = 0]
                  0000a0b4    0000003a     libclang_rt.builtins.a : comparesf2.S.obj (.text.__eqsf2)
                  0000a0ee    00000002     --HOLE-- [fill = 0]
                  0000a0f0    0000003a                            : muldsi3.S.obj (.text.__muldsi3)
                  0000a12a    00000038     FusionAhrs.o (.text.FusionQuaternionNormalise)
                  0000a162    00000002     --HOLE-- [fill = 0]
                  0000a164    00000038     libclang_rt.builtins.a : fixsfsi.S.obj (.text.__fixsfsi)
                  0000a19c    00000038     icm42688.o (.text.icm42688_read_reg)
                  0000a1d4    00000038     libc.a : sprintf.c.obj (.text.sprintf)
                  0000a20c    00000036     FusionAhrs.o (.text.FusionVectorScale)
                  0000a242    00000036     FusionBias.o (.text.FusionVectorScale)
                  0000a278    00000036     libclang_rt.builtins.a : floatundisf.S.obj (.text.__floatundisf)
                  0000a2ae    00000034     FusionAhrs.o (.text.Clamp)
                  0000a2e2    00000002     --HOLE-- [fill = 0]
                  0000a2e4    00000034     Drive.o (.text.Drive_Turn)
                  0000a318    00000034     FusionAhrs.o (.text.FusionQuaternionNormSquared)
                  0000a34c    00000034     spi.o (.text.SPI_Unlock)
                  0000a380    00000034     ti_msp_dl_config.o (.text.SYSCFG_DL_TIMER_10ms_init)
                  0000a3b4    00000032     libclang_rt.builtins.a : fixunssfsi.S.obj (.text.__fixunssfsi)
                  0000a3e6    00000032     icm42688.o (.text.icm42688_write_reg)
                  0000a418    00000030     ADC.o (.text.DL_ADC12_getMemResult)
                  0000a448    00000030     ti_msp_dl_config.o (.text.DL_GPIO_initDigitalOutputFeatures)
                  0000a478    00000030     ti_msp_dl_config.o (.text.DL_SPI_setFIFOThreshold)
                  0000a4a8    00000030     Drive.o (.text.Drive_Stop)
                  0000a4d8    00000030     FusionBias.o (.text.FusionBiasInitialise)
                  0000a508    00000030     tb6612.o (.text.TB6612_Init)
                  0000a538    00000030     Usart.o (.text.UART0_IRQHandler)
                  0000a568    00000030     libc.a : _printfi.c.obj (.text._fcpy)
                  0000a598    00000030     multi_button.o (.text.button_ticks)
                  0000a5c8    00000030     icm42688.o (.text.icm_spi_transfer_byte)
                  0000a5f8    0000002e     FusionAhrs.o (.text.FusionVectorNormalise)
                  0000a626    00000002     --HOLE-- [fill = 0]
                  0000a628    0000002c     ti_msp_dl_config.o (.text.SYSCFG_DL_CAPTURE_0_init)
                  0000a654    0000002c     Usart.o (.text.__NVIC_ClearPendingIRQ)
                  0000a680    0000002c     ADC.o (.text.__NVIC_EnableIRQ)
                  0000a6ac    0000002c     Usart.o (.text.__NVIC_EnableIRQ)
                  0000a6d8    0000002c     main.o (.text.__NVIC_EnableIRQ)
                  0000a704    0000002c     libclang_rt.builtins.a : floatsidf.S.obj (.text.__floatsidf)
                  0000a730    0000002a     FusionAhrs.o (.text.FusionVectorNormSquared)
                  0000a75a    0000002a     PID.o (.text.PID_SetLimit)
                  0000a784    00000028     ti_msp_dl_config.o (.text.DL_ADC12_configHwAverage)
                  0000a7ac    00000028     IOI2C.o (.text.DL_Common_updateReg)
                  0000a7d4    00000028     ti_msp_dl_config.o (.text.DL_Common_updateReg)
                  0000a7fc    00000028     ti_msp_dl_config.o (.text.DL_I2C_setControllerRXFIFOThreshold)
                  0000a824    00000028     ti_msp_dl_config.o (.text.DL_I2C_setControllerTXFIFOThreshold)
                  0000a84c    00000028     Delay.o (.text.Delay_ms)
                  0000a874    00000028     tb6612.o (.text.TB6612_SetRightMotor)
                  0000a89c    00000028     libclang_rt.builtins.a : floatunsisf.S.obj (.text.__floatunsisf)
                  0000a8c4    00000028     libc.a : boot_cortex_m.c.obj (.text:_c_int00_noargs)
                  0000a8ec    00000026     ti_msp_dl_config.o (.text.DL_I2C_setAnalogGlitchFilterPulseWidth)
                  0000a912    00000026     driverlib.a : dl_i2c.o (.text.DL_I2C_setClockConfig)
                  0000a938    00000024     ti_msp_dl_config.o (.text.DL_SPI_setBitRateSerialClockDivider)
                  0000a95c    00000024     FusionAhrs.o (.text.FusionQuaternionSum)
                  0000a980    00000024     tb6612.o (.text.TB6612_SetLeftMotor)
                  0000a9a4    00000024     libclang_rt.builtins.a : floatunsidf.S.obj (.text.__floatunsidf)
                  0000a9c8    00000024                            : muldi3.S.obj (.text.__muldi3)
                  0000a9ec    00000022     PID.o (.text.PID_SetK)
                  0000aa0e    00000022     libc.a : memccpy.c.obj (.text.memccpy)
                  0000aa30    00000020     ti_msp_dl_config.o (.text.DL_GPIO_initPeripheralInputFunction)
                  0000aa50    00000020     ti_msp_dl_config.o (.text.DL_SYSCTL_setFlashWaitState)
                  0000aa70    00000020     Drive.o (.text.Drive_Straight_SetK)
                  0000aa90    00000020     Drive.o (.text.Drive_Turn_SetK)
                  0000aab0    00000020     FusionAhrs.o (.text.FusionAhrsGetQuaternion)
                  0000aad0    00000020     Usart.o (.text.Uart_Init)
                  0000aaf0    0000001e     ti_msp_dl_config.o (.text.DL_ADC12_setPowerDownMode)
                  0000ab0e    0000001e     ti_msp_dl_config.o (.text.DL_UART_setOversampling)
                  0000ab2c    0000001e     libclang_rt.builtins.a : ashldi3.S.obj (.text.__ashldi3)
                  0000ab4a    00000002     --HOLE-- [fill = 0]
                  0000ab4c    0000001c     ADC.o (.text.ADC_Init)
                  0000ab68    0000001c     Bat.o (.text.Bat_Init)
                  0000ab84    0000001c     ti_msp_dl_config.o (.text.DL_ADC12_clearInterruptStatus)
                  0000aba0    0000001c     ti_msp_dl_config.o (.text.DL_ADC12_enableInterrupt)
                  0000abbc    0000001c     ADC.o (.text.DL_ADC12_startConversion)
                  0000abd8    0000001c     Bat.o (.text.DL_ADC12_startConversion)
                  0000abf4    0000001c     Interrupt.o (.text.DL_GPIO_clearInterruptStatus)
                  0000ac10    0000001c     ti_msp_dl_config.o (.text.DL_GPIO_clearInterruptStatus)
                  0000ac2c    0000001c     ti_msp_dl_config.o (.text.DL_GPIO_enableHiZ)
                  0000ac48    0000001c     ti_msp_dl_config.o (.text.DL_GPIO_enableInterrupt)
                  0000ac64    0000001c     ti_msp_dl_config.o (.text.DL_GPIO_initPeripheralOutputFunction)
                  0000ac80    0000001c     ti_msp_dl_config.o (.text.DL_GPIO_setLowerPinsInputFilter)
                  0000ac9c    0000001c     ti_msp_dl_config.o (.text.DL_GPIO_setLowerPinsPolarity)
                  0000acb8    0000001c     ti_msp_dl_config.o (.text.DL_GPIO_setUpperPinsInputFilter)
                  0000acd4    0000001c     IOI2C.o (.text.DL_I2C_isControllerRXFIFOEmpty)
                  0000acf0    0000001c     driverlib.a : dl_sysctl_mspm0g1x0x_g3x0x.o (.text.DL_SYSCTL_configFCC)
                  0000ad0c    0000001c     ti_msp_dl_config.o (.text.DL_SYSCTL_setFCCPeriods)
                  0000ad28    0000001c     ti_msp_dl_config.o (.text.DL_SYSCTL_setSYSOSCFreq)
                  0000ad44    0000001c     ti_msp_dl_config.o (.text.DL_SYSCTL_setULPCLKDivider)
                  0000ad60    0000001c     ti_msp_dl_config.o (.text.DL_Timer_enableInterrupt)
                  0000ad7c    0000001c     driverlib.a : dl_timer.o (.text.DL_Timer_setCaptCompUpdateMethod)
                  0000ad98    0000001c                 : dl_timer.o (.text.DL_Timer_setClockConfig)
                  0000adb4    0000001c     ti_msp_dl_config.o (.text.DL_UART_enableInterrupt)
                  0000add0    0000001c     FusionAhrs.o (.text.FusionAhrsInitialise)
                  0000adec    0000001c     FusionAhrs.o (.text.FusionVectorSum)
                  0000ae08    0000001c     Usart.o (.text.GetLength)
                  0000ae24    0000001a     Interrupt.o (.text.ADC0_IRQHandler)
                  0000ae3e    00000002     --HOLE-- [fill = 0]
                  0000ae40    00000018     ADC.o (.text.ADC_Callback)
                  0000ae58    00000018     ti_msp_dl_config.o (.text.DL_ADC12_enablePower)
                  0000ae70    00000018     ti_msp_dl_config.o (.text.DL_ADC12_reset)
                  0000ae88    00000018     ti_msp_dl_config.o (.text.DL_ADC12_setSampleTime0)
                  0000aea0    00000018     ti_msp_dl_config.o (.text.DL_GPIO_enableOutput)
                  0000aeb8    00000018     ti_msp_dl_config.o (.text.DL_GPIO_enablePower)
                  0000aed0    00000018     Interrupt.o (.text.DL_GPIO_getEnabledInterruptStatus)
                  0000aee8    00000018     ti_msp_dl_config.o (.text.DL_GPIO_initDigitalOutput)
                  0000af00    00000018     ti_msp_dl_config.o (.text.DL_GPIO_reset)
                  0000af18    00000018     OLED.o (.text.DL_GPIO_setPins)
                  0000af30    00000018     spi.o (.text.DL_GPIO_setPins)
                  0000af48    00000018     tb6612.o (.text.DL_GPIO_setPins)
                  0000af60    00000018     ti_msp_dl_config.o (.text.DL_GPIO_setPins)
                  0000af78    00000018     ti_msp_dl_config.o (.text.DL_GPIO_setUpperPinsPolarity)
                  0000af90    00000018     IOI2C.o (.text.DL_I2C_clearInterruptStatus)
                  0000afa8    00000018     ti_msp_dl_config.o (.text.DL_I2C_enableAnalogGlitchFilter)
                  0000afc0    00000018     ti_msp_dl_config.o (.text.DL_I2C_enableController)
                  0000afd8    00000018     ti_msp_dl_config.o (.text.DL_I2C_enableControllerClockStretching)
                  0000aff0    00000018     ti_msp_dl_config.o (.text.DL_I2C_enablePower)
                  0000b008    00000018     IOI2C.o (.text.DL_I2C_getRawInterruptStatus)
                  0000b020    00000018     ti_msp_dl_config.o (.text.DL_I2C_reset)
                  0000b038    00000018     ti_msp_dl_config.o (.text.DL_I2C_setTimerPeriod)
                  0000b050    00000018     ti_msp_dl_config.o (.text.DL_SPI_enable)
                  0000b068    00000018     ti_msp_dl_config.o (.text.DL_SPI_enablePower)
                  0000b080    00000018     OLED.o (.text.DL_SPI_isBusy)
                  0000b098    00000018     icm42688.o (.text.DL_SPI_isBusy)
                  0000b0b0    00000018     ti_msp_dl_config.o (.text.DL_SPI_reset)
                  0000b0c8    00000018     ti_msp_dl_config.o (.text.DL_SYSCTL_setBORThreshold)
                  0000b0e0    00000018     ti_msp_dl_config.o (.text.DL_Timer_enablePower)
                  0000b0f8    00000018     ti_msp_dl_config.o (.text.DL_Timer_reset)
                  0000b110    00000018     driverlib.a : dl_timer.o (.text.DL_Timer_setCaptureCompareOutCtl)
                  0000b128    00000018     main.o (.text.DL_Timer_startCounter)
                  0000b140    00000018     tb6612.o (.text.DL_Timer_startCounter)
                  0000b158    00000018     ti_msp_dl_config.o (.text.DL_UART_enablePower)
                  0000b170    00000018     ti_msp_dl_config.o (.text.DL_UART_reset)
                  0000b188    00000018     FusionAhrs.o (.text.FusionDegreesToRadians)
                  0000b1a0    00000018     IMU.o (.text.FusionRadiansToDegrees)
                  0000b1b8    00000018     Key.o (.text.Key_Num_Get)
                  0000b1d0    00000018     Key.o (.text.SingleClickCallback)
                  0000b1e8    00000018     Interrupt.o (.text.TIMG0_IRQHandler)
                  0000b200    00000018     libc.a : sprintf.c.obj (.text._outs)
                  0000b218    00000018     icm42688.o (.text.delay_ms)
                  0000b230    00000016     Bat.o (.text.DL_ADC12_enableConversions)
                  0000b246    00000016     ti_msp_dl_config.o (.text.DL_ADC12_enableConversions)
                  0000b25c    00000016     Encoder.o (.text.DL_GPIO_readPins)
                  0000b272    00000016     Key.o (.text.DL_GPIO_readPins)
                  0000b288    00000016     icm42688.o (.text.DL_GPIO_readPins)
                  0000b29e    00000016     tb6612.o (.text.DL_GPIO_readPins)
                  0000b2b4    00000016     OLED.o (.text.DL_SPI_transmitData8)
                  0000b2ca    00000016     icm42688.o (.text.DL_SPI_transmitData8)
                  0000b2e0    00000016     ti_msp_dl_config.o (.text.DL_UART_enable)
                  0000b2f6    00000016     libc.a : k_rem_pio2.c.obj (.text.OUTLINED_FUNCTION_0)
                  0000b30c    00000010     libclang_rt.builtins.a : adddf3.S.obj (.tramp.__aeabi_dadd.1)
                  0000b31c    00000014     ADC.o (.text.ADC_Read)
                  0000b330    00000014     OLED.o (.text.DL_GPIO_clearPins)
                  0000b344    00000014     spi.o (.text.DL_GPIO_clearPins)
                  0000b358    00000014     tb6612.o (.text.DL_GPIO_clearPins)
                  0000b36c    00000014     ti_msp_dl_config.o (.text.DL_GPIO_clearPins)
                  0000b380    00000014     IOI2C.o (.text.DL_I2C_getControllerStatus)
                  0000b394    00000014     IOI2C.o (.text.DL_I2C_receiveControllerData)
                  0000b3a8    00000014     ti_msp_dl_config.o (.text.DL_I2C_resetControllerTransfer)
                  0000b3bc    00000014     OLED.o (.text.DL_SPI_receiveData8)
                  0000b3d0    00000014     icm42688.o (.text.DL_SPI_receiveData8)
                  0000b3e4    00000014     ti_msp_dl_config.o (.text.DL_SYSCTL_disableSYSPLL)
                  0000b3f8    00000014     ti_msp_dl_config.o (.text.DL_SYSCTL_enableSYSPLL)
                  0000b40c    00000014     ti_msp_dl_config.o (.text.DL_Timer_enableClock)
                  0000b420    00000014     ti_msp_dl_config.o (.text.DL_Timer_setCCPDirection)
                  0000b434    00000014     Usart.o (.text.DL_UART_receiveData)
                  0000b448    00000014     Encoder.o (.text.Encoder_Speed_Get_LEFT)
                  0000b45c    00000014     Encoder.o (.text.Encoder_Speed_Get_RIGHT)
                  0000b470    00000014     libclang_rt.builtins.a : aeabi_uldivmod.S.obj (.text.__aeabi_uldivmod)
                  0000b484    00000014     libc.a : _printfi.c.obj (.text.strchr)
                  0000b498    00000012     Interrupt.o (.text.DL_ADC12_getPendingInterrupt)
                  0000b4aa    00000012     driverlib.a : dl_spi.o (.text.DL_SPI_setClockConfig)
                  0000b4bc    00000012     Usart.o (.text.DL_UART_getPendingInterrupt)
                  0000b4ce    00000012     driverlib.a : dl_uart.o (.text.DL_UART_setClockConfig)
                  0000b4e0    00000012     multi_button.o (.text.button_read_level)
                  0000b4f2    00000012     libc.a : memcpy16.S.obj (.text:TI_memcpy_small)
                  0000b504    00000012            : copy_decompress_none.c.obj (.text:decompress:none)
                  0000b516    00000002     --HOLE-- [fill = 0]
                  0000b518    00000010     ti_msp_dl_config.o (.text.DL_SYSCTL_disableHFXT)
                  0000b528    00000010     ti_msp_dl_config.o (.text.DL_SYSCTL_isFCCDone)
                  0000b538    00000010     ti_msp_dl_config.o (.text.DL_SYSCTL_startFCC)
                  0000b548    00000010     driverlib.a : dl_timer.o (.text.DL_Timer_setCaptureCompareValue)
                  0000b558    00000010     libc.a : k_rem_pio2.c.obj (.text.OUTLINED_FUNCTION_2)
                  0000b568    00000010     PID.o (.text.PID_SetGoal)
                  0000b578    00000010     ti_msp_dl_config.o (.text.SYSCFG_DL_SYSTICK_init)
                  0000b588    00000010     Delay.o (.text.SysTick_Handler)
                  0000b598    00000010     libc.a : wcslen.c.obj (.text.wcslen)
                  0000b5a8    00000010            : copy_zero_init.c.obj (.text:decompress:ZI)
                  0000b5b8    0000000e     libclang_rt.builtins.a : aeabi_memset.S.obj (.text.__aeabi_memset)
                  0000b5c6    0000000e     libc.a : _printfi.c.obj (.text.strlen)
                  0000b5d4    0000000e            : memset16.S.obj (.text:TI_memset_small)
                  0000b5e2    00000002     --HOLE-- [fill = 0]
                  0000b5e4    0000000c     ti_msp_dl_config.o (.text.DL_SYSCTL_getClockStatus)
                  0000b5f0    0000000c     ti_msp_dl_config.o (.text.DL_SYSCTL_readFCC)
                  0000b5fc    0000000c     Usart.o (.text.GetRemain)
                  0000b608    0000000c     Delay.o (.text.Get_ms)
                  0000b614    0000000c     libclang_rt.builtins.a : aeabi_memset.S.obj (.text.__aeabi_memclr)
                  0000b620    0000000c     icm42688.o (.text.icm_cs_high)
                  0000b62c    0000000c     icm42688.o (.text.icm_cs_low)
                  0000b638    0000000a     driverlib.a : dl_common.o (.text.DL_Common_delayCycles)
                  0000b642    0000000a     libc.a : _printfi.c.obj (.text.OUTLINED_FUNCTION_0)
                  0000b64c    00000010     libclang_rt.builtins.a : adddf3.S.obj (.tramp.__aeabi_dsub.1)
                  0000b65c    0000000a     libc.a : _printfi.c.obj (.text.OUTLINED_FUNCTION_1)
                  0000b666    0000000a            : k_rem_pio2.c.obj (.text.OUTLINED_FUNCTION_1)
                  0000b670    0000000a            : s_cosf.c.obj (.text.OUTLINED_FUNCTION_3)
                  0000b67a    0000000a            : s_sinf.c.obj (.text.OUTLINED_FUNCTION_3)
                  0000b684    0000000a            : sprintf.c.obj (.text._outc)
                  0000b68e    00000008     Interrupt.o (.text.TIMG7_IRQHandler)
                  0000b696    00000002     --HOLE-- [fill = 0]
                  0000b698    00000008     libc.a : aeabi_portable.c.obj (.text.__aeabi_errno_addr)
                  0000b6a0    00000008     libclang_rt.builtins.a : aeabi_memcpy.S.obj (.text.__aeabi_memcpy)
                  0000b6a8    00000008     icm42688.o (.text.bsp_Icm42688Init)
                  0000b6b0    00000006     libc.a : e_asinf.c.obj (.text.OUTLINED_FUNCTION_0)
                  0000b6b6    00000002     --HOLE-- [fill = 0]
                  0000b6b8    00000010     libclang_rt.builtins.a : mulsf3.S.obj (.tramp.__aeabi_fmul.1)
                  0000b6c8    00000006     libc.a : s_atanf.c.obj (.text.OUTLINED_FUNCTION_0)
                  0000b6ce    00000002     --HOLE-- [fill = 0]
                  0000b6d0    00000010     libclang_rt.builtins.a : divsf3.S.obj (.tramp.__aeabi_fdiv.1)
                  0000b6e0    00000006     libc.a : s_cosf.c.obj (.text.OUTLINED_FUNCTION_0)
                  0000b6e6    00000002     --HOLE-- [fill = 0]
                  0000b6e8    00000010     libclang_rt.builtins.a : muldf3.S.obj (.tramp.__aeabi_dmul.1)
                  0000b6f8    00000006     libc.a : s_sinf.c.obj (.text.OUTLINED_FUNCTION_0)
                  0000b6fe    00000006            : e_powf.c.obj (.text.OUTLINED_FUNCTION_1)
                  0000b704    00000006            : s_cosf.c.obj (.text.OUTLINED_FUNCTION_1)
                  0000b70a    00000006            : s_sinf.c.obj (.text.OUTLINED_FUNCTION_1)
                  0000b710    00000006            : e_powf.c.obj (.text.OUTLINED_FUNCTION_3)
                  0000b716    00000002     --HOLE-- [fill = 0]
                  0000b718    00000010     libclang_rt.builtins.a : addsf3.S.obj (.tramp.__aeabi_fadd.1)
                  0000b728    00000006     libc.a : e_powf.c.obj (.text.OUTLINED_FUNCTION_4)
                  0000b72e    00000002     --HOLE-- [fill = 0]
                  0000b730    00000010     libclang_rt.builtins.a : addsf3.S.obj (.tramp.__aeabi_fsub.1)
                  0000b740    00000006     libc.a : e_powf.c.obj (.text.OUTLINED_FUNCTION_5)
                  0000b746    00000006            : e_powf.c.obj (.text.OUTLINED_FUNCTION_6)
                  0000b74c    00000006            : exit.c.obj (.text:abort)
                  0000b752    00000004     startup_mspm0g350x_ticlang.o (.text.Default_Handler)
                  0000b756    00000004     libsysbm.a : hostexit.c.obj (.text.HOSTexit)
                  0000b75a    00000004     libc.a : e_powf.c.obj (.text.OUTLINED_FUNCTION_0)
                  0000b75e    00000004            : s_atanf.c.obj (.text.OUTLINED_FUNCTION_1)
                  0000b762    00000004            : e_powf.c.obj (.text.OUTLINED_FUNCTION_2)
                  0000b766    00000004            : s_cosf.c.obj (.text.OUTLINED_FUNCTION_2)
                  0000b76a    00000002     --HOLE-- [fill = 0]
                  0000b76c    00000010     libclang_rt.builtins.a : extendsfdf2.S.obj (.tramp.__aeabi_f2d.1)
                  0000b77c    00000004     libc.a : s_sinf.c.obj (.text.OUTLINED_FUNCTION_2)
                  0000b780    00000004            : e_powf.c.obj (.text.OUTLINED_FUNCTION_7)
                  0000b784    00000004            : e_powf.c.obj (.text.OUTLINED_FUNCTION_8)
                  0000b788    00000004     startup_mspm0g350x_ticlang.o (.text.Reset_Handler)
                  0000b78c    00000010     libc.a : boot_cortex_m.c.obj (.tramp._c_int00_noargs.1)
                  0000b79c    00000004            : pre_init.c.obj (.text._system_pre_init)

.cinit     0    0000d610    00000070     
                  0000d610    00000045     (.cinit..data.load) [load image, compression = lzss]
                  0000d655    00000003     --HOLE-- [fill = 0]
                  0000d658    0000000c     (__TI_handler_table)
                  0000d664    00000008     (.cinit..bss.load) [load image, compression = zero_init]
                  0000d66c    00000010     (__TI_cinit_table)
                  0000d67c    00000004     --HOLE-- [fill = 0]

.rodata    0    0000b7a0    00001e70     
                  0000b7a0    00000d5c     OLED.o (.rodata.asc2_2412)
                  0000c4fc    000005f0     OLED.o (.rodata.asc2_1608)
                  0000caec    00000474     OLED.o (.rodata.asc2_1206)
                  0000cf60    00000228     OLED.o (.rodata.asc2_0806)
                  0000d188    00000108     libc.a : k_rem_pio2.c.obj (.rodata.ipio2)
                  0000d290    00000101            : aeabi_ctype.S.obj (.rodata:__aeabi_ctype_table_)
                  0000d391    00000005     Drive_Test.o (.rodata.str1.15896734989374709812.1)
                  0000d396    00000002     ti_msp_dl_config.o (.rodata.gI2C_0ClockConfig)
                  0000d398    00000040     libc.a : k_rem_pio2.c.obj (.rodata.PIo2)
                  0000d3d8    00000028     ti_msp_dl_config.o (.rodata.gSYSPLLConfig)
                  0000d400    00000024     IMU.o (.rodata.accelerometerMisalignment)
                  0000d424    00000024     IMU.o (.rodata.gyroscopeMisalignment)
                  0000d448    00000020     libc.a : s_atanf.c.obj (.rodata.cst16)
                  0000d468    00000018     IMU.o (.rodata..L__const.IMU_init.settings)
                  0000d480    00000018     libc.a : e_powf.c.obj (.rodata.cst8)
                  0000d498    00000018     FusionAhrs.o (.rodata.fusionAhrsDefaultSettings)
                  0000d4b0    00000014     ti_msp_dl_config.o (.rodata.gTIMER_10msTimerConfig)
                  0000d4c4    00000014     ti_msp_dl_config.o (.rodata.gTIMER_2msTimerConfig)
                  0000d4d8    00000011     libc.a : _printfi.c.obj (.rodata.str1.10348868589481759720.1)
                  0000d4e9    00000011            : _printfi.c.obj (.rodata.str1.15363888844622738466.1)
                  0000d4fa    00000002     ti_msp_dl_config.o (.rodata.gSPI_1_clockConfig)
                  0000d4fc    00000010     libc.a : k_rem_pio2.c.obj (.rodata.cst16)
                  0000d50c    00000010     ti_msp_dl_config.o (.rodata.gCAPTURE_0CaptureConfig)
                  0000d51c    0000000f     Drive_Test.o (.rodata.str1.13941598251634487449.1)
                  0000d52b    00000001     --HOLE-- [fill = 0]
                  0000d52c    0000000c     driverlib.a : dl_timer.o (.rodata..Lswitch.table.DL_Timer_initCompareMode)
                  0000d538    0000000c     IMU.o (.rodata.accelerometerSensitivity)
                  0000d544    0000000c     FusionBias.o (.rodata.fusionBiasDefaultSettings)
                  0000d550    0000000c     IMU.o (.rodata.gyroscopeSensitivity)
                  0000d55c    0000000b     Drive_Test.o (.rodata.str1.7308894419571814608.1)
                  0000d567    00000001     --HOLE-- [fill = 0]
                  0000d568    0000000a     ti_msp_dl_config.o (.rodata.gSPI_1_config)
                  0000d572    0000000a     ti_msp_dl_config.o (.rodata.gUARTConfig)
                  0000d57c    0000000a     ti_msp_dl_config.o (.rodata.gUART_3Config)
                  0000d586    0000000a     ti_msp_dl_config.o (.rodata.gUART_CAMERAConfig)
                  0000d590    0000000a     ti_msp_dl_config.o (.rodata.gUART_WIRELESSConfig)
                  0000d59a    00000009     Drive_Test.o (.rodata.str1.13758461314776498097.1)
                  0000d5a3    00000009     Drive_Test.o (.rodata.str1.4579990903436069613.1)
                  0000d5ac    00000009     Drive_Test.o (.rodata.str1.8827609664078628109.1)
                  0000d5b5    00000003     ti_msp_dl_config.o (.rodata.gCAPTURE_0ClockConfig)
                  0000d5b8    00000008     ti_msp_dl_config.o (.rodata.gBAT_ADCClockConfig)
                  0000d5c0    00000008     ti_msp_dl_config.o (.rodata.gPWM_BUZZERConfig)
                  0000d5c8    00000008     ti_msp_dl_config.o (.rodata.gPWM_MotorConfig)
                  0000d5d0    00000008     ti_msp_dl_config.o (.rodata.gPWM_SERVOConfig)
                  0000d5d8    00000004     Drive_Test.o (.rodata.str1.2519219660703878989.1)
                  0000d5dc    00000003     ti_msp_dl_config.o (.rodata.gPWM_BUZZERClockConfig)
                  0000d5df    00000003     ti_msp_dl_config.o (.rodata.gPWM_MotorClockConfig)
                  0000d5e2    00000003     ti_msp_dl_config.o (.rodata.gPWM_SERVOClockConfig)
                  0000d5e5    00000003     ti_msp_dl_config.o (.rodata.gTIMER_10msClockConfig)
                  0000d5e8    00000003     ti_msp_dl_config.o (.rodata.gTIMER_2msClockConfig)
                  0000d5eb    00000003     Drive_Test.o (.rodata.str1.10796991777907615066.1)
                  0000d5ee    00000003     Drive_Test.o (.rodata.str1.14256352610165595184.1)
                  0000d5f1    00000003     Drive_Test.o (.rodata.str1.6512950051259863809.1)
                  0000d5f4    00000003     Drive_Test.o (.rodata.str1.7434867084307694284.1)
                  0000d5f7    00000003     Drive_Test.o (.rodata.str1.8362744727703666087.1)
                  0000d5fa    00000002     ti_msp_dl_config.o (.rodata.gUARTClockConfig)
                  0000d5fc    00000002     ti_msp_dl_config.o (.rodata.gUART_3ClockConfig)
                  0000d5fe    00000002     ti_msp_dl_config.o (.rodata.gUART_CAMERAClockConfig)
                  0000d600    00000002     ti_msp_dl_config.o (.rodata.gUART_WIRELESSClockConfig)
                  0000d602    0000000e     --HOLE-- [fill = 0]

.init_array 
*          0    00000000    00000000     UNINITIALIZED

.binit     0    00000000    00000000     

.bss       0    20200000    0000176c     UNINITIALIZED
                  20200000    00000aec     (.common:VL53_)
                  20200aec    00000480     (.common:OLED_GRAM)
                  20200f6c    00000190     (.common:FIFO_Buffer)
                  202010fc    00000100     (.common:Buffer)
                  202011fc    000000c0     Key.o (.bss.key)
                  202012bc    000000bc     (.common:gPWM_BUZZERBackup)
                  20201378    000000bc     (.common:gPWM_SERVOBackup)
                  20201434    000000a0     (.common:gPWM_MotorBackup)
                  202014d4    000000a0     (.common:gTIMER_2msBackup)
                  20201574    00000080     (.common:ahrs)
                  202015f4    00000002     (.common:ADC_RawValue)
                  202015f6    00000001     (.common:data)
                  202015f7    00000001     --HOLE--
                  202015f8    00000038     (.common:pid_angle_drive)
                  20201630    00000038     (.common:pid_left)
                  20201668    00000038     (.common:pid_right)
                  202016a0    00000038     (.common:pid_straight_drive)
                  202016d8    00000030     (.common:gUART_3Backup)
                  20201708    00000028     (.common:gSPI_1Backup)
                  20201730    00000024     (.common:bias)
                  20201754    0000000c     my_vl53l1x.o (.bss.filtered_distance_)
                  20201760    0000000c     (.common:distance_)

.data      0    20201770    00000118     UNINITIALIZED
                  20201770    00000024     spi.o (.data.spi_devices)
                  20201794    0000000c     IMU.o (.data.accelerometerOffset)
                  202017a0    0000000c     IMU.o (.data.gyroscopeOffset)
                  202017ac    00000004     Bat.o (.data.Battery_Voltage)
                  202017b0    00000008     Encoder.o (.data.duration_time)
                  202017b8    00000008     Encoder.o (.data.encoder_count_l)
                  202017c0    00000008     Encoder.o (.data.encoder_count_l_10ms)
                  202017c8    00000008     Encoder.o (.data.encoder_count_l_last)
                  202017d0    00000008     Encoder.o (.data.encoder_count_r)
                  202017d8    00000008     Encoder.o (.data.encoder_count_r_10ms)
                  202017e0    00000008     Encoder.o (.data.encoder_count_r_last)
                  202017e8    00000008     Encoder.o (.data.last_10ms_update)
                  202017f0    00000004     Drive_Test.o (.data.Drive_Test3.lastTick)
                  202017f4    00000004     Drive_Test.o (.data.Drive_Test_Set.lastTick)
                  202017f8    00000004     Drive_Test.o (.data.Goal_Angle)
                  202017fc    00000004     Motor.o (.data.Goal_Speed_Left)
                  20201800    00000004     Motor.o (.data.Goal_Speed_Right)
                  20201804    00000004     Drive.o (.data.Goal_Straight_Angle)
                  20201808    00000004     Drive.o (.data.Goal_Turn_Angle)
                  2020180c    00000004     Drive_Test.o (.data.Kd)
                  20201810    00000004     Drive_Test.o (.data.Kd_Step)
                  20201814    00000004     Drive_Test.o (.data.Ki)
                  20201818    00000004     Drive_Test.o (.data.Ki_Step)
                  2020181c    00000004     Drive_Test.o (.data.Kp)
                  20201820    00000004     Drive_Test.o (.data.Kp_Step)
                  20201824    00000004     Delay.o (.data.MS)
                  20201828    00000004     Delay.o (.data.US)
                  2020182c    00000004     libc.a : aeabi_portable.c.obj (.data.__aeabi_errno)
                  20201830    00000004     icm42688.o (.data.accSensitivity)
                  20201834    00000004     Encoder.o (.data.direction_l)
                  20201838    00000004     Encoder.o (.data.direction_r)
                  2020183c    00000004     Encoder.o (.data.filtered_speed_l)
                  20201840    00000004     Encoder.o (.data.filtered_speed_r)
                  20201844    00000004     icm42688.o (.data.gyroSensitivity)
                  20201848    00000004     multi_button.o (.data.head_handle)
                  2020184c    00000004     Delay.o (.data.now_tick)
                  20201850    00000004     Drive.o (.data.speed)
                  20201854    00000004     Encoder.o (.data.t0_l)
                  20201858    00000004     Encoder.o (.data.t0_r)
                  2020185c    00000004     Encoder.o (.data.t1_l)
                  20201860    00000004     Encoder.o (.data.t1_r)
                  20201864    00000004     Encoder.o (.data.t2_l)
                  20201868    00000004     Encoder.o (.data.t2_r)
                  2020186c    00000004     Encoder.o (.data.t3_l)
                  20201870    00000004     Encoder.o (.data.t3_r)
                  20201874    00000002     icm42688.o (.data.data_length)
                  20201876    00000001     Drive_Test.o (.data.Goal_Angle_Step)
                  20201877    00000001     icm42688.o (.data.ICM42688_is_initialized)
                  20201878    00000001     IMU.o (.data.IMU_initialized)
                  20201879    00000001     Usart.o (.data.ReadIndex)
                  2020187a    00000001     Usart.o (.data.WriteIndex)
                  2020187b    00000001     Drive.o (.data.angle_tick)
                  2020187c    00000001     Drive.o (.data.cmd_angle_drive)
                  2020187d    00000001     Bat.o (.data.cmd_bat)
                  2020187e    00000001     Motor.o (.data.cmd_left_speed)
                  2020187f    00000001     Motor.o (.data.cmd_right_speed)
                  20201880    00000001     Drive.o (.data.cmd_straight_drive)
                  20201881    00000001     Key.o (.data.key_num)
                  20201882    00000001     Drive_Test.o (.data.menu_index)
                  20201883    00000001     Drive_Test.o (.data.pid_mode)
                  20201884    00000001     Drive_Test.o (.data.set_state)
                  20201885    00000001     spi.o (.data.spi_cs_locked)
                  20201886    00000001     spi.o (.data.spi_cs_locked_channel)
                  20201887    00000001     Drive.o (.data.straight_tick)

.stack     0    20207e00    00000200     UNINITIALIZED
                  20207e00    00000004     libc.a : boot_cortex_m.c.obj (.stack)
                  20207e04    000001fc     --HOLE--

__llvm_prf_cnts 
*          0    20200000    00000000     UNINITIALIZED

__llvm_prf_bits 
*          0    20200000    00000000     UNINITIALIZED

MODULE SUMMARY

       Module                         code    ro data   rw data
       ------                         ----    -------   -------
    .\
       ti_msp_dl_config.o             4892    208       784    
       startup_mspm0g350x_ticlang.o   8       192       0      
       main.o                         148     0         0      
    +--+------------------------------+-------+---------+---------+
       Total:                         5048    400       784    
                                                               
    .\APP\
       Drive.o                        736     0         128    
    +--+------------------------------+-------+---------+---------+
       Total:                         736     0         128    
                                                               
    .\HardWare\
       OLED.o                         1516    6632      1152   
       icm42688.o                     1610    0         411    
       Encoder.o                      1598    0         112    
       multi_button.o                 1366    0         4      
       Usart.o                        422     0         259    
       tb6612.o                       678     0         0      
       PID.o                          508     0         0      
       spi.o                          408     0         38     
       Interrupt.o                    380     0         0      
       ADC.o                          192     0         2      
       Delay.o                        176     0         12     
    +--+------------------------------+-------+---------+---------+
       Total:                         8854    6632      1990   
                                                               
    .\HardWare\vl53l1x\core\
       vl53l1_register_funcs.o        1552    0         0      
       vl53l1_api_core.o              984     0         0      
       vl53l1_core.o                  776     0         0      
    +--+------------------------------+-------+---------+---------+
       Total:                         3312    0         0      
                                                               
    .\HardWare\vl53l1x\platform\
       IOI2C.o                        1000    0         0      
       vl53l1_platform.o              148     0         0      
       vl53l1x.o                      126     0         0      
    +--+------------------------------+-------+---------+---------+
       Total:                         1274    0         0      
                                                               
    .\Middle\
       my_vl53l1x.o                   116     0         2820   
       IMU.o                          1708    120       189    
       Motor.o                        936     0         122    
       Key.o                          322     0         193    
       Bat.o                          214     0         5      
    +--+------------------------------+-------+---------+---------+
       Total:                         3296    120       3329   
                                                               
    .\Middle\Fusion\
       FusionAhrs.o                   4564    24        0      
       FusionBias.o                   576     12        0      
    +--+------------------------------+-------+---------+---------+
       Total:                         5140    36        0      
                                                               
    .\Test\
       Drive_Test.o                   1736    77        40     
    +--+------------------------------+-------+---------+---------+
       Total:                         1736    77        40     
                                                               
    C:/TI/mspm0_sdk_2_10_00_04/source/ti/driverlib/lib/ticlang/m0p/mspm0g1x0x_g3x0x/driverlib.a
       dl_timer.o                     892     12        0      
       dl_sysctl_mspm0g1x0x_g3x0x.o   316     0         0      
       dl_i2c.o                       132     0         0      
       dl_uart.o                      90      0         0      
       dl_spi.o                       86      0         0      
       dl_adc12.o                     64      0         0      
       dl_common.o                    10      0         0      
    +--+------------------------------+-------+---------+---------+
       Total:                         1590    12        0      
                                                               
    D:\TI\ccs2041\ccs\tools\compiler\ti-cgt-armllvm_4.0.4.LTS\lib\armv6m-ti-none-eabi/c/libc.a
       _printfi.c.obj                 4510    34        0      
       k_rem_pio2.c.obj               1652    344       0      
       e_powf.c.obj                   1766    24        0      
       s_cosf.c.obj                   822     0         0      
       s_sinf.c.obj                   810     0         0      
       s_atanf.c.obj                  466     32        0      
       e_sqrt.c.obj                   368     0         0      
       e_asinf.c.obj                  358     0         0      
       s_floor.c.obj                  324     0         0      
       e_atan2f.c.obj                 280     0         0      
       aeabi_ctype.S.obj              0       257       0      
       s_scalbn.c.obj                 216     0         0      
       s_scalbnf.c.obj                176     0         0      
       e_sqrtf.c.obj                  160     0         0      
       copy_decompress_lzss.c.obj     124     0         0      
       s_frexp.c.obj                  92      0         0      
       sprintf.c.obj                  90      0         0      
       _ltoa.c.obj                    88      0         0      
       atoi.c.obj                     64      0         0      
       autoinit.c.obj                 60      0         0      
       boot_cortex_m.c.obj            56      0         0      
       memccpy.c.obj                  34      0         0      
       copy_decompress_none.c.obj     18      0         0      
       memcpy16.S.obj                 18      0         0      
       copy_zero_init.c.obj           16      0         0      
       wcslen.c.obj                   16      0         0      
       memset16.S.obj                 14      0         0      
       aeabi_portable.c.obj           8       0         4      
       exit.c.obj                     6       0         0      
       pre_init.c.obj                 4       0         0      
    +--+------------------------------+-------+---------+---------+
       Total:                         12616   691       4      
                                                               
    D:\TI\ccs2041\ccs\tools\compiler\ti-cgt-armllvm_4.0.4.LTS\lib\armv6m-ti-none-eabi/c/libsysbm.a
       hostexit.c.obj                 4       0         0      
    +--+------------------------------+-------+---------+---------+
       Total:                         4       0         0      
                                                               
    D:\TI\ccs2041\ccs\tools\compiler\ti-cgt-armllvm_4.0.4.LTS\lib\armv6m-ti-none-eabi/libclang_rt.builtins.a
       adddf3.S.obj                   434     0         0      
       divdf3.S.obj                   268     0         0      
       addsf3.S.obj                   248     0         0      
       muldf3.S.obj                   244     0         0      
       comparedf2.c.obj               220     0         0      
       udivmoddi4.S.obj               162     0         0      
       mulsf3.S.obj                   156     0         0      
       divsf3.S.obj                   146     0         0      
       comparesf2.S.obj               118     0         0      
       truncdfsf2.S.obj               116     0         0      
       aeabi_dcmp.S.obj               98      0         0      
       aeabi_fcmp.S.obj               98      0         0      
       aeabi_idivmod.S.obj            86      0         0      
       extendsfdf2.S.obj              80      0         0      
       fixdfsi.S.obj                  74      0         0      
       aeabi_uidivmod.S.obj           64      0         0      
       floatsisf.S.obj                60      0         0      
       muldsi3.S.obj                  58      0         0      
       fixsfsi.S.obj                  56      0         0      
       floatundisf.S.obj              54      0         0      
       fixunssfsi.S.obj               50      0         0      
       floatsidf.S.obj                44      0         0      
       floatunsisf.S.obj              40      0         0      
       floatunsidf.S.obj              36      0         0      
       muldi3.S.obj                   36      0         0      
       ashldi3.S.obj                  30      0         0      
       aeabi_memset.S.obj             26      0         0      
       aeabi_uldivmod.S.obj           20      0         0      
       aeabi_memcpy.S.obj             8       0         0      
       aeabi_div0.c.obj               4       0         0      
    +--+------------------------------+-------+---------+---------+
       Total:                         3134    0         0      
                                                               
       Stack:                         0       0         512    
       Linker Generated:              0       105       0      
    +--+------------------------------+-------+---------+---------+
       Grand Total:                   46740   8073      6787   


LINKER GENERATED COPY TABLES

__TI_cinit_table @ 0000d66c records: 2, size/record: 8, table size: 16
	.data: load addr=0000d610, load size=00000045 bytes, run addr=20201770, run size=00000118 bytes, compression=lzss
	.bss: load addr=0000d664, load size=00000008 bytes, run addr=20200000, run size=0000176c bytes, compression=zero_init


LINKER GENERATED HANDLER TABLE

__TI_handler_table @ 0000d658 records: 3, size/record: 4, table size: 12
	index: 0, handler: __TI_decompress_lzss
	index: 1, handler: __TI_decompress_none
	index: 2, handler: __TI_zero_init


FAR CALL TRAMPOLINES

callee name               trampoline name
   callee addr  tramp addr   call addr  call info
--------------  -----------  ---------  ----------------
__aeabi_dadd              $Tramp$TT$L$PI$$__aeabi_dadd
   00004623     0000b30c     0000b30a   libc.a : k_rem_pio2.c.obj (.text.OUTLINED_FUNCTION_0)
                             0000b66e          : k_rem_pio2.c.obj (.text.OUTLINED_FUNCTION_1)
                             0000b678          : s_cosf.c.obj (.text.OUTLINED_FUNCTION_3)
                             0000b682          : s_sinf.c.obj (.text.OUTLINED_FUNCTION_3)
__aeabi_dsub              $Tramp$TT$L$PI$$__aeabi_dsub
   00004619     0000b64c     0000b64a   libc.a : _printfi.c.obj (.text.OUTLINED_FUNCTION_0)
__aeabi_fmul              $Tramp$TT$L$PI$$__aeabi_fmul
   00008231     0000b6b8     0000b6b4   libc.a : e_asinf.c.obj (.text.OUTLINED_FUNCTION_0)
                             0000b702          : e_powf.c.obj (.text.OUTLINED_FUNCTION_1)
                             0000b75c          : e_powf.c.obj (.text.OUTLINED_FUNCTION_0)
                             0000b782          : e_powf.c.obj (.text.OUTLINED_FUNCTION_7)
__aeabi_fdiv              $Tramp$TT$L$PI$$__aeabi_fdiv
   000084d1     0000b6d0     0000b6cc   libc.a : s_atanf.c.obj (.text.OUTLINED_FUNCTION_0)
__aeabi_dmul              $Tramp$TT$L$PI$$__aeabi_dmul
   00006c41     0000b6e8     0000b6e4   libc.a : s_cosf.c.obj (.text.OUTLINED_FUNCTION_0)
                             0000b6fc          : s_sinf.c.obj (.text.OUTLINED_FUNCTION_0)
                             0000b708          : s_cosf.c.obj (.text.OUTLINED_FUNCTION_1)
                             0000b70e          : s_sinf.c.obj (.text.OUTLINED_FUNCTION_1)
__aeabi_fadd              $Tramp$TT$L$PI$$__aeabi_fadd
   000070a3     0000b718     0000b714   libc.a : e_powf.c.obj (.text.OUTLINED_FUNCTION_3)
                             0000b760          : s_atanf.c.obj (.text.OUTLINED_FUNCTION_1)
                             0000b764          : e_powf.c.obj (.text.OUTLINED_FUNCTION_2)
                             0000b786          : e_powf.c.obj (.text.OUTLINED_FUNCTION_8)
__aeabi_fsub              $Tramp$TT$L$PI$$__aeabi_fsub
   00007099     0000b730     0000b72c   libc.a : e_powf.c.obj (.text.OUTLINED_FUNCTION_4)
                             0000b744          : e_powf.c.obj (.text.OUTLINED_FUNCTION_5)
                             0000b74a          : e_powf.c.obj (.text.OUTLINED_FUNCTION_6)
__aeabi_f2d               $Tramp$TT$L$PI$$__aeabi_f2d
   00009ecd     0000b76c     0000b768   libc.a : s_cosf.c.obj (.text.OUTLINED_FUNCTION_2)
                             0000b77e          : s_sinf.c.obj (.text.OUTLINED_FUNCTION_2)
_c_int00_noargs           $Tramp$TT$L$PI$$_c_int00_noargs
   0000a8c5     0000b78c     0000b788   startup_mspm0g350x_ticlang.o (.text.Reset_Handler)

[9 trampolines]
[24 trampoline calls]


GLOBAL SYMBOLS: SORTED ALPHABETICALLY BY Name 

address   name                                  
-------   ----                                  
0000ae25  ADC0_IRQHandler                       
0000b753  ADC1_IRQHandler                       
0000ae41  ADC_Callback                          
0000ab4d  ADC_Init                              
202015f4  ADC_RawValue                          
0000b31d  ADC_Read                              
0000b753  AES_IRQHandler                        
000085d1  Bat_Callback                          
0000ab69  Bat_Init                              
00008835  Bat_Read                              
202017ac  Battery_Voltage                       
202010fc  Buffer                                
0000b756  C$$EXIT                               
0000b753  CANFD0_IRQHandler                     
0000b753  DAC0_IRQHandler                       
00009c4d  DL_ADC12_setClockConfig               
0000b639  DL_Common_delayCycles                 
00008f3d  DL_I2C_fillControllerTXFIFO           
0000a913  DL_I2C_setClockConfig                 
00009b81  DL_SPI_init                           
0000b4ab  DL_SPI_setClockConfig                 
0000acf1  DL_SYSCTL_configFCC                   
00006e09  DL_SYSCTL_configSYSPLL                
00009bc5  DL_SYSCTL_switchMCLKfromSYSOSCtoHSCLK 
000056f9  DL_Timer_initCaptureMode              
000060a1  DL_Timer_initFourCCPWMMode            
000063a9  DL_Timer_initTimerMode                
0000ad7d  DL_Timer_setCaptCompUpdateMethod      
0000b111  DL_Timer_setCaptureCompareOutCtl      
0000b549  DL_Timer_setCaptureCompareValue       
0000ad99  DL_Timer_setClockConfig               
00009905  DL_UART_init                          
0000b4cf  DL_UART_setClockConfig                
0000b753  DMA_IRQHandler                        
0000b753  Default_Handler                       
0000a84d  Delay_ms                              
00006795  Drive_Callback                        
00007881  Drive_Init                            
0000a4a9  Drive_Stop                            
00009c8d  Drive_Straight                        
0000aa71  Drive_Straight_SetK                   
00002e15  Drive_Test3                           
0000a2e5  Drive_Turn                            
0000aa91  Drive_Turn_SetK                       
00003581  Encoder_10ms_Callback                 
00002755  Encoder_Callback                      
0000951d  Encoder_Init                          
0000b449  Encoder_Speed_Get_LEFT                
0000b45d  Encoder_Speed_Get_RIGHT               
20200f6c  FIFO_Buffer                           
0000aab1  FusionAhrsGetQuaternion               
0000add1  FusionAhrsInitialise                  
000073b9  FusionAhrsRestart                     
00007171  FusionAhrsSetHeading                  
00005241  FusionAhrsSetSettings                 
0000178d  FusionAhrsUpdate                      
0000864d  FusionAhrsUpdateNoMagnetometer        
0000a4d9  FusionBiasInitialise                  
00009741  FusionBiasSetSettings                 
000061a5  FusionBiasUpdate                      
0000b753  GROUP0_IRQHandler                     
000064a5  GROUP1_IRQHandler                     
0000b609  Get_ms                                
00008a09  Get_us                                
202017f8  Goal_Angle                            
20201876  Goal_Angle_Step                       
202017fc  Goal_Speed_Left                       
20201800  Goal_Speed_Right                      
20201804  Goal_Straight_Angle                   
20201808  Goal_Turn_Angle                       
0000b757  HOSTexit                              
0000b753  HardFault_Handler                     
0000b753  I2C0_IRQHandler                       
0000b753  I2C1_IRQHandler                       
00005a49  ICM42688_FIFO_Get_RealData            
000062a9  ICM42688_Getoffset                    
00007469  ICM42688_UnBlocking_CallBack          
20201877  ICM42688_is_initialized               
00003ef9  IICreadBytes                          
000054a9  IICwriteBytes                         
00003789  IMU_Callback                          
00009c09  IMU_GetYaw                            
00007301  IMU_init                              
20201878  IMU_initialized                       
2020180c  Kd                                    
20201810  Kd_Step                               
00008ae1  Key_Init                              
0000b1b9  Key_Num_Get                           
20201814  Ki                                    
20201818  Ki_Step                               
2020181c  Kp                                    
20201820  Kp_Step                               
20201824  MS                                    
000079d1  Motor_Callback                        
00007ec9  Motor_Init                            
000030f5  Motor_SetSpeed                        
0000b753  NMI_Handler                           
000091c9  OLED_Clear                            
00008089  OLED_DrawPoint                        
20200aec  OLED_GRAM                             
00005b5d  OLED_Init                             
000086c9  OLED_Refresh                          
00003d29  OLED_ShowChar                         
00007e2d  OLED_ShowString                       
00007c59  OLED_WR_Byte                          
00004e7d  PID_Compute                           
00009059  PID_Init                              
0000b569  PID_SetGoal                           
0000a9ed  PID_SetK                              
0000a75b  PID_SetLimit                          
0000b753  PendSV_Handler                        
0000b753  RTC_IRQHandler                        
20201879  ReadIndex                             
0000b789  Reset_Handler                         
0000b753  SPI0_IRQHandler                       
0000b753  SPI1_IRQHandler                       
00008119  SPI_CS                                
00009d0d  SPI_Init                              
00008a75  SPI_TryLock                           
0000a34d  SPI_Unlock                            
0000b753  SVC_Handler                           
00008929  SYSCFG_DL_BAT_ADC_init                
0000a629  SYSCFG_DL_CAPTURE_0_init              
00002afd  SYSCFG_DL_GPIO_init                   
00009221  SYSCFG_DL_I2C_0_init                  
00008b49  SYSCFG_DL_PWM_BUZZER_init             
000081a5  SYSCFG_DL_PWM_Motor_init              
00007519  SYSCFG_DL_PWM_SERVO_init              
00009d4d  SYSCFG_DL_SPI_1_init                  
00006a69  SYSCFG_DL_SYSCTL_SYSPLL_init          
00008999  SYSCFG_DL_SYSCTL_init                 
0000b579  SYSCFG_DL_SYSTICK_init                
0000a381  SYSCFG_DL_TIMER_10ms_init             
00009d8d  SYSCFG_DL_TIMER_2ms_init              
00009dcd  SYSCFG_DL_UART_3_init                 
00009e0d  SYSCFG_DL_UART_CAMERA_init            
00009e4d  SYSCFG_DL_UART_WIRELESS_init          
0000994d  SYSCFG_DL_UART_init                   
00008345  SYSCFG_DL_init                        
00005815  SYSCFG_DL_initPower                   
0000b589  SysTick_Handler                       
00008d4d  TB6612_Brake                          
00008db1  TB6612_Coast                          
0000a509  TB6612_Init                           
0000a981  TB6612_SetLeftMotor                   
0000a875  TB6612_SetRightMotor                  
0000b753  TIMA0_IRQHandler                      
0000b753  TIMA1_IRQHandler                      
0000b1e9  TIMG0_IRQHandler                      
0000b753  TIMG12_IRQHandler                     
0000b753  TIMG6_IRQHandler                      
0000b68f  TIMG7_IRQHandler                      
0000b753  TIMG8_IRQHandler                      
0000b4f3  TI_memcpy_small                       
0000b5d5  TI_memset_small                       
0000a539  UART0_IRQHandler                      
0000b753  UART1_IRQHandler                      
0000b753  UART2_IRQHandler                      
0000b753  UART3_IRQHandler                      
20201828  US                                    
0000aad1  Uart_Init                             
00009823  VL53L1_ReadMulti                      
0000986d  VL53L1_WriteMulti                     
0000a079  VL53L1_i2c_decode_uint16_t            
000065a1  VL53L1_i2c_encode_customer_nvm_managed
00006d25  VL53L1_i2c_encode_dynamic_config      
00006979  VL53L1_i2c_encode_general_config      
0000916d  VL53L1_i2c_encode_int16_t             
0000491d  VL53L1_i2c_encode_static_config       
00007bb9  VL53L1_i2c_encode_static_nvm_managed  
00008c81  VL53L1_i2c_encode_system_control      
00006ee5  VL53L1_i2c_encode_timing_config       
00009329  VL53L1_i2c_encode_uint16_t            
000093d7  VL53L1_i2c_encode_uint32_t            
0000237d  VL53L1_init_and_start_range           
00007241  VL53L1_update_ll_driver_cfg_state     
00005c71  VL53L1_update_ll_driver_rd_state      
20200000  VL53_                                 
2020187a  WriteIndex                            
20208000  __STACK_END                           
00000200  __STACK_SIZE                          
00000000  __TI_ATRegion0_region_sz              
00000000  __TI_ATRegion0_src_addr               
00000000  __TI_ATRegion0_trg_addr               
00000000  __TI_ATRegion1_region_sz              
00000000  __TI_ATRegion1_src_addr               
00000000  __TI_ATRegion1_trg_addr               
00000000  __TI_ATRegion2_region_sz              
00000000  __TI_ATRegion2_src_addr               
00000000  __TI_ATRegion2_trg_addr               
0000d66c  __TI_CINIT_Base                       
0000d67c  __TI_CINIT_Limit                      
0000d67c  __TI_CINIT_Warm                       
0000d658  __TI_Handler_Table_Base               
0000d664  __TI_Handler_Table_Limit              
0000a03d  __TI_auto_init_nobinit_nopinit        
00008745  __TI_decompress_lzss                  
0000b505  __TI_decompress_none                  
00009279  __TI_ltoa                             
ffffffff  __TI_pprof_out_hndl                   
000000c1  __TI_printfi                          
ffffffff  __TI_prof_data_size                   
ffffffff  __TI_prof_data_start                  
00000000  __TI_static_base__                    
0000b5a9  __TI_zero_init                        
00004623  __adddf3                              
000070a3  __addsf3                              
0000d290  __aeabi_ctype_table_                  
0000d290  __aeabi_ctype_table_C                 
00008841  __aeabi_d2f                           
000098b9  __aeabi_d2iz                          
00004623  __aeabi_dadd                          
00008e15  __aeabi_dcmpeq                        
00008e51  __aeabi_dcmpge                        
00008e65  __aeabi_dcmpgt                        
00008e3d  __aeabi_dcmple                        
00008e29  __aeabi_dcmplt                        
00005d81  __aeabi_ddiv                          
00006c41  __aeabi_dmul                          
00004619  __aeabi_dsub                          
2020182c  __aeabi_errno                         
0000b699  __aeabi_errno_addr                    
00009ecd  __aeabi_f2d                           
0000a165  __aeabi_f2iz                          
0000a3b5  __aeabi_f2uiz                         
000070a3  __aeabi_fadd                          
00008e79  __aeabi_fcmpeq                        
00008eb5  __aeabi_fcmpge                        
00008ec9  __aeabi_fcmpgt                        
00008ea1  __aeabi_fcmple                        
00008e8d  __aeabi_fcmplt                        
000084d1  __aeabi_fdiv                          
00008231  __aeabi_fmul                          
00007099  __aeabi_fsub                          
0000a705  __aeabi_i2d                           
00009f89  __aeabi_i2f                           
00009381  __aeabi_idiv                          
000047ab  __aeabi_idiv0                         
00009381  __aeabi_idivmod                       
00004a7f  __aeabi_ldiv0                         
0000ab2d  __aeabi_llsl                          
0000a9c9  __aeabi_lmul                          
0000b615  __aeabi_memclr                        
0000b615  __aeabi_memclr4                       
0000b615  __aeabi_memclr8                       
0000b6a1  __aeabi_memcpy                        
0000b6a1  __aeabi_memcpy4                       
0000b6a1  __aeabi_memcpy8                       
0000b5b9  __aeabi_memset                        
0000b5b9  __aeabi_memset4                       
0000b5b9  __aeabi_memset8                       
0000a9a5  __aeabi_ui2d                          
0000a89d  __aeabi_ui2f                          
00009e8d  __aeabi_uidiv                         
00009e8d  __aeabi_uidivmod                      
0000a279  __aeabi_ul2f                          
0000b471  __aeabi_uldivmod                      
0000ab2d  __ashldi3                             
ffffffff  __binit__                             
00008bb1  __cmpdf2                              
0000a0b5  __cmpsf2                              
00005d81  __divdf3                              
000084d1  __divsf3                              
00008bb1  __eqdf2                               
0000a0b5  __eqsf2                               
00009ecd  __extendsfdf2                         
000098b9  __fixdfsi                             
0000a165  __fixsfsi                             
0000a3b5  __fixunssfsi                          
0000a705  __floatsidf                           
00009f89  __floatsisf                           
0000a279  __floatundisf                         
0000a9a5  __floatunsidf                         
0000a89d  __floatunsisf                         
000087c1  __gedf2                               
00009fc5  __gesf2                               
000087c1  __gtdf2                               
00009fc5  __gtsf2                               
00001149  __kernel_rem_pio2                     
00008bb1  __ledf2                               
0000a0b5  __lesf2                               
00008bb1  __ltdf2                               
0000a0b5  __ltsf2                               
UNDEFED   __mpu_init                            
00006c41  __muldf3                              
0000a9c9  __muldi3                              
0000a0f1  __muldsi3                             
[...]
20201883  pid_mode                              
20201668  pid_right                             
202016a0  pid_straight_drive                    
00000a91  powf                                  
00006fc1  scalbn                                
00007679  scalbnf                               
00006fc1  scalbnl                               
20201884  set_state                             
0000428d  sinf                                  
20201850  speed                                 
20201885  spi_cs_locked                         
20201886  spi_cs_locked_channel                 
0000a1d5  sprintf                               
000047ad  sqrt                                  
00007b19  sqrtf                                 
000047ad  sqrtl                                 
20201887  straight_tick                         
0000b599  wcslen                                


GLOBAL SYMBOLS: SORTED BY Symbol Address 

address   name                                  
-------   ----                                  
00000000  __TI_ATRegion0_region_sz              
00000000  __TI_ATRegion0_src_addr               
00000000  __TI_ATRegion0_trg_addr               
00000000  __TI_ATRegion1_region_sz              
00000000  __TI_ATRegion1_src_addr               
00000000  __TI_ATRegion1_trg_addr               
00000000  __TI_ATRegion2_region_sz              
00000000  __TI_ATRegion2_src_addr               
00000000  __TI_ATRegion2_trg_addr               
00000000  __TI_static_base__                    
00000000  interruptVectors                      
000000c1  __TI_printfi                          
00000200  __STACK_SIZE                          
00000a91  powf                                  
00001149  __kernel_rem_pio2                     
0000178d  FusionAhrsUpdate                      
0000237d  VL53L1_init_and_start_range           
00002755  Encoder_Callback                      
00002afd  SYSCFG_DL_GPIO_init                   
00002e15  Drive_Test3                           
000030f5  Motor_SetSpeed                        
00003581  Encoder_10ms_Callback                 
00003789  IMU_Callback                          
00003b55  cosf                                  
00003d29  OLED_ShowChar                         
00003ef9  IICreadBytes                          
000040c5  atanf                                 
0000428d  sinf                                  
00004619  __aeabi_dsub                          
00004619  __subdf3                              
00004623  __adddf3                              
00004623  __aeabi_dadd                          
000047ab  __aeabi_idiv0                         
000047ad  sqrt                                  
000047ad  sqrtl                                 
0000491d  VL53L1_i2c_encode_static_config       
00004a7f  __aeabi_ldiv0                         
00004a81  asinf                                 
00004d31  bsp_Icm42688RegCfg                    
00004e7d  PID_Compute                           
00004fc1  floor                                 
00004fc1  floorl                                
00005241  FusionAhrsSetSettings                 
000054a9  IICwriteBytes                         
000056f9  DL_Timer_initCaptureMode              
00005815  SYSCFG_DL_initPower                   
00005931  atan2f                                
00005a49  ICM42688_FIFO_Get_RealData            
00005b5d  OLED_Init                             
00005c71  VL53L1_update_ll_driver_rd_state      
00005d81  __aeabi_ddiv                          
00005d81  __divdf3                              
000060a1  DL_Timer_initFourCCPWMMode            
000061a5  FusionBiasUpdate                      
000062a9  ICM42688_Getoffset                    
000063a9  DL_Timer_initTimerMode                
000064a5  GROUP1_IRQHandler                     
000065a1  VL53L1_i2c_encode_customer_nvm_managed
00006795  Drive_Callback                        
00006979  VL53L1_i2c_encode_general_config      
00006a69  SYSCFG_DL_SYSCTL_SYSPLL_init          
00006c41  __aeabi_dmul                          
00006c41  __muldf3                              
00006d25  VL53L1_i2c_encode_dynamic_config      
00006e09  DL_SYSCTL_configSYSPLL                
00006ee5  VL53L1_i2c_encode_timing_config       
00006fc1  ldexp                                 
00006fc1  ldexpl                                
00006fc1  scalbn                                
00006fc1  scalbnl                               
00007099  __aeabi_fsub                          
00007099  __subsf3                              
000070a3  __addsf3                              
000070a3  __aeabi_fadd                          
00007171  FusionAhrsSetHeading                  
00007241  VL53L1_update_ll_driver_cfg_state     
00007301  IMU_init                              
000073b9  FusionAhrsRestart                     
00007469  ICM42688_UnBlocking_CallBack          
00007519  SYSCFG_DL_PWM_SERVO_init              
00007679  ldexpf                                
00007679  scalbnf                               
00007881  Drive_Init                            
00007929  bsp_Icm42688GetGres                   
000079d1  Motor_Callback                        
00007a75  __udivmoddi4                          
00007b19  sqrtf                                 
00007bb9  VL53L1_i2c_encode_static_nvm_managed  
00007c59  OLED_WR_Byte                          
00007e2d  OLED_ShowString                       
00007ec9  Motor_Init                            
00008089  OLED_DrawPoint                        
00008119  SPI_CS                                
000081a5  SYSCFG_DL_PWM_Motor_init              
00008231  __aeabi_fmul                          
00008231  __mulsf3                              
000082bd  button_init                           
00008345  SYSCFG_DL_init                        
000084d1  __aeabi_fdiv                          
000084d1  __divsf3                              
00008553  getDistance_Simply                    
000085d1  Bat_Callback                          
0000864d  FusionAhrsUpdateNoMagnetometer        
000086c9  OLED_Refresh                          
00008745  __TI_decompress_lzss                  
000087c1  __gedf2                               
000087c1  __gtdf2                               
00008835  Bat_Read                              
00008841  __aeabi_d2f                           
00008841  __truncdfsf2                          
000088b5  my_vl53l1x_callback                   
00008929  SYSCFG_DL_BAT_ADC_init                
00008999  SYSCFG_DL_SYSCTL_init                 
00008a09  Get_us                                
00008a75  SPI_TryLock                           
00008ae1  Key_Init                              
00008b49  SYSCFG_DL_PWM_BUZZER_init             
00008bb1  __cmpdf2                              
00008bb1  __eqdf2                               
00008bb1  __ledf2                               
00008bb1  __ltdf2                               
00008bb1  __nedf2                               
00008c19  bsp_Icm42688GetAres                   
00008c81  VL53L1_i2c_encode_system_control      
00008d4d  TB6612_Brake                          
00008db1  TB6612_Coast                          
00008e15  __aeabi_dcmpeq                        
00008e29  __aeabi_dcmplt                        
00008e3d  __aeabi_dcmple                        
00008e51  __aeabi_dcmpge                        
00008e65  __aeabi_dcmpgt                        
00008e79  __aeabi_fcmpeq                        
00008e8d  __aeabi_fcmplt                        
00008ea1  __aeabi_fcmple                        
00008eb5  __aeabi_fcmpge                        
00008ec9  __aeabi_fcmpgt                        
00008f3d  DL_I2C_fillControllerTXFIFO           
00009059  PID_Init                              
000090b5  button_start                          
00009111  frexp                                 
00009111  frexpl                                
0000916d  VL53L1_i2c_encode_int16_t             
000091c9  OLED_Clear                            
00009221  SYSCFG_DL_I2C_0_init                  
00009279  __TI_ltoa                             
00009329  VL53L1_i2c_encode_uint16_t            
00009381  __aeabi_idiv                          
00009381  __aeabi_idivmod                       
000093d7  VL53L1_i2c_encode_uint32_t            
0000951d  Encoder_Init                          
0000960d  main                                  
00009741  FusionBiasSetSettings                 
00009823  VL53L1_ReadMulti                      
0000986d  VL53L1_WriteMulti                     
000098b9  __aeabi_d2iz                          
000098b9  __fixdfsi                             
00009905  DL_UART_init                          
0000994d  SYSCFG_DL_UART_init                   
00009b81  DL_SPI_init                           
00009bc5  DL_SYSCTL_switchMCLKfromSYSOSCtoHSCLK 
00009c09  IMU_GetYaw                            
00009c4d  DL_ADC12_setClockConfig               
00009c8d  Drive_Straight                        
00009d0d  SPI_Init                              
00009d4d  SYSCFG_DL_SPI_1_init                  
00009d8d  SYSCFG_DL_TIMER_2ms_init              
00009dcd  SYSCFG_DL_UART_3_init                 
00009e0d  SYSCFG_DL_UART_CAMERA_init            
00009e4d  SYSCFG_DL_UART_WIRELESS_init          
00009e8d  __aeabi_uidiv                         
00009e8d  __aeabi_uidivmod                      
00009ecd  __aeabi_f2d                           
00009ecd  __extendsfdf2                         
00009f0d  atoi                                  
00009f89  __aeabi_i2f                           
00009f89  __floatsisf                           
00009fc5  __gesf2                               
00009fc5  __gtsf2                               
0000a001  button_attach                         
0000a03d  __TI_auto_init_nobinit_nopinit        
0000a079  VL53L1_i2c_decode_uint16_t            
0000a0b5  __cmpsf2                              
0000a0b5  __eqsf2                               
0000a0b5  __lesf2                               
0000a0b5  __ltsf2                               
0000a0b5  __nesf2                               
0000a0f1  __muldsi3                             
0000a165  __aeabi_f2iz                          
0000a165  __fixsfsi                             
0000a1d5  sprintf                               
0000a279  __aeabi_ul2f                          
0000a279  __floatundisf                         
0000a2e5  Drive_Turn                            
0000a34d  SPI_Unlock                            
0000a381  SYSCFG_DL_TIMER_10ms_init             
0000a3b5  __aeabi_f2uiz                         
0000a3b5  __fixunssfsi                          
0000a4a9  Drive_Stop                            
0000a4d9  FusionBiasInitialise                  
0000a509  TB6612_Init                           
0000a539  UART0_IRQHandler                      
0000a599  button_ticks                          
0000a629  SYSCFG_DL_CAPTURE_0_init              
0000a705  __aeabi_i2d                           
0000a705  __floatsidf                           
0000a75b  PID_SetLimit                          
0000a84d  Delay_ms                              
0000a875  TB6612_SetRightMotor                  
0000a89d  __aeabi_ui2f                          
0000a89d  __floatunsisf                         
0000a8c5  _c_int00_noargs                       
0000a913  DL_I2C_setClockConfig                 
0000a981  TB6612_SetLeftMotor                   
0000a9a5  __aeabi_ui2d                          
0000a9a5  __floatunsidf                         
0000a9c9  __aeabi_lmul                          
0000a9c9  __muldi3                              
0000a9ed  PID_SetK                              
0000aa0f  memccpy                               
0000aa71  Drive_Straight_SetK                   
0000aa91  Drive_Turn_SetK                       
0000aab1  FusionAhrsGetQuaternion               
0000aad1  Uart_Init                             
0000ab2d  __aeabi_llsl                          
0000ab2d  __ashldi3                             
0000ab4d  ADC_Init                              
0000ab69  Bat_Init                              
0000acf1  DL_SYSCTL_configFCC                   
0000ad7d  DL_Timer_setCaptCompUpdateMethod      
0000ad99  DL_Timer_setClockConfig               
0000add1  FusionAhrsInitialise                  
0000ae25  ADC0_IRQHandler                       
0000ae41  ADC_Callback                          
0000b111  DL_Timer_setCaptureCompareOutCtl      
0000b1b9  Key_Num_Get                           
0000b1e9  TIMG0_IRQHandler                      
0000b219  delay_ms                              
0000b31d  ADC_Read                              
0000b449  Encoder_Speed_Get_LEFT                
0000b45d  Encoder_Speed_Get_RIGHT               
0000b471  __aeabi_uldivmod                      
0000b4ab  DL_SPI_setClockConfig                 
0000b4cf  DL_UART_setClockConfig                
0000b4f3  TI_memcpy_small                       
0000b505  __TI_decompress_none                  
0000b549  DL_Timer_setCaptureCompareValue       
0000b569  PID_SetGoal                           
0000b579  SYSCFG_DL_SYSTICK_init                
0000b589  SysTick_Handler                       
0000b599  wcslen                                
0000b5a9  __TI_zero_init                        
0000b5b9  __aeabi_memset                        
0000b5b9  __aeabi_memset4                       
0000b5b9  __aeabi_memset8                       
0000b5d5  TI_memset_small                       
0000b609  Get_ms                                
0000b615  __aeabi_memclr                        
0000b615  __aeabi_memclr4                       
0000b615  __aeabi_memclr8                       
0000b639  DL_Common_delayCycles                 
0000b68f  TIMG7_IRQHandler                      
0000b699  __aeabi_errno_addr                    
0000b6a1  __aeabi_memcpy                        
0000b6a1  __aeabi_memcpy4                       
0000b6a1  __aeabi_memcpy8                       
0000b6a9  bsp_Icm42688Init                      
0000b74d  abort                                 
0000b753  ADC1_IRQHandler                       
0000b753  AES_IRQHandler                        
0000b753  CANFD0_IRQHandler                     
0000b753  DAC0_IRQHandler                       
0000b753  DMA_IRQHandler                        
0000b753  Default_Handler                       
0000b753  GROUP0_IRQHandler                     
0000b753  HardFault_Handler                     
0000b753  I2C0_IRQHandler                       
0000b753  I2C1_IRQHandler                       
0000b753  NMI_Handler                           
0000b753  PendSV_Handler                        
0000b753  RTC_IRQHandler                        
0000b753  SPI0_IRQHandler                       
0000b753  SPI1_IRQHandler                       
0000b753  SVC_Handler                           
0000b753  TIMA0_IRQHandler                      
0000b753  TIMA1_IRQHandler                      
0000b753  TIMG12_IRQHandler                     
0000b753  TIMG6_IRQHandler                      
0000b753  TIMG8_IRQHandler                      
0000b753  UART1_IRQHandler                      
0000b753  UART2_IRQHandler                      
0000b753  UART3_IRQHandler                      
0000b756  C$$EXIT                               
0000b757  HOSTexit                              
0000b789  Reset_Handler                         
0000b79d  _system_pre_init                      
0000b7a0  asc2_2412                             
0000c4fc  asc2_1608                             
0000caec  asc2_1206                             
0000cf60  asc2_0806                             
0000d290  __aeabi_ctype_table_                  
0000d290  __aeabi_ctype_table_C                 
0000d400  accelerometerMisalignment             
0000d424  gyroscopeMisalignment                 
0000d498  fusionAhrsDefaultSettings             
0000d538  accelerometerSensitivity              
0000d544  fusionBiasDefaultSettings             
0000d550  gyroscopeSensitivity                  
0000d658  __TI_Handler_Table_Base               
0000d664  __TI_Handler_Table_Limit              
0000d66c  __TI_CINIT_Base                       
0000d67c  __TI_CINIT_Limit                      
0000d67c  __TI_CINIT_Warm                       
20200000  VL53_                                 
20200000  __start___llvm_prf_bits               
20200000  __start___llvm_prf_cnts               
20200000  __stop___llvm_prf_bits                
20200000  __stop___llvm_prf_cnts                
20200aec  OLED_GRAM                             
20200f6c  FIFO_Buffer                           
202010fc  Buffer                                
202012bc  gPWM_BUZZERBackup                     
20201378  gPWM_SERVOBackup                      
20201434  gPWM_MotorBackup                      
202014d4  gTIMER_2msBackup                      
20201574  ahrs                                  
202015f4  ADC_RawValue                          
202015f6  data                                  
202015f8  pid_angle_drive                       
20201630  pid_left                              
20201668  pid_right                             
202016a0  pid_straight_drive                    
202016d8  gUART_3Backup                         
20201708  gSPI_1Backup                          
20201730  bias                                  
20201760  distance_                             
20201794  accelerometerOffset                   
202017a0  gyroscopeOffset                       
202017ac  Battery_Voltage                       
202017b8  encoder_count_l                       
202017c0  encoder_count_l_10ms                  
202017c8  encoder_count_l_last                  
202017d0  encoder_count_r                       
202017d8  encoder_count_r_10ms                  
202017e0  encoder_count_r_last                  
202017f8  Goal_Angle                            
202017fc  Goal_Speed_Left                       
20201800  Goal_Speed_Right                      
20201804  Goal_Straight_Angle                   
20201808  Goal_Turn_Angle                       
2020180c  Kd                                    
20201810  Kd_Step                               
20201814  Ki                                    
20201818  Ki_Step                               
2020181c  Kp                                    
20201820  Kp_Step                               
20201824  MS                                    
20201828  US                                    
2020182c  __aeabi_errno                         
20201850  speed                                 
20201874  data_length                           
20201876  Goal_Angle_Step                       
20201877  ICM42688_is_initialized               
20201878  IMU_initialized                       
20201879  ReadIndex                             
2020187a  WriteIndex                            
2020187b  angle_tick                            
2020187c  cmd_angle_drive                       
2020187d  cmd_bat                               
2020187e  cmd_left_speed                        
2020187f  cmd_right_speed                       
20201880  cmd_straight_drive                    
20201882  menu_index                            
20201883  pid_mode                              
20201884  set_state                             
20201885  spi_cs_locked                         
20201886  spi_cs_locked_channel                 
20201887  straight_tick                         
20207e00  __stack                               
20208000  __STACK_END                           
ffffffff  __TI_pprof_out_hndl                   
ffffffff  __TI_prof_data_size                   
ffffffff  __TI_prof_data_start                  
ffffffff  __binit__                             
ffffffff  binit                                 
UNDEFED   __mpu_init                            
UNDEFED   _system_post_cinit                    

[386 symbols]
